🎲🎲🎲 EXIT CODE: 0 🎲🎲🎲
🟩🟩🟩 STDOUT️ 🟩🟩🟩️
Your application is now available at https://clitctnrdeployba7f3dcd0d-cli-t-ctnr-deploy-ba.functions.fnc.fr-par.scw.cloud

🟩🟩🟩 JSON STDOUT 🟩🟩🟩
"Your application is now available at https://clitctnrdeployba7f3dcd0d-cli-t-ctnr-deploy-ba.functions.fnc.fr-par.scw.cloud\n"
