🎲🎲🎲 EXIT CODE: 0 🎲🎲🎲
🟩🟩🟩 STDOUT️ 🟩🟩🟩️
Your application is now available at https://appclitctnrdeployfp08cac13d-app-cli-t-ctnr-deploy-fp.functions.fnc.fr-par.scw.cloud

🟩🟩🟩 JSON STDOUT 🟩🟩🟩
"Your application is now available at https://appclitctnrdeployfp08cac13d-app-cli-t-ctnr-deploy-fp.functions.fnc.fr-par.scw.cloud\n"
