🎲🎲🎲 EXIT CODE: 0 🎲🎲🎲
🟩🟩🟩 STDOUT️ 🟩🟩🟩️
TIMESTAMP        RESOURCE INSTANCE                                                MESSAGE
few seconds ago  clinsaffectionatehoo27be6a9847fd7f839151fe627966d752-deplog5zvk  -
few seconds ago  clinsaffectionatehoo27be6a9847fd7f839151fe627966d752-deplog5zvk   https://docs.docker.com/get-started/
few seconds ago  clinsaffectionatehoo27be6a9847fd7f839151fe627966d752-deplog5zvk  For more examples and ideas, visit:
few seconds ago  clinsaffectionatehoo27be6a9847fd7f839151fe627966d752-deplog5zvk  -
few seconds ago  clinsaffectionatehoo27be6a9847fd7f839151fe627966d752-deplog5zvk   https://hub.docker.com/
🟩🟩🟩 JSON STDOUT 🟩🟩🟩
[
  {
    "timestamp": "2026-08-07T18:35:42.192012312+02:00",
    "resource_instance": "clinsaffectionatehoo27be6a9847fd7f839151fe627966d752-deplog5zvk",
    "message": ""
  },
  {
    "timestamp": "2026-08-07T18:35:42.192009742+02:00",
    "resource_instance": "clinsaffectionatehoo27be6a9847fd7f839151fe627966d752-deplog5zvk",
    "message": " https://docs.docker.com/get-started/"
  },
  {
    "timestamp": "2026-08-07T18:35:42.192006842+02:00",
    "resource_instance": "clinsaffectionatehoo27be6a9847fd7f839151fe627966d752-deplog5zvk",
    "message": "For more examples and ideas, visit:"
  },
  {
    "timestamp": "2026-08-07T18:35:42.192002822+02:00",
    "resource_instance": "clinsaffectionatehoo27be6a9847fd7f839151fe627966d752-deplog5zvk",
    "message": ""
  },
  {
    "timestamp": "2026-08-07T18:35:42.192000262+02:00",
    "resource_instance": "clinsaffectionatehoo27be6a9847fd7f839151fe627966d752-deplog5zvk",
    "message": " https://hub.docker.com/"
  }
]
