🎲🎲🎲 EXIT CODE: 0 🎲🎲🎲
🟥🟥🟥 STDERR️️ 🟥🟥🟥️
This method allows to update a specific Kubernetes cluster. Note that this method is not made to upgrade a Kubernetes cluster.

USAGE:
  scw k8s cluster update <cluster-id ...> [arg=value ...]

EXAMPLES:
  Enable dashboard on a given cluster
    scw k8s cluster update 11111111-1111-1111-111111111111 enable-dashboard=true

  Add TTLAfterFinished and ServiceNodeExclusion as feature gates on a given cluster
    scw k8s cluster update 11111111-1111-1111-111111111111 feature-gates.0=TTLAfterFinished feature-gates.1=ServiceNodeExclusion

ARGS:
  cluster-id                                             The ID of the cluster to update
  [name]                                                 The new name of the cluster
  [description]                                          The new description of the cluster
  [tags.{index}]                                         The new tags associated with the cluster
  [autoscaler-config.scale-down-disabled]                Disable the cluster autoscaler
  [autoscaler-config.scale-down-delay-after-add]         How long after scale up that scale down evaluation resumes
  [autoscaler-config.estimator]                          Type of resource estimator to be used in scale up (unknown_estimator | binpacking)
  [autoscaler-config.expander]                           Type of node group expander to be used in scale up (unknown_expander | random | most_pods | least_waste | priority | price)
  [autoscaler-config.ignore-daemonsets-utilization]      Ignore DaemonSet pods when calculating resource utilization for scaling down
  [autoscaler-config.balance-similar-node-groups]        Detect similar node groups and balance the number of nodes between them
  [autoscaler-config.expendable-pods-priority-cutoff]    Pods with priority below cutoff will be expendable
  [autoscaler-config.scale-down-unneeded-time]           How long a node should be unneeded before it is eligible for scale down
  [autoscaler-config.scale-down-utilization-threshold]   Node utilization level, defined as sum of requested resources divided by capacity, below which a node can be considered for scale down
  [autoscaler-config.max-graceful-termination-sec]       Maximum number of seconds the cluster autoscaler waits for pod termination when trying to scale down a node
  [auto-upgrade.enable]                                  Whether or not auto upgrade is enabled for the cluster
  [auto-upgrade.maintenance-window.start-hour]           The start hour of the 2-hour maintenance window
  [auto-upgrade.maintenance-window.day]                  The day of the week for the maintenance window (any | monday | tuesday | wednesday | thursday | friday | saturday | sunday)
  [feature-gates.{index}]                                List of feature gates to enable
  [admission-plugins.{index}]                            List of admission plugins to enable
  [open-id-connect-config.issuer-url]                    URL of the provider which allows the API server to discover public signing keys
  [open-id-connect-config.client-id]                     A client id that all tokens must be issued for
  [open-id-connect-config.username-claim]                JWT claim to use as the user name
  [open-id-connect-config.username-prefix]               Prefix prepended to username
  [open-id-connect-config.groups-claim.{index}]          JWT claim to use as the user's group
  [open-id-connect-config.groups-prefix]                 Prefix prepended to group claims
  [open-id-connect-config.required-claim.{index}]        Multiple key=value pairs that describes a required claim in the ID Token
  [apiserver-cert-sans.{index}]                          Additional Subject Alternative Names for the Kubernetes API server certificate
  [region=fr-par]                                        Region to target. If none is passed will use default region from the config (fr-par | nl-ams | pl-waw)

DEPRECATED ARGS:
  [enable-dashboard]   The new value of the Kubernetes Dashboard enablement
  [ingress]            The new Ingress Controller for the cluster (unknown_ingress | none | nginx | traefik | traefik2)

FLAGS:
  -h, --help   help for update
  -w, --wait   wait until the cluster is ready

GLOBAL FLAGS:
  -c, --config string    The path to the config file
  -D, --debug            Enable debug mode
  -o, --output string    Output format: json or human, see 'scw help output' for more info (default "human")
  -p, --profile string   The config profile to use
