🎲🎲🎲 EXIT CODE: 0 🎲🎲🎲
🟥🟥🟥 STDERR️️ 🟥🟥🟥️
Delete a NATS account, specified by its NATS account ID. Note that deleting a NATS account is irreversible, and any credentials, streams, consumer and stored messages belonging to this NATS account will also be deleted.

USAGE:
  scw mnq nats delete-account <nats-account-id ...> [arg=value ...]

ARGS:
  nats-account-id   ID of the NATS account to delete
  [region=fr-par]   Region to target. If none is passed will use default region from the config (fr-par | nl-ams)

FLAGS:
  -h, --help   help for delete-account

GLOBAL FLAGS:
  -c, --config string    The path to the config file
  -D, --debug            Enable debug mode
  -o, --output string    Output format: json or human, see 'scw help output' for more info (default "human")
  -p, --profile string   The config profile to use
  -y, --yes              Automatically confirm all interactive prompts
