🎲🎲🎲 EXIT CODE: 0 🎲🎲🎲
🟥🟥🟥 STDERR️️ 🟥🟥🟥️
Purge a given remote log from a Database Instance. You can specify the `log_name` of the log you wish to clean from your Database Instance.

USAGE:
  scw rdb log purge [arg=value ...]

ARGS:
  instance-id       UUID of the Database Instance you want logs of
  [log-name]        Given log name to purge
  [region=fr-par]   Region to target. If none is passed will use default region from the config (fr-par | nl-ams | pl-waw)

FLAGS:
  -h, --help   help for purge

GLOBAL FLAGS:
  -c, --config string    The path to the config file
  -D, --debug            Enable debug mode
  -o, --output string    Output format: json or human, see 'scw help output' for more info (default "human")
  -p, --profile string   The config profile to use
  -y, --yes              Automatically confirm all interactive prompts
