🎲🎲🎲 EXIT CODE: 0 🎲🎲🎲
🟥🟥🟥 STDERR️️ 🟥🟥🟥️
Allows you to manage your resource aliases,
Resource aliases are rename of an existing command

USAGE:
  scw alias resource-alias <command>

EXAMPLES:
  Create an alias for cluster in k8s namespace
    scw resource-alias create alias=cl k8s.cluster

AVAILABLE COMMANDS:
  create      Create resource alias
  delete      Create resource alias
  list        List aliases and their commands

FLAGS:
  -h, --help   help for resource-alias

GLOBAL FLAGS:
  -c, --config string    The path to the config file
  -D, --debug            Enable debug mode
  -o, --output string    Output format: json or human, see 'scw help output' for more info (default "human")
  -p, --profile string   The config profile to use

Use "scw alias resource-alias [command] --help" for more information about a command.
