🎲🎲🎲 EXIT CODE: 0 🎲🎲🎲
🟥🟥🟥 STDERR️️ 🟥🟥🟥️
Update the configuration of the health check performed by a given backend to verify the health of its backend servers, identified by its backend ID. Note that the request type is PUT and not PATCH. You must set all parameters.

USAGE:
  scw lb backend update-healthcheck [arg=value ...]

ARGS:
  port                           Port to use for the backend server health check
  check-delay                    Time to wait between two consecutive health checks
  check-timeout                  Maximum time a backend server has to reply to the health check
  check-max-retries              Number of consecutive unsuccessful health checks after which the server will be considered dead
  backend-id                     Backend ID
  [check-send-proxy]             Defines whether proxy protocol should be activated for the health check
  [mysql-config.user]            MySQL user to use for the health check
  [pgsql-config.user]            PostgreSQL user to use for the health check
  [http-config.uri]              HTTP path used for the health check
  [http-config.method]           HTTP method used for the health check
  [http-config.code]             HTTP response code expected for a successful health check
  [http-config.host-header]      HTTP host header used for the health check
  [https-config.uri]             HTTP path used for the health check
  [https-config.method]          HTTP method used for the health check
  [https-config.code]            HTTP response code expected for a successful health check
  [https-config.host-header]     HTTP host header used for the health check
  [https-config.sni]             SNI used for SSL health checks
  [transient-check-delay=0.5s]   Time to wait between two consecutive health checks when a backend server is in a transient state (going UP or DOWN)
  [zone=fr-par-1]                Zone to target. If none is passed will use default zone from the config (fr-par-1 | fr-par-2 | nl-ams-1 | nl-ams-2 | nl-ams-3 | pl-waw-1 | pl-waw-2 | pl-waw-3)

FLAGS:
  -h, --help   help for update-healthcheck

GLOBAL FLAGS:
  -c, --config string    The path to the config file
  -D, --debug            Enable debug mode
  -o, --output string    Output format: json or human, see 'scw help output' for more info (default "human")
  -p, --profile string   The config profile to use
  -y, --yes              Automatically confirm all interactive prompts
