🎲🎲🎲 EXIT CODE: 0 🎲🎲🎲
🟥🟥🟥 STDERR️️ 🟥🟥🟥️
You must sepcify the `region` to create a secret.

USAGE:
  scw secret secret create [arg=value ...]

EXAMPLES:
  Add a given secret
    scw secret secret create name=foobar description="$(cat <path/to/your/secret>)"

ARGS:
  [project-id]      Project ID to use. If none is passed the default project ID will be used
  [name]            Name of the secret
  [tags.{index}]    List of the secret's tags
  [description]     Description of the secret
  [type]            Type of the secret (unknown_secret_type | opaque | certificate)
  [region=fr-par]   Region to target. If none is passed will use default region from the config (fr-par)

FLAGS:
  -h, --help   help for create

GLOBAL FLAGS:
  -c, --config string    The path to the config file
  -D, --debug            Enable debug mode
  -o, --output string    Output format: json or human, see 'scw help output' for more info (default "human")
  -p, --profile string   The config profile to use
