🎲🎲🎲 EXIT CODE: 0 🎲🎲🎲
🟥🟥🟥 STDERR️️ 🟥🟥🟥️
A version is a vanilla Kubernetes version like `x.y.z`
It comprises a major version `x`, a minor version `y`, and a patch version `z`. At the minimum, Kapsule (Scaleway's managed Kubernetes), will support the last patch version for the past three minor releases. Also, each version has a different set of CNIs, eventually container runtimes, feature gates, and admission plugins available. See our [Version Support Policy](https://www.scaleway.com/en/docs/kubernetes/reference-content/version-support-policy/).

USAGE:
  scw k8s version <command>

AVAILABLE COMMANDS:
  get         Get a Version
  list        List all available Versions

FLAGS:
  -h, --help   help for version

GLOBAL FLAGS:
  -c, --config string    The path to the config file
  -D, --debug            Enable debug mode
  -o, --output string    Output format: json or human, see 'scw help output' for more info (default "human")
  -p, --profile string   The config profile to use

Use "scw k8s version [command] --help" for more information about a command.
