🎲🎲🎲 EXIT CODE: 0 🎲🎲🎲
🟥🟥🟥 STDERR️️ 🟥🟥🟥️
List all Serverless SQL Database backups for a given Scaleway Project or Database. By default, the backups returned in the list are ordered by creation date in descending order, though this can be modified via the order_by field.

USAGE:
  scw sdb-sql backup list [arg=value ...]

ARGS:
  [project-id]        Filter by the UUID of the Scaleway project.
  database-id         Filter by the UUID of the Serverless SQL Database.
  [order-by]          Sorting criteria. One of `created_at_asc`, `created_at_desc`. (created_at_desc | created_at_asc)
  [organization-id]   Filter by the UUID of the Scaleway organization.
  [region=fr-par]     Region to target. If none is passed will use default region from the config (fr-par | all)

FLAGS:
  -h, --help                help for list
      --list-sub-commands   List all subcommands

GLOBAL FLAGS:
  -c, --config string    The path to the config file
  -D, --debug            Enable debug mode
  -o, --output string    Output format: json or human, see 'scw help output' for more info (default "human")
  -p, --profile string   The config profile to use
