🎲🎲🎲 EXIT CODE: 0 🎲🎲🎲
🟥🟥🟥 STDERR️️ 🟥🟥🟥️
Retrieve information about an existing DNS stage, specified by its `dns_stage_id`. Its full details, including FQDNs, are returned in the response object.

USAGE:
  scw edge-services dns-stage get <dns-stage-id ...> [arg=value ...]

ARGS:
  dns-stage-id   ID of the requested DNS stage

FLAGS:
  -h, --help   help for get

GLOBAL FLAGS:
  -c, --config string    The path to the config file
  -D, --debug            Enable debug mode
  -o, --output string    Output format: json or human, see 'scw help output' for more info (default "human")
  -p, --profile string   The config profile to use
  -y, --yes              Automatically confirm all interactive prompts
