This method allows to delete a specific pool from a cluster, deleting all the nodes associated with it.

USAGE:
  scw k8s pool delete <pool-id ...> [arg=value ...]

EXAMPLES:
  Delete a given pool
    scw k8s pool delete 11111111-1111-1111-111111111111

ARGS:
  pool-id           The ID of the pool to delete
  [region=fr-par]   Region to target. If none is passed will use default region from the config (fr-par)

FLAGS:
  -h, --help   help for delete
  -w, --wait   wait until the pool is ready

GLOBAL FLAGS:
  -D, --debug            Enable debug mode
  -o, --output string    Output format: json or human
  -p, --profile string   The config profile to use
