Allows the deletion of a profile from the config file

USAGE:
  scw config profile <command>

AVAILABLE COMMANDS:
  delete      Delete a profile from the config file

FLAGS:
  -h, --help   help for profile

GLOBAL FLAGS:
  -D, --debug            Enable debug mode
  -o, --output string    Output format: json or human
  -p, --profile string   The config profile to use

Use "scw config profile [command] --help" for more information about a command.
