🎲🎲🎲 EXIT CODE: 0 🎲🎲🎲
🟥🟥🟥 STDERR️️ 🟥🟥🟥️
Webhosting API.

USAGE:
  scw webhosting <command>

PRODUCT COMMANDS:
  dns-record  DNS record management commands
  hosting     Hosting management commands
  offer       Offer management commands

FLAGS:
  -h, --help   help for webhosting

GLOBAL FLAGS:
  -c, --config string    The path to the config file
  -D, --debug            Enable debug mode
  -o, --output string    Output format: json or human, see 'scw help output' for more info (default "human")
  -p, --profile string   The config profile to use

Use "scw webhosting [command] --help" for more information about a command.
