🎲🎲🎲 EXIT CODE: 0 🎲🎲🎲
🟥🟥🟥 STDERR️️ 🟥🟥🟥️
Add a device.

USAGE:
  scw iot device create [arg=value ...]

ARGS:
  name=<generated>                             Device name
  hub-id                                       ID of the device's hub
  [allow-insecure]                             Allow plain and server-authenticated SSL connections in addition to mutually-authenticated ones
  [allow-multiple-connections]                 Allow multiple physical devices to connect with this device's credentials
  [message-filters.publish.policy]              (unknown | accept | reject)
  [message-filters.publish.topics.{index}]     
  [message-filters.subscribe.policy]            (unknown | accept | reject)
  [message-filters.subscribe.topics.{index}]   
  [description]                                Device description
  [region=fr-par]                              Region to target. If none is passed will use default region from the config (fr-par)

FLAGS:
  -h, --help   help for create

GLOBAL FLAGS:
  -c, --config string    The path to the config file
  -D, --debug            Enable debug mode
  -o, --output string    Output format: json or human, see 'scw help output' for more info (default "human")
  -p, --profile string   The config profile to use
