🎲🎲🎲 EXIT CODE: 0 🎲🎲🎲
🟥🟥🟥 STDERR️️ 🟥🟥🟥️
These APIs allow you to manage your Messaging and Queuing NATS, Queues and Topics and Events services.

USAGE:
  scw mnq <command>

AVAILABLE COMMANDS:
  nats        MnQ NATS commands
  sns         MnQ Topics and Events commands
  sqs         MnQ Queues commands

FLAGS:
  -h, --help   help for mnq

GLOBAL FLAGS:
  -c, --config string    The path to the config file
  -D, --debug            Enable debug mode
  -o, --output string    Output format: json or human, see 'scw help output' for more info (default "human")
  -p, --profile string   The config profile to use

Use "scw mnq [command] --help" for more information about a command.
