🎲🎲🎲 EXIT CODE: 0 🎲🎲🎲
🟥🟥🟥 STDERR️️ 🟥🟥🟥️
Migrate an existing instance endpoint to another instance.

USAGE:
  scw rdb endpoint migrate [arg=value ...]

ARGS:
  endpoint-id       UUID of the endpoint you want to migrate
  instance-id       UUID of the instance you want to attach the endpoint to
  [region=fr-par]   Region to target. If none is passed will use default region from the config (fr-par | nl-ams | pl-waw)

FLAGS:
  -h, --help                help for migrate
      --list-sub-commands   List all subcommands

GLOBAL FLAGS:
  -c, --config string    The path to the config file
  -D, --debug            Enable debug mode
  -o, --output string    Output format: json or human, see 'scw help output' for more info (default "human")
  -p, --profile string   The config profile to use
