🎲🎲🎲 EXIT CODE: 0 🎲🎲🎲
🟥🟥🟥 STDERR️️ 🟥🟥🟥️
Update the parameters of a Database Instance, including name, tags and backup schedule details.

USAGE:
  scw document-db instance update <instance-id ...> [arg=value ...]

ARGS:
  [backup-schedule-frequency]          In hours
  [backup-schedule-retention]          In days
  [is-backup-schedule-disabled]        Defines whether or not the backup schedule is disabled
  [name]                               Name of the Database Instance
  instance-id                          UUID of the Database Instance to update
  [tags.{index}]                       Tags of a Database Instance
  [logs-policy.max-age-retention]      Max age (in days) of remote logs to keep on the Database Instance
  [logs-policy.total-disk-retention]   Max disk size of remote logs to keep on the Database Instance
  [backup-same-region]                 Store logical backups in the same region as the Database Instance
  [backup-schedule-start-hour]         Defines the start time of the autobackup
  [region=fr-par]                      Region to target. If none is passed will use default region from the config (fr-par | nl-ams | pl-waw)

FLAGS:
  -h, --help   help for update

GLOBAL FLAGS:
  -c, --config string    The path to the config file
  -D, --debug            Enable debug mode
  -o, --output string    Output format: json or human, see 'scw help output' for more info (default "human")
  -p, --profile string   The config profile to use
