Manage your Scaleway SSH keys.

USAGE:
  scw account ssh-key <command>

AVAILABLE COMMANDS:
  list        List all SSH keys
  add         Add a SSH key to your Scaleway account
  get         Get SSH key details
  update      Update an SSH key
  remove      Remove a SSH key from your Scaleway account
  init        Initialize SSH key

FLAGS:
  -h, --help   help for ssh-key

GLOBAL FLAGS:
  -c, --config string    The path to the config file
  -D, --debug            Enable debug mode
  -o, --output string    Output format: json or human
  -p, --profile string   The config profile to use

Use "scw account ssh-key [command] --help" for more information about a command.
