🎲🎲🎲 EXIT CODE: 0 🎲🎲🎲
🟥🟥🟥 STDERR️️ 🟥🟥🟥️
Create a secret in a given region specified by the `region` parameter.

USAGE:
  scw secret secret create [arg=value ...]

EXAMPLES:
  Create a given secret
    scw secret secret create name=foobar description="$(cat <path/to/your/secret>)"

ARGS:
  [project-id]                               Project ID to use. If none is passed the default project ID will be used
  [name]                                     Name of the secret
  [tags.{index}]                             List of the secret's tags
  [description]                              Description of the secret
  [type]                                     Type of the secret (unknown_type | opaque | certificate | key_value | basic_credentials | database_credentials | ssh_key)
  [path]                                     Path of the secret
  [ephemeral-policy.time-to-live]            Time frame, from one second and up to one year, during which the secret's versions are valid.
  [ephemeral-policy.expires-once-accessed]   Returns `true` if the version expires after a single user access.
  [ephemeral-policy.action]                  Action to perform when the version of a secret expires (unknown_action | delete | disable)
  [protected]                                Returns `true` if secret protection is enabled on a given secret
  [key-id]                                   The Scaleway's Key Manager key ID
  [region=fr-par]                            Region to target. If none is passed will use default region from the config (fr-par | nl-ams | pl-waw)

FLAGS:
  -h, --help   help for create

GLOBAL FLAGS:
  -c, --config string    The path to the config file
  -D, --debug            Enable debug mode
  -o, --output string    Output format: json or human, see 'scw help output' for more info (default "human")
  -p, --profile string   The config profile to use
