🎲🎲🎲 EXIT CODE: 0 🎲🎲🎲
🟥🟥🟥 STDERR️️ 🟥🟥🟥️
Edge Services API

USAGE:
  scw edge-services <command>

AVAILABLE COMMANDS:
  backend-stage Backend-stage management commands
  cache-stage   Cache-stage management commands
  dns-stage     DNS-stage management commands
  pipeline      Pipeline management commands
  purge-request Purge-request management commands
  route-rules   Route-rules management commands
  route-stage   Route-stage management commands
  tls-stage     TLS-stage management commands
  waf-stage     WAF-stage management commands

FLAGS:
  -h, --help   help for edge-services

GLOBAL FLAGS:
  -c, --config string    The path to the config file
  -D, --debug            Enable debug mode
  -o, --output string    Output format: json or human, see 'scw help output' for more info (default "human")
  -p, --profile string   The config profile to use

Use "scw edge-services [command] --help" for more information about a command.
