🎲🎲🎲 EXIT CODE: 0 🎲🎲🎲
🟥🟥🟥 STDERR️️ 🟥🟥🟥️
To be used, the call to this endpoint must be preceded by a call to the [Get a volume or snapshot's migration plan](#path-volumes-get-a-volume-or-snapshots-migration-plan) endpoint. To migrate all resources mentioned in the migration plan, the validation_key returned in the plan must be provided.

USAGE:
  scw instance volume apply-migration <volume-id ...> [arg=value ...]

ARGS:
  volume-id         The volume to migrate, along with potentially other resources, according to the migration plan generated with a call to the [Get a volume or snapshot's migration plan](#path-volumes-get-a-volume-or-snapshots-migration-plan) endpoint.
  validation-key    A value to be retrieved from a call to the [Get a volume or snapshot's migration plan](#path-volumes-get-a-volume-or-snapshots-migration-plan) endpoint, to confirm that the volume and/or snapshots specified in said plan should be migrated.
  [zone=fr-par-1]   Zone to target. If none is passed will use default zone from the config (fr-par-1 | fr-par-2 | fr-par-3 | nl-ams-1 | nl-ams-2 | nl-ams-3 | pl-waw-1 | pl-waw-2 | pl-waw-3)

FLAGS:
  -h, --help   help for apply-migration

GLOBAL FLAGS:
  -c, --config string    The path to the config file
  -D, --debug            Enable debug mode
  -o, --output string    Output format: json or human, see 'scw help output' for more info (default "human")
  -p, --profile string   The config profile to use
      --web              open console page for the current resource
