🎲🎲🎲 EXIT CODE: 0 🎲🎲🎲
🟥🟥🟥 STDERR️️ 🟥🟥🟥️
This API allows you to manage your Secret Manager services, for storing, accessing and sharing sensitive data such as passwords, API keys and certificates.

USAGE:
  scw secret <command>

AVAILABLE COMMANDS:
  secret      Secret management commands
  version     Secret Version management commands

FLAGS:
  -h, --help                help for secret
      --list-sub-commands   List all subcommands

GLOBAL FLAGS:
  -c, --config string    The path to the config file
  -D, --debug            Enable debug mode
  -o, --output string    Output format: json or human, see 'scw help output' for more info (default "human")
  -p, --profile string   The config profile to use

Use "scw secret [command] --help" for more information about a command.
