🎲🎲🎲 EXIT CODE: 0 🎲🎲🎲
🟩🟩🟩 STDOUT️ 🟩🟩🟩️
Product Catalog API

USAGE:
  scw product-catalog <command>

AVAILABLE COMMANDS:
  product     Scaleway Product Catalog API

FLAGS:
  -h, --help                help for product-catalog
      --list-sub-commands   List all subcommands

GLOBAL FLAGS:
  -c, --config string    The path to the config file
  -D, --debug            Enable debug mode
  -o, --output string    Output format: json or human, see 'scw help output' for more info (default "human")
  -p, --profile string   The config profile to use

Use "scw product-catalog [command] --help" for more information about a command.
