🎲🎲🎲 EXIT CODE: 0 🎲🎲🎲
🟥🟥🟥 STDERR️️ 🟥🟥🟥️
Create a new trigger for a specified container.

USAGE:
  scw container trigger create [arg=value ...]

ARGS:
  name                                    Name of the trigger
  container-id                            ID of the container to trigger
  [description]                           Description of the trigger
  [scw-sqs-config.queue]                  Name of the SQS queue the trigger should listen to
  [scw-sqs-config.mnq-project-id]         ID of the Messaging and Queuing project
  [scw-sqs-config.mnq-region]             Region in which the Messaging and Queuing project is activated.
  [scw-nats-config.subject]               Name of the NATS subject the trigger should listen to
  [scw-nats-config.mnq-nats-account-id]   ID of the Messaging and Queuing NATS account
  [scw-nats-config.mnq-project-id]        ID of the Messaging and Queuing project
  [scw-nats-config.mnq-region]            Region in which the Messaging and Queuing project is activated.
  [region=fr-par]                         Region to target. If none is passed will use default region from the config (fr-par | nl-ams | pl-waw)

FLAGS:
  -h, --help   help for create

GLOBAL FLAGS:
  -c, --config string    The path to the config file
  -D, --debug            Enable debug mode
  -o, --output string    Output format: json or human, see 'scw help output' for more info (default "human")
  -p, --profile string   The config profile to use
  -y, --yes              Automatically confirm all interactive prompts
