This method allows to upgrade a specific Kubernetes cluster and/or its associated pools to a specific and supported Kubernetes version.

USAGE:
  scw [global-flags] k8s cluster upgrade [flags] [arg=value ...]

ARGS:
  cluster-id        The ID of the cluster to upgrade
  [version]         The new Kubernetes version of the cluster
  [upgrade-pools]   The enablement of the pools upgrade
  [region]          Region to target. If none is passed will use default region from the config (fr-par)

FLAGS:
  -h, --help   help for upgrade
  -w, --wait   wait until the cluster is ready

GLOBAL FLAGS:
  -D, --debug            Enable debug mode
  -o, --output string    Output format: json or human
  -p, --profile string   The config profile to use
