Get a value from the config file

USAGE:
  scw config get <key ...> [arg=value ...]

EXAMPLES:
  Get the default organization ID
    scw config get default_organization_id

  Get the default region of the profile 'prod'
    scw -p prod config get default_region

ARGS:
  key   the key to get from the configt (access_key | secret_key | api_url | insecure | default_organization_id | default_region | default_zone | send_telemetry)

FLAGS:
  -h, --help   help for get

GLOBAL FLAGS:
  -D, --debug            Enable debug mode
  -o, --output string    Output format: json or human
  -p, --profile string   The config profile to use

SEE ALSO:
  # Config management help
  scw config --help
