🎲🎲🎲 EXIT CODE: 1 🎲🎲🎲
🟥🟥🟥 STDERR️️ 🟥🟥🟥️
Invalid access_key 'invalidAccessKey'

Hint:
Access_key should look like: SCWXXXXXXXXXXXXXXXXX.
🟥🟥🟥 JSON STDERR 🟥🟥🟥
{
  "message": "invalid access_key 'invalidAccessKey'",
  "error": {},
  "hint": "access_key should look like: SCWXXXXXXXXXXXXXXXXX."
}
🟥🟥🟥 YAML STDERR 🟥🟥🟥
error: {}
hint: 'access_key should look like: SCWXXXXXXXXXXXXXXXXX.'
message: invalid access_key 'invalidAccessKey'
