🎲🎲🎲 EXIT CODE: 0 🎲🎲🎲
🟩🟩🟩 STDOUT️ 🟩🟩🟩️
Username           Administrator
Password           ^D^a6%&Qf6oUB<m
SSHKeyID           042dbecb-d943-435c-9fd4-371b968eba37
SSHKeyDescription  test-cli-instance-server-get-rdp-password
🟩🟩🟩 JSON STDOUT 🟩🟩🟩
{
  "Username": "Administrator",
  "Password": "^D^a6%\u0026Qf6oUB\u003cm",
  "SSHKeyID": "042dbecb-d943-435c-9fd4-371b968eba37",
  "SSHKeyDescription": "test-cli-instance-server-get-rdp-password"
}
