image.id                  3f54497b-b425-4f44-8490-de42cfd5aae5
image.name                backup
image.arch                x86_64
image.creation-date       few seconds ago
image.modification-date   few seconds ago
image.default-bootscript  x86_64 mainline 4.9.93 rev1
image.extra-volumes       0
image.from-server         28218fd9-cb60-4ab1-9f1a-c8c716006700
image.organization        b3ba839a-dcf2-4b0a-ac81-fc32370052a0
image.public              false
image.root-volume         8ee638d6-fed5-41b7-83d4-9f42b7256527
image.state               available
image.zone                fr-par-1
