🎲🎲🎲 EXIT CODE: 0 🎲🎲🎲
🟩🟩🟩 STDOUT️ 🟩🟩🟩️
Username           Administrator
Password           #H@^cgb(zn)OzO9
SSHKeyID           485c6cc1-821b-4fe2-96f4-800e0a9cd80e
SSHKeyDescription  test-cli-instance-server-get-rdp-password
🟩🟩🟩 JSON STDOUT 🟩🟩🟩
{
  "Username": "Administrator",
  "Password": "#H@^cgb(zn)OzO9",
  "SSHKeyID": "485c6cc1-821b-4fe2-96f4-800e0a9cd80e",
  "SSHKeyDescription": "test-cli-instance-server-get-rdp-password"
}
