ID                                    NAME                    ARCH    CREATION DATE    MODIFICATION DATE  DEFAULT BOOTSCRIPT           EXTRA VOLUMES  ORGANIZATION                          PUBLIC  ROOT VOLUME                           STATE      SERVER ID                             SERVER NAME           ZONE
c5371903-0ace-40de-8c76-c26479264baa  test-cli                x86_64  few seconds ago  few seconds ago    x86_64 mainline 4.9.93 rev1  0              b2593aa3-d0e8-4366-89c3-6e666abe1f6f  false   85d26247-8b27-4cb2-8853-df8dc7da256e  available  748baef5-e858-45c4-b090-f01c4db8b8dc  scw-objective-snyder  fr-par-1
99344168-3dff-4b5c-9d81-6730c1e04d30  cli-img-laughing-noyce  x86_64  few seconds ago  few seconds ago                                 0              b2593aa3-d0e8-4366-89c3-6e666abe1f6f  false   5f90cf0d-c36a-46ad-b947-f4e2d9eb87c5  available  -                                     -                     fr-par-1
