🎲🎲🎲 EXIT CODE: 1 🎲🎲🎲
🟥🟥🟥 STDERR️️ 🟥🟥🟥️
Invalid value for 'size' argument: size must be defined using the G or GB unit
🟥🟥🟥 JSON STDERR 🟥🟥🟥
{
  "message": "invalid value for 'size' argument: size must be defined using the G or GB unit",
  "error": {}
}
🟥🟥🟥 YAML STDERR 🟥🟥🟥
error: {}
message: 'invalid value for ''size'' argument: size must be defined using the G or
  GB unit'
