🎲🎲🎲 EXIT CODE: 0 🎲🎲🎲
🟩🟩🟩 STDOUT️ 🟩🟩🟩️
ID                            fd9bd48b-914c-4bdc-9529-9ab66fffc07d
Name                          cli-srv-angry-nobel
Organization                  105bdce1-64c0-48ab-899d-868455867ecf
Project                       105bdce1-64c0-48ab-899d-868455867ecf
AllowedActions.0              poweron
AllowedActions.1              backup
CommercialType                H100-1-80G
CreationDate                  few seconds ago
DynamicIPRequired             true
RoutedIPEnabled               true
EnableIPv6                    false
Hostname                      cli-srv-angry-nobel
Image.ID                      ef8a58ad-1f96-4893-bf39-9045b7e666ce
Image.Name                    Ubuntu Jammy GPU OS 12 passthrough
Image.Arch                    x86_64
Image.CreationDate            few seconds ago
Image.ModificationDate        few seconds ago
Image.ExtraVolumes            0
Image.FromServer              -
Image.Organization            51b656e3-4865-41e8-adbc-0c45bdd780db
Image.Public                  true
Image.RootVolume              5fda0ed0-c972-4cb9-b3fe-d8c76610aa9a
Image.State                   available
Image.Project                 51b656e3-4865-41e8-adbc-0c45bdd780db
Image.Zone                    fr-par-2
Protected                     false
PublicIP.ID                   633b844e-0ee5-45c4-a6ee-57415762ee3f
PublicIP.Address              51.159.173.252
PublicIP.Gateway              62.210.0.1
PublicIP.Netmask              32
PublicIP.Family               inet
PublicIP.Dynamic              false
PublicIP.ProvisioningMode     dhcp
PublicIP.IpamID               90c213b6-270e-40e9-986a-d478f83a2006
PublicIP.State                attached
PublicIPs.0.ID                633b844e-0ee5-45c4-a6ee-57415762ee3f
PublicIPs.0.Address           51.159.173.252
PublicIPs.0.Gateway           62.210.0.1
PublicIPs.0.Netmask           32
PublicIPs.0.Family            inet
PublicIPs.0.Dynamic           false
PublicIPs.0.ProvisioningMode  dhcp
PublicIPs.0.IpamID            90c213b6-270e-40e9-986a-d478f83a2006
PublicIPs.0.State             attached
MacAddress                    de:00:00:63:4f:a3
ModificationDate              few seconds ago
State                         archived
BootType                      local
Volumes.0.ID                  5dbd1232-3774-4290-94d4-aaa381ba997e
Volumes.0.Name                Ubuntu Jammy GPU OS 12 passthrough
Volumes.0.Organization        105bdce1-64c0-48ab-899d-868455867ecf
Volumes.0.Server.ID           fd9bd48b-914c-4bdc-9529-9ab66fffc07d
Volumes.0.Server.Name         cli-srv-angry-nobel
Volumes.0.Size                20 GB
Volumes.0.VolumeType          b_ssd
Volumes.0.CreationDate        few seconds ago
Volumes.0.ModificationDate    few seconds ago
Volumes.0.State               available
Volumes.0.Project             105bdce1-64c0-48ab-899d-868455867ecf
Volumes.0.Boot                false
Volumes.0.Zone                fr-par-2
Volumes.1.ID                  9556fd24-b6cd-4c50-a82e-1888a0169988
Volumes.1.Name                cli-srv-angry-nobel-1
Volumes.1.Organization        105bdce1-64c0-48ab-899d-868455867ecf
Volumes.1.Server.ID           fd9bd48b-914c-4bdc-9529-9ab66fffc07d
Volumes.1.Server.Name         cli-srv-angry-nobel
Volumes.1.Size                3.0 TB
Volumes.1.VolumeType          scratch
Volumes.1.CreationDate        few seconds ago
Volumes.1.ModificationDate    few seconds ago
Volumes.1.State               available
Volumes.1.Project             105bdce1-64c0-48ab-899d-868455867ecf
Volumes.1.Boot                false
Volumes.1.Zone                fr-par-2
SecurityGroup.ID              eaabb9f4-fbdf-4310-9cb6-4d42934b673a
SecurityGroup.Name            Default security group
StateDetail                   -
Arch                          x86_64
Zone                          fr-par-2
🟩🟩🟩 JSON STDOUT 🟩🟩🟩
{
  "id": "fd9bd48b-914c-4bdc-9529-9ab66fffc07d",
  "name": "cli-srv-angry-nobel",
  "organization": "105bdce1-64c0-48ab-899d-868455867ecf",
  "project": "105bdce1-64c0-48ab-899d-868455867ecf",
  "allowed_actions": [
    "poweron",
    "backup"
  ],
  "tags": [],
  "commercial_type": "H100-1-80G",
  "creation_date": "1970-01-01T00:00:00.0Z",
  "dynamic_ip_required": true,
  "routed_ip_enabled": true,
  "enable_ipv6": false,
  "hostname": "cli-srv-angry-nobel",
  "image": {
    "id": "ef8a58ad-1f96-4893-bf39-9045b7e666ce",
    "name": "Ubuntu Jammy GPU OS 12 passthrough",
    "arch": "x86_64",
    "creation_date": "1970-01-01T00:00:00.0Z",
    "modification_date": "1970-01-01T00:00:00.0Z",
    "default_bootscript": null,
    "extra_volumes": {},
    "from_server": "",
    "organization": "51b656e3-4865-41e8-adbc-0c45bdd780db",
    "public": true,
    "root_volume": {
      "id": "5fda0ed0-c972-4cb9-b3fe-d8c76610aa9a",
      "name": "Ubuntu Jammy GPU OS 12 passthrough",
      "size": 20000000000,
      "volume_type": "unified"
    },
    "state": "available",
    "project": "51b656e3-4865-41e8-adbc-0c45bdd780db",
    "tags": [],
    "zone": "fr-par-2"
  },
  "protected": false,
  "private_ip": null,
  "public_ip": {
    "id": "633b844e-0ee5-45c4-a6ee-57415762ee3f",
    "address": "51.159.173.252",
    "gateway": "62.210.0.1",
    "netmask": "32",
    "family": "inet",
    "dynamic": false,
    "provisioning_mode": "dhcp",
    "tags": [],
    "ipam_id": "90c213b6-270e-40e9-986a-d478f83a2006",
    "state": "attached"
  },
  "public_ips": [
    {
      "id": "633b844e-0ee5-45c4-a6ee-57415762ee3f",
      "address": "51.159.173.252",
      "gateway": "62.210.0.1",
      "netmask": "32",
      "family": "inet",
      "dynamic": false,
      "provisioning_mode": "dhcp",
      "tags": [],
      "ipam_id": "90c213b6-270e-40e9-986a-d478f83a2006",
      "state": "attached"
    }
  ],
  "mac_address": "de:00:00:63:4f:a3",
  "modification_date": "1970-01-01T00:00:00.0Z",
  "state": "stopped",
  "location": null,
  "ipv6": null,
  "boot_type": "local",
  "volumes": {
    "0": {
      "id": "5dbd1232-3774-4290-94d4-aaa381ba997e",
      "name": "Ubuntu Jammy GPU OS 12 passthrough",
      "export_uri": null,
      "organization": "105bdce1-64c0-48ab-899d-868455867ecf",
      "server": {
        "id": "fd9bd48b-914c-4bdc-9529-9ab66fffc07d",
        "name": "cli-srv-angry-nobel"
      },
      "size": 20000000000,
      "volume_type": "b_ssd",
      "creation_date": "1970-01-01T00:00:00.0Z",
      "modification_date": "1970-01-01T00:00:00.0Z",
      "state": "available",
      "project": "105bdce1-64c0-48ab-899d-868455867ecf",
      "boot": false,
      "zone": "fr-par-2"
    },
    "1": {
      "id": "9556fd24-b6cd-4c50-a82e-1888a0169988",
      "name": "cli-srv-angry-nobel-1",
      "export_uri": null,
      "organization": "105bdce1-64c0-48ab-899d-868455867ecf",
      "server": {
        "id": "fd9bd48b-914c-4bdc-9529-9ab66fffc07d",
        "name": "cli-srv-angry-nobel"
      },
      "size": 3000000000000,
      "volume_type": "scratch",
      "creation_date": "1970-01-01T00:00:00.0Z",
      "modification_date": "1970-01-01T00:00:00.0Z",
      "state": "available",
      "project": "105bdce1-64c0-48ab-899d-868455867ecf",
      "boot": false,
      "zone": "fr-par-2"
    }
  },
  "security_group": {
    "id": "eaabb9f4-fbdf-4310-9cb6-4d42934b673a",
    "name": "Default security group"
  },
  "maintenances": [],
  "state_detail": "",
  "arch": "x86_64",
  "placement_group": null,
  "private_nics": [],
  "zone": "fr-par-2",
  "admin_password_encryption_ssh_key_id": null,
  "admin_password_encrypted_value": null
}
