DEBUG: 2019/12/09 16:04:07 creating DELETE request on https://api.scaleway.com/instance/v1/zones/fr-par-1/ips/10d0c80b-25a4-4cfd-b71f-9e6c196ada1b
DEBUG: 2019/12/09 16:04:07 
--------------- Scaleway SDK REQUEST 4 : ---------------
DELETE /instance/v1/zones/fr-par-1/ips/10d0c80b-25a4-4cfd-b71f-9e6c196ada1b HTTP/1.1
Host: api.scaleway.com
User-Agent: scaleway-sdk-go/v1.0.0-beta.6+dev (go1.14; darwin; amd64) cli-e2e-test
X-Auth-Token: 148499e0-xxxx-xxxx-xxxx-xxxxxxxxxxxx
Accept-Encoding: gzip


---------------------------------------------------------
DEBUG: 2019/12/09 16:04:07 
--------------- Scaleway SDK RESPONSE 4 : ---------------
HTTP/1.0 204 No Content
Connection: close
Cache-Control: no-cache
Content-Security-Policy: default-src 'none'; frame-ancestors 'none'
Content-Type: application/json
Date: Wed, 18 Mar 2020 09:55:44 GMT
Server: scaleway_api
Strict-Transport-Security: max-age=63072000
X-Content-Type-Options: nosniff
X-Frame-Options: DENY


----------------------------------------------------------
DEBUG: 2019/12/09 16:04:07 marshalling type '*core.SuccessResult'
DEBUG: 2019/12/09 16:04:07 skipping check version
DEBUG: 2019/12/09 16:04:07 skipping telemetry report
