ID                                    NAME                                             DESCRIPTION                     ENABLE DEFAULT SECURITY  INBOUND DEFAULT POLICY  OUTBOUND DEFAULT POLICY  ORGANIZATION                          ORGANIZATION DEFAULT  CREATION DATE    MODIFICATION DATE  SERVERS  STATEFUL  ZONE
54e2d5f6-d79c-44cc-b19f-613699b9cc7e  Default security group                           Auto generated security group.  true                     accept                  accept                   951df375-e094-4d26-97c1-ba548eeb9c42  true                  few seconds ago  few seconds ago    11       false     fr-par-1
6a3ec618-9ed9-4809-ac45-80aa3b623e2d  kubernetes 0a48a2f9-14a1-4646-b93c-47a9a6b16d26  -                               true                     accept                  accept                   951df375-e094-4d26-97c1-ba548eeb9c42  false                 few seconds ago  few seconds ago    1        false     fr-par-1
abf08196-1997-4554-b4f6-861739245430  cli-sg-loving-driscoll                           -                               true                     accept                  accept                   951df375-e094-4d26-97c1-ba548eeb9c42  false                 few seconds ago  few seconds ago    0        true      fr-par-1
6a75d166-f483-4a83-a94a-6e1183ca7f18  cli-sg-magical-wilson                            -                               true                     accept                  accept                   951df375-e094-4d26-97c1-ba548eeb9c42  false                 few seconds ago  few seconds ago    0        true      fr-par-1
2d4d184a-c5c5-47d5-ac83-8ddb1b1ac094  cli-sg-epic-shtern                               -                               true                     accept                  accept                   951df375-e094-4d26-97c1-ba548eeb9c42  false                 few seconds ago  few seconds ago    0        true      fr-par-1
717dda7f-0f49-4851-92fc-1e56e95069b6  cli-sg-cranky-meninsky                           -                               true                     accept                  accept                   951df375-e094-4d26-97c1-ba548eeb9c42  false                 few seconds ago  few seconds ago    0        true      fr-par-1
6dfa90e2-c6fa-4315-afa3-23e8f7d33b9c  cli-sg-elastic-heisenberg                        -                               true                     accept                  accept                   951df375-e094-4d26-97c1-ba548eeb9c42  false                 few seconds ago  few seconds ago    0        true      fr-par-1
