🎲🎲🎲 EXIT CODE: 0 🎲🎲🎲
🟩🟩🟩 STDOUT️ 🟩🟩🟩️
IP.ID            e0bcadc9-914f-429e-82af-e2bffda353d4
IP.Address       51.158.98.0
IP.Organization  fa1e3217-dc80-42ac-85c3-3f034b78b552
IP.Project       fa1e3217-dc80-42ac-85c3-3f034b78b552
IP.Type          routed_ipv4
IP.State         detached
IP.Prefix        -
IP.IpamID        f6005819-8019-40f8-a891-cc49a1b1c93c
IP.Zone          fr-par-1
🟩🟩🟩 JSON STDOUT 🟩🟩🟩
{
  "ip": {
    "id": "e0bcadc9-914f-429e-82af-e2bffda353d4",
    "address": "51.158.98.0",
    "reverse": null,
    "server": null,
    "organization": "fa1e3217-dc80-42ac-85c3-3f034b78b552",
    "tags": [],
    "project": "fa1e3217-dc80-42ac-85c3-3f034b78b552",
    "type": "routed_ipv4",
    "state": "detached",
    "prefix": "",
    "ipam_id": "f6005819-8019-40f8-a891-cc49a1b1c93c",
    "zone": "fr-par-1"
  }
}
