🎲🎲🎲 EXIT CODE: 0 🎲🎲🎲
🟩🟩🟩 STDOUT️ 🟩🟩🟩️
ID                                    SERVER ID                             PRIVATE NETWORK ID                    MAC ADDRESS        STATE      TAGS  CREATION DATE    ZONE
83648eff-98ec-4b45-816a-0f946aea79e6  0dfa708e-e42d-4648-8fa8-48ef47c2721e  53f375df-7aa4-42fe-82a0-3aef8d919b18  02:00:00:1e:ee:da  available  []    few seconds ago  fr-par-1
🟩🟩🟩 JSON STDOUT 🟩🟩🟩
[
  {
    "id": "83648eff-98ec-4b45-816a-0f946aea79e6",
    "server_id": "0dfa708e-e42d-4648-8fa8-48ef47c2721e",
    "private_network_id": "53f375df-7aa4-42fe-82a0-3aef8d919b18",
    "mac_address": "02:00:00:1e:ee:da",
    "state": "available",
    "tags": [],
    "creation_date": "1970-01-01T00:00:00.0Z",
    "zone": "fr-par-1"
  }
]
