---
version: 1
interactions:
- request:
    body: '{"ip": {"id": "e0bcadc9-914f-429e-82af-e2bffda353d4", "address": "51.158.98.0",
      "prefix": null, "reverse": null, "server": null, "organization": "fa1e3217-dc80-42ac-85c3-3f034b78b552",
      "project": "fa1e3217-dc80-42ac-85c3-3f034b78b552", "zone": "fr-par-1", "type":
      "routed_ipv4", "state": "detached", "tags": [], "ipam_id": "77a0a0e7-c507-44be-b1b9-9214607844f1"}}'
    form: {}
    headers:
      Content-Type:
      - application/json
      User-Agent:
      - scaleway-sdk-go/v1.0.0-beta.7+dev (go1.25.1; linux; amd64) cli-e2e-test
    url: https://api.scaleway.com/instance/v1/zones/fr-par-1/ips
    method: POST
  response:
    body: '{"ip": {"id": "e0bcadc9-914f-429e-82af-e2bffda353d4", "address": "51.158.98.0",
      "prefix": null, "reverse": null, "server": null, "organization": "fa1e3217-dc80-42ac-85c3-3f034b78b552",
      "project": "fa1e3217-dc80-42ac-85c3-3f034b78b552", "zone": "fr-par-1", "type":
      "routed_ipv4", "state": "detached", "tags": [], "ipam_id": "77a0a0e7-c507-44be-b1b9-9214607844f1"}}'
    headers:
      Content-Length:
      - "363"
      Content-Security-Policy:
      - default-src 'none'; frame-ancestors 'none'
      Content-Type:
      - application/json
      Date:
      - Tue, 28 Oct 2025 16:53:58 GMT
      Location:
      - https://api.scaleway.com/instance/v1/zones/fr-par-1/ips/e0bcadc9-914f-429e-82af-e2bffda353d4
      Server:
      - Scaleway API Gateway (fr-par-2;edge01)
      Strict-Transport-Security:
      - max-age=63072000
      X-Content-Type-Options:
      - nosniff
      X-Frame-Options:
      - DENY
      X-Request-Id:
      - 99df9473-8ebd-4600-853e-ec76be1e6d02
    status: 201 Created
    code: 201
    duration: ""
- request:
    body: '{"ip": {"id": "e0bcadc9-914f-429e-82af-e2bffda353d4", "address": "51.158.98.0",
      "prefix": null, "reverse": null, "server": null, "organization": "fa1e3217-dc80-42ac-85c3-3f034b78b552",
      "project": "fa1e3217-dc80-42ac-85c3-3f034b78b552", "zone": "fr-par-1", "type":
      "routed_ipv4", "state": "detached", "tags": [], "ipam_id": "77a0a0e7-c507-44be-b1b9-9214607844f1"}}'
    form: {}
    headers:
      User-Agent:
      - scaleway-sdk-go/v1.0.0-beta.7+dev (go1.25.1; linux; amd64) cli-e2e-test
    url: https://api.scaleway.com/instance/v1/zones/fr-par-1/ips/e0bcadc9-914f-429e-82af-e2bffda353d4
    method: GET
  response:
    body: '{"ip": {"id": "e0bcadc9-914f-429e-82af-e2bffda353d4", "address": "51.158.98.0",
      "prefix": null, "reverse": null, "server": null, "organization": "fa1e3217-dc80-42ac-85c3-3f034b78b552",
      "project": "fa1e3217-dc80-42ac-85c3-3f034b78b552", "zone": "fr-par-1", "type":
      "routed_ipv4", "state": "detached", "tags": [], "ipam_id": "77a0a0e7-c507-44be-b1b9-9214607844f1"}}'
    headers:
      Content-Length:
      - "363"
      Content-Security-Policy:
      - default-src 'none'; frame-ancestors 'none'
      Content-Type:
      - application/json
      Date:
      - Tue, 28 Oct 2025 16:53:59 GMT
      Server:
      - Scaleway API Gateway (fr-par-2;edge01)
      Strict-Transport-Security:
      - max-age=63072000
      X-Content-Type-Options:
      - nosniff
      X-Frame-Options:
      - DENY
      X-Request-Id:
      - b51d1d0c-fcd0-4e77-b570-cf331f60bbee
    status: 200 OK
    code: 200
    duration: ""
- request:
    body: ""
    form: {}
    headers:
      User-Agent:
      - scaleway-sdk-go/v1.0.0-beta.7+dev (go1.25.1; linux; amd64) cli-e2e-test
    url: https://api.scaleway.com/instance/v1/zones/fr-par-1/ips/51.158.98.0
    method: DELETE
  response:
    body: ""
    headers:
      Content-Security-Policy:
      - default-src 'none'; frame-ancestors 'none'
      Content-Type:
      - application/json
      Date:
      - Tue, 28 Oct 2025 16:53:59 GMT
      Server:
      - Scaleway API Gateway (fr-par-2;edge01)
      Strict-Transport-Security:
      - max-age=63072000
      X-Content-Type-Options:
      - nosniff
      X-Frame-Options:
      - DENY
      X-Request-Id:
      - 96e2ef71-d7fd-4537-abe6-bb170fbc6d07
    status: 204 No Content
    code: 204
    duration: ""
