🎲🎲🎲 EXIT CODE: 0 🎲🎲🎲
🟩🟩🟩 STDOUT️ 🟩🟩🟩️
ID                  af997bcf-d360-4376-8085-e14dc81a2a54
Name                cli-srv-strange-boyd
Organization        ee7bd9e1-9cbd-4724-b2f4-19e50f3cf38b
Project             ee7bd9e1-9cbd-4724-b2f4-19e50f3cf38b
CommercialType      DEV1-S
CreationDate        few seconds ago
DynamicIPRequired   false
RoutedIPEnabled     true
EnableIPv6          false
Hostname            cli-srv-strange-boyd
Protected           false
MacAddress          de:00:00:90:9e:85
ModificationDate    few seconds ago
State               archived
BootType            local
SecurityGroup.ID    0fe819c3-274d-472a-b3f5-ddb258d2d8bb
SecurityGroup.Name  Default security group
StateDetail         -
Arch                x86_64
Zone                fr-par-1

Server Image:
ID                1fb9bfa4-68c3-4d6f-a362-8913a1af27b0
Name              Ubuntu 22.04 Jammy Jellyfish
Arch              x86_64
CreationDate      few seconds ago
ModificationDate  few seconds ago
ExtraVolumes      0
FromServer        -
Organization      51b656e3-4865-41e8-adbc-0c45bdd780db
Public            true
RootVolume        4eb9437f-8993-444a-b564-f7654add2131
State             available
Project           51b656e3-4865-41e8-adbc-0c45bdd780db
Zone              fr-par-1

Allowed Actions:
[poweron backup]

Volumes:
ID                                    NAME  EXPORT URI  ORGANIZATION  SIZE  VOLUME TYPE  CREATION DATE  MODIFICATION DATE  STATE  PROJECT  BOOT   ZONE
c9b13524-7f26-468b-94f2-a9c5adda7a7b  -     -           -             -     sbs_volume   -              -                  -      -        false  fr-par-1

Public IPs:
ID   ADDRESS  GATEWAY  NETMASK  FAMILY  DYNAMIC  PROVISIONING MODE  TAGS  IPAM ID  STATE

IPv6:
-

Private NICs:
ID   MAC ADDRESS  PRIVATE NETWORK NAME  PRIVATE NETWORK ID
🟩🟩🟩 JSON STDOUT 🟩🟩🟩
{
  "id": "af997bcf-d360-4376-8085-e14dc81a2a54",
  "name": "cli-srv-strange-boyd",
  "organization": "ee7bd9e1-9cbd-4724-b2f4-19e50f3cf38b",
  "project": "ee7bd9e1-9cbd-4724-b2f4-19e50f3cf38b",
  "allowed_actions": [
    "poweron",
    "backup"
  ],
  "tags": [],
  "commercial_type": "DEV1-S",
  "creation_date": "1970-01-01T00:00:00.0Z",
  "dynamic_ip_required": false,
  "routed_ip_enabled": true,
  "enable_ipv6": false,
  "hostname": "cli-srv-strange-boyd",
  "image": {
    "id": "1fb9bfa4-68c3-4d6f-a362-8913a1af27b0",
    "name": "Ubuntu 22.04 Jammy Jellyfish",
    "arch": "x86_64",
    "creation_date": "1970-01-01T00:00:00.0Z",
    "modification_date": "1970-01-01T00:00:00.0Z",
    "default_bootscript": null,
    "extra_volumes": {},
    "from_server": "",
    "organization": "51b656e3-4865-41e8-adbc-0c45bdd780db",
    "public": true,
    "root_volume": {
      "id": "4eb9437f-8993-444a-b564-f7654add2131",
      "name": "",
      "size": 0,
      "volume_type": "sbs_snapshot"
    },
    "state": "available",
    "project": "51b656e3-4865-41e8-adbc-0c45bdd780db",
    "tags": [],
    "zone": "fr-par-1"
  },
  "protected": false,
  "private_ip": null,
  "public_ip": null,
  "public_ips": [],
  "mac_address": "de:00:00:90:9e:85",
  "modification_date": "1970-01-01T00:00:00.0Z",
  "state": "stopped",
  "location": null,
  "ipv6": null,
  "boot_type": "local",
  "volumes": {
    "0": {
      "id": "c9b13524-7f26-468b-94f2-a9c5adda7a7b",
      "name": null,
      "export_uri": null,
      "organization": null,
      "server": null,
      "size": null,
      "volume_type": "sbs_volume",
      "creation_date": null,
      "modification_date": null,
      "state": null,
      "project": null,
      "boot": false,
      "zone": "fr-par-1"
    }
  },
  "security_group": {
    "id": "0fe819c3-274d-472a-b3f5-ddb258d2d8bb",
    "name": "Default security group"
  },
  "maintenances": [],
  "state_detail": "",
  "arch": "x86_64",
  "placement_group": null,
  "zone": "fr-par-1",
  "admin_password_encryption_ssh_key_id": null,
  "admin_password_encrypted_value": null,
  "Volumes": [
    {
      "id": "c9b13524-7f26-468b-94f2-a9c5adda7a7b",
      "name": null,
      "export_uri": null,
      "organization": null,
      "server": null,
      "size": null,
      "volume_type": "sbs_volume",
      "creation_date": null,
      "modification_date": null,
      "state": null,
      "project": null,
      "boot": false,
      "zone": "fr-par-1"
    }
  ],
  "private_nics": []
}
