ID                                    NAME                                            TYPE    STATE     ZONE      PUBLIC IP       PRIVATE IP     TAGS                                                                                                                                      IMAGE NAME                                   MODIFICATION DATE  CREATION DATE    VOLUMES  PROTECTED  SECURITY GROUP NAME                              SECURITY GROUP ID                     STATE DETAIL    ARCH    IMAGE ID
97165b33-61f8-4b56-aa8d-d5ffdd4cf673  cli-srv-competent-volhard                       DEV1-S  running   fr-par-1  212.47.226.205  10.68.190.21   []                                                                                                                                        Ubuntu Bionic Beaver                         few seconds ago    few seconds ago  1        false      Default security group                           54e2d5f6-d79c-44cc-b19f-613699b9cc7e  booting kernel  x86_64  f974feac-abae-4365-b988-8ec7d1cec10d
764b1814-9b29-4a72-a423-87dfbdbd9d4e  cli-srv-awesome-archimedes                      DEV1-S  running   fr-par-1  51.158.126.17   10.64.96.47    []                                                                                                                                        Ubuntu Bionic Beaver                         few seconds ago    few seconds ago  1        false      Default security group                           54e2d5f6-d79c-44cc-b19f-613699b9cc7e  booting kernel  x86_64  f974feac-abae-4365-b988-8ec7d1cec10d
f0f5212b-e1a7-404c-b1f1-2653f3984053  cli-srv-epic-mcnulty                            DEV1-S  running   fr-par-1  51.15.218.186   10.68.54.21    []                                                                                                                                        Ubuntu Bionic Beaver                         few seconds ago    few seconds ago  1        false      Default security group                           54e2d5f6-d79c-44cc-b19f-613699b9cc7e  booting kernel  x86_64  f974feac-abae-4365-b988-8ec7d1cec10d
de275cd9-9578-4e75-8fb4-00543db83bf8  cli-srv-jovial-kepler                           DEV1-S  running   fr-par-1  51.158.117.27   10.68.202.159  []                                                                                                                                        Ubuntu Bionic Beaver                         few seconds ago    few seconds ago  1        false      Default security group                           54e2d5f6-d79c-44cc-b19f-613699b9cc7e  booting kernel  x86_64  f974feac-abae-4365-b988-8ec7d1cec10d
3391c8bd-514a-443f-bd8c-dd2adc824480  cli-srv-wonderful-moser                         DEV1-S  running   fr-par-1  51.15.216.206   10.64.208.83   []                                                                                                                                        Ubuntu Bionic Beaver                         few seconds ago    few seconds ago  1        false      Default security group                           54e2d5f6-d79c-44cc-b19f-613699b9cc7e  booting kernel  x86_64  f974feac-abae-4365-b988-8ec7d1cec10d
705195d7-5ca8-4736-b2d4-710f0c2eb60a  cli-srv-suspicious-beaver                       DEV1-S  running   fr-par-1  51.15.215.79    10.64.108.31   []                                                                                                                                        Ubuntu Bionic Beaver                         few seconds ago    few seconds ago  1        false      Default security group                           54e2d5f6-d79c-44cc-b19f-613699b9cc7e  booting kernel  x86_64  f974feac-abae-4365-b988-8ec7d1cec10d
e8977860-18f8-4835-a7dc-6aa504c0468e  cli-srv-angry-cori                              DEV1-S  running   fr-par-1  51.158.74.63    10.65.32.81    []                                                                                                                                        Ubuntu Bionic Beaver                         few seconds ago    few seconds ago  1        false      Default security group                           54e2d5f6-d79c-44cc-b19f-613699b9cc7e  booting kernel  x86_64  f974feac-abae-4365-b988-8ec7d1cec10d
755855d3-a0f6-466b-8115-69a0fd6dd1c6  silly-knuth                                     DEV1-S  archived  fr-par-1  <nil>                          []                                                                                                                                        Ubuntu Bionic Beaver                         few seconds ago    few seconds ago  1        false      Default security group                           54e2d5f6-d79c-44cc-b19f-613699b9cc7e  -               x86_64  f974feac-abae-4365-b988-8ec7d1cec10d
054f02b2-5aa0-4a87-a9c0-27cbe47255e1  nostalgic-yalow                                 DEV1-S  running   fr-par-1  51.158.99.101   10.68.76.85    []                                                                                                                                        Ubuntu Bionic Beaver                         few seconds ago    few seconds ago  1        false      Default security group                           54e2d5f6-d79c-44cc-b19f-613699b9cc7e  booting kernel  x86_64  f974feac-abae-4365-b988-8ec7d1cec10d
fa37ff62-4665-4b94-93bf-385d264a7b4d  scw-kind-roentgen                               GP1-S   running   fr-par-1  51.15.253.183   10.12.174.9    []                                                                                                                                        Ubuntu Bionic Beaver                         few seconds ago    few seconds ago  2        true       Default security group                           54e2d5f6-d79c-44cc-b19f-613699b9cc7e  booting kernel  x86_64  f974feac-abae-4365-b988-8ec7d1cec10d
719a2a2f-261d-46ed-b651-e6418aa7342b  scw-k8s-clever-cori-default-f7af7a391d274421ba  GP1-XS  running   fr-par-1  51.158.70.223   10.12.187.159  [kapsule=0a48a2f9-14a1-4646-b93c-47a9a6b16d26 pool=72f969ba-3dad-41f2-bbe1-821b9fabfb6f node=f7af7a39-1d27-4421-ba43-04d87e3abb09 pouet]  Kubernetes base node 0c0b99d8 20190913-0722  few seconds ago    few seconds ago  1        false      kubernetes 0a48a2f9-14a1-4646-b93c-47a9a6b16d26  6a3ec618-9ed9-4809-ac45-80aa3b623e2d  booting kernel  x86_64  4498bf00-a143-408d-b793-90b6828feca8
