🎲🎲🎲 EXIT CODE: 0 🎲🎲🎲
🟩🟩🟩 STDOUT️ 🟩🟩🟩️
PrivateNic.ID                0b1f9d15-5351-447e-ab02-af975e09d1f7
PrivateNic.ServerID          56e3dc9e-fe6c-4238-a921-7db2b826e792
PrivateNic.PrivateNetworkID  e527a736-53b1-4cf1-aad8-485995776be7
PrivateNic.MacAddress        02:00:00:11:b0:f7
PrivateNic.State             available
🟩🟩🟩 JSON STDOUT 🟩🟩🟩
{
  "private_nic": {
    "id": "0b1f9d15-5351-447e-ab02-af975e09d1f7",
    "server_id": "56e3dc9e-fe6c-4238-a921-7db2b826e792",
    "private_network_id": "e527a736-53b1-4cf1-aad8-485995776be7",
    "mac_address": "02:00:00:11:b0:f7",
    "state": "available",
    "tags": []
  }
}
