🎲🎲🎲 EXIT CODE: 1 🎲🎲🎲
🟥🟥🟥 STDERR️️ 🟥🟥🟥️
Cannot create the server: failed to build volume template: volume 3260c736-5a82-4d5e-b455-439a07e52317 is already attached to f8050da0-db3d-45c9-b51f-6215300b07d8 server
🟥🟥🟥 JSON STDERR 🟥🟥🟥
{
  "error": "cannot create the server: failed to build volume template: volume 3260c736-5a82-4d5e-b455-439a07e52317 is already attached to f8050da0-db3d-45c9-b51f-6215300b07d8 server"
}
