🎲🎲🎲 EXIT CODE: 1 🎲🎲🎲
🟥🟥🟥 STDERR️️ 🟥🟥🟥️
Cannot create the server: scaleway-sdk-go: resource ip with ID 23165951-13fd-4a3b-84ed-22c2e96658f2 is not found
🟥🟥🟥 JSON STDERR 🟥🟥🟥
{
  "error": "cannot create the server: scaleway-sdk-go: resource ip with ID 23165951-13fd-4a3b-84ed-22c2e96658f2 is not found"
}
