🎲🎲🎲 EXIT CODE: 1 🎲🎲🎲
🟥🟥🟥 STDERR️️ 🟥🟥🟥️
Invalid arguments 'placement_group.id'

Details:
- 'placement_group.id' 

Hint:
No instance_placement_group found with ID 11111111-1111-1111-1111-111111111111.
🟥🟥🟥 JSON STDERR 🟥🟥🟥
{
  "message": "invalid arguments 'placement_group.id'",
  "error": {
    "details": [
      {
        "argument_name": "placement_group.id",
        "reason": "not_found",
        "help_message": "No instance_placement_group found with ID 11111111-1111-1111-1111-111111111111."
      }
    ]
  },
  "details": "- 'placement_group.id' ",
  "hint": "No instance_placement_group found with ID 11111111-1111-1111-1111-111111111111."
}
