NAME         MONTHLY PRICE  HOURLY PRICE  LOCAL VOLUME SIZE  CPU  GPU  RAM     ARCH
ARM64-128GB  € 279.99       € 0.56        500 GB             64        7.3 EB  arm64
ARM64-16GB   € 34.99        € 0.07        200 GB             16        12 EB   arm64
ARM64-2GB    € 2.99         € 0.006       50 GB              4         3.9 EB  arm64
ARM64-32GB   € 69.99        € 0.14        300 GB             32        6.4 EB  arm64
ARM64-4GB    € 5.99         € 0.012       100 GB             6         7.7 EB  arm64
ARM64-64GB   € 139.99       € 0.28        400 GB             48        13 EB   arm64
ARM64-8GB    € 11.99        € 0.024       200 GB             8         15 EB   arm64
C1           € 2.99         € 0.006       50 GB              4         3.9 EB  arm
C2L          € 23.99        € 0.048       50 GB              8         6.4 EB  x86_64
C2M          € 17.99        € 0.036       50 GB              8         12 EB   x86_64
C2S          € 11.99        € 0.024       50 GB              4         15 EB   x86_64
DEV1-L       € 15.99        € 0.032       80 GB              4         15 EB   x86_64
DEV1-M       € 7.99         € 0.016       40 GB              3         7.7 EB  x86_64
DEV1-S       € 2.99         € 0.006       20 GB              2         3.9 EB  x86_64
DEV1-XL      € 23.99        € 0.048       120 GB             4         4.7 EB  x86_64
GP1-L        € 299.00       € 0.598       600 GB             32        7.3 EB  x86_64
GP1-M        € 159.00       € 0.318       600 GB             16        13 EB   x86_64
GP1-S        € 79.00        € 0.158       300 GB             8         6.4 EB  x86_64
GP1-XL       € 569.00       € 1.138       600 GB             48        15 EB   x86_64
GP1-XS       € 39.00        € 0.078       150 GB             4         12 EB   x86_64
RENDER-S     € 499.99       € 1.00        400 GB             10   1    3.9 EB  x86_64
START1-L     € 15.99        € 0.032       200 GB             8         15 EB   x86_64
START1-M     € 7.99         € 0.016       100 GB             4         7.7 EB  x86_64
START1-S     € 3.99         € 0.008       50 GB              2         3.9 EB  x86_64
START1-XS    € 1.99         € 0.004       25 GB              1         11 EB   x86_64
VC1L         € 9.99         € 0.02        200 GB             6         15 EB   x86_64
VC1M         € 5.99         € 0.012       100 GB             4         7.7 EB  x86_64
VC1S         € 2.99         € 0.006       50 GB              2         3.9 EB  x86_64
X64-120GB    € 179.99       € 0.36        500 GB             12        10 EB   x86_64
X64-15GB     € 24.99        € 0.05        200 GB             6         1.3 EB  x86_64
X64-30GB     € 49.99        € 0.10        300 GB             8         2.6 EB  x86_64
X64-60GB     € 89.99        € 0.18        400 GB             10        5.1 EB  x86_64
