🎲🎲🎲 EXIT CODE: 1 🎲🎲🎲
🟥🟥🟥 STDERR️️ 🟥🟥🟥️
Server is not running

Hint:
Start the instance with: scw instance server start 2760bb36-5313-4218-87ac-04e2263b1da7 --wait
🟥🟥🟥 JSON STDERR 🟥🟥🟥
{
  "message": "server is not running",
  "error": {},
  "hint": "Start the instance with: scw instance server start 2760bb36-5313-4218-87ac-04e2263b1da7 --wait"
}
