🎲🎲🎲 EXIT CODE: 0 🎲🎲🎲
🟩🟩🟩 STDOUT️ 🟩🟩🟩️
IP.ID            21601ab1-8b75-4d2f-bbb0-2b8b71c4bc13
IP.Address       51.15.252.241
IP.Server.ID     6413b5bc-45ef-4ed3-90f4-20a8decef6da
IP.Server.Name   cli-srv-vigorous-mclaren
IP.Organization  ee7bd9e1-9cbd-4724-b2f4-19e50f3cf38b
IP.Project       ee7bd9e1-9cbd-4724-b2f4-19e50f3cf38b
IP.Type          unknown_iptype
IP.State         unknown_state
IP.Prefix        <nil>
IP.Zone          fr-par-1
🟩🟩🟩 JSON STDOUT 🟩🟩🟩
{
  "ip": {
    "id": "21601ab1-8b75-4d2f-bbb0-2b8b71c4bc13",
    "address": "51.15.252.241",
    "reverse": null,
    "server": {
      "id": "6413b5bc-45ef-4ed3-90f4-20a8decef6da",
      "name": "cli-srv-vigorous-mclaren"
    },
    "organization": "ee7bd9e1-9cbd-4724-b2f4-19e50f3cf38b",
    "tags": [],
    "project": "ee7bd9e1-9cbd-4724-b2f4-19e50f3cf38b",
    "type": "unknown_iptype",
    "state": "unknown_state",
    "prefix": "",
    "zone": "fr-par-1"
  }
}
