🎲🎲🎲 EXIT CODE: 0 🎲🎲🎲
🟩🟩🟩 STDOUT️ 🟩🟩🟩️
ID                                    SERVER ID                             PRIVATE NETWORK ID                    MAC ADDRESS        STATE      TAGS
f666551a-ae53-41ed-9794-91666ae1c5e3  7b06234c-147b-4277-be91-abc81405b8bd  586a7789-0b58-4bc5-b13a-cdeb38cef0ba  02:00:00:12:3d:f7  available  []
🟩🟩🟩 JSON STDOUT 🟩🟩🟩
[
  {
    "id": "f666551a-ae53-41ed-9794-91666ae1c5e3",
    "server_id": "7b06234c-147b-4277-be91-abc81405b8bd",
    "private_network_id": "586a7789-0b58-4bc5-b13a-cdeb38cef0ba",
    "mac_address": "02:00:00:12:3d:f7",
    "state": "available"
  }
]
