---
version: 1
interactions:
- request:
    body: '{"id":"64246187-39f9-45c0-8e76-e3a7defab351", "name":"pn-elated-maxwell",
      "tags":[], "organization_id":"fa1e3217-dc80-42ac-85c3-3f034b78b552", "created_at":"2024-01-22T15:36:06.582536Z",
      "updated_at":"2024-01-22T15:36:06.582536Z", "project_id":"fa1e3217-dc80-42ac-85c3-3f034b78b552",
      "subnets":["172.16.28.0/22", "fd63:256c:45f7:4396::/64"], "zone":"fr-par-1"}'
    form: {}
    headers:
      Content-Type:
      - application/json
      User-Agent:
      - scaleway-sdk-go/v1.0.0-beta.7+dev (go1.21.6; linux; amd64) cli-e2e-test
    url: https://api.scaleway.com/vpc/v1/zones/fr-par-1/private-networks
    method: POST
  response:
    body: '{"id":"64246187-39f9-45c0-8e76-e3a7defab351", "name":"pn-elated-maxwell",
      "tags":[], "organization_id":"fa1e3217-dc80-42ac-85c3-3f034b78b552", "created_at":"2024-01-22T15:36:06.582536Z",
      "updated_at":"2024-01-22T15:36:06.582536Z", "project_id":"fa1e3217-dc80-42ac-85c3-3f034b78b552",
      "subnets":["172.16.28.0/22", "fd63:256c:45f7:4396::/64"], "zone":"fr-par-1"}'
    headers:
      Content-Length:
      - "360"
      Content-Security-Policy:
      - default-src 'none'; frame-ancestors 'none'
      Content-Type:
      - application/json
      Date:
      - Mon, 22 Jan 2024 15:36:07 GMT
      Server:
      - Scaleway API-Gateway
      Strict-Transport-Security:
      - max-age=63072000
      X-Content-Type-Options:
      - nosniff
      X-Frame-Options:
      - DENY
      X-Request-Id:
      - 2fa0daae-469a-4306-817b-da704f8dd7bb
    status: 200 OK
    code: 200
    duration: ""
- request:
    body: '{"id":"ef330f0a-7aaf-4dea-9bc6-8b0f8a897bb7", "name":"cli-test", "organization_id":"fa1e3217-dc80-42ac-85c3-3f034b78b552",
      "project_id":"fa1e3217-dc80-42ac-85c3-3f034b78b552", "status":"provisioning",
      "engine":"PostgreSQL-15", "upgradable_version":[], "endpoint":null, "tags":[],
      "settings":[], "backup_schedule":{"frequency":24, "retention":7, "disabled":false,
      "next_run_at":"2024-01-23T15:36:08.430258Z"}, "is_ha_cluster":false, "read_replicas":[],
      "node_type":"db-dev-s", "volume":{"type":"lssd", "size":5000000000, "class":"lssd"},
      "init_settings":[], "endpoints":[{"ip":"172.16.0.3", "port":5432, "name":null,
      "id":"a37b5918-1c61-4927-960f-bdb0511fdfe4", "private_network":{"private_network_id":"64246187-39f9-45c0-8e76-e3a7defab351",
      "service_ip":"172.16.0.3/22", "zone":"fr-par-1"}}], "logs_policy":{"max_age_retention":30,
      "total_disk_retention":null}, "backup_same_region":false, "maintenances":[],
      "created_at":"2024-01-22T15:36:08.430258Z", "region":"fr-par"}'
    form: {}
    headers:
      Content-Type:
      - application/json
      User-Agent:
      - scaleway-sdk-go/v1.0.0-beta.7+dev (go1.21.6; linux; amd64) cli-e2e-test
    url: https://api.scaleway.com/rdb/v1/regions/fr-par/instances
    method: POST
  response:
    body: '{"id":"ef330f0a-7aaf-4dea-9bc6-8b0f8a897bb7", "name":"cli-test", "organization_id":"fa1e3217-dc80-42ac-85c3-3f034b78b552",
      "project_id":"fa1e3217-dc80-42ac-85c3-3f034b78b552", "status":"provisioning",
      "engine":"PostgreSQL-15", "upgradable_version":[], "endpoint":null, "tags":[],
      "settings":[], "backup_schedule":{"frequency":24, "retention":7, "disabled":false,
      "next_run_at":"2024-01-23T15:36:08.430258Z"}, "is_ha_cluster":false, "read_replicas":[],
      "node_type":"db-dev-s", "volume":{"type":"lssd", "size":5000000000, "class":"lssd"},
      "init_settings":[], "endpoints":[{"ip":"172.16.0.3", "port":5432, "name":null,
      "id":"a37b5918-1c61-4927-960f-bdb0511fdfe4", "private_network":{"private_network_id":"64246187-39f9-45c0-8e76-e3a7defab351",
      "service_ip":"172.16.0.3/22", "zone":"fr-par-1"}}], "logs_policy":{"max_age_retention":30,
      "total_disk_retention":null}, "backup_same_region":false, "maintenances":[],
      "created_at":"2024-01-22T15:36:08.430258Z", "region":"fr-par"}'
    headers:
      Content-Length:
      - "971"
      Content-Security-Policy:
      - default-src 'none'; frame-ancestors 'none'
      Content-Type:
      - application/json
      Date:
      - Mon, 22 Jan 2024 15:36:09 GMT
      Server:
      - Scaleway API-Gateway
      Strict-Transport-Security:
      - max-age=63072000
      X-Content-Type-Options:
      - nosniff
      X-Frame-Options:
      - DENY
      X-Request-Id:
      - 1661ea3e-5302-4a20-8a95-4ad3aa5f5d49
    status: 200 OK
    code: 200
    duration: ""
- request:
    body: '{"id":"ef330f0a-7aaf-4dea-9bc6-8b0f8a897bb7", "name":"cli-test", "organization_id":"fa1e3217-dc80-42ac-85c3-3f034b78b552",
      "project_id":"fa1e3217-dc80-42ac-85c3-3f034b78b552", "status":"provisioning",
      "engine":"PostgreSQL-15", "upgradable_version":[], "endpoint":null, "tags":[],
      "settings":[], "backup_schedule":{"frequency":24, "retention":7, "disabled":false,
      "next_run_at":"2024-01-23T15:36:08.430258Z"}, "is_ha_cluster":false, "read_replicas":[],
      "node_type":"db-dev-s", "volume":{"type":"lssd", "size":5000000000, "class":"lssd"},
      "init_settings":[], "endpoints":[{"ip":"172.16.0.3", "port":5432, "name":null,
      "id":"a37b5918-1c61-4927-960f-bdb0511fdfe4", "private_network":{"private_network_id":"64246187-39f9-45c0-8e76-e3a7defab351",
      "service_ip":"172.16.0.3/22", "zone":"fr-par-1"}}], "logs_policy":{"max_age_retention":30,
      "total_disk_retention":null}, "backup_same_region":false, "maintenances":[],
      "created_at":"2024-01-22T15:36:08.430258Z", "region":"fr-par"}'
    form: {}
    headers:
      User-Agent:
      - scaleway-sdk-go/v1.0.0-beta.7+dev (go1.21.6; linux; amd64) cli-e2e-test
    url: https://api.scaleway.com/rdb/v1/regions/fr-par/instances/ef330f0a-7aaf-4dea-9bc6-8b0f8a897bb7
    method: GET
  response:
    body: '{"id":"ef330f0a-7aaf-4dea-9bc6-8b0f8a897bb7", "name":"cli-test", "organization_id":"fa1e3217-dc80-42ac-85c3-3f034b78b552",
      "project_id":"fa1e3217-dc80-42ac-85c3-3f034b78b552", "status":"provisioning",
      "engine":"PostgreSQL-15", "upgradable_version":[], "endpoint":null, "tags":[],
      "settings":[], "backup_schedule":{"frequency":24, "retention":7, "disabled":false,
      "next_run_at":"2024-01-23T15:36:08.430258Z"}, "is_ha_cluster":false, "read_replicas":[],
      "node_type":"db-dev-s", "volume":{"type":"lssd", "size":5000000000, "class":"lssd"},
      "init_settings":[], "endpoints":[{"ip":"172.16.0.3", "port":5432, "name":null,
      "id":"a37b5918-1c61-4927-960f-bdb0511fdfe4", "private_network":{"private_network_id":"64246187-39f9-45c0-8e76-e3a7defab351",
      "service_ip":"172.16.0.3/22", "zone":"fr-par-1"}}], "logs_policy":{"max_age_retention":30,
      "total_disk_retention":null}, "backup_same_region":false, "maintenances":[],
      "created_at":"2024-01-22T15:36:08.430258Z", "region":"fr-par"}'
    headers:
      Content-Length:
      - "971"
      Content-Security-Policy:
      - default-src 'none'; frame-ancestors 'none'
      Content-Type:
      - application/json
      Date:
      - Mon, 22 Jan 2024 15:36:09 GMT
      Server:
      - Scaleway API-Gateway
      Strict-Transport-Security:
      - max-age=63072000
      X-Content-Type-Options:
      - nosniff
      X-Frame-Options:
      - DENY
      X-Request-Id:
      - ba137816-8ee5-4207-865a-de035535461e
    status: 200 OK
    code: 200
    duration: ""
- request:
    body: '{"id":"ef330f0a-7aaf-4dea-9bc6-8b0f8a897bb7", "name":"cli-test", "organization_id":"fa1e3217-dc80-42ac-85c3-3f034b78b552",
      "project_id":"fa1e3217-dc80-42ac-85c3-3f034b78b552", "status":"provisioning",
      "engine":"PostgreSQL-15", "upgradable_version":[], "endpoint":null, "tags":[],
      "settings":[], "backup_schedule":{"frequency":24, "retention":7, "disabled":false,
      "next_run_at":"2024-01-23T15:36:08.430258Z"}, "is_ha_cluster":false, "read_replicas":[],
      "node_type":"db-dev-s", "volume":{"type":"lssd", "size":5000000000, "class":"lssd"},
      "init_settings":[], "endpoints":[{"ip":"172.16.0.3", "port":5432, "name":null,
      "id":"a37b5918-1c61-4927-960f-bdb0511fdfe4", "private_network":{"private_network_id":"64246187-39f9-45c0-8e76-e3a7defab351",
      "service_ip":"172.16.0.3/22", "zone":"fr-par-1"}}], "logs_policy":{"max_age_retention":30,
      "total_disk_retention":null}, "backup_same_region":false, "maintenances":[],
      "created_at":"2024-01-22T15:36:08.430258Z", "region":"fr-par"}'
    form: {}
    headers:
      User-Agent:
      - scaleway-sdk-go/v1.0.0-beta.7+dev (go1.21.6; linux; amd64) cli-e2e-test
    url: https://api.scaleway.com/rdb/v1/regions/fr-par/instances/ef330f0a-7aaf-4dea-9bc6-8b0f8a897bb7
    method: GET
  response:
    body: '{"id":"ef330f0a-7aaf-4dea-9bc6-8b0f8a897bb7", "name":"cli-test", "organization_id":"fa1e3217-dc80-42ac-85c3-3f034b78b552",
      "project_id":"fa1e3217-dc80-42ac-85c3-3f034b78b552", "status":"provisioning",
      "engine":"PostgreSQL-15", "upgradable_version":[], "endpoint":null, "tags":[],
      "settings":[], "backup_schedule":{"frequency":24, "retention":7, "disabled":false,
      "next_run_at":"2024-01-23T15:36:08.430258Z"}, "is_ha_cluster":false, "read_replicas":[],
      "node_type":"db-dev-s", "volume":{"type":"lssd", "size":5000000000, "class":"lssd"},
      "init_settings":[], "endpoints":[{"ip":"172.16.0.3", "port":5432, "name":null,
      "id":"a37b5918-1c61-4927-960f-bdb0511fdfe4", "private_network":{"private_network_id":"64246187-39f9-45c0-8e76-e3a7defab351",
      "service_ip":"172.16.0.3/22", "zone":"fr-par-1"}}], "logs_policy":{"max_age_retention":30,
      "total_disk_retention":null}, "backup_same_region":false, "maintenances":[],
      "created_at":"2024-01-22T15:36:08.430258Z", "region":"fr-par"}'
    headers:
      Content-Length:
      - "971"
      Content-Security-Policy:
      - default-src 'none'; frame-ancestors 'none'
      Content-Type:
      - application/json
      Date:
      - Mon, 22 Jan 2024 15:36:24 GMT
      Server:
      - Scaleway API-Gateway
      Strict-Transport-Security:
      - max-age=63072000
      X-Content-Type-Options:
      - nosniff
      X-Frame-Options:
      - DENY
      X-Request-Id:
      - 3786a74c-ae3a-4338-aa25-07e533514960
    status: 200 OK
    code: 200
    duration: ""
- request:
    body: '{"id":"ef330f0a-7aaf-4dea-9bc6-8b0f8a897bb7", "name":"cli-test", "organization_id":"fa1e3217-dc80-42ac-85c3-3f034b78b552",
      "project_id":"fa1e3217-dc80-42ac-85c3-3f034b78b552", "status":"provisioning",
      "engine":"PostgreSQL-15", "upgradable_version":[], "endpoint":null, "tags":[],
      "settings":[], "backup_schedule":{"frequency":24, "retention":7, "disabled":false,
      "next_run_at":"2024-01-23T15:36:08.430258Z"}, "is_ha_cluster":false, "read_replicas":[],
      "node_type":"db-dev-s", "volume":{"type":"lssd", "size":5000000000, "class":"lssd"},
      "init_settings":[], "endpoints":[{"ip":"172.16.0.3", "port":5432, "name":null,
      "id":"a37b5918-1c61-4927-960f-bdb0511fdfe4", "private_network":{"private_network_id":"64246187-39f9-45c0-8e76-e3a7defab351",
      "service_ip":"172.16.0.3/22", "zone":"fr-par-1"}}], "logs_policy":{"max_age_retention":30,
      "total_disk_retention":null}, "backup_same_region":false, "maintenances":[],
      "created_at":"2024-01-22T15:36:08.430258Z", "region":"fr-par"}'
    form: {}
    headers:
      User-Agent:
      - scaleway-sdk-go/v1.0.0-beta.7+dev (go1.21.6; linux; amd64) cli-e2e-test
    url: https://api.scaleway.com/rdb/v1/regions/fr-par/instances/ef330f0a-7aaf-4dea-9bc6-8b0f8a897bb7
    method: GET
  response:
    body: '{"id":"ef330f0a-7aaf-4dea-9bc6-8b0f8a897bb7", "name":"cli-test", "organization_id":"fa1e3217-dc80-42ac-85c3-3f034b78b552",
      "project_id":"fa1e3217-dc80-42ac-85c3-3f034b78b552", "status":"provisioning",
      "engine":"PostgreSQL-15", "upgradable_version":[], "endpoint":null, "tags":[],
      "settings":[], "backup_schedule":{"frequency":24, "retention":7, "disabled":false,
      "next_run_at":"2024-01-23T15:36:08.430258Z"}, "is_ha_cluster":false, "read_replicas":[],
      "node_type":"db-dev-s", "volume":{"type":"lssd", "size":5000000000, "class":"lssd"},
      "init_settings":[], "endpoints":[{"ip":"172.16.0.3", "port":5432, "name":null,
      "id":"a37b5918-1c61-4927-960f-bdb0511fdfe4", "private_network":{"private_network_id":"64246187-39f9-45c0-8e76-e3a7defab351",
      "service_ip":"172.16.0.3/22", "zone":"fr-par-1"}}], "logs_policy":{"max_age_retention":30,
      "total_disk_retention":null}, "backup_same_region":false, "maintenances":[],
      "created_at":"2024-01-22T15:36:08.430258Z", "region":"fr-par"}'
    headers:
      Content-Length:
      - "971"
      Content-Security-Policy:
      - default-src 'none'; frame-ancestors 'none'
      Content-Type:
      - application/json
      Date:
      - Mon, 22 Jan 2024 15:36:46 GMT
      Server:
      - Scaleway API-Gateway
      Strict-Transport-Security:
      - max-age=63072000
      X-Content-Type-Options:
      - nosniff
      X-Frame-Options:
      - DENY
      X-Request-Id:
      - 64efc68a-972e-4595-af14-796f08303584
    status: 200 OK
    code: 200
    duration: ""
- request:
    body: '{"id":"ef330f0a-7aaf-4dea-9bc6-8b0f8a897bb7", "name":"cli-test", "organization_id":"fa1e3217-dc80-42ac-85c3-3f034b78b552",
      "project_id":"fa1e3217-dc80-42ac-85c3-3f034b78b552", "status":"provisioning",
      "engine":"PostgreSQL-15", "upgradable_version":[], "endpoint":null, "tags":[],
      "settings":[], "backup_schedule":{"frequency":24, "retention":7, "disabled":false,
      "next_run_at":"2024-01-23T15:36:08.430258Z"}, "is_ha_cluster":false, "read_replicas":[],
      "node_type":"db-dev-s", "volume":{"type":"lssd", "size":5000000000, "class":"lssd"},
      "init_settings":[], "endpoints":[{"ip":"172.16.0.3", "port":5432, "name":null,
      "id":"a37b5918-1c61-4927-960f-bdb0511fdfe4", "private_network":{"private_network_id":"64246187-39f9-45c0-8e76-e3a7defab351",
      "service_ip":"172.16.0.3/22", "zone":"fr-par-1"}}], "logs_policy":{"max_age_retention":30,
      "total_disk_retention":null}, "backup_same_region":false, "maintenances":[],
      "created_at":"2024-01-22T15:36:08.430258Z", "region":"fr-par"}'
    form: {}
    headers:
      User-Agent:
      - scaleway-sdk-go/v1.0.0-beta.7+dev (go1.21.6; linux; amd64) cli-e2e-test
    url: https://api.scaleway.com/rdb/v1/regions/fr-par/instances/ef330f0a-7aaf-4dea-9bc6-8b0f8a897bb7
    method: GET
  response:
    body: '{"id":"ef330f0a-7aaf-4dea-9bc6-8b0f8a897bb7", "name":"cli-test", "organization_id":"fa1e3217-dc80-42ac-85c3-3f034b78b552",
      "project_id":"fa1e3217-dc80-42ac-85c3-3f034b78b552", "status":"provisioning",
      "engine":"PostgreSQL-15", "upgradable_version":[], "endpoint":null, "tags":[],
      "settings":[], "backup_schedule":{"frequency":24, "retention":7, "disabled":false,
      "next_run_at":"2024-01-23T15:36:08.430258Z"}, "is_ha_cluster":false, "read_replicas":[],
      "node_type":"db-dev-s", "volume":{"type":"lssd", "size":5000000000, "class":"lssd"},
      "init_settings":[], "endpoints":[{"ip":"172.16.0.3", "port":5432, "name":null,
      "id":"a37b5918-1c61-4927-960f-bdb0511fdfe4", "private_network":{"private_network_id":"64246187-39f9-45c0-8e76-e3a7defab351",
      "service_ip":"172.16.0.3/22", "zone":"fr-par-1"}}], "logs_policy":{"max_age_retention":30,
      "total_disk_retention":null}, "backup_same_region":false, "maintenances":[],
      "created_at":"2024-01-22T15:36:08.430258Z", "region":"fr-par"}'
    headers:
      Content-Length:
      - "971"
      Content-Security-Policy:
      - default-src 'none'; frame-ancestors 'none'
      Content-Type:
      - application/json
      Date:
      - Mon, 22 Jan 2024 15:37:01 GMT
      Server:
      - Scaleway API-Gateway
      Strict-Transport-Security:
      - max-age=63072000
      X-Content-Type-Options:
      - nosniff
      X-Frame-Options:
      - DENY
      X-Request-Id:
      - fb669c80-5eb6-4074-8be5-16c0a5686aa5
    status: 200 OK
    code: 200
    duration: ""
- request:
    body: '{"id":"ef330f0a-7aaf-4dea-9bc6-8b0f8a897bb7", "name":"cli-test", "organization_id":"fa1e3217-dc80-42ac-85c3-3f034b78b552",
      "project_id":"fa1e3217-dc80-42ac-85c3-3f034b78b552", "status":"initializing",
      "engine":"PostgreSQL-15", "upgradable_version":[], "endpoint":null, "tags":[],
      "settings":[], "backup_schedule":{"frequency":24, "retention":7, "disabled":false,
      "next_run_at":"2024-01-23T15:36:08.430258Z"}, "is_ha_cluster":false, "read_replicas":[],
      "node_type":"db-dev-s", "volume":{"type":"lssd", "size":5000000000, "class":"lssd"},
      "init_settings":[], "endpoints":[{"ip":"172.16.0.3", "port":5432, "name":null,
      "id":"a37b5918-1c61-4927-960f-bdb0511fdfe4", "private_network":{"private_network_id":"64246187-39f9-45c0-8e76-e3a7defab351",
      "service_ip":"172.16.0.3/22", "zone":"fr-par-1"}}], "logs_policy":{"max_age_retention":30,
      "total_disk_retention":null}, "backup_same_region":false, "maintenances":[],
      "created_at":"2024-01-22T15:36:08.430258Z", "region":"fr-par"}'
    form: {}
    headers:
      User-Agent:
      - scaleway-sdk-go/v1.0.0-beta.7+dev (go1.21.6; linux; amd64) cli-e2e-test
    url: https://api.scaleway.com/rdb/v1/regions/fr-par/instances/ef330f0a-7aaf-4dea-9bc6-8b0f8a897bb7
    method: GET
  response:
    body: '{"id":"ef330f0a-7aaf-4dea-9bc6-8b0f8a897bb7", "name":"cli-test", "organization_id":"fa1e3217-dc80-42ac-85c3-3f034b78b552",
      "project_id":"fa1e3217-dc80-42ac-85c3-3f034b78b552", "status":"initializing",
      "engine":"PostgreSQL-15", "upgradable_version":[], "endpoint":null, "tags":[],
      "settings":[], "backup_schedule":{"frequency":24, "retention":7, "disabled":false,
      "next_run_at":"2024-01-23T15:36:08.430258Z"}, "is_ha_cluster":false, "read_replicas":[],
      "node_type":"db-dev-s", "volume":{"type":"lssd", "size":5000000000, "class":"lssd"},
      "init_settings":[], "endpoints":[{"ip":"172.16.0.3", "port":5432, "name":null,
      "id":"a37b5918-1c61-4927-960f-bdb0511fdfe4", "private_network":{"private_network_id":"64246187-39f9-45c0-8e76-e3a7defab351",
      "service_ip":"172.16.0.3/22", "zone":"fr-par-1"}}], "logs_policy":{"max_age_retention":30,
      "total_disk_retention":null}, "backup_same_region":false, "maintenances":[],
      "created_at":"2024-01-22T15:36:08.430258Z", "region":"fr-par"}'
    headers:
      Content-Length:
      - "971"
      Content-Security-Policy:
      - default-src 'none'; frame-ancestors 'none'
      Content-Type:
      - application/json
      Date:
      - Mon, 22 Jan 2024 15:37:16 GMT
      Server:
      - Scaleway API-Gateway
      Strict-Transport-Security:
      - max-age=63072000
      X-Content-Type-Options:
      - nosniff
      X-Frame-Options:
      - DENY
      X-Request-Id:
      - 767021da-3c07-4175-87f4-a5d1a9392d64
    status: 200 OK
    code: 200
    duration: ""
- request:
    body: '{"id":"ef330f0a-7aaf-4dea-9bc6-8b0f8a897bb7", "name":"cli-test", "organization_id":"fa1e3217-dc80-42ac-85c3-3f034b78b552",
      "project_id":"fa1e3217-dc80-42ac-85c3-3f034b78b552", "status":"initializing",
      "engine":"PostgreSQL-15", "upgradable_version":[], "endpoint":null, "tags":[],
      "settings":[], "backup_schedule":{"frequency":24, "retention":7, "disabled":false,
      "next_run_at":"2024-01-23T15:36:08.430258Z"}, "is_ha_cluster":false, "read_replicas":[],
      "node_type":"db-dev-s", "volume":{"type":"lssd", "size":5000000000, "class":"lssd"},
      "init_settings":[], "endpoints":[{"ip":"172.16.0.3", "port":5432, "name":null,
      "id":"a37b5918-1c61-4927-960f-bdb0511fdfe4", "private_network":{"private_network_id":"64246187-39f9-45c0-8e76-e3a7defab351",
      "service_ip":"172.16.0.3/22", "zone":"fr-par-1"}}], "logs_policy":{"max_age_retention":30,
      "total_disk_retention":null}, "backup_same_region":false, "maintenances":[],
      "created_at":"2024-01-22T15:36:08.430258Z", "region":"fr-par"}'
    form: {}
    headers:
      User-Agent:
      - scaleway-sdk-go/v1.0.0-beta.7+dev (go1.21.6; linux; amd64) cli-e2e-test
    url: https://api.scaleway.com/rdb/v1/regions/fr-par/instances/ef330f0a-7aaf-4dea-9bc6-8b0f8a897bb7
    method: GET
  response:
    body: '{"id":"ef330f0a-7aaf-4dea-9bc6-8b0f8a897bb7", "name":"cli-test", "organization_id":"fa1e3217-dc80-42ac-85c3-3f034b78b552",
      "project_id":"fa1e3217-dc80-42ac-85c3-3f034b78b552", "status":"initializing",
      "engine":"PostgreSQL-15", "upgradable_version":[], "endpoint":null, "tags":[],
      "settings":[], "backup_schedule":{"frequency":24, "retention":7, "disabled":false,
      "next_run_at":"2024-01-23T15:36:08.430258Z"}, "is_ha_cluster":false, "read_replicas":[],
      "node_type":"db-dev-s", "volume":{"type":"lssd", "size":5000000000, "class":"lssd"},
      "init_settings":[], "endpoints":[{"ip":"172.16.0.3", "port":5432, "name":null,
      "id":"a37b5918-1c61-4927-960f-bdb0511fdfe4", "private_network":{"private_network_id":"64246187-39f9-45c0-8e76-e3a7defab351",
      "service_ip":"172.16.0.3/22", "zone":"fr-par-1"}}], "logs_policy":{"max_age_retention":30,
      "total_disk_retention":null}, "backup_same_region":false, "maintenances":[],
      "created_at":"2024-01-22T15:36:08.430258Z", "region":"fr-par"}'
    headers:
      Content-Length:
      - "971"
      Content-Security-Policy:
      - default-src 'none'; frame-ancestors 'none'
      Content-Type:
      - application/json
      Date:
      - Mon, 22 Jan 2024 15:37:31 GMT
      Server:
      - Scaleway API-Gateway
      Strict-Transport-Security:
      - max-age=63072000
      X-Content-Type-Options:
      - nosniff
      X-Frame-Options:
      - DENY
      X-Request-Id:
      - 82d7dae2-8233-4f39-84e9-ad2b8e8380db
    status: 200 OK
    code: 200
    duration: ""
- request:
    body: '{"id":"ef330f0a-7aaf-4dea-9bc6-8b0f8a897bb7", "name":"cli-test", "organization_id":"fa1e3217-dc80-42ac-85c3-3f034b78b552",
      "project_id":"fa1e3217-dc80-42ac-85c3-3f034b78b552", "status":"initializing",
      "engine":"PostgreSQL-15", "upgradable_version":[], "endpoint":null, "tags":[],
      "settings":[], "backup_schedule":{"frequency":24, "retention":7, "disabled":false,
      "next_run_at":"2024-01-23T15:36:08.430258Z"}, "is_ha_cluster":false, "read_replicas":[],
      "node_type":"db-dev-s", "volume":{"type":"lssd", "size":5000000000, "class":"lssd"},
      "init_settings":[], "endpoints":[{"ip":"172.16.0.3", "port":5432, "name":null,
      "id":"a37b5918-1c61-4927-960f-bdb0511fdfe4", "private_network":{"private_network_id":"64246187-39f9-45c0-8e76-e3a7defab351",
      "service_ip":"172.16.0.3/22", "zone":"fr-par-1"}}], "logs_policy":{"max_age_retention":30,
      "total_disk_retention":null}, "backup_same_region":false, "maintenances":[],
      "created_at":"2024-01-22T15:36:08.430258Z", "region":"fr-par"}'
    form: {}
    headers:
      User-Agent:
      - scaleway-sdk-go/v1.0.0-beta.7+dev (go1.21.6; linux; amd64) cli-e2e-test
    url: https://api.scaleway.com/rdb/v1/regions/fr-par/instances/ef330f0a-7aaf-4dea-9bc6-8b0f8a897bb7
    method: GET
  response:
    body: '{"id":"ef330f0a-7aaf-4dea-9bc6-8b0f8a897bb7", "name":"cli-test", "organization_id":"fa1e3217-dc80-42ac-85c3-3f034b78b552",
      "project_id":"fa1e3217-dc80-42ac-85c3-3f034b78b552", "status":"initializing",
      "engine":"PostgreSQL-15", "upgradable_version":[], "endpoint":null, "tags":[],
      "settings":[], "backup_schedule":{"frequency":24, "retention":7, "disabled":false,
      "next_run_at":"2024-01-23T15:36:08.430258Z"}, "is_ha_cluster":false, "read_replicas":[],
      "node_type":"db-dev-s", "volume":{"type":"lssd", "size":5000000000, "class":"lssd"},
      "init_settings":[], "endpoints":[{"ip":"172.16.0.3", "port":5432, "name":null,
      "id":"a37b5918-1c61-4927-960f-bdb0511fdfe4", "private_network":{"private_network_id":"64246187-39f9-45c0-8e76-e3a7defab351",
      "service_ip":"172.16.0.3/22", "zone":"fr-par-1"}}], "logs_policy":{"max_age_retention":30,
      "total_disk_retention":null}, "backup_same_region":false, "maintenances":[],
      "created_at":"2024-01-22T15:36:08.430258Z", "region":"fr-par"}'
    headers:
      Content-Length:
      - "971"
      Content-Security-Policy:
      - default-src 'none'; frame-ancestors 'none'
      Content-Type:
      - application/json
      Date:
      - Mon, 22 Jan 2024 15:37:46 GMT
      Server:
      - Scaleway API-Gateway
      Strict-Transport-Security:
      - max-age=63072000
      X-Content-Type-Options:
      - nosniff
      X-Frame-Options:
      - DENY
      X-Request-Id:
      - c7e38097-ab35-4819-ade8-2f8d83bfcf8d
    status: 200 OK
    code: 200
    duration: ""
- request:
    body: '{"id":"ef330f0a-7aaf-4dea-9bc6-8b0f8a897bb7", "name":"cli-test", "organization_id":"fa1e3217-dc80-42ac-85c3-3f034b78b552",
      "project_id":"fa1e3217-dc80-42ac-85c3-3f034b78b552", "status":"initializing",
      "engine":"PostgreSQL-15", "upgradable_version":[], "endpoint":null, "tags":[],
      "settings":[], "backup_schedule":{"frequency":24, "retention":7, "disabled":false,
      "next_run_at":"2024-01-23T15:36:08.430258Z"}, "is_ha_cluster":false, "read_replicas":[],
      "node_type":"db-dev-s", "volume":{"type":"lssd", "size":5000000000, "class":"lssd"},
      "init_settings":[], "endpoints":[{"ip":"172.16.0.3", "port":5432, "name":null,
      "id":"a37b5918-1c61-4927-960f-bdb0511fdfe4", "private_network":{"private_network_id":"64246187-39f9-45c0-8e76-e3a7defab351",
      "service_ip":"172.16.0.3/22", "zone":"fr-par-1"}}], "logs_policy":{"max_age_retention":30,
      "total_disk_retention":null}, "backup_same_region":false, "maintenances":[],
      "created_at":"2024-01-22T15:36:08.430258Z", "region":"fr-par"}'
    form: {}
    headers:
      User-Agent:
      - scaleway-sdk-go/v1.0.0-beta.7+dev (go1.21.6; linux; amd64) cli-e2e-test
    url: https://api.scaleway.com/rdb/v1/regions/fr-par/instances/ef330f0a-7aaf-4dea-9bc6-8b0f8a897bb7
    method: GET
  response:
    body: '{"id":"ef330f0a-7aaf-4dea-9bc6-8b0f8a897bb7", "name":"cli-test", "organization_id":"fa1e3217-dc80-42ac-85c3-3f034b78b552",
      "project_id":"fa1e3217-dc80-42ac-85c3-3f034b78b552", "status":"initializing",
      "engine":"PostgreSQL-15", "upgradable_version":[], "endpoint":null, "tags":[],
      "settings":[], "backup_schedule":{"frequency":24, "retention":7, "disabled":false,
      "next_run_at":"2024-01-23T15:36:08.430258Z"}, "is_ha_cluster":false, "read_replicas":[],
      "node_type":"db-dev-s", "volume":{"type":"lssd", "size":5000000000, "class":"lssd"},
      "init_settings":[], "endpoints":[{"ip":"172.16.0.3", "port":5432, "name":null,
      "id":"a37b5918-1c61-4927-960f-bdb0511fdfe4", "private_network":{"private_network_id":"64246187-39f9-45c0-8e76-e3a7defab351",
      "service_ip":"172.16.0.3/22", "zone":"fr-par-1"}}], "logs_policy":{"max_age_retention":30,
      "total_disk_retention":null}, "backup_same_region":false, "maintenances":[],
      "created_at":"2024-01-22T15:36:08.430258Z", "region":"fr-par"}'
    headers:
      Content-Length:
      - "971"
      Content-Security-Policy:
      - default-src 'none'; frame-ancestors 'none'
      Content-Type:
      - application/json
      Date:
      - Mon, 22 Jan 2024 15:38:03 GMT
      Server:
      - Scaleway API-Gateway
      Strict-Transport-Security:
      - max-age=63072000
      X-Content-Type-Options:
      - nosniff
      X-Frame-Options:
      - DENY
      X-Request-Id:
      - 999136ee-5f9d-4f60-b8ad-1aea0b8bf8ac
    status: 200 OK
    code: 200
    duration: ""
- request:
    body: '{"id":"ef330f0a-7aaf-4dea-9bc6-8b0f8a897bb7", "name":"cli-test", "organization_id":"fa1e3217-dc80-42ac-85c3-3f034b78b552",
      "project_id":"fa1e3217-dc80-42ac-85c3-3f034b78b552", "status":"initializing",
      "engine":"PostgreSQL-15", "upgradable_version":[], "endpoint":null, "tags":[],
      "settings":[], "backup_schedule":{"frequency":24, "retention":7, "disabled":false,
      "next_run_at":"2024-01-23T15:36:08.430258Z"}, "is_ha_cluster":false, "read_replicas":[],
      "node_type":"db-dev-s", "volume":{"type":"lssd", "size":5000000000, "class":"lssd"},
      "init_settings":[], "endpoints":[{"ip":"172.16.0.3", "port":5432, "name":null,
      "id":"a37b5918-1c61-4927-960f-bdb0511fdfe4", "private_network":{"private_network_id":"64246187-39f9-45c0-8e76-e3a7defab351",
      "service_ip":"172.16.0.3/22", "zone":"fr-par-1"}}], "logs_policy":{"max_age_retention":30,
      "total_disk_retention":null}, "backup_same_region":false, "maintenances":[],
      "created_at":"2024-01-22T15:36:08.430258Z", "region":"fr-par"}'
    form: {}
    headers:
      User-Agent:
      - scaleway-sdk-go/v1.0.0-beta.7+dev (go1.21.6; linux; amd64) cli-e2e-test
    url: https://api.scaleway.com/rdb/v1/regions/fr-par/instances/ef330f0a-7aaf-4dea-9bc6-8b0f8a897bb7
    method: GET
  response:
    body: '{"id":"ef330f0a-7aaf-4dea-9bc6-8b0f8a897bb7", "name":"cli-test", "organization_id":"fa1e3217-dc80-42ac-85c3-3f034b78b552",
      "project_id":"fa1e3217-dc80-42ac-85c3-3f034b78b552", "status":"initializing",
      "engine":"PostgreSQL-15", "upgradable_version":[], "endpoint":null, "tags":[],
      "settings":[], "backup_schedule":{"frequency":24, "retention":7, "disabled":false,
      "next_run_at":"2024-01-23T15:36:08.430258Z"}, "is_ha_cluster":false, "read_replicas":[],
      "node_type":"db-dev-s", "volume":{"type":"lssd", "size":5000000000, "class":"lssd"},
      "init_settings":[], "endpoints":[{"ip":"172.16.0.3", "port":5432, "name":null,
      "id":"a37b5918-1c61-4927-960f-bdb0511fdfe4", "private_network":{"private_network_id":"64246187-39f9-45c0-8e76-e3a7defab351",
      "service_ip":"172.16.0.3/22", "zone":"fr-par-1"}}], "logs_policy":{"max_age_retention":30,
      "total_disk_retention":null}, "backup_same_region":false, "maintenances":[],
      "created_at":"2024-01-22T15:36:08.430258Z", "region":"fr-par"}'
    headers:
      Content-Length:
      - "971"
      Content-Security-Policy:
      - default-src 'none'; frame-ancestors 'none'
      Content-Type:
      - application/json
      Date:
      - Mon, 22 Jan 2024 15:38:18 GMT
      Server:
      - Scaleway API-Gateway
      Strict-Transport-Security:
      - max-age=63072000
      X-Content-Type-Options:
      - nosniff
      X-Frame-Options:
      - DENY
      X-Request-Id:
      - 69d31104-434c-4886-9dd0-182a050e2dbb
    status: 200 OK
    code: 200
    duration: ""
- request:
    body: '{"id":"ef330f0a-7aaf-4dea-9bc6-8b0f8a897bb7", "name":"cli-test", "organization_id":"fa1e3217-dc80-42ac-85c3-3f034b78b552",
      "project_id":"fa1e3217-dc80-42ac-85c3-3f034b78b552", "status":"initializing",
      "engine":"PostgreSQL-15", "upgradable_version":[], "endpoint":null, "tags":[],
      "settings":[], "backup_schedule":{"frequency":24, "retention":7, "disabled":false,
      "next_run_at":"2024-01-23T15:36:08.430258Z"}, "is_ha_cluster":false, "read_replicas":[],
      "node_type":"db-dev-s", "volume":{"type":"lssd", "size":5000000000, "class":"lssd"},
      "init_settings":[], "endpoints":[{"ip":"172.16.0.3", "port":5432, "name":null,
      "id":"a37b5918-1c61-4927-960f-bdb0511fdfe4", "private_network":{"private_network_id":"64246187-39f9-45c0-8e76-e3a7defab351",
      "service_ip":"172.16.0.3/22", "zone":"fr-par-1"}}], "logs_policy":{"max_age_retention":30,
      "total_disk_retention":null}, "backup_same_region":false, "maintenances":[],
      "created_at":"2024-01-22T15:36:08.430258Z", "region":"fr-par"}'
    form: {}
    headers:
      User-Agent:
      - scaleway-sdk-go/v1.0.0-beta.7+dev (go1.21.6; linux; amd64) cli-e2e-test
    url: https://api.scaleway.com/rdb/v1/regions/fr-par/instances/ef330f0a-7aaf-4dea-9bc6-8b0f8a897bb7
    method: GET
  response:
    body: '{"id":"ef330f0a-7aaf-4dea-9bc6-8b0f8a897bb7", "name":"cli-test", "organization_id":"fa1e3217-dc80-42ac-85c3-3f034b78b552",
      "project_id":"fa1e3217-dc80-42ac-85c3-3f034b78b552", "status":"initializing",
      "engine":"PostgreSQL-15", "upgradable_version":[], "endpoint":null, "tags":[],
      "settings":[], "backup_schedule":{"frequency":24, "retention":7, "disabled":false,
      "next_run_at":"2024-01-23T15:36:08.430258Z"}, "is_ha_cluster":false, "read_replicas":[],
      "node_type":"db-dev-s", "volume":{"type":"lssd", "size":5000000000, "class":"lssd"},
      "init_settings":[], "endpoints":[{"ip":"172.16.0.3", "port":5432, "name":null,
      "id":"a37b5918-1c61-4927-960f-bdb0511fdfe4", "private_network":{"private_network_id":"64246187-39f9-45c0-8e76-e3a7defab351",
      "service_ip":"172.16.0.3/22", "zone":"fr-par-1"}}], "logs_policy":{"max_age_retention":30,
      "total_disk_retention":null}, "backup_same_region":false, "maintenances":[],
      "created_at":"2024-01-22T15:36:08.430258Z", "region":"fr-par"}'
    headers:
      Content-Length:
      - "971"
      Content-Security-Policy:
      - default-src 'none'; frame-ancestors 'none'
      Content-Type:
      - application/json
      Date:
      - Mon, 22 Jan 2024 15:38:33 GMT
      Server:
      - Scaleway API-Gateway
      Strict-Transport-Security:
      - max-age=63072000
      X-Content-Type-Options:
      - nosniff
      X-Frame-Options:
      - DENY
      X-Request-Id:
      - 1723ec1e-e676-4b95-8e44-04ff551caeb3
    status: 200 OK
    code: 200
    duration: ""
- request:
    body: '{"id":"ef330f0a-7aaf-4dea-9bc6-8b0f8a897bb7", "name":"cli-test", "organization_id":"fa1e3217-dc80-42ac-85c3-3f034b78b552",
      "project_id":"fa1e3217-dc80-42ac-85c3-3f034b78b552", "status":"initializing",
      "engine":"PostgreSQL-15", "upgradable_version":[], "endpoint":null, "tags":[],
      "settings":[{"name":"effective_cache_size", "value":"1300"}, {"name":"maintenance_work_mem",
      "value":"150"}, {"name":"max_connections", "value":"100"}, {"name":"max_parallel_workers",
      "value":"0"}, {"name":"max_parallel_workers_per_gather", "value":"0"}, {"name":"work_mem",
      "value":"4"}], "backup_schedule":{"frequency":24, "retention":7, "disabled":false,
      "next_run_at":"2024-01-23T15:36:08.430258Z"}, "is_ha_cluster":false, "read_replicas":[],
      "node_type":"db-dev-s", "volume":{"type":"lssd", "size":5000000000, "class":"lssd"},
      "init_settings":[], "endpoints":[{"ip":"172.16.0.3", "port":5432, "name":null,
      "id":"a37b5918-1c61-4927-960f-bdb0511fdfe4", "private_network":{"private_network_id":"64246187-39f9-45c0-8e76-e3a7defab351",
      "service_ip":"172.16.0.3/22", "zone":"fr-par-1"}}], "logs_policy":{"max_age_retention":30,
      "total_disk_retention":null}, "backup_same_region":false, "maintenances":[],
      "created_at":"2024-01-22T15:36:08.430258Z", "region":"fr-par"}'
    form: {}
    headers:
      User-Agent:
      - scaleway-sdk-go/v1.0.0-beta.7+dev (go1.21.6; linux; amd64) cli-e2e-test
    url: https://api.scaleway.com/rdb/v1/regions/fr-par/instances/ef330f0a-7aaf-4dea-9bc6-8b0f8a897bb7
    method: GET
  response:
    body: '{"id":"ef330f0a-7aaf-4dea-9bc6-8b0f8a897bb7", "name":"cli-test", "organization_id":"fa1e3217-dc80-42ac-85c3-3f034b78b552",
      "project_id":"fa1e3217-dc80-42ac-85c3-3f034b78b552", "status":"initializing",
      "engine":"PostgreSQL-15", "upgradable_version":[], "endpoint":null, "tags":[],
      "settings":[{"name":"effective_cache_size", "value":"1300"}, {"name":"maintenance_work_mem",
      "value":"150"}, {"name":"max_connections", "value":"100"}, {"name":"max_parallel_workers",
      "value":"0"}, {"name":"max_parallel_workers_per_gather", "value":"0"}, {"name":"work_mem",
      "value":"4"}], "backup_schedule":{"frequency":24, "retention":7, "disabled":false,
      "next_run_at":"2024-01-23T15:36:08.430258Z"}, "is_ha_cluster":false, "read_replicas":[],
      "node_type":"db-dev-s", "volume":{"type":"lssd", "size":5000000000, "class":"lssd"},
      "init_settings":[], "endpoints":[{"ip":"172.16.0.3", "port":5432, "name":null,
      "id":"a37b5918-1c61-4927-960f-bdb0511fdfe4", "private_network":{"private_network_id":"64246187-39f9-45c0-8e76-e3a7defab351",
      "service_ip":"172.16.0.3/22", "zone":"fr-par-1"}}], "logs_policy":{"max_age_retention":30,
      "total_disk_retention":null}, "backup_same_region":false, "maintenances":[],
      "created_at":"2024-01-22T15:36:08.430258Z", "region":"fr-par"}'
    headers:
      Content-Length:
      - "1246"
      Content-Security-Policy:
      - default-src 'none'; frame-ancestors 'none'
      Content-Type:
      - application/json
      Date:
      - Mon, 22 Jan 2024 15:38:48 GMT
      Server:
      - Scaleway API-Gateway
      Strict-Transport-Security:
      - max-age=63072000
      X-Content-Type-Options:
      - nosniff
      X-Frame-Options:
      - DENY
      X-Request-Id:
      - 64025549-4221-42c9-9d38-08f4c60b7e73
    status: 200 OK
    code: 200
    duration: ""
- request:
    body: '{"id":"ef330f0a-7aaf-4dea-9bc6-8b0f8a897bb7", "name":"cli-test", "organization_id":"fa1e3217-dc80-42ac-85c3-3f034b78b552",
      "project_id":"fa1e3217-dc80-42ac-85c3-3f034b78b552", "status":"ready", "engine":"PostgreSQL-15",
      "upgradable_version":[], "endpoint":{"ip":"51.158.57.112", "port":26049, "name":null,
      "id":"e04bd1f2-b108-419a-b0d8-6c4d855bbeca", "load_balancer":{}}, "tags":[],
      "settings":[{"name":"effective_cache_size", "value":"1300"}, {"name":"maintenance_work_mem",
      "value":"150"}, {"name":"max_connections", "value":"100"}, {"name":"max_parallel_workers",
      "value":"0"}, {"name":"max_parallel_workers_per_gather", "value":"0"}, {"name":"work_mem",
      "value":"4"}], "backup_schedule":{"frequency":24, "retention":7, "disabled":false,
      "next_run_at":"2024-01-23T15:36:08.430258Z"}, "is_ha_cluster":false, "read_replicas":[],
      "node_type":"db-dev-s", "volume":{"type":"lssd", "size":5000000000, "class":"lssd"},
      "init_settings":[], "endpoints":[{"ip":"172.16.0.3", "port":5432, "name":null,
      "id":"a37b5918-1c61-4927-960f-bdb0511fdfe4", "private_network":{"private_network_id":"64246187-39f9-45c0-8e76-e3a7defab351",
      "service_ip":"172.16.0.3/22", "zone":"fr-par-1"}}, {"ip":"51.158.57.112", "port":26049,
      "name":null, "id":"e04bd1f2-b108-419a-b0d8-6c4d855bbeca", "load_balancer":{}}],
      "logs_policy":{"max_age_retention":30, "total_disk_retention":null}, "backup_same_region":false,
      "maintenances":[], "created_at":"2024-01-22T15:36:08.430258Z", "region":"fr-par"}'
    form: {}
    headers:
      User-Agent:
      - scaleway-sdk-go/v1.0.0-beta.7+dev (go1.21.6; linux; amd64) cli-e2e-test
    url: https://api.scaleway.com/rdb/v1/regions/fr-par/instances/ef330f0a-7aaf-4dea-9bc6-8b0f8a897bb7
    method: GET
  response:
    body: '{"id":"ef330f0a-7aaf-4dea-9bc6-8b0f8a897bb7", "name":"cli-test", "organization_id":"fa1e3217-dc80-42ac-85c3-3f034b78b552",
      "project_id":"fa1e3217-dc80-42ac-85c3-3f034b78b552", "status":"ready", "engine":"PostgreSQL-15",
      "upgradable_version":[], "endpoint":{"ip":"51.158.57.112", "port":26049, "name":null,
      "id":"e04bd1f2-b108-419a-b0d8-6c4d855bbeca", "load_balancer":{}}, "tags":[],
      "settings":[{"name":"effective_cache_size", "value":"1300"}, {"name":"maintenance_work_mem",
      "value":"150"}, {"name":"max_connections", "value":"100"}, {"name":"max_parallel_workers",
      "value":"0"}, {"name":"max_parallel_workers_per_gather", "value":"0"}, {"name":"work_mem",
      "value":"4"}], "backup_schedule":{"frequency":24, "retention":7, "disabled":false,
      "next_run_at":"2024-01-23T15:36:08.430258Z"}, "is_ha_cluster":false, "read_replicas":[],
      "node_type":"db-dev-s", "volume":{"type":"lssd", "size":5000000000, "class":"lssd"},
      "init_settings":[], "endpoints":[{"ip":"172.16.0.3", "port":5432, "name":null,
      "id":"a37b5918-1c61-4927-960f-bdb0511fdfe4", "private_network":{"private_network_id":"64246187-39f9-45c0-8e76-e3a7defab351",
      "service_ip":"172.16.0.3/22", "zone":"fr-par-1"}}, {"ip":"51.158.57.112", "port":26049,
      "name":null, "id":"e04bd1f2-b108-419a-b0d8-6c4d855bbeca", "load_balancer":{}}],
      "logs_policy":{"max_age_retention":30, "total_disk_retention":null}, "backup_same_region":false,
      "maintenances":[], "created_at":"2024-01-22T15:36:08.430258Z", "region":"fr-par"}'
    headers:
      Content-Length:
      - "1465"
      Content-Security-Policy:
      - default-src 'none'; frame-ancestors 'none'
      Content-Type:
      - application/json
      Date:
      - Mon, 22 Jan 2024 15:39:06 GMT
      Server:
      - Scaleway API-Gateway
      Strict-Transport-Security:
      - max-age=63072000
      X-Content-Type-Options:
      - nosniff
      X-Frame-Options:
      - DENY
      X-Request-Id:
      - 8a9fdba9-a7dc-4c7a-bb7f-c771ada898bc
    status: 200 OK
    code: 200
    duration: ""
- request:
    body: '{"id":"ef330f0a-7aaf-4dea-9bc6-8b0f8a897bb7", "name":"cli-test", "organization_id":"fa1e3217-dc80-42ac-85c3-3f034b78b552",
      "project_id":"fa1e3217-dc80-42ac-85c3-3f034b78b552", "status":"ready", "engine":"PostgreSQL-15",
      "upgradable_version":[], "endpoint":{"ip":"51.158.57.112", "port":26049, "name":null,
      "id":"e04bd1f2-b108-419a-b0d8-6c4d855bbeca", "load_balancer":{}}, "tags":[],
      "settings":[{"name":"effective_cache_size", "value":"1300"}, {"name":"maintenance_work_mem",
      "value":"150"}, {"name":"max_connections", "value":"100"}, {"name":"max_parallel_workers",
      "value":"0"}, {"name":"max_parallel_workers_per_gather", "value":"0"}, {"name":"work_mem",
      "value":"4"}], "backup_schedule":{"frequency":24, "retention":7, "disabled":false,
      "next_run_at":"2024-01-23T15:36:08.430258Z"}, "is_ha_cluster":false, "read_replicas":[],
      "node_type":"db-dev-s", "volume":{"type":"lssd", "size":5000000000, "class":"lssd"},
      "init_settings":[], "endpoints":[{"ip":"172.16.0.3", "port":5432, "name":null,
      "id":"a37b5918-1c61-4927-960f-bdb0511fdfe4", "private_network":{"private_network_id":"64246187-39f9-45c0-8e76-e3a7defab351",
      "service_ip":"172.16.0.3/22", "zone":"fr-par-1"}}, {"ip":"51.158.57.112", "port":26049,
      "name":null, "id":"e04bd1f2-b108-419a-b0d8-6c4d855bbeca", "load_balancer":{}}],
      "logs_policy":{"max_age_retention":30, "total_disk_retention":null}, "backup_same_region":false,
      "maintenances":[], "created_at":"2024-01-22T15:36:08.430258Z", "region":"fr-par"}'
    form: {}
    headers:
      User-Agent:
      - scaleway-sdk-go/v1.0.0-beta.7+dev (go1.21.6; linux; amd64) cli-e2e-test
    url: https://api.scaleway.com/rdb/v1/regions/fr-par/instances/ef330f0a-7aaf-4dea-9bc6-8b0f8a897bb7
    method: GET
  response:
    body: '{"id":"ef330f0a-7aaf-4dea-9bc6-8b0f8a897bb7", "name":"cli-test", "organization_id":"fa1e3217-dc80-42ac-85c3-3f034b78b552",
      "project_id":"fa1e3217-dc80-42ac-85c3-3f034b78b552", "status":"ready", "engine":"PostgreSQL-15",
      "upgradable_version":[], "endpoint":{"ip":"51.158.57.112", "port":26049, "name":null,
      "id":"e04bd1f2-b108-419a-b0d8-6c4d855bbeca", "load_balancer":{}}, "tags":[],
      "settings":[{"name":"effective_cache_size", "value":"1300"}, {"name":"maintenance_work_mem",
      "value":"150"}, {"name":"max_connections", "value":"100"}, {"name":"max_parallel_workers",
      "value":"0"}, {"name":"max_parallel_workers_per_gather", "value":"0"}, {"name":"work_mem",
      "value":"4"}], "backup_schedule":{"frequency":24, "retention":7, "disabled":false,
      "next_run_at":"2024-01-23T15:36:08.430258Z"}, "is_ha_cluster":false, "read_replicas":[],
      "node_type":"db-dev-s", "volume":{"type":"lssd", "size":5000000000, "class":"lssd"},
      "init_settings":[], "endpoints":[{"ip":"172.16.0.3", "port":5432, "name":null,
      "id":"a37b5918-1c61-4927-960f-bdb0511fdfe4", "private_network":{"private_network_id":"64246187-39f9-45c0-8e76-e3a7defab351",
      "service_ip":"172.16.0.3/22", "zone":"fr-par-1"}}, {"ip":"51.158.57.112", "port":26049,
      "name":null, "id":"e04bd1f2-b108-419a-b0d8-6c4d855bbeca", "load_balancer":{}}],
      "logs_policy":{"max_age_retention":30, "total_disk_retention":null}, "backup_same_region":false,
      "maintenances":[], "created_at":"2024-01-22T15:36:08.430258Z", "region":"fr-par"}'
    headers:
      Content-Length:
      - "1465"
      Content-Security-Policy:
      - default-src 'none'; frame-ancestors 'none'
      Content-Type:
      - application/json
      Date:
      - Mon, 22 Jan 2024 15:39:06 GMT
      Server:
      - Scaleway API-Gateway
      Strict-Transport-Security:
      - max-age=63072000
      X-Content-Type-Options:
      - nosniff
      X-Frame-Options:
      - DENY
      X-Request-Id:
      - 3b129c54-a644-4295-a818-8c089ee3814a
    status: 200 OK
    code: 200
    duration: ""
- request:
    body: '{"id":"ef330f0a-7aaf-4dea-9bc6-8b0f8a897bb7", "name":"cli-test", "organization_id":"fa1e3217-dc80-42ac-85c3-3f034b78b552",
      "project_id":"fa1e3217-dc80-42ac-85c3-3f034b78b552", "status":"deleting", "engine":"PostgreSQL-15",
      "upgradable_version":[], "endpoint":{"ip":"51.158.57.112", "port":26049, "name":null,
      "id":"e04bd1f2-b108-419a-b0d8-6c4d855bbeca", "load_balancer":{}}, "tags":[],
      "settings":[{"name":"effective_cache_size", "value":"1300"}, {"name":"maintenance_work_mem",
      "value":"150"}, {"name":"max_connections", "value":"100"}, {"name":"max_parallel_workers",
      "value":"0"}, {"name":"max_parallel_workers_per_gather", "value":"0"}, {"name":"work_mem",
      "value":"4"}], "backup_schedule":{"frequency":24, "retention":7, "disabled":false,
      "next_run_at":"2024-01-23T15:36:08.430258Z"}, "is_ha_cluster":false, "read_replicas":[],
      "node_type":"db-dev-s", "volume":{"type":"lssd", "size":5000000000, "class":"lssd"},
      "init_settings":[], "endpoints":[{"ip":"172.16.0.3", "port":5432, "name":null,
      "id":"a37b5918-1c61-4927-960f-bdb0511fdfe4", "private_network":{"private_network_id":"64246187-39f9-45c0-8e76-e3a7defab351",
      "service_ip":"172.16.0.3/22", "zone":"fr-par-1"}}, {"ip":"51.158.57.112", "port":26049,
      "name":null, "id":"e04bd1f2-b108-419a-b0d8-6c4d855bbeca", "load_balancer":{}}],
      "logs_policy":{"max_age_retention":30, "total_disk_retention":null}, "backup_same_region":false,
      "maintenances":[], "created_at":"2024-01-22T15:36:08.430258Z", "region":"fr-par"}'
    form: {}
    headers:
      User-Agent:
      - scaleway-sdk-go/v1.0.0-beta.7+dev (go1.21.6; linux; amd64) cli-e2e-test
    url: https://api.scaleway.com/rdb/v1/regions/fr-par/instances/ef330f0a-7aaf-4dea-9bc6-8b0f8a897bb7
    method: DELETE
  response:
    body: '{"id":"ef330f0a-7aaf-4dea-9bc6-8b0f8a897bb7", "name":"cli-test", "organization_id":"fa1e3217-dc80-42ac-85c3-3f034b78b552",
      "project_id":"fa1e3217-dc80-42ac-85c3-3f034b78b552", "status":"deleting", "engine":"PostgreSQL-15",
      "upgradable_version":[], "endpoint":{"ip":"51.158.57.112", "port":26049, "name":null,
      "id":"e04bd1f2-b108-419a-b0d8-6c4d855bbeca", "load_balancer":{}}, "tags":[],
      "settings":[{"name":"effective_cache_size", "value":"1300"}, {"name":"maintenance_work_mem",
      "value":"150"}, {"name":"max_connections", "value":"100"}, {"name":"max_parallel_workers",
      "value":"0"}, {"name":"max_parallel_workers_per_gather", "value":"0"}, {"name":"work_mem",
      "value":"4"}], "backup_schedule":{"frequency":24, "retention":7, "disabled":false,
      "next_run_at":"2024-01-23T15:36:08.430258Z"}, "is_ha_cluster":false, "read_replicas":[],
      "node_type":"db-dev-s", "volume":{"type":"lssd", "size":5000000000, "class":"lssd"},
      "init_settings":[], "endpoints":[{"ip":"172.16.0.3", "port":5432, "name":null,
      "id":"a37b5918-1c61-4927-960f-bdb0511fdfe4", "private_network":{"private_network_id":"64246187-39f9-45c0-8e76-e3a7defab351",
      "service_ip":"172.16.0.3/22", "zone":"fr-par-1"}}, {"ip":"51.158.57.112", "port":26049,
      "name":null, "id":"e04bd1f2-b108-419a-b0d8-6c4d855bbeca", "load_balancer":{}}],
      "logs_policy":{"max_age_retention":30, "total_disk_retention":null}, "backup_same_region":false,
      "maintenances":[], "created_at":"2024-01-22T15:36:08.430258Z", "region":"fr-par"}'
    headers:
      Content-Length:
      - "1468"
      Content-Security-Policy:
      - default-src 'none'; frame-ancestors 'none'
      Content-Type:
      - application/json
      Date:
      - Mon, 22 Jan 2024 15:39:06 GMT
      Server:
      - Scaleway API-Gateway
      Strict-Transport-Security:
      - max-age=63072000
      X-Content-Type-Options:
      - nosniff
      X-Frame-Options:
      - DENY
      X-Request-Id:
      - e0d5454b-98fe-4a09-adbd-a0a0de03c7b3
    status: 200 OK
    code: 200
    duration: ""
- request:
    body: '{"id":"ef330f0a-7aaf-4dea-9bc6-8b0f8a897bb7", "name":"cli-test", "organization_id":"fa1e3217-dc80-42ac-85c3-3f034b78b552",
      "project_id":"fa1e3217-dc80-42ac-85c3-3f034b78b552", "status":"deleting", "engine":"PostgreSQL-15",
      "upgradable_version":[], "endpoint":{"ip":"51.158.57.112", "port":26049, "name":null,
      "id":"e04bd1f2-b108-419a-b0d8-6c4d855bbeca", "load_balancer":{}}, "tags":[],
      "settings":[{"name":"effective_cache_size", "value":"1300"}, {"name":"maintenance_work_mem",
      "value":"150"}, {"name":"max_connections", "value":"100"}, {"name":"max_parallel_workers",
      "value":"0"}, {"name":"max_parallel_workers_per_gather", "value":"0"}, {"name":"work_mem",
      "value":"4"}], "backup_schedule":{"frequency":24, "retention":7, "disabled":false,
      "next_run_at":"2024-01-23T15:36:08.430258Z"}, "is_ha_cluster":false, "read_replicas":[],
      "node_type":"db-dev-s", "volume":{"type":"lssd", "size":5000000000, "class":"lssd"},
      "init_settings":[], "endpoints":[{"ip":"172.16.0.3", "port":5432, "name":null,
      "id":"a37b5918-1c61-4927-960f-bdb0511fdfe4", "private_network":{"private_network_id":"64246187-39f9-45c0-8e76-e3a7defab351",
      "service_ip":"172.16.0.3/22", "zone":"fr-par-1"}}, {"ip":"51.158.57.112", "port":26049,
      "name":null, "id":"e04bd1f2-b108-419a-b0d8-6c4d855bbeca", "load_balancer":{}}],
      "logs_policy":{"max_age_retention":30, "total_disk_retention":null}, "backup_same_region":false,
      "maintenances":[], "created_at":"2024-01-22T15:36:08.430258Z", "region":"fr-par"}'
    form: {}
    headers:
      User-Agent:
      - scaleway-sdk-go/v1.0.0-beta.7+dev (go1.21.6; linux; amd64) cli-e2e-test
    url: https://api.scaleway.com/rdb/v1/regions/fr-par/instances/ef330f0a-7aaf-4dea-9bc6-8b0f8a897bb7
    method: GET
  response:
    body: '{"id":"ef330f0a-7aaf-4dea-9bc6-8b0f8a897bb7", "name":"cli-test", "organization_id":"fa1e3217-dc80-42ac-85c3-3f034b78b552",
      "project_id":"fa1e3217-dc80-42ac-85c3-3f034b78b552", "status":"deleting", "engine":"PostgreSQL-15",
      "upgradable_version":[], "endpoint":{"ip":"51.158.57.112", "port":26049, "name":null,
      "id":"e04bd1f2-b108-419a-b0d8-6c4d855bbeca", "load_balancer":{}}, "tags":[],
      "settings":[{"name":"effective_cache_size", "value":"1300"}, {"name":"maintenance_work_mem",
      "value":"150"}, {"name":"max_connections", "value":"100"}, {"name":"max_parallel_workers",
      "value":"0"}, {"name":"max_parallel_workers_per_gather", "value":"0"}, {"name":"work_mem",
      "value":"4"}], "backup_schedule":{"frequency":24, "retention":7, "disabled":false,
      "next_run_at":"2024-01-23T15:36:08.430258Z"}, "is_ha_cluster":false, "read_replicas":[],
      "node_type":"db-dev-s", "volume":{"type":"lssd", "size":5000000000, "class":"lssd"},
      "init_settings":[], "endpoints":[{"ip":"172.16.0.3", "port":5432, "name":null,
      "id":"a37b5918-1c61-4927-960f-bdb0511fdfe4", "private_network":{"private_network_id":"64246187-39f9-45c0-8e76-e3a7defab351",
      "service_ip":"172.16.0.3/22", "zone":"fr-par-1"}}, {"ip":"51.158.57.112", "port":26049,
      "name":null, "id":"e04bd1f2-b108-419a-b0d8-6c4d855bbeca", "load_balancer":{}}],
      "logs_policy":{"max_age_retention":30, "total_disk_retention":null}, "backup_same_region":false,
      "maintenances":[], "created_at":"2024-01-22T15:36:08.430258Z", "region":"fr-par"}'
    headers:
      Content-Length:
      - "1468"
      Content-Security-Policy:
      - default-src 'none'; frame-ancestors 'none'
      Content-Type:
      - application/json
      Date:
      - Mon, 22 Jan 2024 15:39:07 GMT
      Server:
      - Scaleway API-Gateway
      Strict-Transport-Security:
      - max-age=63072000
      X-Content-Type-Options:
      - nosniff
      X-Frame-Options:
      - DENY
      X-Request-Id:
      - 70997f9f-4f85-46bc-b02c-15cfc4ac8e1f
    status: 200 OK
    code: 200
    duration: ""
- request:
    body: '{"message":"resource is not found","resource":"instance","resource_id":"ef330f0a-7aaf-4dea-9bc6-8b0f8a897bb7","type":"not_found"}'
    form: {}
    headers:
      User-Agent:
      - scaleway-sdk-go/v1.0.0-beta.7+dev (go1.21.6; linux; amd64) cli-e2e-test
    url: https://api.scaleway.com/rdb/v1/regions/fr-par/instances/ef330f0a-7aaf-4dea-9bc6-8b0f8a897bb7
    method: GET
  response:
    body: '{"message":"resource is not found","resource":"instance","resource_id":"ef330f0a-7aaf-4dea-9bc6-8b0f8a897bb7","type":"not_found"}'
    headers:
      Content-Length:
      - "129"
      Content-Security-Policy:
      - default-src 'none'; frame-ancestors 'none'
      Content-Type:
      - application/json
      Date:
      - Mon, 22 Jan 2024 15:39:22 GMT
      Server:
      - Scaleway API-Gateway
      Strict-Transport-Security:
      - max-age=63072000
      X-Content-Type-Options:
      - nosniff
      X-Frame-Options:
      - DENY
      X-Request-Id:
      - 9ccd7af4-cacb-4b02-8033-84bebd41a0d4
    status: 404 Not Found
    code: 404
    duration: ""
- request:
    body: ""
    form: {}
    headers:
      User-Agent:
      - scaleway-sdk-go/v1.0.0-beta.7+dev (go1.21.6; linux; amd64) cli-e2e-test
    url: https://api.scaleway.com/vpc/v2/regions/fr-par/private-networks/64246187-39f9-45c0-8e76-e3a7defab351
    method: DELETE
  response:
    body: ""
    headers:
      Content-Security-Policy:
      - default-src 'none'; frame-ancestors 'none'
      Content-Type:
      - application/json
      Date:
      - Mon, 22 Jan 2024 15:39:22 GMT
      Server:
      - Scaleway API-Gateway
      Strict-Transport-Security:
      - max-age=63072000
      X-Content-Type-Options:
      - nosniff
      X-Frame-Options:
      - DENY
      X-Request-Id:
      - eadedf17-0171-4c0b-83f4-f9e4edfd535f
    status: 204 No Content
    code: 204
    duration: ""
