🎲🎲🎲 EXIT CODE: 0 🎲🎲🎲
🟩🟩🟩 STDOUT️ 🟩🟩🟩️
✅ Endpoint 805bc5dc-839a-45bc-bfc6-8d2068f967b8 successfully added.
ID                                    IP            PORT   NAME  HOSTNAME
aa2342a0-6c13-41be-9d72-54bb097170fb  51.159.11.19  16346  -     -
805bc5dc-839a-45bc-bfc6-8d2068f967b8  172.16.0.3    5432   -     -
🟩🟩🟩 JSON STDOUT 🟩🟩🟩
{
  "Endpoints": [
    {
      "id": "aa2342a0-6c13-41be-9d72-54bb097170fb",
      "ip": "51.159.11.19",
      "port": 16346,
      "name": null,
      "load_balancer": {}
    },
    {
      "id": "805bc5dc-839a-45bc-bfc6-8d2068f967b8",
      "ip": "172.16.0.3",
      "port": 5432,
      "name": null,
      "private_network": {
        "private_network_id": "ef99b867-702b-45b5-bf87-e60ab0ee1fd7",
        "service_ip": "172.16.0.3/22",
        "zone": "fr-par-1",
        "provisioning_mode": "static"
      }
    }
  ],
  "Success": {
    "message": "Endpoint 805bc5dc-839a-45bc-bfc6-8d2068f967b8 successfully added",
    "details": ""
  }
}
