🎲🎲🎲 EXIT CODE: 0 🎲🎲🎲
🟩🟩🟩 STDOUT️ 🟩🟩🟩️
✅ ACL rule 1.2.3.4/32 successfully added.
IP          PROTOCOL  DIRECTION  ACTION  DESCRIPTION       PORT
0.0.0.0/0   tcp       inbound    allow   Allow All         27078
1.2.3.4/32  tcp       inbound    allow   Allow 1.2.3.4/32  27078
🟩🟩🟩 JSON STDOUT 🟩🟩🟩
{
  "Rules": [
    {
      "ip": "0.0.0.0/0",
      "protocol": "tcp",
      "direction": "inbound",
      "action": "allow",
      "description": "Allow All",
      "port": 27078
    },
    {
      "ip": "1.2.3.4/32",
      "protocol": "tcp",
      "direction": "inbound",
      "action": "allow",
      "description": "Allow 1.2.3.4/32",
      "port": 27078
    }
  ],
  "Success": {
    "message": "ACL rule 1.2.3.4/32 successfully added",
    "details": ""
  }
}
