🎲🎲🎲 EXIT CODE: 0 🎲🎲🎲
🟩🟩🟩 STDOUT️ 🟩🟩🟩️
ID                    4e21667c-9f2e-48fb-9e88-5f926ab3d3b1
InstanceID            c49affcd-051b-4434-bf73-5451b4fa0d45
DatabaseName          rdb
Name                  foobar
Status                ready
Size                  2.1 kB
ExpiresAt             few seconds ago
CreatedAt             few seconds ago
UpdatedAt             few seconds ago
InstanceName          cli-test
DownloadURL           https://s3.nl-ams.scw.cloud/65940610-0e5e-4a98-9306-568aa4eb3673/c49affcd-051b-4434-bf73-5451b4fa0d45/4e21667c-9f2e-48fb-9e88-5f926ab3d3b1.custom?X-Amz-Algorithm=AWS4-HMAC-SHA256&X-Amz-Credential=SCW2HJV1WMKPE0CKDAW5%2F20250723%2Fnl-ams%2Fs3%2Faws4_request&X-Amz-Date=20250723T184745Z&X-Amz-Expires=86400&X-Amz-SignedHeaders=host&X-Amz-Signature=a063dff476680c096c519afc18133a37c36942aaa5324b86fc301e9871e35192
DownloadURLExpiresAt  few seconds ago
Region                fr-par
SameRegion            false
🟩🟩🟩 JSON STDOUT 🟩🟩🟩
{
  "id": "4e21667c-9f2e-48fb-9e88-5f926ab3d3b1",
  "instance_id": "c49affcd-051b-4434-bf73-5451b4fa0d45",
  "database_name": "rdb",
  "name": "foobar",
  "status": "ready",
  "size": 2106,
  "expires_at": "2032-01-02T22:04:05Z",
  "created_at": "1970-01-01T00:00:00.0Z",
  "updated_at": "1970-01-01T00:00:00.0Z",
  "instance_name": "cli-test",
  "download_url": "https://s3.nl-ams.scw.cloud/65940610-0e5e-4a98-9306-568aa4eb3673/c49affcd-051b-4434-bf73-5451b4fa0d45/4e21667c-9f2e-48fb-9e88-5f926ab3d3b1.custom?X-Amz-Algorithm=AWS4-HMAC-SHA256\u0026X-Amz-Credential=SCW2HJV1WMKPE0CKDAW5%2F20250723%2Fnl-ams%2Fs3%2Faws4_request\u0026X-Amz-Date=20250723T184745Z\u0026X-Amz-Expires=86400\u0026X-Amz-SignedHeaders=host\u0026X-Amz-Signature=a063dff476680c096c519afc18133a37c36942aaa5324b86fc301e9871e35192",
  "download_url_expires_at": "1970-01-01T00:00:00.0Z",
  "region": "fr-par",
  "same_region": false
}
