🎲🎲🎲 EXIT CODE: 0 🎲🎲🎲
🟩🟩🟩 STDOUT️ 🟩🟩🟩️
CreatedAt                                    few seconds ago
Region                                       fr-par
ID                                           eda4f089-a4ad-44a6-9b7b-53395810730c
Name                                         cli-test
OrganizationID                               fa1e3217-dc80-42ac-85c3-3f034b78b552
ProjectID                                    fa1e3217-dc80-42ac-85c3-3f034b78b552
Status                                       ready
Engine                                       PostgreSQL-12
UpgradableVersion.0.ID                       f4c1ec41-89e1-48de-b872-b63b779b0dba
UpgradableVersion.0.Name                     PostgreSQL-13
UpgradableVersion.0.Version                  13
UpgradableVersion.0.MinorVersion             13.13
UpgradableVersion.1.ID                       8af4ebbb-fd08-4038-89f6-9d8c8f1232ca
UpgradableVersion.1.Name                     PostgreSQL-14
UpgradableVersion.1.Version                  14
UpgradableVersion.1.MinorVersion             14.10
UpgradableVersion.2.ID                       764c6bb3-2f1c-4f1a-bfd5-82c540ac435c
UpgradableVersion.2.Name                     PostgreSQL-15
UpgradableVersion.2.Version                  15
UpgradableVersion.2.MinorVersion             15.5
IsHaCluster                                  false
NodeType                                     db-dev-s
Endpoints.0.ID                               75242b54-076d-47bd-b7bd-41274240e677
Endpoints.0.IP                               172.16.28.2
Endpoints.0.Port                             5432
Endpoints.0.PrivateNetwork.PrivateNetworkID  5373de56-50d3-4058-9aaf-0bc9a70fdad5
Endpoints.0.PrivateNetwork.ServiceIP         172.16.28.2/22
Endpoints.0.PrivateNetwork.Zone              fr-par-1
Endpoints.1.ID                               4c924e70-8d97-4859-8084-8a6b366e9f6c
Endpoints.1.IP                               51.159.115.243
Endpoints.1.Port                             25880
LogsPolicy.MaxAgeRetention                   30
BackupSameRegion                             false

Endpoint:
ID    4c924e70-8d97-4859-8084-8a6b366e9f6c
IP    51.159.115.243
Port  25880

Volume:
Type   lssd
Size   5.0 GB
Class  lssd

Backup Schedule:
Disabled   false
NextRunAt  few seconds ago
Frequency  1 days
Retention  7 days

Settings:
NAME                             VALUE
effective_cache_size             1300
maintenance_work_mem             150
max_connections                  100
max_parallel_workers             0
max_parallel_workers_per_gather  0
work_mem                         4

Password: 
{4xdl*#QOoP+&3XRkGA)]
🟩🟩🟩 JSON STDOUT 🟩🟩🟩
{
  "created_at": "1970-01-01T00:00:00.0Z",
  "volume": {
    "type": "lssd",
    "size": 5000000000,
    "class": "lssd"
  },
  "region": "fr-par",
  "id": "eda4f089-a4ad-44a6-9b7b-53395810730c",
  "name": "cli-test",
  "organization_id": "fa1e3217-dc80-42ac-85c3-3f034b78b552",
  "project_id": "fa1e3217-dc80-42ac-85c3-3f034b78b552",
  "status": "ready",
  "engine": "PostgreSQL-12",
  "upgradable_version": [
    {
      "id": "f4c1ec41-89e1-48de-b872-b63b779b0dba",
      "name": "PostgreSQL-13",
      "version": "13",
      "minor_version": "13.13"
    },
    {
      "id": "8af4ebbb-fd08-4038-89f6-9d8c8f1232ca",
      "name": "PostgreSQL-14",
      "version": "14",
      "minor_version": "14.10"
    },
    {
      "id": "764c6bb3-2f1c-4f1a-bfd5-82c540ac435c",
      "name": "PostgreSQL-15",
      "version": "15",
      "minor_version": "15.5"
    }
  ],
  "endpoint": {
    "id": "4c924e70-8d97-4859-8084-8a6b366e9f6c",
    "ip": "51.159.115.243",
    "port": 25880,
    "name": null,
    "load_balancer": {}
  },
  "tags": [],
  "settings": [
    {
      "name": "effective_cache_size",
      "value": "1300"
    },
    {
      "name": "maintenance_work_mem",
      "value": "150"
    },
    {
      "name": "max_connections",
      "value": "100"
    },
    {
      "name": "max_parallel_workers",
      "value": "0"
    },
    {
      "name": "max_parallel_workers_per_gather",
      "value": "0"
    },
    {
      "name": "work_mem",
      "value": "4"
    }
  ],
  "backup_schedule": {
    "frequency": 24,
    "retention": 7,
    "disabled": false,
    "next_run_at": "1970-01-01T00:00:00.0Z"
  },
  "is_ha_cluster": false,
  "read_replicas": [],
  "node_type": "db-dev-s",
  "init_settings": [],
  "endpoints": [
    {
      "id": "75242b54-076d-47bd-b7bd-41274240e677",
      "ip": "172.16.28.2",
      "port": 5432,
      "name": null,
      "private_network": {
        "private_network_id": "5373de56-50d3-4058-9aaf-0bc9a70fdad5",
        "service_ip": "172.16.28.2/22",
        "zone": "fr-par-1"
      }
    },
    {
      "id": "4c924e70-8d97-4859-8084-8a6b366e9f6c",
      "ip": "51.159.115.243",
      "port": 25880,
      "name": null,
      "load_balancer": {}
    }
  ],
  "logs_policy": {
    "max_age_retention": 30,
    "total_disk_retention": null
  },
  "backup_same_region": false,
  "maintenances": [],
  "password": "{4xdl*#QOoP+\u00263XRkGA)]"
}
