🎲🎲🎲 EXIT CODE: 0 🎲🎲🎲
🟩🟩🟩 STDOUT️ 🟩🟩🟩️
✅ Endpoint 7485e92e-4e5f-4228-b82b-94f8a90e6d51 successfully added.
ID                                    IP              PORT   NAME  HOSTNAME
4adc92db-3bf0-4462-9316-12054c4bc195  212.47.227.195  22830  -     -
7485e92e-4e5f-4228-b82b-94f8a90e6d51  172.16.0.3      5432   -     -
🟩🟩🟩 JSON STDOUT 🟩🟩🟩
{
  "Endpoints": [
    {
      "id": "4adc92db-3bf0-4462-9316-12054c4bc195",
      "ip": "212.47.227.195",
      "port": 22830,
      "name": null,
      "load_balancer": {}
    },
    {
      "id": "7485e92e-4e5f-4228-b82b-94f8a90e6d51",
      "ip": "172.16.0.3",
      "port": 5432,
      "name": null,
      "private_network": {
        "private_network_id": "61ff6771-be59-4754-9295-59de153e9303",
        "service_ip": "172.16.0.3/22",
        "zone": "fr-par-1",
        "provisioning_mode": "static"
      }
    }
  ],
  "Success": {
    "message": "Endpoint 7485e92e-4e5f-4228-b82b-94f8a90e6d51 successfully added",
    "details": ""
  }
}
