🎲🎲🎲 EXIT CODE: 0 🎲🎲🎲
🟩🟩🟩 STDOUT️ 🟩🟩🟩️
ID                                    NAME      NODE TYPE  STATUS       ENGINE         REGION  TAGS  IS HA CLUSTER  BACKUP SCHEDULE  CREATED AT
f4933c8a-6048-4737-8077-5774448a5566  cli-test  db-dev-s   ready        PostgreSQL-12  fr-par  []    false          Enabled          few seconds ago
42ac75b1-f5d5-4d0b-a4e1-d6114a78dfab  cli-test  db-dev-s   ready        PostgreSQL-12  fr-par  []    false          Enabled          few seconds ago
897ea3fc-a37a-41e1-bb96-bf3298634658  cli-test  db-dev-s   ready        PostgreSQL-12  fr-par  []    false          Enabled          few seconds ago
00af8a0b-2972-49f4-8b7c-171436e2ab8b  cli-test  db-dev-s   ready        PostgreSQL-12  fr-par  []    false          Enabled          few seconds ago
38b68cf2-4d3e-491c-a899-e9867e141e8f  cli-test  db-dev-s   ready        PostgreSQL-12  fr-par  []    false          Enabled          few seconds ago
08c9a179-75c0-4ef9-9901-9634e089bf9b  foobar    db-dev-m   ready        PostgreSQL-12  fr-par  []    false          Enabled          few seconds ago
f7bef9f1-e8b8-419c-8882-023e7f16742d  cli-test  db-dev-s   ready        PostgreSQL-12  fr-par  []    false          Enabled          few seconds ago
0ce5ead3-056f-4eed-a0af-74161355346a  foo2      db-dev-s   ready        PostgreSQL-12  fr-par  []    false          Enabled          few seconds ago
7a3da0cf-a81b-412f-941f-dd23dbd9e739  cli-test  db-dev-s   ready        PostgreSQL-12  fr-par  []    false          Enabled          few seconds ago
d33a7dd3-d4d9-463f-a31e-ce887630df99  cli-test  db-dev-s   ready        PostgreSQL-12  fr-par  []    false          Enabled          few seconds ago
bcdd21bc-d8e8-4e44-9550-e8f98e5951f8  cli-test  db-dev-s   ready        MySQL-8        fr-par  []    false          Enabled          few seconds ago
40d840c4-1048-4af7-a474-7c5262412a0c  cli-test  db-dev-s   ready        PostgreSQL-14  fr-par  []    false          Enabled          few seconds ago
675bd3aa-b830-42ca-be29-a8970898d7f2  cli-test  db-dev-s   ready        PostgreSQL-12  fr-par  []    false          Enabled          few seconds ago
f9d08c90-d2ec-4f48-9e03-cb88824aa767  cli-test  db-dev-s   initialized  PostgreSQL-12  fr-par  []    false          Enabled          few seconds ago
🟩🟩🟩 JSON STDOUT 🟩🟩🟩
[
  {
    "created_at": "1970-01-01T00:00:00.0Z",
    "volume": {
      "type": "lssd",
      "size": 5000000000,
      "class": "lssd"
    },
    "region": "fr-par",
    "id": "f4933c8a-6048-4737-8077-5774448a5566",
    "name": "cli-test",
    "organization_id": "fa1e3217-dc80-42ac-85c3-3f034b78b552",
    "project_id": "fa1e3217-dc80-42ac-85c3-3f034b78b552",
    "status": "ready",
    "engine": "PostgreSQL-12",
    "upgradable_version": [
      {
        "id": "2e670f5c-493b-443f-92bd-986f23da2750",
        "name": "PostgreSQL-13",
        "version": "13",
        "minor_version": "13.12"
      },
      {
        "id": "2988cc5e-e0dd-48ba-bd8b-b394db1fc6b9",
        "name": "PostgreSQL-14",
        "version": "14",
        "minor_version": "14.9"
      },
      {
        "id": "d6fa23a8-ff53-464e-b0b0-4c4a3c1eb87d",
        "name": "PostgreSQL-15",
        "version": "15",
        "minor_version": "15.4"
      }
    ],
    "endpoint": {
      "id": "1e691556-de46-4f7b-9ee2-b0519b20c866",
      "ip": "195.154.197.149",
      "port": 3042,
      "name": null,
      "load_balancer": {}
    },
    "tags": [],
    "settings": [
      {
        "name": "effective_cache_size",
        "value": "1300"
      },
      {
        "name": "maintenance_work_mem",
        "value": "150"
      },
      {
        "name": "max_connections",
        "value": "100"
      },
      {
        "name": "max_parallel_workers",
        "value": "0"
      },
      {
        "name": "max_parallel_workers_per_gather",
        "value": "0"
      },
      {
        "name": "timezone",
        "value": "UTC"
      },
      {
        "name": "work_mem",
        "value": "4"
      }
    ],
    "backup_schedule": {
      "frequency": 24,
      "retention": 7,
      "disabled": false,
      "next_run_at": "1970-01-01T00:00:00.0Z"
    },
    "is_ha_cluster": false,
    "read_replicas": [],
    "node_type": "db-dev-s",
    "init_settings": [],
    "endpoints": [
      {
        "id": "1e691556-de46-4f7b-9ee2-b0519b20c866",
        "ip": "195.154.197.149",
        "port": 3042,
        "name": null,
        "load_balancer": {}
      }
    ],
    "logs_policy": {
      "max_age_retention": 30,
      "total_disk_retention": null
    },
    "backup_same_region": false,
    "maintenances": [],
    "encryption": null
  },
  {
    "created_at": "1970-01-01T00:00:00.0Z",
    "volume": {
      "type": "lssd",
      "size": 5000000000,
      "class": "lssd"
    },
    "region": "fr-par",
    "id": "42ac75b1-f5d5-4d0b-a4e1-d6114a78dfab",
    "name": "cli-test",
    "organization_id": "fa1e3217-dc80-42ac-85c3-3f034b78b552",
    "project_id": "fa1e3217-dc80-42ac-85c3-3f034b78b552",
    "status": "ready",
    "engine": "PostgreSQL-12",
    "upgradable_version": [
      {
        "id": "2e670f5c-493b-443f-92bd-986f23da2750",
        "name": "PostgreSQL-13",
        "version": "13",
        "minor_version": "13.12"
      },
      {
        "id": "2988cc5e-e0dd-48ba-bd8b-b394db1fc6b9",
        "name": "PostgreSQL-14",
        "version": "14",
        "minor_version": "14.9"
      },
      {
        "id": "d6fa23a8-ff53-464e-b0b0-4c4a3c1eb87d",
        "name": "PostgreSQL-15",
        "version": "15",
        "minor_version": "15.4"
      }
    ],
    "endpoint": {
      "id": "d152f100-5fa4-4544-ac6e-5d89d8d4217a",
      "ip": "51.158.57.216",
      "port": 11695,
      "name": null,
      "load_balancer": {}
    },
    "tags": [],
    "settings": [
      {
        "name": "effective_cache_size",
        "value": "1300"
      },
      {
        "name": "maintenance_work_mem",
        "value": "150"
      },
      {
        "name": "max_connections",
        "value": "100"
      },
      {
        "name": "max_parallel_workers",
        "value": "0"
      },
      {
        "name": "max_parallel_workers_per_gather",
        "value": "0"
      },
      {
        "name": "work_mem",
        "value": "4"
      }
    ],
    "backup_schedule": {
      "frequency": 24,
      "retention": 7,
      "disabled": false,
      "next_run_at": "1970-01-01T00:00:00.0Z"
    },
    "is_ha_cluster": false,
    "read_replicas": [],
    "node_type": "db-dev-s",
    "init_settings": [],
    "endpoints": [
      {
        "id": "d152f100-5fa4-4544-ac6e-5d89d8d4217a",
        "ip": "51.158.57.216",
        "port": 11695,
        "name": null,
        "load_balancer": {}
      }
    ],
    "logs_policy": {
      "max_age_retention": 30,
      "total_disk_retention": null
    },
    "backup_same_region": false,
    "maintenances": [],
    "encryption": null
  },
  {
    "created_at": "1970-01-01T00:00:00.0Z",
    "volume": {
      "type": "lssd",
      "size": 5000000000,
      "class": "lssd"
    },
    "region": "fr-par",
    "id": "897ea3fc-a37a-41e1-bb96-bf3298634658",
    "name": "cli-test",
    "organization_id": "fa1e3217-dc80-42ac-85c3-3f034b78b552",
    "project_id": "fa1e3217-dc80-42ac-85c3-3f034b78b552",
    "status": "ready",
    "engine": "PostgreSQL-12",
    "upgradable_version": [
      {
        "id": "2e670f5c-493b-443f-92bd-986f23da2750",
        "name": "PostgreSQL-13",
        "version": "13",
        "minor_version": "13.12"
      },
      {
        "id": "2988cc5e-e0dd-48ba-bd8b-b394db1fc6b9",
        "name": "PostgreSQL-14",
        "version": "14",
        "minor_version": "14.9"
      },
      {
        "id": "d6fa23a8-ff53-464e-b0b0-4c4a3c1eb87d",
        "name": "PostgreSQL-15",
        "version": "15",
        "minor_version": "15.4"
      }
    ],
    "endpoint": {
      "id": "b41320e3-047b-4ff2-8341-a5e63631d364",
      "ip": "195.154.196.87",
      "port": 1817,
      "name": null,
      "load_balancer": {}
    },
    "tags": [],
    "settings": [
      {
        "name": "effective_cache_size",
        "value": "1300"
      },
      {
        "name": "maintenance_work_mem",
        "value": "150"
      },
      {
        "name": "max_connections",
        "value": "100"
      },
      {
        "name": "max_parallel_workers",
        "value": "0"
      },
      {
        "name": "max_parallel_workers_per_gather",
        "value": "0"
      },
      {
        "name": "work_mem",
        "value": "4"
      }
    ],
    "backup_schedule": {
      "frequency": 24,
      "retention": 7,
      "disabled": false,
      "next_run_at": "1970-01-01T00:00:00.0Z"
    },
    "is_ha_cluster": false,
    "read_replicas": [],
    "node_type": "db-dev-s",
    "init_settings": [],
    "endpoints": [
      {
        "id": "b41320e3-047b-4ff2-8341-a5e63631d364",
        "ip": "195.154.196.87",
        "port": 1817,
        "name": null,
        "load_balancer": {}
      }
    ],
    "logs_policy": {
      "max_age_retention": 30,
      "total_disk_retention": null
    },
    "backup_same_region": false,
    "maintenances": [],
    "encryption": null
  },
  {
    "created_at": "1970-01-01T00:00:00.0Z",
    "volume": {
      "type": "lssd",
      "size": 5000000000,
      "class": "lssd"
    },
    "region": "fr-par",
    "id": "00af8a0b-2972-49f4-8b7c-171436e2ab8b",
    "name": "cli-test",
    "organization_id": "fa1e3217-dc80-42ac-85c3-3f034b78b552",
    "project_id": "fa1e3217-dc80-42ac-85c3-3f034b78b552",
    "status": "ready",
    "engine": "PostgreSQL-12",
    "upgradable_version": [
      {
        "id": "2e670f5c-493b-443f-92bd-986f23da2750",
        "name": "PostgreSQL-13",
        "version": "13",
        "minor_version": "13.12"
      },
      {
        "id": "2988cc5e-e0dd-48ba-bd8b-b394db1fc6b9",
        "name": "PostgreSQL-14",
        "version": "14",
        "minor_version": "14.9"
      },
      {
        "id": "d6fa23a8-ff53-464e-b0b0-4c4a3c1eb87d",
        "name": "PostgreSQL-15",
        "version": "15",
        "minor_version": "15.4"
      }
    ],
    "endpoint": {
      "id": "51c1a9fd-0a7b-4418-a957-4623d4d97512",
      "ip": "195.154.70.61",
      "port": 1771,
      "name": null,
      "load_balancer": {}
    },
    "tags": [],
    "settings": [
      {
        "name": "effective_cache_size",
        "value": "1300"
      },
      {
        "name": "maintenance_work_mem",
        "value": "150"
      },
      {
        "name": "max_connections",
        "value": "100"
      },
      {
        "name": "max_parallel_workers",
        "value": "0"
      },
      {
        "name": "max_parallel_workers_per_gather",
        "value": "0"
      },
      {
        "name": "work_mem",
        "value": "4"
      }
    ],
    "backup_schedule": {
      "frequency": 24,
      "retention": 7,
      "disabled": false,
      "next_run_at": "1970-01-01T00:00:00.0Z"
    },
    "is_ha_cluster": false,
    "read_replicas": [],
    "node_type": "db-dev-s",
    "init_settings": [],
    "endpoints": [
      {
        "id": "51c1a9fd-0a7b-4418-a957-4623d4d97512",
        "ip": "195.154.70.61",
        "port": 1771,
        "name": null,
        "load_balancer": {}
      }
    ],
    "logs_policy": {
      "max_age_retention": 30,
      "total_disk_retention": null
    },
    "backup_same_region": false,
    "maintenances": [],
    "encryption": null
  },
  {
    "created_at": "1970-01-01T00:00:00.0Z",
    "volume": {
      "type": "lssd",
      "size": 5000000000,
      "class": "lssd"
    },
    "region": "fr-par",
    "id": "38b68cf2-4d3e-491c-a899-e9867e141e8f",
    "name": "cli-test",
    "organization_id": "fa1e3217-dc80-42ac-85c3-3f034b78b552",
    "project_id": "fa1e3217-dc80-42ac-85c3-3f034b78b552",
    "status": "ready",
    "engine": "PostgreSQL-12",
    "upgradable_version": [
      {
        "id": "2e670f5c-493b-443f-92bd-986f23da2750",
        "name": "PostgreSQL-13",
        "version": "13",
        "minor_version": "13.12"
      },
      {
        "id": "2988cc5e-e0dd-48ba-bd8b-b394db1fc6b9",
        "name": "PostgreSQL-14",
        "version": "14",
        "minor_version": "14.9"
      },
      {
        "id": "d6fa23a8-ff53-464e-b0b0-4c4a3c1eb87d",
        "name": "PostgreSQL-15",
        "version": "15",
        "minor_version": "15.4"
      }
    ],
    "endpoint": {
      "id": "c8c20158-0e0f-49f8-9e9e-0431c94e4b9e",
      "ip": "195.154.197.149",
      "port": 20758,
      "name": null,
      "load_balancer": {}
    },
    "tags": [],
    "settings": [
      {
        "name": "effective_cache_size",
        "value": "1300"
      },
      {
        "name": "maintenance_work_mem",
        "value": "150"
      },
      {
        "name": "max_connections",
        "value": "100"
      },
      {
        "name": "max_parallel_workers",
        "value": "0"
      },
      {
        "name": "max_parallel_workers_per_gather",
        "value": "0"
      },
      {
        "name": "work_mem",
        "value": "4"
      }
    ],
    "backup_schedule": {
      "frequency": 24,
      "retention": 7,
      "disabled": false,
      "next_run_at": "1970-01-01T00:00:00.0Z"
    },
    "is_ha_cluster": false,
    "read_replicas": [],
    "node_type": "db-dev-s",
    "init_settings": [],
    "endpoints": [
      {
        "id": "c8c20158-0e0f-49f8-9e9e-0431c94e4b9e",
        "ip": "195.154.197.149",
        "port": 20758,
        "name": null,
        "load_balancer": {}
      }
    ],
    "logs_policy": {
      "max_age_retention": 30,
      "total_disk_retention": null
    },
    "backup_same_region": false,
    "maintenances": [],
    "encryption": null
  },
  {
    "created_at": "1970-01-01T00:00:00.0Z",
    "volume": {
      "type": "lssd",
      "size": 25000000000,
      "class": "lssd"
    },
    "region": "fr-par",
    "id": "08c9a179-75c0-4ef9-9901-9634e089bf9b",
    "name": "foobar",
    "organization_id": "fa1e3217-dc80-42ac-85c3-3f034b78b552",
    "project_id": "fa1e3217-dc80-42ac-85c3-3f034b78b552",
    "status": "ready",
    "engine": "PostgreSQL-12",
    "upgradable_version": [
      {
        "id": "2e670f5c-493b-443f-92bd-986f23da2750",
        "name": "PostgreSQL-13",
        "version": "13",
        "minor_version": "13.12"
      },
      {
        "id": "2988cc5e-e0dd-48ba-bd8b-b394db1fc6b9",
        "name": "PostgreSQL-14",
        "version": "14",
        "minor_version": "14.9"
      },
      {
        "id": "d6fa23a8-ff53-464e-b0b0-4c4a3c1eb87d",
        "name": "PostgreSQL-15",
        "version": "15",
        "minor_version": "15.4"
      }
    ],
    "endpoint": {
      "id": "cd4e2e54-d546-47a0-8b54-2101819af70b",
      "ip": "51.159.10.213",
      "port": 12504,
      "name": null,
      "load_balancer": {}
    },
    "tags": [],
    "settings": [
      {
        "name": "effective_cache_size",
        "value": "1300"
      },
      {
        "name": "maintenance_work_mem",
        "value": "150"
      },
      {
        "name": "max_connections",
        "value": "100"
      },
      {
        "name": "max_parallel_workers",
        "value": "0"
      },
      {
        "name": "max_parallel_workers_per_gather",
        "value": "0"
      },
      {
        "name": "work_mem",
        "value": "4"
      }
    ],
    "backup_schedule": {
      "frequency": 24,
      "retention": 7,
      "disabled": false,
      "next_run_at": "1970-01-01T00:00:00.0Z"
    },
    "is_ha_cluster": false,
    "read_replicas": [],
    "node_type": "db-dev-m",
    "init_settings": [],
    "endpoints": [
      {
        "id": "cd4e2e54-d546-47a0-8b54-2101819af70b",
        "ip": "51.159.10.213",
        "port": 12504,
        "name": null,
        "load_balancer": {}
      }
    ],
    "logs_policy": {
      "max_age_retention": 30,
      "total_disk_retention": null
    },
    "backup_same_region": false,
    "maintenances": [],
    "encryption": null
  },
  {
    "created_at": "1970-01-01T00:00:00.0Z",
    "volume": {
      "type": "lssd",
      "size": 5000000000,
      "class": "lssd"
    },
    "region": "fr-par",
    "id": "f7bef9f1-e8b8-419c-8882-023e7f16742d",
    "name": "cli-test",
    "organization_id": "fa1e3217-dc80-42ac-85c3-3f034b78b552",
    "project_id": "fa1e3217-dc80-42ac-85c3-3f034b78b552",
    "status": "ready",
    "engine": "PostgreSQL-12",
    "upgradable_version": [
      {
        "id": "2e670f5c-493b-443f-92bd-986f23da2750",
        "name": "PostgreSQL-13",
        "version": "13",
        "minor_version": "13.12"
      },
      {
        "id": "2988cc5e-e0dd-48ba-bd8b-b394db1fc6b9",
        "name": "PostgreSQL-14",
        "version": "14",
        "minor_version": "14.9"
      },
      {
        "id": "d6fa23a8-ff53-464e-b0b0-4c4a3c1eb87d",
        "name": "PostgreSQL-15",
        "version": "15",
        "minor_version": "15.4"
      }
    ],
    "endpoint": {
      "id": "8e033b82-8d00-40b5-a1e2-c17771b658a2",
      "ip": "51.159.204.209",
      "port": 3415,
      "name": null,
      "load_balancer": {}
    },
    "tags": [],
    "settings": [
      {
        "name": "effective_cache_size",
        "value": "1300"
      },
      {
        "name": "maintenance_work_mem",
        "value": "150"
      },
      {
        "name": "max_connections",
        "value": "100"
      },
      {
        "name": "max_parallel_workers",
        "value": "0"
      },
      {
        "name": "max_parallel_workers_per_gather",
        "value": "0"
      },
      {
        "name": "timezone",
        "value": "UTC"
      },
      {
        "name": "work_mem",
        "value": "4"
      }
    ],
    "backup_schedule": {
      "frequency": 24,
      "retention": 7,
      "disabled": false,
      "next_run_at": "1970-01-01T00:00:00.0Z"
    },
    "is_ha_cluster": false,
    "read_replicas": [],
    "node_type": "db-dev-s",
    "init_settings": [],
    "endpoints": [
      {
        "id": "8e033b82-8d00-40b5-a1e2-c17771b658a2",
        "ip": "51.159.204.209",
        "port": 3415,
        "name": null,
        "load_balancer": {}
      }
    ],
    "logs_policy": {
      "max_age_retention": 30,
      "total_disk_retention": null
    },
    "backup_same_region": false,
    "maintenances": [],
    "encryption": null
  },
  {
    "created_at": "1970-01-01T00:00:00.0Z",
    "volume": {
      "type": "lssd",
      "size": 5000000000,
      "class": "lssd"
    },
    "region": "fr-par",
    "id": "0ce5ead3-056f-4eed-a0af-74161355346a",
    "name": "foo2",
    "organization_id": "fa1e3217-dc80-42ac-85c3-3f034b78b552",
    "project_id": "fa1e3217-dc80-42ac-85c3-3f034b78b552",
    "status": "ready",
    "engine": "PostgreSQL-12",
    "upgradable_version": [
      {
        "id": "2e670f5c-493b-443f-92bd-986f23da2750",
        "name": "PostgreSQL-13",
        "version": "13",
        "minor_version": "13.12"
      },
      {
        "id": "2988cc5e-e0dd-48ba-bd8b-b394db1fc6b9",
        "name": "PostgreSQL-14",
        "version": "14",
        "minor_version": "14.9"
      },
      {
        "id": "d6fa23a8-ff53-464e-b0b0-4c4a3c1eb87d",
        "name": "PostgreSQL-15",
        "version": "15",
        "minor_version": "15.4"
      }
    ],
    "endpoint": {
      "id": "f87cd3d2-8000-4168-9e88-b05571669ad8",
      "ip": "51.158.56.109",
      "port": 23224,
      "name": null,
      "load_balancer": {}
    },
    "tags": [],
    "settings": [
      {
        "name": "effective_cache_size",
        "value": "1200"
      },
      {
        "name": "maintenance_work_mem",
        "value": "200"
      },
      {
        "name": "max_connections",
        "value": "150"
      },
      {
        "name": "max_parallel_workers",
        "value": "0"
      },
      {
        "name": "max_parallel_workers_per_gather",
        "value": "0"
      },
      {
        "name": "work_mem",
        "value": "16"
      }
    ],
    "backup_schedule": {
      "frequency": 24,
      "retention": 7,
      "disabled": false,
      "next_run_at": "1970-01-01T00:00:00.0Z"
    },
    "is_ha_cluster": false,
    "read_replicas": [],
    "node_type": "db-dev-s",
    "init_settings": [],
    "endpoints": [
      {
        "id": "f87cd3d2-8000-4168-9e88-b05571669ad8",
        "ip": "51.158.56.109",
        "port": 23224,
        "name": null,
        "load_balancer": {}
      }
    ],
    "logs_policy": {
      "max_age_retention": 30,
      "total_disk_retention": null
    },
    "backup_same_region": false,
    "maintenances": [],
    "encryption": null
  },
  {
    "created_at": "1970-01-01T00:00:00.0Z",
    "volume": {
      "type": "lssd",
      "size": 5000000000,
      "class": "lssd"
    },
    "region": "fr-par",
    "id": "7a3da0cf-a81b-412f-941f-dd23dbd9e739",
    "name": "cli-test",
    "organization_id": "fa1e3217-dc80-42ac-85c3-3f034b78b552",
    "project_id": "fa1e3217-dc80-42ac-85c3-3f034b78b552",
    "status": "ready",
    "engine": "PostgreSQL-12",
    "upgradable_version": [
      {
        "id": "2e670f5c-493b-443f-92bd-986f23da2750",
        "name": "PostgreSQL-13",
        "version": "13",
        "minor_version": "13.12"
      },
      {
        "id": "2988cc5e-e0dd-48ba-bd8b-b394db1fc6b9",
        "name": "PostgreSQL-14",
        "version": "14",
        "minor_version": "14.9"
      },
      {
        "id": "d6fa23a8-ff53-464e-b0b0-4c4a3c1eb87d",
        "name": "PostgreSQL-15",
        "version": "15",
        "minor_version": "15.4"
      }
    ],
    "endpoint": {
      "id": "454bcc76-4e87-4ca6-a727-81404620a0dc",
      "ip": "195.154.197.149",
      "port": 27839,
      "name": null,
      "load_balancer": {}
    },
    "tags": [],
    "settings": [
      {
        "name": "effective_cache_size",
        "value": "1300"
      },
      {
        "name": "maintenance_work_mem",
        "value": "150"
      },
      {
        "name": "max_connections",
        "value": "100"
      },
      {
        "name": "max_parallel_workers",
        "value": "0"
      },
      {
        "name": "max_parallel_workers_per_gather",
        "value": "0"
      },
      {
        "name": "work_mem",
        "value": "8"
      }
    ],
    "backup_schedule": {
      "frequency": 24,
      "retention": 7,
      "disabled": false,
      "next_run_at": "1970-01-01T00:00:00.0Z"
    },
    "is_ha_cluster": false,
    "read_replicas": [],
    "node_type": "db-dev-s",
    "init_settings": [],
    "endpoints": [
      {
        "id": "454bcc76-4e87-4ca6-a727-81404620a0dc",
        "ip": "195.154.197.149",
        "port": 27839,
        "name": null,
        "load_balancer": {}
      }
    ],
    "logs_policy": {
      "max_age_retention": 30,
      "total_disk_retention": null
    },
    "backup_same_region": false,
    "maintenances": [],
    "encryption": null
  },
  {
    "created_at": "1970-01-01T00:00:00.0Z",
    "volume": {
      "type": "lssd",
      "size": 5000000000,
      "class": "lssd"
    },
    "region": "fr-par",
    "id": "d33a7dd3-d4d9-463f-a31e-ce887630df99",
    "name": "cli-test",
    "organization_id": "fa1e3217-dc80-42ac-85c3-3f034b78b552",
    "project_id": "fa1e3217-dc80-42ac-85c3-3f034b78b552",
    "status": "ready",
    "engine": "PostgreSQL-12",
    "upgradable_version": [
      {
        "id": "2e670f5c-493b-443f-92bd-986f23da2750",
        "name": "PostgreSQL-13",
        "version": "13",
        "minor_version": "13.12"
      },
      {
        "id": "2988cc5e-e0dd-48ba-bd8b-b394db1fc6b9",
        "name": "PostgreSQL-14",
        "version": "14",
        "minor_version": "14.9"
      },
      {
        "id": "d6fa23a8-ff53-464e-b0b0-4c4a3c1eb87d",
        "name": "PostgreSQL-15",
        "version": "15",
        "minor_version": "15.4"
      }
    ],
    "endpoint": {
      "id": "f89bd777-a8f3-4da7-9ed5-0260d55912b7",
      "ip": "195.154.197.149",
      "port": 15773,
      "name": null,
      "load_balancer": {}
    },
    "tags": [],
    "settings": [
      {
        "name": "effective_cache_size",
        "value": "1300"
      },
      {
        "name": "maintenance_work_mem",
        "value": "150"
      },
      {
        "name": "max_connections",
        "value": "100"
      },
      {
        "name": "max_parallel_workers",
        "value": "0"
      },
      {
        "name": "max_parallel_workers_per_gather",
        "value": "0"
      },
      {
        "name": "work_mem",
        "value": "4"
      }
    ],
    "backup_schedule": {
      "frequency": 24,
      "retention": 7,
      "disabled": false,
      "next_run_at": "1970-01-01T00:00:00.0Z"
    },
    "is_ha_cluster": false,
    "read_replicas": [],
    "node_type": "db-dev-s",
    "init_settings": [],
    "endpoints": [
      {
        "id": "f89bd777-a8f3-4da7-9ed5-0260d55912b7",
        "ip": "195.154.197.149",
        "port": 15773,
        "name": null,
        "load_balancer": {}
      }
    ],
    "logs_policy": {
      "max_age_retention": 30,
      "total_disk_retention": null
    },
    "backup_same_region": false,
    "maintenances": [],
    "encryption": null
  },
  {
    "created_at": "1970-01-01T00:00:00.0Z",
    "volume": {
      "type": "lssd",
      "size": 5000000000,
      "class": "lssd"
    },
    "region": "fr-par",
    "id": "bcdd21bc-d8e8-4e44-9550-e8f98e5951f8",
    "name": "cli-test",
    "organization_id": "fa1e3217-dc80-42ac-85c3-3f034b78b552",
    "project_id": "fa1e3217-dc80-42ac-85c3-3f034b78b552",
    "status": "ready",
    "engine": "MySQL-8",
    "upgradable_version": [],
    "endpoint": {
      "id": "008d9143-6b03-4762-9205-07e2a4e908b7",
      "ip": "51.159.204.209",
      "port": 28228,
      "name": null,
      "load_balancer": {}
    },
    "tags": [],
    "settings": [
      {
        "name": "max_connections",
        "value": "100"
      }
    ],
    "backup_schedule": {
      "frequency": 24,
      "retention": 7,
      "disabled": false,
      "next_run_at": "1970-01-01T00:00:00.0Z"
    },
    "is_ha_cluster": false,
    "read_replicas": [],
    "node_type": "db-dev-s",
    "init_settings": [],
    "endpoints": [
      {
        "id": "008d9143-6b03-4762-9205-07e2a4e908b7",
        "ip": "51.159.204.209",
        "port": 28228,
        "name": null,
        "load_balancer": {}
      }
    ],
    "logs_policy": {
      "max_age_retention": 30,
      "total_disk_retention": null
    },
    "backup_same_region": false,
    "maintenances": [],
    "encryption": null
  },
  {
    "created_at": "1970-01-01T00:00:00.0Z",
    "volume": {
      "type": "lssd",
      "size": 5000000000,
      "class": "lssd"
    },
    "region": "fr-par",
    "id": "40d840c4-1048-4af7-a474-7c5262412a0c",
    "name": "cli-test",
    "organization_id": "fa1e3217-dc80-42ac-85c3-3f034b78b552",
    "project_id": "fa1e3217-dc80-42ac-85c3-3f034b78b552",
    "status": "ready",
    "engine": "PostgreSQL-14",
    "upgradable_version": [
      {
        "id": "d6fa23a8-ff53-464e-b0b0-4c4a3c1eb87d",
        "name": "PostgreSQL-15",
        "version": "15",
        "minor_version": "15.4"
      }
    ],
    "endpoint": {
      "id": "59badc7c-334d-45ee-8aed-d6927cd26753",
      "ip": "195.154.197.149",
      "port": 5740,
      "name": null,
      "load_balancer": {}
    },
    "tags": [],
    "settings": [
      {
        "name": "effective_cache_size",
        "value": "1300"
      },
      {
        "name": "maintenance_work_mem",
        "value": "150"
      },
      {
        "name": "max_connections",
        "value": "100"
      },
      {
        "name": "max_parallel_workers",
        "value": "0"
      },
      {
        "name": "max_parallel_workers_per_gather",
        "value": "0"
      },
      {
        "name": "work_mem",
        "value": "4"
      }
    ],
    "backup_schedule": {
      "frequency": 24,
      "retention": 7,
      "disabled": false,
      "next_run_at": "1970-01-01T00:00:00.0Z"
    },
    "is_ha_cluster": false,
    "read_replicas": [],
    "node_type": "db-dev-s",
    "init_settings": [],
    "endpoints": [
      {
        "id": "f7e42a21-04ef-4388-8a83-49fbb7a373b6",
        "ip": "172.16.0.3",
        "port": 5432,
        "name": null,
        "private_network": {
          "private_network_id": "20a8842e-1e39-4250-8bd3-d61686c6f59a",
          "service_ip": "172.16.0.3/22",
          "zone": "fr-par-1",
          "provisioning_mode": "static"
        }
      },
      {
        "id": "59badc7c-334d-45ee-8aed-d6927cd26753",
        "ip": "195.154.197.149",
        "port": 5740,
        "name": null,
        "load_balancer": {}
      }
    ],
    "logs_policy": {
      "max_age_retention": 30,
      "total_disk_retention": null
    },
    "backup_same_region": false,
    "maintenances": [],
    "encryption": null
  },
  {
    "created_at": "1970-01-01T00:00:00.0Z",
    "volume": {
      "type": "lssd",
      "size": 5000000000,
      "class": "lssd"
    },
    "region": "fr-par",
    "id": "675bd3aa-b830-42ca-be29-a8970898d7f2",
    "name": "cli-test",
    "organization_id": "fa1e3217-dc80-42ac-85c3-3f034b78b552",
    "project_id": "fa1e3217-dc80-42ac-85c3-3f034b78b552",
    "status": "ready",
    "engine": "PostgreSQL-12",
    "upgradable_version": [
      {
        "id": "2e670f5c-493b-443f-92bd-986f23da2750",
        "name": "PostgreSQL-13",
        "version": "13",
        "minor_version": "13.12"
      },
      {
        "id": "2988cc5e-e0dd-48ba-bd8b-b394db1fc6b9",
        "name": "PostgreSQL-14",
        "version": "14",
        "minor_version": "14.9"
      },
      {
        "id": "d6fa23a8-ff53-464e-b0b0-4c4a3c1eb87d",
        "name": "PostgreSQL-15",
        "version": "15",
        "minor_version": "15.4"
      }
    ],
    "endpoint": {
      "id": "8d944bed-3f50-4865-9a9c-f0f681af7acc",
      "ip": "51.159.204.209",
      "port": 4040,
      "name": null,
      "load_balancer": {}
    },
    "tags": [],
    "settings": [
      {
        "name": "effective_cache_size",
        "value": "1300"
      },
      {
        "name": "maintenance_work_mem",
        "value": "150"
      },
      {
        "name": "max_connections",
        "value": "100"
      },
      {
        "name": "max_parallel_workers",
        "value": "0"
      },
      {
        "name": "max_parallel_workers_per_gather",
        "value": "0"
      },
      {
        "name": "work_mem",
        "value": "4"
      }
    ],
    "backup_schedule": {
      "frequency": 24,
      "retention": 7,
      "disabled": false,
      "next_run_at": "1970-01-01T00:00:00.0Z"
    },
    "is_ha_cluster": false,
    "read_replicas": [],
    "node_type": "db-dev-s",
    "init_settings": [],
    "endpoints": [
      {
        "id": "8d944bed-3f50-4865-9a9c-f0f681af7acc",
        "ip": "51.159.204.209",
        "port": 4040,
        "name": null,
        "load_balancer": {}
      }
    ],
    "logs_policy": {
      "max_age_retention": 30,
      "total_disk_retention": null
    },
    "backup_same_region": false,
    "maintenances": [],
    "encryption": null
  },
  {
    "created_at": "1970-01-01T00:00:00.0Z",
    "volume": {
      "type": "lssd",
      "size": 5000000000,
      "class": "lssd"
    },
    "region": "fr-par",
    "id": "f9d08c90-d2ec-4f48-9e03-cb88824aa767",
    "name": "cli-test",
    "organization_id": "fa1e3217-dc80-42ac-85c3-3f034b78b552",
    "project_id": "fa1e3217-dc80-42ac-85c3-3f034b78b552",
    "status": "initializing",
    "engine": "PostgreSQL-12",
    "upgradable_version": [
      {
        "id": "2e670f5c-493b-443f-92bd-986f23da2750",
        "name": "PostgreSQL-13",
        "version": "13",
        "minor_version": "13.12"
      },
      {
        "id": "2988cc5e-e0dd-48ba-bd8b-b394db1fc6b9",
        "name": "PostgreSQL-14",
        "version": "14",
        "minor_version": "14.9"
      },
      {
        "id": "d6fa23a8-ff53-464e-b0b0-4c4a3c1eb87d",
        "name": "PostgreSQL-15",
        "version": "15",
        "minor_version": "15.4"
      }
    ],
    "tags": [],
    "settings": [],
    "backup_schedule": {
      "frequency": 24,
      "retention": 7,
      "disabled": false,
      "next_run_at": "1970-01-01T00:00:00.0Z"
    },
    "is_ha_cluster": false,
    "read_replicas": [],
    "node_type": "db-dev-s",
    "init_settings": [],
    "endpoints": [],
    "logs_policy": {
      "max_age_retention": 30,
      "total_disk_retention": null
    },
    "backup_same_region": false,
    "maintenances": [],
    "encryption": null
  }
]
