🎲🎲🎲 EXIT CODE: 0 🎲🎲🎲
🟩🟩🟩 STDOUT️ 🟩🟩🟩️
CreatedAt                   few seconds ago
Region                      fr-par
ID                          cd2408bf-7c63-4a84-b065-f7d0e8835176
Name                        cli-test
OrganizationID              de2b260d-2c2e-4be9-baa0-99d8ed17f1da
ProjectID                   de2b260d-2c2e-4be9-baa0-99d8ed17f1da
Status                      ready
Engine                      PostgreSQL-17
Tags.0                      a
IsHaCluster                 false
HighAvailabilityMode        disabled
NodeType                    db-dev-s
Endpoints.0.ID              89fc1eb9-e560-46b2-ad4c-1bb0a120ef7f
Endpoints.0.IP              195.154.69.209
Endpoints.0.Port            16384
LogsPolicy.MaxAgeRetention  30
BackupSameRegion            false
Encryption.Enabled          false

Endpoint:
ID    89fc1eb9-e560-46b2-ad4c-1bb0a120ef7f
IP    195.154.69.209
Port  16384

Volume:
Type   lssd
Size   5.0 GB
Class  lssd

Backup Schedule:
Disabled   false
NextRunAt  few seconds ago
Frequency  1 days
Retention  7 days

Settings:
NAME                             VALUE
effective_cache_size             1300
maintenance_work_mem             150
max_connections                  100
max_parallel_workers             0
max_parallel_workers_per_gather  0
work_mem                         4
🟩🟩🟩 JSON STDOUT 🟩🟩🟩
{
  "created_at": "1970-01-01T00:00:00.0Z",
  "volume": {
    "type": "lssd",
    "size": 5000000000,
    "class": "lssd"
  },
  "region": "fr-par",
  "id": "cd2408bf-7c63-4a84-b065-f7d0e8835176",
  "name": "cli-test",
  "organization_id": "de2b260d-2c2e-4be9-baa0-99d8ed17f1da",
  "project_id": "de2b260d-2c2e-4be9-baa0-99d8ed17f1da",
  "status": "ready",
  "engine": "PostgreSQL-17",
  "upgradable_version": [],
  "endpoint": {
    "id": "89fc1eb9-e560-46b2-ad4c-1bb0a120ef7f",
    "ip": "195.154.69.209",
    "port": 16384,
    "name": null,
    "load_balancer": {}
  },
  "tags": [
    "a"
  ],
  "settings": [
    {
      "name": "effective_cache_size",
      "value": "1300"
    },
    {
      "name": "maintenance_work_mem",
      "value": "150"
    },
    {
      "name": "max_connections",
      "value": "100"
    },
    {
      "name": "max_parallel_workers",
      "value": "0"
    },
    {
      "name": "max_parallel_workers_per_gather",
      "value": "0"
    },
    {
      "name": "work_mem",
      "value": "4"
    }
  ],
  "backup_schedule": {
    "frequency": 24,
    "retention": 7,
    "disabled": false,
    "next_run_at": "1970-01-01T00:00:00.0Z"
  },
  "is_ha_cluster": false,
  "high_availability_mode": "disabled",
  "read_replicas": [],
  "node_type": "db-dev-s",
  "init_settings": [],
  "endpoints": [
    {
      "id": "89fc1eb9-e560-46b2-ad4c-1bb0a120ef7f",
      "ip": "195.154.69.209",
      "port": 16384,
      "name": null,
      "load_balancer": {}
    }
  ],
  "logs_policy": {
    "max_age_retention": 30,
    "total_disk_retention": null
  },
  "backup_same_region": false,
  "maintenances": [],
  "encryption": {
    "enabled": false
  }
}
