🎲🎲🎲 EXIT CODE: 0 🎲🎲🎲
🟩🟩🟩 STDOUT️ 🟩🟩🟩️
CreatedAt                                    few seconds ago
Region                                       fr-par
ID                                           369d1095-7ee2-4e21-8378-ea23f31db25a
Name                                         cli-test
OrganizationID                               fa1e3217-dc80-42ac-85c3-3f034b78b552
ProjectID                                    fa1e3217-dc80-42ac-85c3-3f034b78b552
Status                                       ready
Engine                                       PostgreSQL-15
UpgradableVersion.0.ID                       1f94fa0f-ff3a-4727-81a2-3e75aa7bf98d
UpgradableVersion.0.Name                     PostgreSQL-16
UpgradableVersion.0.Version                  16
UpgradableVersion.0.MinorVersion             16.9
IsHaCluster                                  false
NodeType                                     db-dev-s
Endpoints.0.ID                               60a96069-774a-4730-8905-113f25f2c6cb
Endpoints.0.IP                               172.16.232.2
Endpoints.0.Port                             5432
Endpoints.0.PrivateNetwork.PrivateNetworkID  261f628f-abc8-4ce8-9fc5-379d37669557
Endpoints.0.PrivateNetwork.ServiceIP         172.16.232.2/22
Endpoints.0.PrivateNetwork.Zone              fr-par-1
Endpoints.0.PrivateNetwork.ProvisioningMode  ipam
Endpoints.1.ID                               8d313f93-b1cb-4dc5-a018-ee62487608c7
Endpoints.1.IP                               195.154.70.155
Endpoints.1.Port                             3539
LogsPolicy.MaxAgeRetention                   30
BackupSameRegion                             false
Encryption.Enabled                           false

Endpoint:
ID    8d313f93-b1cb-4dc5-a018-ee62487608c7
IP    195.154.70.155
Port  3539

Volume:
Type   lssd
Size   5.0 GB
Class  lssd

Backup Schedule:
Disabled   false
NextRunAt  few seconds ago
Frequency  1 days
Retention  7 days

Settings:
NAME                             VALUE
effective_cache_size             1300
maintenance_work_mem             150
max_connections                  100
max_parallel_workers             0
max_parallel_workers_per_gather  0
work_mem                         4

Password: 
{4xdl*#QOoP+&3XRkGA)]
🟩🟩🟩 JSON STDOUT 🟩🟩🟩
{
  "created_at": "1970-01-01T00:00:00.0Z",
  "volume": {
    "type": "lssd",
    "size": 5000000000,
    "class": "lssd"
  },
  "region": "fr-par",
  "id": "369d1095-7ee2-4e21-8378-ea23f31db25a",
  "name": "cli-test",
  "organization_id": "fa1e3217-dc80-42ac-85c3-3f034b78b552",
  "project_id": "fa1e3217-dc80-42ac-85c3-3f034b78b552",
  "status": "ready",
  "engine": "PostgreSQL-15",
  "upgradable_version": [
    {
      "id": "1f94fa0f-ff3a-4727-81a2-3e75aa7bf98d",
      "name": "PostgreSQL-16",
      "version": "16",
      "minor_version": "16.9"
    }
  ],
  "endpoint": {
    "id": "8d313f93-b1cb-4dc5-a018-ee62487608c7",
    "ip": "195.154.70.155",
    "port": 3539,
    "name": null,
    "load_balancer": {}
  },
  "tags": [],
  "settings": [
    {
      "name": "effective_cache_size",
      "value": "1300"
    },
    {
      "name": "maintenance_work_mem",
      "value": "150"
    },
    {
      "name": "max_connections",
      "value": "100"
    },
    {
      "name": "max_parallel_workers",
      "value": "0"
    },
    {
      "name": "max_parallel_workers_per_gather",
      "value": "0"
    },
    {
      "name": "work_mem",
      "value": "4"
    }
  ],
  "backup_schedule": {
    "frequency": 24,
    "retention": 7,
    "disabled": false,
    "next_run_at": "1970-01-01T00:00:00.0Z"
  },
  "is_ha_cluster": false,
  "read_replicas": [],
  "node_type": "db-dev-s",
  "init_settings": [],
  "endpoints": [
    {
      "id": "60a96069-774a-4730-8905-113f25f2c6cb",
      "ip": "172.16.232.2",
      "port": 5432,
      "name": null,
      "private_network": {
        "private_network_id": "261f628f-abc8-4ce8-9fc5-379d37669557",
        "service_ip": "172.16.232.2/22",
        "zone": "fr-par-1",
        "provisioning_mode": "ipam"
      }
    },
    {
      "id": "8d313f93-b1cb-4dc5-a018-ee62487608c7",
      "ip": "195.154.70.155",
      "port": 3539,
      "name": null,
      "load_balancer": {}
    }
  ],
  "logs_policy": {
    "max_age_retention": 30,
    "total_disk_retention": null
  },
  "backup_same_region": false,
  "maintenances": [],
  "encryption": {
    "enabled": false
  },
  "password": "{4xdl*#QOoP+\u00263XRkGA)]"
}
