🎲🎲🎲 EXIT CODE: 0 🎲🎲🎲
🟩🟩🟩 STDOUT️ 🟩🟩🟩️
✅ 3 ACL rules successfully added.
IP              PROTOCOL  DIRECTION  ACTION  DESCRIPTION           PORT
0.0.0.0/0       tcp       inbound    allow   Allow All             7748
1.2.3.4/32      tcp       inbound    allow   Allow 1.2.3.4/32      7748
10.10.10.10/32  tcp       inbound    allow   Allow 10.10.10.10/32  7748
192.168.1.0/30  tcp       inbound    allow   Allow 192.168.1.0/30  7748
🟩🟩🟩 JSON STDOUT 🟩🟩🟩
{
  "Rules": [
    {
      "ip": "0.0.0.0/0",
      "protocol": "tcp",
      "direction": "inbound",
      "action": "allow",
      "description": "Allow All",
      "port": 7748
    },
    {
      "ip": "1.2.3.4/32",
      "protocol": "tcp",
      "direction": "inbound",
      "action": "allow",
      "description": "Allow 1.2.3.4/32",
      "port": 7748
    },
    {
      "ip": "10.10.10.10/32",
      "protocol": "tcp",
      "direction": "inbound",
      "action": "allow",
      "description": "Allow 10.10.10.10/32",
      "port": 7748
    },
    {
      "ip": "192.168.1.0/30",
      "protocol": "tcp",
      "direction": "inbound",
      "action": "allow",
      "description": "Allow 192.168.1.0/30",
      "port": 7748
    }
  ],
  "Success": {
    "message": "3 ACL rules successfully added",
    "details": ""
  }
}
