🎲🎲🎲 EXIT CODE: 0 🎲🎲🎲
🟩🟩🟩 STDOUT️ 🟩🟩🟩️
ID                                    NAME                                   NODE TYPE  STATUS        ENGINE         REGION  TAGS  IS HA CLUSTER  BACKUP SCHEDULE  CREATED AT
178f6c5c-e501-4c28-a407-297591aa6035  TestAccScalewayDataSourceRDBAcl_Basic  db-dev-s   ready         PostgreSQL-12  fr-par  []    false          Enabled          few seconds ago
864d9a9a-83c6-4f13-a6c7-3de52febf65d  TestAccScalewayDataSourceRDBAcl_Basic  db-dev-s   ready         PostgreSQL-12  fr-par  []    false          Enabled          few seconds ago
ed1e22a6-7a29-4428-8fa7-86b1df2ab015  TestAccScalewayDataSourceRDBAcl_Basic  db-dev-s   ready         PostgreSQL-12  fr-par  []    false          Enabled          few seconds ago
968a1a31-2526-4603-9018-5214520dad82  TestAccScalewayDataSourceRDBAcl_Basic  db-dev-s   ready         PostgreSQL-12  fr-par  []    false          Enabled          few seconds ago
2265e5a1-8cde-4050-9b9c-b9cc46db2803  rdb-acl-basic                          db-dev-s   ready         PostgreSQL-12  fr-par  []    false          Enabled          few seconds ago
143f084f-2d48-48d2-9094-4363c81d6fcf  cli-test                               db-dev-m   initialized   PostgreSQL-12  fr-par  []    false          Enabled          few seconds ago
b51d2372-01a1-4249-9ce3-0e47600033ae  cli-test                               db-dev-s   deleting      PostgreSQL-12  fr-par  []    false          Enabled          few seconds ago
4394e72b-df3b-43eb-acdb-608f85c06528  cli-test                               db-dev-s   backuping     PostgreSQL-12  fr-par  []    false          Enabled          few seconds ago
24221349-073b-4ad5-a467-ff6f9e6dd818  cli-test                               db-dev-s   ready         PostgreSQL-12  fr-par  []    false          Enabled          few seconds ago
1221fbbf-b6b8-48ba-a337-f9df98c8e2a6  foobar                                 db-dev-m   provisioning  PostgreSQL-12  fr-par  []    false          Enabled          few seconds ago
🟩🟩🟩 JSON STDOUT 🟩🟩🟩
[
  {
    "created_at": "1970-01-01T00:00:00.0Z",
    "volume": {
      "type": "lssd",
      "size": 5000000000
    },
    "region": "fr-par",
    "id": "178f6c5c-e501-4c28-a407-297591aa6035",
    "name": "TestAccScalewayDataSourceRDBAcl_Basic",
    "organization_id": "951df375-e094-4d26-97c1-ba548eeb9c42",
    "project_id": "951df375-e094-4d26-97c1-ba548eeb9c42",
    "status": "ready",
    "engine": "PostgreSQL-12",
    "endpoint": {
      "id": "400a5d57-8c91-4cfe-bfed-b9748d24d8ac",
      "ip": "51.158.59.143",
      "port": 20589,
      "name": null,
      "load_balancer": {}
    },
    "tags": [],
    "settings": [
      {
        "name": "work_mem",
        "value": "4"
      },
      {
        "name": "max_connections",
        "value": "100"
      },
      {
        "name": "effective_cache_size",
        "value": "1300"
      },
      {
        "name": "maintenance_work_mem",
        "value": "150"
      },
      {
        "name": "max_parallel_workers",
        "value": "0"
      },
      {
        "name": "max_parallel_workers_per_gather",
        "value": "0"
      }
    ],
    "backup_schedule": {
      "frequency": 24,
      "retention": 7,
      "disabled": false
    },
    "is_ha_cluster": false,
    "read_replicas": [],
    "node_type": "db-dev-s",
    "init_settings": [],
    "endpoints": [
      {
        "id": "400a5d57-8c91-4cfe-bfed-b9748d24d8ac",
        "ip": "51.158.59.143",
        "port": 20589,
        "name": null,
        "load_balancer": {}
      }
    ],
    "logs_policy": {
      "max_age_retention": 30,
      "total_disk_retention": null
    },
    "backup_same_region": false,
    "maintenances": []
  },
  {
    "created_at": "1970-01-01T00:00:00.0Z",
    "volume": {
      "type": "lssd",
      "size": 5000000000
    },
    "region": "fr-par",
    "id": "864d9a9a-83c6-4f13-a6c7-3de52febf65d",
    "name": "TestAccScalewayDataSourceRDBAcl_Basic",
    "organization_id": "951df375-e094-4d26-97c1-ba548eeb9c42",
    "project_id": "951df375-e094-4d26-97c1-ba548eeb9c42",
    "status": "ready",
    "engine": "PostgreSQL-12",
    "endpoint": {
      "id": "dc3e0459-77a1-4953-a43e-05f88f468857",
      "ip": "51.158.56.215",
      "port": 63902,
      "name": null,
      "load_balancer": {}
    },
    "tags": [],
    "settings": [
      {
        "name": "work_mem",
        "value": "4"
      },
      {
        "name": "max_connections",
        "value": "100"
      },
      {
        "name": "effective_cache_size",
        "value": "1300"
      },
      {
        "name": "maintenance_work_mem",
        "value": "150"
      },
      {
        "name": "max_parallel_workers",
        "value": "0"
      },
      {
        "name": "max_parallel_workers_per_gather",
        "value": "0"
      }
    ],
    "backup_schedule": {
      "frequency": 24,
      "retention": 7,
      "disabled": false
    },
    "is_ha_cluster": false,
    "read_replicas": [],
    "node_type": "db-dev-s",
    "init_settings": [],
    "endpoints": [
      {
        "id": "dc3e0459-77a1-4953-a43e-05f88f468857",
        "ip": "51.158.56.215",
        "port": 63902,
        "name": null,
        "load_balancer": {}
      }
    ],
    "logs_policy": {
      "max_age_retention": 30,
      "total_disk_retention": null
    },
    "backup_same_region": false,
    "maintenances": []
  },
  {
    "created_at": "1970-01-01T00:00:00.0Z",
    "volume": {
      "type": "lssd",
      "size": 5000000000
    },
    "region": "fr-par",
    "id": "ed1e22a6-7a29-4428-8fa7-86b1df2ab015",
    "name": "TestAccScalewayDataSourceRDBAcl_Basic",
    "organization_id": "951df375-e094-4d26-97c1-ba548eeb9c42",
    "project_id": "951df375-e094-4d26-97c1-ba548eeb9c42",
    "status": "ready",
    "engine": "PostgreSQL-12",
    "endpoint": {
      "id": "ac701eae-3bc0-4d36-a0e5-5a54e030c1df",
      "ip": "51.159.24.228",
      "port": 57930,
      "name": null,
      "load_balancer": {}
    },
    "tags": [],
    "settings": [
      {
        "name": "work_mem",
        "value": "4"
      },
      {
        "name": "max_connections",
        "value": "100"
      },
      {
        "name": "effective_cache_size",
        "value": "1300"
      },
      {
        "name": "maintenance_work_mem",
        "value": "150"
      },
      {
        "name": "max_parallel_workers",
        "value": "0"
      },
      {
        "name": "max_parallel_workers_per_gather",
        "value": "0"
      }
    ],
    "backup_schedule": {
      "frequency": 24,
      "retention": 7,
      "disabled": false
    },
    "is_ha_cluster": false,
    "read_replicas": [],
    "node_type": "db-dev-s",
    "init_settings": [],
    "endpoints": [
      {
        "id": "ac701eae-3bc0-4d36-a0e5-5a54e030c1df",
        "ip": "51.159.24.228",
        "port": 57930,
        "name": null,
        "load_balancer": {}
      }
    ],
    "logs_policy": {
      "max_age_retention": 30,
      "total_disk_retention": null
    },
    "backup_same_region": false,
    "maintenances": []
  },
  {
    "created_at": "1970-01-01T00:00:00.0Z",
    "volume": {
      "type": "lssd",
      "size": 5000000000
    },
    "region": "fr-par",
    "id": "968a1a31-2526-4603-9018-5214520dad82",
    "name": "TestAccScalewayDataSourceRDBAcl_Basic",
    "organization_id": "951df375-e094-4d26-97c1-ba548eeb9c42",
    "project_id": "951df375-e094-4d26-97c1-ba548eeb9c42",
    "status": "ready",
    "engine": "PostgreSQL-12",
    "endpoint": {
      "id": "453374d4-2ed4-4a54-b142-01365a746c02",
      "ip": "195.154.69.177",
      "port": 39962,
      "name": null,
      "load_balancer": {}
    },
    "tags": [],
    "settings": [
      {
        "name": "work_mem",
        "value": "4"
      },
      {
        "name": "max_connections",
        "value": "100"
      },
      {
        "name": "effective_cache_size",
        "value": "1300"
      },
      {
        "name": "maintenance_work_mem",
        "value": "150"
      },
      {
        "name": "max_parallel_workers",
        "value": "0"
      },
      {
        "name": "max_parallel_workers_per_gather",
        "value": "0"
      }
    ],
    "backup_schedule": {
      "frequency": 24,
      "retention": 7,
      "disabled": false
    },
    "is_ha_cluster": false,
    "read_replicas": [],
    "node_type": "db-dev-s",
    "init_settings": [],
    "endpoints": [
      {
        "id": "453374d4-2ed4-4a54-b142-01365a746c02",
        "ip": "195.154.69.177",
        "port": 39962,
        "name": null,
        "load_balancer": {}
      }
    ],
    "logs_policy": {
      "max_age_retention": 30,
      "total_disk_retention": null
    },
    "backup_same_region": false,
    "maintenances": []
  },
  {
    "created_at": "1970-01-01T00:00:00.0Z",
    "volume": {
      "type": "lssd",
      "size": 5000000000
    },
    "region": "fr-par",
    "id": "2265e5a1-8cde-4050-9b9c-b9cc46db2803",
    "name": "rdb-acl-basic",
    "organization_id": "951df375-e094-4d26-97c1-ba548eeb9c42",
    "project_id": "951df375-e094-4d26-97c1-ba548eeb9c42",
    "status": "ready",
    "engine": "PostgreSQL-12",
    "endpoint": {
      "id": "f21b6d40-f053-4384-9b6c-5b8ed6d3cd25",
      "ip": "195.154.71.177",
      "port": 34393,
      "name": null,
      "load_balancer": {}
    },
    "tags": [],
    "settings": [
      {
        "name": "work_mem",
        "value": "4"
      },
      {
        "name": "max_connections",
        "value": "100"
      },
      {
        "name": "effective_cache_size",
        "value": "1300"
      },
      {
        "name": "maintenance_work_mem",
        "value": "150"
      },
      {
        "name": "max_parallel_workers",
        "value": "0"
      },
      {
        "name": "max_parallel_workers_per_gather",
        "value": "0"
      }
    ],
    "backup_schedule": {
      "frequency": 24,
      "retention": 7,
      "disabled": false
    },
    "is_ha_cluster": false,
    "read_replicas": [],
    "node_type": "db-dev-s",
    "init_settings": [],
    "endpoints": [
      {
        "id": "f21b6d40-f053-4384-9b6c-5b8ed6d3cd25",
        "ip": "195.154.71.177",
        "port": 34393,
        "name": null,
        "load_balancer": {}
      }
    ],
    "logs_policy": {
      "max_age_retention": 30,
      "total_disk_retention": null
    },
    "backup_same_region": false,
    "maintenances": []
  },
  {
    "created_at": "1970-01-01T00:00:00.0Z",
    "volume": {
      "type": "lssd",
      "size": 25000000000
    },
    "region": "fr-par",
    "id": "143f084f-2d48-48d2-9094-4363c81d6fcf",
    "name": "cli-test",
    "organization_id": "951df375-e094-4d26-97c1-ba548eeb9c42",
    "project_id": "951df375-e094-4d26-97c1-ba548eeb9c42",
    "status": "initializing",
    "engine": "PostgreSQL-12",
    "endpoint": {
      "id": "63a508a6-9d76-4656-a420-320e21ab1ece",
      "ip": "195.154.70.113",
      "port": 44028,
      "name": null,
      "load_balancer": {}
    },
    "tags": [],
    "settings": [
      {
        "name": "work_mem",
        "value": "4"
      },
      {
        "name": "max_connections",
        "value": "100"
      },
      {
        "name": "effective_cache_size",
        "value": "1300"
      },
      {
        "name": "maintenance_work_mem",
        "value": "150"
      },
      {
        "name": "max_parallel_workers",
        "value": "0"
      },
      {
        "name": "max_parallel_workers_per_gather",
        "value": "0"
      }
    ],
    "backup_schedule": {
      "frequency": 24,
      "retention": 7,
      "disabled": false
    },
    "is_ha_cluster": false,
    "read_replicas": [],
    "node_type": "db-dev-m",
    "init_settings": [],
    "endpoints": [
      {
        "id": "63a508a6-9d76-4656-a420-320e21ab1ece",
        "ip": "195.154.70.113",
        "port": 44028,
        "name": null,
        "load_balancer": {}
      }
    ],
    "logs_policy": {
      "max_age_retention": 30,
      "total_disk_retention": null
    },
    "backup_same_region": false,
    "maintenances": []
  },
  {
    "created_at": "1970-01-01T00:00:00.0Z",
    "volume": {
      "type": "lssd",
      "size": 5000000000
    },
    "region": "fr-par",
    "id": "b51d2372-01a1-4249-9ce3-0e47600033ae",
    "name": "cli-test",
    "organization_id": "951df375-e094-4d26-97c1-ba548eeb9c42",
    "project_id": "951df375-e094-4d26-97c1-ba548eeb9c42",
    "status": "deleting",
    "engine": "PostgreSQL-12",
    "endpoint": {
      "id": "ab0013b4-223a-4079-9a75-1e1308ab3b9d",
      "ip": "51.159.112.132",
      "port": 18736,
      "name": null,
      "load_balancer": {}
    },
    "tags": [],
    "settings": [
      {
        "name": "work_mem",
        "value": "4"
      },
      {
        "name": "max_connections",
        "value": "100"
      },
      {
        "name": "effective_cache_size",
        "value": "1300"
      },
      {
        "name": "maintenance_work_mem",
        "value": "150"
      },
      {
        "name": "max_parallel_workers",
        "value": "0"
      },
      {
        "name": "max_parallel_workers_per_gather",
        "value": "0"
      }
    ],
    "backup_schedule": {
      "frequency": 24,
      "retention": 7,
      "disabled": false
    },
    "is_ha_cluster": false,
    "read_replicas": [],
    "node_type": "db-dev-s",
    "init_settings": [],
    "endpoints": [
      {
        "id": "ab0013b4-223a-4079-9a75-1e1308ab3b9d",
        "ip": "51.159.112.132",
        "port": 18736,
        "name": null,
        "load_balancer": {}
      }
    ],
    "logs_policy": {
      "max_age_retention": 30,
      "total_disk_retention": null
    },
    "backup_same_region": false,
    "maintenances": []
  },
  {
    "created_at": "1970-01-01T00:00:00.0Z",
    "volume": {
      "type": "lssd",
      "size": 5000000000
    },
    "region": "fr-par",
    "id": "4394e72b-df3b-43eb-acdb-608f85c06528",
    "name": "cli-test",
    "organization_id": "951df375-e094-4d26-97c1-ba548eeb9c42",
    "project_id": "951df375-e094-4d26-97c1-ba548eeb9c42",
    "status": "backuping",
    "engine": "PostgreSQL-12",
    "endpoint": {
      "id": "fb0f23b8-8c13-4748-b1ab-11b160ddf0ab",
      "ip": "195.154.69.50",
      "port": 42609,
      "name": null,
      "load_balancer": {}
    },
    "tags": [],
    "settings": [
      {
        "name": "work_mem",
        "value": "4"
      },
      {
        "name": "max_connections",
        "value": "100"
      },
      {
        "name": "effective_cache_size",
        "value": "1300"
      },
      {
        "name": "maintenance_work_mem",
        "value": "150"
      },
      {
        "name": "max_parallel_workers",
        "value": "0"
      },
      {
        "name": "max_parallel_workers_per_gather",
        "value": "0"
      }
    ],
    "backup_schedule": {
      "frequency": 24,
      "retention": 7,
      "disabled": false
    },
    "is_ha_cluster": false,
    "read_replicas": [],
    "node_type": "db-dev-s",
    "init_settings": [],
    "endpoints": [
      {
        "id": "fb0f23b8-8c13-4748-b1ab-11b160ddf0ab",
        "ip": "195.154.69.50",
        "port": 42609,
        "name": null,
        "load_balancer": {}
      }
    ],
    "logs_policy": {
      "max_age_retention": 30,
      "total_disk_retention": null
    },
    "backup_same_region": false,
    "maintenances": []
  },
  {
    "created_at": "1970-01-01T00:00:00.0Z",
    "volume": {
      "type": "lssd",
      "size": 5000000000
    },
    "region": "fr-par",
    "id": "24221349-073b-4ad5-a467-ff6f9e6dd818",
    "name": "cli-test",
    "organization_id": "951df375-e094-4d26-97c1-ba548eeb9c42",
    "project_id": "951df375-e094-4d26-97c1-ba548eeb9c42",
    "status": "ready",
    "engine": "PostgreSQL-12",
    "endpoint": {
      "id": "e3eb041d-2b02-41b0-a879-dad257ae1830",
      "ip": "195.154.69.50",
      "port": 50858,
      "name": null,
      "load_balancer": {}
    },
    "tags": [],
    "settings": [
      {
        "name": "work_mem",
        "value": "4"
      },
      {
        "name": "max_connections",
        "value": "100"
      },
      {
        "name": "effective_cache_size",
        "value": "1300"
      },
      {
        "name": "maintenance_work_mem",
        "value": "150"
      },
      {
        "name": "max_parallel_workers",
        "value": "0"
      },
      {
        "name": "max_parallel_workers_per_gather",
        "value": "0"
      }
    ],
    "backup_schedule": {
      "frequency": 24,
      "retention": 7,
      "disabled": false
    },
    "is_ha_cluster": false,
    "read_replicas": [],
    "node_type": "db-dev-s",
    "init_settings": [],
    "endpoints": [
      {
        "id": "e3eb041d-2b02-41b0-a879-dad257ae1830",
        "ip": "195.154.69.50",
        "port": 50858,
        "name": null,
        "load_balancer": {}
      }
    ],
    "logs_policy": {
      "max_age_retention": 30,
      "total_disk_retention": null
    },
    "backup_same_region": false,
    "maintenances": []
  },
  {
    "created_at": "1970-01-01T00:00:00.0Z",
    "volume": {
      "type": "lssd",
      "size": 25000000000
    },
    "region": "fr-par",
    "id": "1221fbbf-b6b8-48ba-a337-f9df98c8e2a6",
    "name": "foobar",
    "organization_id": "951df375-e094-4d26-97c1-ba548eeb9c42",
    "project_id": "951df375-e094-4d26-97c1-ba548eeb9c42",
    "status": "provisioning",
    "engine": "PostgreSQL-12",
    "tags": [],
    "settings": [
      {
        "name": "work_mem",
        "value": "4"
      },
      {
        "name": "max_connections",
        "value": "100"
      },
      {
        "name": "effective_cache_size",
        "value": "1300"
      },
      {
        "name": "maintenance_work_mem",
        "value": "150"
      },
      {
        "name": "max_parallel_workers",
        "value": "0"
      },
      {
        "name": "max_parallel_workers_per_gather",
        "value": "0"
      }
    ],
    "backup_schedule": {
      "frequency": 24,
      "retention": 7,
      "disabled": false
    },
    "is_ha_cluster": false,
    "read_replicas": [],
    "node_type": "db-dev-m",
    "init_settings": [],
    "endpoints": [],
    "logs_policy": {
      "max_age_retention": 30,
      "total_disk_retention": null
    },
    "backup_same_region": false,
    "maintenances": []
  }
]
