🎲🎲🎲 EXIT CODE: 0 🎲🎲🎲
🟩🟩🟩 STDOUT️ 🟩🟩🟩️
ID            bf4eb12e-d7d8-4e7f-9524-787eb6cabcf3
InstanceID    0761b1ab-69c5-49b8-891a-28b7e53dc674
DatabaseName  rdb
Name          foobar
Status        ready
Size          2.1 kB
ExpiresAt     few seconds ago
CreatedAt     few seconds ago
UpdatedAt     few seconds ago
InstanceName  cli-test
Region        fr-par
SameRegion    false
🟩🟩🟩 JSON STDOUT 🟩🟩🟩
{
  "id": "bf4eb12e-d7d8-4e7f-9524-787eb6cabcf3",
  "instance_id": "0761b1ab-69c5-49b8-891a-28b7e53dc674",
  "database_name": "rdb",
  "name": "foobar",
  "status": "ready",
  "size": 2107,
  "expires_at": "2032-01-02T22:04:05Z",
  "created_at": "1970-01-01T00:00:00.0Z",
  "updated_at": "1970-01-01T00:00:00.0Z",
  "instance_name": "cli-test",
  "download_url": null,
  "download_url_expires_at": null,
  "region": "fr-par",
  "same_region": false
}
