🎲🎲🎲 EXIT CODE: 0 🎲🎲🎲
🟩🟩🟩 STDOUT️ 🟩🟩🟩️
ID                                    Full Name                                                                        Size    Visibility         Status  Created At       Updated At
39689dbc-d7ec-4b62-bb92-084343c75bbe  rg.fr-par.scw.cloud/cli-public-namespace-5864301630716047962/visibility_public   762 kB  public             ready   few seconds ago  few seconds ago
3353c2af-5132-41b7-8d3c-ca730864c54e  rg.fr-par.scw.cloud/cli-public-namespace-5864301630716047962/visibility_private  757 kB  private            ready   few seconds ago  few seconds ago
ed289e7f-96bf-48dc-9843-a1521347c2c5  rg.fr-par.scw.cloud/cli-public-namespace-5864301630716047962/visibility_inherit  729 kB  public (inherit)   ready   few seconds ago  few seconds ago
e401f76d-ab2b-4f24-ba24-e32aa41d27f6  rg.fr-par.scw.cloud/cli-private-namespace-150322579116438200/visibility_public   725 kB  private (inherit)  ready   few seconds ago  few seconds ago
decb85a8-f022-4d1c-acb8-223077353249  rg.fr-par.scw.cloud/cli-private-namespace-150322579116438200/visibility_private  717 kB  private (inherit)  ready   few seconds ago  few seconds ago
1648c7f3-9dd6-4d80-98a9-b05e5fd083bd  rg.fr-par.scw.cloud/cli-private-namespace-150322579116438200/visibility_inherit  701 kB  private (inherit)  ready   few seconds ago  few seconds ago
🟩🟩🟩 JSON STDOUT 🟩🟩🟩
[
  {
    "id": "39689dbc-d7ec-4b62-bb92-084343c75bbe",
    "name": "visibility_public",
    "namespace_id": "512366a6-fa42-48c7-8dda-2144daf97141",
    "status": "ready",
    "status_message": "",
    "visibility": "public",
    "size": 761949,
    "created_at": "1970-01-01T00:00:00.0Z",
    "updated_at": "1970-01-01T00:00:00.0Z",
    "tags": [
      "latest"
    ],
    "FullName": "rg.fr-par.scw.cloud/cli-public-namespace-5864301630716047962/visibility_public"
  },
  {
    "id": "3353c2af-5132-41b7-8d3c-ca730864c54e",
    "name": "visibility_private",
    "namespace_id": "512366a6-fa42-48c7-8dda-2144daf97141",
    "status": "ready",
    "status_message": "",
    "visibility": "private",
    "size": 757309,
    "created_at": "1970-01-01T00:00:00.0Z",
    "updated_at": "1970-01-01T00:00:00.0Z",
    "tags": [
      "latest"
    ],
    "FullName": "rg.fr-par.scw.cloud/cli-public-namespace-5864301630716047962/visibility_private"
  },
  {
    "id": "ed289e7f-96bf-48dc-9843-a1521347c2c5",
    "name": "visibility_inherit",
    "namespace_id": "512366a6-fa42-48c7-8dda-2144daf97141",
    "status": "ready",
    "status_message": "",
    "visibility": "inherit",
    "size": 729459,
    "created_at": "1970-01-01T00:00:00.0Z",
    "updated_at": "1970-01-01T00:00:00.0Z",
    "tags": [
      "latest"
    ],
    "FullName": "rg.fr-par.scw.cloud/cli-public-namespace-5864301630716047962/visibility_inherit"
  },
  {
    "id": "e401f76d-ab2b-4f24-ba24-e32aa41d27f6",
    "name": "visibility_public",
    "namespace_id": "6ad33666-90c6-473b-b3af-0a7ec24a33fa",
    "status": "ready",
    "status_message": "",
    "visibility": "inherit",
    "size": 724643,
    "created_at": "1970-01-01T00:00:00.0Z",
    "updated_at": "1970-01-01T00:00:00.0Z",
    "tags": [
      "latest"
    ],
    "FullName": "rg.fr-par.scw.cloud/cli-private-namespace-150322579116438200/visibility_public"
  },
  {
    "id": "decb85a8-f022-4d1c-acb8-223077353249",
    "name": "visibility_private",
    "namespace_id": "6ad33666-90c6-473b-b3af-0a7ec24a33fa",
    "status": "ready",
    "status_message": "",
    "visibility": "inherit",
    "size": 716793,
    "created_at": "1970-01-01T00:00:00.0Z",
    "updated_at": "1970-01-01T00:00:00.0Z",
    "tags": [
      "latest"
    ],
    "FullName": "rg.fr-par.scw.cloud/cli-private-namespace-150322579116438200/visibility_private"
  },
  {
    "id": "1648c7f3-9dd6-4d80-98a9-b05e5fd083bd",
    "name": "visibility_inherit",
    "namespace_id": "6ad33666-90c6-473b-b3af-0a7ec24a33fa",
    "status": "ready",
    "status_message": "",
    "visibility": "inherit",
    "size": 700750,
    "created_at": "1970-01-01T00:00:00.0Z",
    "updated_at": "1970-01-01T00:00:00.0Z",
    "tags": [
      "latest"
    ],
    "FullName": "rg.fr-par.scw.cloud/cli-private-namespace-150322579116438200/visibility_inherit"
  }
]
