Start a one hour running for the given human.

USAGE:
  scw [global-flags] test human run [flags] [arg=value ...]

EXAMPLES:
  Create a human and make it run
    scw test human create
    scw test human run human-id=xxxxx

ARGS:
  human-id   
  [region]   Region to target. If none is passed will use default region from the config (fr-par)

FLAGS:
  -h, --help   help for run

GLOBAL FLAGS:
  -D, --debug            Enable debug mode
  -o, --output string    Output format: json or human
  -p, --profile string   The config profile to use
