🎲🎲🎲 EXIT CODE: 1 🎲🎲🎲
🟥🟥🟥 STDERR️️ 🟥🟥🟥️
A positional argument is required for this command

Hint:
Try running: scw test human get 0194fdc2-fa2f-fcc0-41d3-ff12045b73c8
🟥🟥🟥 JSON STDERR 🟥🟥🟥
{
  "message": "a positional argument is required for this command",
  "error": {},
  "hint": "Try running: scw test human get 0194fdc2-fa2f-fcc0-41d3-ff12045b73c8"
}
