Create a new human.

USAGE:
  scw [global-flags] test human create [flags] [arg=value ...]

EXAMPLES:
  create a dwarf
    scw test human create height=125

ARGS:
  [height]                   
  [shoe-size]                
  [altitude-in-meter]        
  [altitude-in-millimeter]   
  [fingers-count]            
  [hair-count]               
  [is-happy]                 
  [eyes-color]                (unknown | amber | blue | brown | gray | green | hazel | red | violet)
  [organization-id]          Organization ID to use. If none is passed will use default organization ID from the config
  [region]                   Region to target. If none is passed will use default region from the config (fr-par)

FLAGS:
  -h, --help   help for create

GLOBAL FLAGS:
      --access-key string   Scaleway access key
  -D, --debug               Enable debug mode
  -o, --output string       Output format: json or human
  -p, --profile string      The config profile to use
      --secret-key string   Scaleway secret key
