🎲🎲🎲 EXIT CODE: 0 🎲🎲🎲
🟩🟩🟩 STDOUT️ 🟩🟩🟩️
ID              8e636123-b17f-406d-85a1-f668b630bb04
OrganizationID  d3520a52-2c75-4ba0-bda8-82dd087f07f2
ProjectID       d3520a52-2c75-4ba0-bda8-82dd087f07f2
Name            cli-bm-nice-buck
Description     -
UpdatedAt       few seconds ago
CreatedAt       few seconds ago
Status          ready
OfferID         206ea234-9097-4ae1-af68-6d2be09f47ed
OfferName       EM-B220E-NVME
Domain          -
BootType        normal
Zone            fr-par-1
PingStatus      unknown

IPs:
ID                                    ADDRESS                               REVERSE  VERSION  REVERSE STATUS  REVERSE STATUS MESSAGE
607e9bdb-d511-4b17-97fa-6b67c72480d9  2001:bc8:701:702:3eec:efff:feff:1a50  -        IPv6     unknown         -
aa4c401a-855f-4216-ae4e-e87ea476a4a9  62.210.158.140                        -        IPv4     unknown         -

Options:
ID   NAME  STATUS  MANAGEABLE  EXPIRES AT
🟩🟩🟩 JSON STDOUT 🟩🟩🟩
{
  "id": "8e636123-b17f-406d-85a1-f668b630bb04",
  "organization_id": "d3520a52-2c75-4ba0-bda8-82dd087f07f2",
  "project_id": "d3520a52-2c75-4ba0-bda8-82dd087f07f2",
  "name": "cli-bm-nice-buck",
  "description": "",
  "updated_at": "1970-01-01T00:00:00.0Z",
  "created_at": "1970-01-01T00:00:00.0Z",
  "status": "ready",
  "offer_id": "206ea234-9097-4ae1-af68-6d2be09f47ed",
  "offer_name": "EM-B220E-NVME",
  "tags": [],
  "ips": [
    {
      "id": "607e9bdb-d511-4b17-97fa-6b67c72480d9",
      "address": "2001:bc8:701:702:3eec:efff:feff:1a50",
      "reverse": "",
      "version": "IPv6",
      "reverse_status": "unknown",
      "reverse_status_message": ""
    },
    {
      "id": "aa4c401a-855f-4216-ae4e-e87ea476a4a9",
      "address": "62.210.158.140",
      "reverse": "",
      "version": "IPv4",
      "reverse_status": "unknown",
      "reverse_status_message": ""
    }
  ],
  "domain": "",
  "boot_type": "normal",
  "zone": "fr-par-1",
  "install": null,
  "ping_status": "ping_status_unknown",
  "options": [],
  "rescue_server": null
}
