🎲🎲🎲 EXIT CODE: 0 🎲🎲🎲
🟩🟩🟩 STDOUT️ 🟩🟩🟩️
ID                          edfb54ea-70af-46d0-9a62-cf347234cc8f
OrganizationID              951df375-e094-4d26-97c1-ba548eeb9c42
ProjectID                   951df375-e094-4d26-97c1-ba548eeb9c42
Name                        cli-bm-amazing-leakey
Description                 -
UpdatedAt                   few seconds ago
CreatedAt                   few seconds ago
Status                      ready
OfferID                     c27dd792-2538-4c54-8989-f460b1aeb5fd
OfferName                   -
IPs.0.ID                    409c47d1-bbc1-4031-be02-962c6eb697d3
IPs.0.Address               51.158.156.33
IPs.0.Reverse               edfb54ea-70af-46d0-9a62-cf347234cc8f.nl-ams-1.baremetal.scw.cloud
IPs.0.Version               IPv4
IPs.0.ReverseStatus         pending
IPs.0.ReverseStatusMessage  -
IPs.1.ID                    5e02f53e-3224-429b-a5cf-2751ddc477b2
IPs.1.Address               2001:bc8:1600:6:224:ecff:fef2:2acc
IPs.1.Reverse               edfb54ea-70af-46d0-9a62-cf347234cc8f.nl-ams-1.baremetal.scw.cloud
IPs.1.Version               IPv6
IPs.1.ReverseStatus         pending
IPs.1.ReverseStatusMessage  -
Domain                      edfb54ea-70af-46d0-9a62-cf347234cc8f.nl-ams-1.baremetal.scw.cloud
BootType                    normal
Zone                        nl-ams-1
PingStatus                  down
🟩🟩🟩 JSON STDOUT 🟩🟩🟩
{
  "id": "edfb54ea-70af-46d0-9a62-cf347234cc8f",
  "organization_id": "951df375-e094-4d26-97c1-ba548eeb9c42",
  "project_id": "951df375-e094-4d26-97c1-ba548eeb9c42",
  "name": "cli-bm-amazing-leakey",
  "description": "",
  "updated_at": "1970-01-01T00:00:00.0Z",
  "created_at": "1970-01-01T00:00:00.0Z",
  "status": "ready",
  "offer_id": "c27dd792-2538-4c54-8989-f460b1aeb5fd",
  "offer_name": "",
  "tags": [],
  "ips": [
    {
      "id": "409c47d1-bbc1-4031-be02-962c6eb697d3",
      "address": "51.158.156.33",
      "reverse": "edfb54ea-70af-46d0-9a62-cf347234cc8f.nl-ams-1.baremetal.scw.cloud",
      "version": "IPv4",
      "reverse_status": "pending",
      "reverse_status_message": ""
    },
    {
      "id": "5e02f53e-3224-429b-a5cf-2751ddc477b2",
      "address": "2001:bc8:1600:6:224:ecff:fef2:2acc",
      "reverse": "edfb54ea-70af-46d0-9a62-cf347234cc8f.nl-ams-1.baremetal.scw.cloud",
      "version": "IPv6",
      "reverse_status": "pending",
      "reverse_status_message": ""
    }
  ],
  "domain": "edfb54ea-70af-46d0-9a62-cf347234cc8f.nl-ams-1.baremetal.scw.cloud",
  "boot_type": "normal",
  "zone": "nl-ams-1",
  "install": null,
  "ping_status": "ping_status_down",
  "options": null,
  "rescue_server": null
}
