id               aecb6bf4-db1a-4d9b-9b65-d6e241fc22b6
organization-id  951df375-e094-4d26-97c1-ba548eeb9c42
name             cli-bm-festive-saha
description      -
updated-at       few seconds ago
created-at       few seconds ago
status           undelivered
offer-id         964f9b38-577e-470f-a220-7d762f9e8672
domain           -
boot-type        normal
zone             fr-par-2
