🎲🎲🎲 EXIT CODE: 0 🎲🎲🎲
🟩🟩🟩 STDOUT️ 🟩🟩🟩️
ID                              ba088644-4fd3-4bc2-aa3c-8f757d9f7cd9
Name                            cli-pn-gifted-lalande
OrganizationID                  951df375-e094-4d26-97c1-ba548eeb9c42
ProjectID                       951df375-e094-4d26-97c1-ba548eeb9c42
Region                          fr-par
CreatedAt                       few seconds ago
UpdatedAt                       few seconds ago
VpcID                           4c837446-e418-4326-af43-4a445ea0aab8
DHCPEnabled                     true
DefaultRoutePropagationEnabled  false

Instance Servers:
ID                                    NAME                       STATE     NIC ID                                MAC ADDRESS
aad941fb-ef0a-405c-958c-49803317f74a  cli-srv-determined-wilson  archived  f5877712-d204-42ed-a17a-038f2c04d314  02:00:00:16:8d:7c

Subnets:
ID                                    CREATED AT       UPDATED AT       SUBNET                    PROJECT ID                            PRIVATE NETWORK ID                    VPC ID
90ba6f85-d1d5-4f06-8b97-45dc6517e52d  few seconds ago  few seconds ago  172.16.20.0/22            951df375-e094-4d26-97c1-ba548eeb9c42  ba088644-4fd3-4bc2-aa3c-8f757d9f7cd9  4c837446-e418-4326-af43-4a445ea0aab8
840c5bd0-3070-42e4-ad57-c63c886addcf  few seconds ago  few seconds ago  fd49:821a:a311:fbdb::/64  951df375-e094-4d26-97c1-ba548eeb9c42  ba088644-4fd3-4bc2-aa3c-8f757d9f7cd9  4c837446-e418-4326-af43-4a445ea0aab8
🟩🟩🟩 JSON STDOUT 🟩🟩🟩
{
  "id": "ba088644-4fd3-4bc2-aa3c-8f757d9f7cd9",
  "name": "cli-pn-gifted-lalande",
  "organization_id": "951df375-e094-4d26-97c1-ba548eeb9c42",
  "project_id": "951df375-e094-4d26-97c1-ba548eeb9c42",
  "region": "fr-par",
  "tags": [],
  "created_at": "1970-01-01T00:00:00.0Z",
  "updated_at": "1970-01-01T00:00:00.0Z",
  "subnets": [
    {
      "id": "90ba6f85-d1d5-4f06-8b97-45dc6517e52d",
      "created_at": "1970-01-01T00:00:00.0Z",
      "updated_at": "1970-01-01T00:00:00.0Z",
      "subnet": "172.16.20.0/22",
      "project_id": "951df375-e094-4d26-97c1-ba548eeb9c42",
      "private_network_id": "ba088644-4fd3-4bc2-aa3c-8f757d9f7cd9",
      "vpc_id": "4c837446-e418-4326-af43-4a445ea0aab8"
    },
    {
      "id": "840c5bd0-3070-42e4-ad57-c63c886addcf",
      "created_at": "1970-01-01T00:00:00.0Z",
      "updated_at": "1970-01-01T00:00:00.0Z",
      "subnet": "fd49:821a:a311:fbdb::/64",
      "project_id": "951df375-e094-4d26-97c1-ba548eeb9c42",
      "private_network_id": "ba088644-4fd3-4bc2-aa3c-8f757d9f7cd9",
      "vpc_id": "4c837446-e418-4326-af43-4a445ea0aab8"
    }
  ],
  "vpc_id": "4c837446-e418-4326-af43-4a445ea0aab8",
  "dhcp_enabled": true,
  "default_route_propagation_enabled": false,
  "instance_servers": [
    {
      "id": "aad941fb-ef0a-405c-958c-49803317f74a",
      "name": "cli-srv-determined-wilson",
      "state": "stopped",
      "nic_id": "f5877712-d204-42ed-a17a-038f2c04d314",
      "mac": "02:00:00:16:8d:7c"
    }
  ]
}
