🎲🎲🎲 EXIT CODE: 1 🎲🎲🎲
🟥🟥🟥 STDERR️️ 🟥🟥🟥️
Could not create bucket lifecycle configuration: operation error S3: PutBucketLifecycleConfiguration, https response error StatusCode: 400, RequestID: txge6a8b4ae024a45e9bc55-006a85635d, HostID: txge6a8b4ae024a45e9bc55-006a85635d, api error MalformedXML: Lifecycle configuration cannot be empty
🟥🟥🟥 JSON STDERR 🟥🟥🟥
{
  "error": "could not create bucket lifecycle configuration: operation error S3: PutBucketLifecycleConfiguration, https response error StatusCode: 400, RequestID: txge6a8b4ae024a45e9bc55-006a85635d, HostID: txge6a8b4ae024a45e9bc55-006a85635d, api error MalformedXML: Lifecycle configuration cannot be empty"
}
