🎲🎲🎲 EXIT CODE: 0 🎲🎲🎲
🟩🟩🟩 STDOUT️ 🟩🟩🟩️
ID                cli-test-bucket-get-
Region            fr-par
APIEndpoint       https://s3.fr-par.scw.cloud
BucketEndpoint    https://cli-test-bucket-get-.s3.fr-par.scw.cloud
EnableVersioning  false
Owner             de2b260d-2c2e-4be9-baa0-99d8ed17f1da
Size              0 B
NbObjects         0
NbParts           0

Acl:
GRANTEE                               PERMISSION
de2b260d-2c2e-4be9-baa0-99d8ed17f1da  FULL_CONTROL
🟩🟩🟩 JSON STDOUT 🟩🟩🟩
{
  "ID": "cli-test-bucket-get-",
  "Region": "fr-par",
  "APIEndpoint": "https://s3.fr-par.scw.cloud",
  "BucketEndpoint": "https://cli-test-bucket-get-.s3.fr-par.scw.cloud",
  "EnableVersioning": false,
  "Tags": null,
  "ACL": [
    {
      "Grantee": "de2b260d-2c2e-4be9-baa0-99d8ed17f1da",
      "Permission": "FULL_CONTROL"
    }
  ],
  "Owner": "de2b260d-2c2e-4be9-baa0-99d8ed17f1da",
  "Size": 0,
  "NbObjects": 0,
  "NbParts": 0
}
