🎲🎲🎲 EXIT CODE: 0 🎲🎲🎲
🟩🟩🟩 STDOUT️ 🟩🟩🟩️
ID                cli-test-bucket-get-151354374461780574
Region            fr-par
APIEndpoint       https://s3.fr-par.scw.cloud
BucketEndpoint    https://cli-test-bucket-get-151354374461780574.s3.fr-par.scw.cloud
EnableVersioning  false
Owner             105bdce1-64c0-48ab-899d-868455867ecf
Size              0 B
NbObjects         0
NbParts           0

Acl:
GRANTEE                               PERMISSION
105bdce1-64c0-48ab-899d-868455867ecf  FULL_CONTROL
🟩🟩🟩 JSON STDOUT 🟩🟩🟩
{
  "ID": "cli-test-bucket-get-151354374461780574",
  "Region": "fr-par",
  "APIEndpoint": "https://s3.fr-par.scw.cloud",
  "BucketEndpoint": "https://cli-test-bucket-get-151354374461780574.s3.fr-par.scw.cloud",
  "EnableVersioning": false,
  "Tags": null,
  "ACL": [
    {
      "Grantee": "105bdce1-64c0-48ab-899d-868455867ecf",
      "Permission": "FULL_CONTROL"
    }
  ],
  "Owner": "105bdce1-64c0-48ab-899d-868455867ecf",
  "Size": 0,
  "NbObjects": 0,
  "NbParts": 0
}
