---
version: 1
interactions:
- request:
    body: '{"namespaces":[],"total_count":0}'
    form: {}
    headers:
      User-Agent:
      - scaleway-sdk-go/v1.0.0-beta.7+dev (go1.25.1; darwin; arm64) cli-e2e-test
    url: https://api.scaleway.com/containers/v1beta1/regions/fr-par/namespaces?name=cli-t-ctnr-deploy-s&order_by=created_at_asc&page=1
    method: GET
  response:
    body: '{"namespaces":[],"total_count":0}'
    headers:
      Content-Length:
      - "33"
      Content-Security-Policy:
      - default-src 'none'; frame-ancestors 'none'
      Content-Type:
      - application/json
      Date:
      - Mon, 08 Sep 2025 12:18:45 GMT
      Server:
      - Scaleway API Gateway (fr-par-1;edge01)
      Strict-Transport-Security:
      - max-age=63072000
      X-Content-Type-Options:
      - nosniff
      X-Frame-Options:
      - DENY
      X-Request-Id:
      - 58d1277a-a29d-43e5-bc27-1460299df5cd
    status: 200 OK
    code: 200
    duration: ""
- request:
    body: '{"id":"eab9ca37-264f-4670-b825-fae21c231842","name":"cli-t-ctnr-deploy-s","environment_variables":{},"organization_id":"951df375-e094-4d26-97c1-ba548eeb9c42","project_id":"951df375-e094-4d26-97c1-ba548eeb9c42","status":"pending","registry_namespace_id":"","error_message":null,"registry_endpoint":"","description":"","secret_environment_variables":[],"tags":[],"created_at":"2025-09-08T12:18:46.640706292Z","updated_at":"2025-09-08T12:18:46.640706292Z","vpc_integration_activated":false,"region":"fr-par"}'
    form: {}
    headers:
      Content-Type:
      - application/json
      User-Agent:
      - scaleway-sdk-go/v1.0.0-beta.7+dev (go1.25.1; darwin; arm64) cli-e2e-test
    url: https://api.scaleway.com/containers/v1beta1/regions/fr-par/namespaces
    method: POST
  response:
    body: '{"id":"eab9ca37-264f-4670-b825-fae21c231842","name":"cli-t-ctnr-deploy-s","environment_variables":{},"organization_id":"951df375-e094-4d26-97c1-ba548eeb9c42","project_id":"951df375-e094-4d26-97c1-ba548eeb9c42","status":"pending","registry_namespace_id":"","error_message":null,"registry_endpoint":"","description":"","secret_environment_variables":[],"tags":[],"created_at":"2025-09-08T12:18:46.640706292Z","updated_at":"2025-09-08T12:18:46.640706292Z","vpc_integration_activated":false,"region":"fr-par"}'
    headers:
      Content-Length:
      - "505"
      Content-Security-Policy:
      - default-src 'none'; frame-ancestors 'none'
      Content-Type:
      - application/json
      Date:
      - Mon, 08 Sep 2025 12:18:46 GMT
      Server:
      - Scaleway API Gateway (fr-par-1;edge01)
      Strict-Transport-Security:
      - max-age=63072000
      X-Content-Type-Options:
      - nosniff
      X-Frame-Options:
      - DENY
      X-Request-Id:
      - 03141d24-02e0-40da-8f62-fdd418502ecd
    status: 200 OK
    code: 200
    duration: ""
- request:
    body: '{"id":"eab9ca37-264f-4670-b825-fae21c231842","name":"cli-t-ctnr-deploy-s","environment_variables":{},"organization_id":"951df375-e094-4d26-97c1-ba548eeb9c42","project_id":"951df375-e094-4d26-97c1-ba548eeb9c42","status":"pending","registry_namespace_id":"","error_message":null,"registry_endpoint":"","description":"","secret_environment_variables":[],"tags":[],"created_at":"2025-09-08T12:18:46.640706Z","updated_at":"2025-09-08T12:18:46.640706Z","vpc_integration_activated":false,"region":"fr-par"}'
    form: {}
    headers:
      User-Agent:
      - scaleway-sdk-go/v1.0.0-beta.7+dev (go1.25.1; darwin; arm64) cli-e2e-test
    url: https://api.scaleway.com/containers/v1beta1/regions/fr-par/namespaces/eab9ca37-264f-4670-b825-fae21c231842
    method: GET
  response:
    body: '{"id":"eab9ca37-264f-4670-b825-fae21c231842","name":"cli-t-ctnr-deploy-s","environment_variables":{},"organization_id":"951df375-e094-4d26-97c1-ba548eeb9c42","project_id":"951df375-e094-4d26-97c1-ba548eeb9c42","status":"pending","registry_namespace_id":"","error_message":null,"registry_endpoint":"","description":"","secret_environment_variables":[],"tags":[],"created_at":"2025-09-08T12:18:46.640706Z","updated_at":"2025-09-08T12:18:46.640706Z","vpc_integration_activated":false,"region":"fr-par"}'
    headers:
      Content-Length:
      - "499"
      Content-Security-Policy:
      - default-src 'none'; frame-ancestors 'none'
      Content-Type:
      - application/json
      Date:
      - Mon, 08 Sep 2025 12:18:46 GMT
      Server:
      - Scaleway API Gateway (fr-par-1;edge01)
      Strict-Transport-Security:
      - max-age=63072000
      X-Content-Type-Options:
      - nosniff
      X-Frame-Options:
      - DENY
      X-Request-Id:
      - 7c531fd2-a64e-4167-91f0-4d29f1bdbed1
    status: 200 OK
    code: 200
    duration: ""
- request:
    body: '{"id":"eab9ca37-264f-4670-b825-fae21c231842","name":"cli-t-ctnr-deploy-s","environment_variables":{},"organization_id":"951df375-e094-4d26-97c1-ba548eeb9c42","project_id":"951df375-e094-4d26-97c1-ba548eeb9c42","status":"ready","registry_namespace_id":"a116b7e0-dd38-4bba-a6db-19c10ce5000f","error_message":null,"registry_endpoint":"rg.fr-par.scw.cloud/funcscwclitctnrdeploysy040pszu","description":"","secret_environment_variables":[],"tags":[],"created_at":"2025-09-08T12:18:46.640706Z","updated_at":"2025-09-08T12:18:48.993250Z","vpc_integration_activated":false,"region":"fr-par"}'
    form: {}
    headers:
      User-Agent:
      - scaleway-sdk-go/v1.0.0-beta.7+dev (go1.25.1; darwin; arm64) cli-e2e-test
    url: https://api.scaleway.com/containers/v1beta1/regions/fr-par/namespaces/eab9ca37-264f-4670-b825-fae21c231842
    method: GET
  response:
    body: '{"id":"eab9ca37-264f-4670-b825-fae21c231842","name":"cli-t-ctnr-deploy-s","environment_variables":{},"organization_id":"951df375-e094-4d26-97c1-ba548eeb9c42","project_id":"951df375-e094-4d26-97c1-ba548eeb9c42","status":"ready","registry_namespace_id":"a116b7e0-dd38-4bba-a6db-19c10ce5000f","error_message":null,"registry_endpoint":"rg.fr-par.scw.cloud/funcscwclitctnrdeploysy040pszu","description":"","secret_environment_variables":[],"tags":[],"created_at":"2025-09-08T12:18:46.640706Z","updated_at":"2025-09-08T12:18:48.993250Z","vpc_integration_activated":false,"region":"fr-par"}'
    headers:
      Content-Length:
      - "583"
      Content-Security-Policy:
      - default-src 'none'; frame-ancestors 'none'
      Content-Type:
      - application/json
      Date:
      - Mon, 08 Sep 2025 12:18:51 GMT
      Server:
      - Scaleway API Gateway (fr-par-1;edge01)
      Strict-Transport-Security:
      - max-age=63072000
      X-Content-Type-Options:
      - nosniff
      X-Frame-Options:
      - DENY
      X-Request-Id:
      - 211e73e3-2674-4d0f-9ced-d82c0e648b9b
    status: 200 OK
    code: 200
    duration: ""
- request:
    body: ""
    form: {}
    headers: {}
    url: http://%2Fvar%2Frun%2Fdocker.sock/_ping
    method: HEAD
  response:
    body: ""
    headers:
      Api-Version:
      - "1.51"
      Builder-Version:
      - "2"
      Cache-Control:
      - no-cache, no-store, must-revalidate
      Content-Type:
      - text/plain; charset=utf-8
      Date:
      - Mon, 08 Sep 2025 12:18:51 GMT
      Docker-Experimental:
      - "false"
      Ostype:
      - linux
      Pragma:
      - no-cache
      Server:
      - Docker/28.3.3 (linux)
      Swarm:
      - inactive
    status: 200 OK
    code: 200
    duration: ""
- request:
    body: "{\"stream\":\"Step 1/4 : FROM nginx:alpine\"}\r\n{\"stream\":\"\\n\"}\r\n{\"status\":\"Pulling
      from library/nginx\",\"id\":\"alpine\"}\r\n{\"status\":\"Pulling fs layer\",\"progressDetail\":{},\"id\":\"021cb5923c0e\"}\r\n{\"status\":\"Pulling
      fs layer\",\"progressDetail\":{},\"id\":\"49f3b06c840f\"}\r\n{\"status\":\"Pulling
      fs layer\",\"progressDetail\":{},\"id\":\"04ba7957f9d2\"}\r\n{\"status\":\"Pulling
      fs layer\",\"progressDetail\":{},\"id\":\"66ce170f7dd8\"}\r\n{\"status\":\"Pulling
      fs layer\",\"progressDetail\":{},\"id\":\"6c2c01fdb094\"}\r\n{\"status\":\"Pulling
      fs layer\",\"progressDetail\":{},\"id\":\"6156ecb6dfff\"}\r\n{\"status\":\"Pulling
      fs layer\",\"progressDetail\":{},\"id\":\"0bc2f07fbf03\"}\r\n{\"status\":\"Download
      complete\",\"progressDetail\":{\"hidecounts\":true},\"id\":\"49f3b06c840f\"}\r\n{\"status\":\"Extracting\",\"progressDetail\":{\"current\":1,\"units\":\"s\"},\"progress\":\"1
      s\",\"id\":\"49f3b06c840f\"}\r\n{\"status\":\"Downloading\",\"progressDetail\":{\"current\":2097152,\"total\":16988973},\"progress\":\"[======\\u003e
      \                                           ]  2.097MB/16.99MB\",\"id\":\"021cb5923c0e\"}\r\n{\"status\":\"Pull
      complete\",\"progressDetail\":{\"hidecounts\":true},\"id\":\"49f3b06c840f\"}\r\n{\"status\":\"Download
      complete\",\"progressDetail\":{\"hidecounts\":true},\"id\":\"0bc2f07fbf03\"}\r\n{\"status\":\"Downloading\",\"progressDetail\":{\"current\":6291456,\"total\":16988973},\"progress\":\"[==================\\u003e
      \                               ]  6.291MB/16.99MB\",\"id\":\"021cb5923c0e\"}\r\n{\"status\":\"Download
      complete\",\"progressDetail\":{\"hidecounts\":true},\"id\":\"6c2c01fdb094\"}\r\n{\"status\":\"Download
      complete\",\"progressDetail\":{\"hidecounts\":true},\"id\":\"66ce170f7dd8\"}\r\n{\"status\":\"Downloading\",\"progressDetail\":{\"current\":10485760,\"total\":16988973},\"progress\":\"[==============================\\u003e
      \                   ]  10.49MB/16.99MB\",\"id\":\"021cb5923c0e\"}\r\n{\"status\":\"Download
      complete\",\"progressDetail\":{\"hidecounts\":true},\"id\":\"04ba7957f9d2\"}\r\n{\"status\":\"Pull
      complete\",\"progressDetail\":{\"hidecounts\":true},\"id\":\"04ba7957f9d2\"}\r\n{\"status\":\"Download
      complete\",\"progressDetail\":{\"hidecounts\":true},\"id\":\"6156ecb6dfff\"}\r\n{\"status\":\"Downloading\",\"progressDetail\":{\"current\":14680064,\"total\":16988973},\"progress\":\"[===========================================\\u003e
      \      ]  14.68MB/16.99MB\",\"id\":\"021cb5923c0e\"}\r\n{\"status\":\"Pull complete\",\"progressDetail\":{\"hidecounts\":true},\"id\":\"0bc2f07fbf03\"}\r\n{\"status\":\"Pull
      complete\",\"progressDetail\":{\"hidecounts\":true},\"id\":\"6c2c01fdb094\"}\r\n{\"status\":\"Pull
      complete\",\"progressDetail\":{\"hidecounts\":true},\"id\":\"66ce170f7dd8\"}\r\n{\"status\":\"Pull
      complete\",\"progressDetail\":{\"hidecounts\":true},\"id\":\"6156ecb6dfff\"}\r\n{\"status\":\"Download
      complete\",\"progressDetail\":{\"hidecounts\":true},\"id\":\"021cb5923c0e\"}\r\n{\"status\":\"Extracting\",\"progressDetail\":{\"current\":1,\"units\":\"s\"},\"progress\":\"1
      s\",\"id\":\"021cb5923c0e\"}\r\n{\"status\":\"Extracting\",\"progressDetail\":{\"current\":1,\"units\":\"s\"},\"progress\":\"1
      s\",\"id\":\"021cb5923c0e\"}\r\n{\"status\":\"Extracting\",\"progressDetail\":{\"current\":1,\"units\":\"s\"},\"progress\":\"1
      s\",\"id\":\"021cb5923c0e\"}\r\n{\"status\":\"Extracting\",\"progressDetail\":{\"current\":1,\"units\":\"s\"},\"progress\":\"1
      s\",\"id\":\"021cb5923c0e\"}\r\n{\"status\":\"Pull complete\",\"progressDetail\":{\"hidecounts\":true},\"id\":\"021cb5923c0e\"}\r\n{\"status\":\"Digest:
      sha256:42a516af16b852e33b7682d5ef8acbd5d13fe08fecadc7ed98605ba5e3b26ab8\"}\r\n{\"status\":\"Status:
      Downloaded newer image for nginx:alpine\"}\r\n{\"stream\":\" ---\\u003e 42a516af16b8\\n\"}\r\n{\"stream\":\"Step
      2/4 : RUN apk add --no-cache curl git bash\"}\r\n{\"stream\":\"\\n\"}\r\n{\"stream\":\"
      ---\\u003e Running in 7444490241be\\n\"}\r\n{\"stream\":\"fetch https://dl-cdn.alpinelinux.org/alpine/v3.22/main/aarch64/APKINDEX.tar.gz\\n\"}\r\n{\"stream\":\"fetch
      https://dl-cdn.alpinelinux.org/alpine/v3.22/community/aarch64/APKINDEX.tar.gz\\n\"}\r\n{\"stream\":\"(1/4)
      Installing readline (8.2.13-r1)\\n\"}\r\n{\"stream\":\"(2/4) Installing bash
      (5.2.37-r0)\\n\"}\r\n{\"stream\":\"Executing bash-5.2.37-r0.post-install\\n\"}\r\n{\"stream\":\"(3/4)
      Installing git (2.49.1-r0)\\n\"}\r\n{\"stream\":\"(4/4) Installing git-init-template
      (2.49.1-r0)\\n\"}\r\n{\"stream\":\"Executing busybox-1.37.0-r18.trigger\\n\"}\r\n{\"stream\":\"OK:
      60 MiB in 74 packages\\n\"}\r\n{\"stream\":\" ---\\u003e 11667ca862c7\\n\"}\r\n{\"stream\":\"Step
      3/4 : COPY ./index.html /usr/share/nginx/html/index.html\"}\r\n{\"stream\":\"\\n\"}\r\n{\"stream\":\"
      ---\\u003e 8ef66367ffd4\\n\"}\r\n{\"stream\":\"Step 4/4 : EXPOSE 80\"}\r\n{\"stream\":\"\\n\"}\r\n{\"stream\":\"
      ---\\u003e Running in 343f85c1a87d\\n\"}\r\n{\"stream\":\" ---\\u003e 85d49ddb70ab\\n\"}\r\n{\"aux\":{\"ID\":\"sha256:85d49ddb70abe9c6fd0263f32159cae1956017601b2872b2143751370b3a5dbd\"}}\r\n{\"stream\":\"Successfully
      built 85d49ddb70ab\\n\"}\r\n{\"stream\":\"Successfully tagged rg.fr-par.scw.cloud/funcscwclitctnrdeploysy040pszu/cli-t-ctnr-deploy-s:latest\\n\"}\r\n"
    form: {}
    headers:
      Content-Type:
      - application/x-tar
      X-Registry-Config:
      - bnVsbA==
    url: http://%2Fvar%2Frun%2Fdocker.sock/v1.51/build?dockerfile=Dockerfile&rm=0&t=rg.fr-par.scw.cloud%2Ffuncscwclitctnrdeploysy040pszu%2Fcli-t-ctnr-deploy-s%3Alatest
    method: POST
  response:
    body: "{\"stream\":\"Step 1/4 : FROM nginx:alpine\"}\r\n{\"stream\":\"\\n\"}\r\n{\"status\":\"Pulling
      from library/nginx\",\"id\":\"alpine\"}\r\n{\"status\":\"Pulling fs layer\",\"progressDetail\":{},\"id\":\"021cb5923c0e\"}\r\n{\"status\":\"Pulling
      fs layer\",\"progressDetail\":{},\"id\":\"49f3b06c840f\"}\r\n{\"status\":\"Pulling
      fs layer\",\"progressDetail\":{},\"id\":\"04ba7957f9d2\"}\r\n{\"status\":\"Pulling
      fs layer\",\"progressDetail\":{},\"id\":\"66ce170f7dd8\"}\r\n{\"status\":\"Pulling
      fs layer\",\"progressDetail\":{},\"id\":\"6c2c01fdb094\"}\r\n{\"status\":\"Pulling
      fs layer\",\"progressDetail\":{},\"id\":\"6156ecb6dfff\"}\r\n{\"status\":\"Pulling
      fs layer\",\"progressDetail\":{},\"id\":\"0bc2f07fbf03\"}\r\n{\"status\":\"Download
      complete\",\"progressDetail\":{\"hidecounts\":true},\"id\":\"49f3b06c840f\"}\r\n{\"status\":\"Extracting\",\"progressDetail\":{\"current\":1,\"units\":\"s\"},\"progress\":\"1
      s\",\"id\":\"49f3b06c840f\"}\r\n{\"status\":\"Downloading\",\"progressDetail\":{\"current\":2097152,\"total\":16988973},\"progress\":\"[======\\u003e
      \                                           ]  2.097MB/16.99MB\",\"id\":\"021cb5923c0e\"}\r\n{\"status\":\"Pull
      complete\",\"progressDetail\":{\"hidecounts\":true},\"id\":\"49f3b06c840f\"}\r\n{\"status\":\"Download
      complete\",\"progressDetail\":{\"hidecounts\":true},\"id\":\"0bc2f07fbf03\"}\r\n{\"status\":\"Downloading\",\"progressDetail\":{\"current\":6291456,\"total\":16988973},\"progress\":\"[==================\\u003e
      \                               ]  6.291MB/16.99MB\",\"id\":\"021cb5923c0e\"}\r\n{\"status\":\"Download
      complete\",\"progressDetail\":{\"hidecounts\":true},\"id\":\"6c2c01fdb094\"}\r\n{\"status\":\"Download
      complete\",\"progressDetail\":{\"hidecounts\":true},\"id\":\"66ce170f7dd8\"}\r\n{\"status\":\"Downloading\",\"progressDetail\":{\"current\":10485760,\"total\":16988973},\"progress\":\"[==============================\\u003e
      \                   ]  10.49MB/16.99MB\",\"id\":\"021cb5923c0e\"}\r\n{\"status\":\"Download
      complete\",\"progressDetail\":{\"hidecounts\":true},\"id\":\"04ba7957f9d2\"}\r\n{\"status\":\"Pull
      complete\",\"progressDetail\":{\"hidecounts\":true},\"id\":\"04ba7957f9d2\"}\r\n{\"status\":\"Download
      complete\",\"progressDetail\":{\"hidecounts\":true},\"id\":\"6156ecb6dfff\"}\r\n{\"status\":\"Downloading\",\"progressDetail\":{\"current\":14680064,\"total\":16988973},\"progress\":\"[===========================================\\u003e
      \      ]  14.68MB/16.99MB\",\"id\":\"021cb5923c0e\"}\r\n{\"status\":\"Pull complete\",\"progressDetail\":{\"hidecounts\":true},\"id\":\"0bc2f07fbf03\"}\r\n{\"status\":\"Pull
      complete\",\"progressDetail\":{\"hidecounts\":true},\"id\":\"6c2c01fdb094\"}\r\n{\"status\":\"Pull
      complete\",\"progressDetail\":{\"hidecounts\":true},\"id\":\"66ce170f7dd8\"}\r\n{\"status\":\"Pull
      complete\",\"progressDetail\":{\"hidecounts\":true},\"id\":\"6156ecb6dfff\"}\r\n{\"status\":\"Download
      complete\",\"progressDetail\":{\"hidecounts\":true},\"id\":\"021cb5923c0e\"}\r\n{\"status\":\"Extracting\",\"progressDetail\":{\"current\":1,\"units\":\"s\"},\"progress\":\"1
      s\",\"id\":\"021cb5923c0e\"}\r\n{\"status\":\"Extracting\",\"progressDetail\":{\"current\":1,\"units\":\"s\"},\"progress\":\"1
      s\",\"id\":\"021cb5923c0e\"}\r\n{\"status\":\"Extracting\",\"progressDetail\":{\"current\":1,\"units\":\"s\"},\"progress\":\"1
      s\",\"id\":\"021cb5923c0e\"}\r\n{\"status\":\"Extracting\",\"progressDetail\":{\"current\":1,\"units\":\"s\"},\"progress\":\"1
      s\",\"id\":\"021cb5923c0e\"}\r\n{\"status\":\"Pull complete\",\"progressDetail\":{\"hidecounts\":true},\"id\":\"021cb5923c0e\"}\r\n{\"status\":\"Digest:
      sha256:42a516af16b852e33b7682d5ef8acbd5d13fe08fecadc7ed98605ba5e3b26ab8\"}\r\n{\"status\":\"Status:
      Downloaded newer image for nginx:alpine\"}\r\n{\"stream\":\" ---\\u003e 42a516af16b8\\n\"}\r\n{\"stream\":\"Step
      2/4 : RUN apk add --no-cache curl git bash\"}\r\n{\"stream\":\"\\n\"}\r\n{\"stream\":\"
      ---\\u003e Running in 7444490241be\\n\"}\r\n{\"stream\":\"fetch https://dl-cdn.alpinelinux.org/alpine/v3.22/main/aarch64/APKINDEX.tar.gz\\n\"}\r\n{\"stream\":\"fetch
      https://dl-cdn.alpinelinux.org/alpine/v3.22/community/aarch64/APKINDEX.tar.gz\\n\"}\r\n{\"stream\":\"(1/4)
      Installing readline (8.2.13-r1)\\n\"}\r\n{\"stream\":\"(2/4) Installing bash
      (5.2.37-r0)\\n\"}\r\n{\"stream\":\"Executing bash-5.2.37-r0.post-install\\n\"}\r\n{\"stream\":\"(3/4)
      Installing git (2.49.1-r0)\\n\"}\r\n{\"stream\":\"(4/4) Installing git-init-template
      (2.49.1-r0)\\n\"}\r\n{\"stream\":\"Executing busybox-1.37.0-r18.trigger\\n\"}\r\n{\"stream\":\"OK:
      60 MiB in 74 packages\\n\"}\r\n{\"stream\":\" ---\\u003e 11667ca862c7\\n\"}\r\n{\"stream\":\"Step
      3/4 : COPY ./index.html /usr/share/nginx/html/index.html\"}\r\n{\"stream\":\"\\n\"}\r\n{\"stream\":\"
      ---\\u003e 8ef66367ffd4\\n\"}\r\n{\"stream\":\"Step 4/4 : EXPOSE 80\"}\r\n{\"stream\":\"\\n\"}\r\n{\"stream\":\"
      ---\\u003e Running in 343f85c1a87d\\n\"}\r\n{\"stream\":\" ---\\u003e 85d49ddb70ab\\n\"}\r\n{\"aux\":{\"ID\":\"sha256:85d49ddb70abe9c6fd0263f32159cae1956017601b2872b2143751370b3a5dbd\"}}\r\n{\"stream\":\"Successfully
      built 85d49ddb70ab\\n\"}\r\n{\"stream\":\"Successfully tagged rg.fr-par.scw.cloud/funcscwclitctnrdeploysy040pszu/cli-t-ctnr-deploy-s:latest\\n\"}\r\n"
    headers:
      Api-Version:
      - "1.51"
      Content-Type:
      - application/json
      Date:
      - Mon, 08 Sep 2025 12:18:51 GMT
      Docker-Experimental:
      - "false"
      Ostype:
      - linux
      Server:
      - Docker/28.3.3 (linux)
    status: 200 OK
    code: 200
    duration: ""
- request:
    body: "{\"status\":\"The push refers to repository [rg.fr-par.scw.cloud/funcscwclitctnrdeploysy040pszu/cli-t-ctnr-deploy-s]\"}\r\n{\"status\":\"Waiting\",\"progressDetail\":{},\"id\":\"6156ecb6dfff\"}\r\n{\"status\":\"Waiting\",\"progressDetail\":{},\"id\":\"6e174226ea69\"}\r\n{\"status\":\"Waiting\",\"progressDetail\":{},\"id\":\"49f3b06c840f\"}\r\n{\"status\":\"Waiting\",\"progressDetail\":{},\"id\":\"04ba7957f9d2\"}\r\n{\"status\":\"Waiting\",\"progressDetail\":{},\"id\":\"66ce170f7dd8\"}\r\n{\"status\":\"Waiting\",\"progressDetail\":{},\"id\":\"0bc2f07fbf03\"}\r\n{\"status\":\"Waiting\",\"progressDetail\":{},\"id\":\"021cb5923c0e\"}\r\n{\"status\":\"Waiting\",\"progressDetail\":{},\"id\":\"556d70b7bec9\"}\r\n{\"status\":\"Waiting\",\"progressDetail\":{},\"id\":\"6c2c01fdb094\"}\r\n{\"status\":\"Waiting\",\"progressDetail\":{},\"id\":\"24e19c209694\"}\r\n{\"status\":\"Waiting\",\"progressDetail\":{},\"id\":\"49f3b06c840f\"}\r\n{\"status\":\"Waiting\",\"progressDetail\":{},\"id\":\"04ba7957f9d2\"}\r\n{\"status\":\"Waiting\",\"progressDetail\":{},\"id\":\"66ce170f7dd8\"}\r\n{\"status\":\"Waiting\",\"progressDetail\":{},\"id\":\"0bc2f07fbf03\"}\r\n{\"status\":\"Waiting\",\"progressDetail\":{},\"id\":\"021cb5923c0e\"}\r\n{\"status\":\"Waiting\",\"progressDetail\":{},\"id\":\"556d70b7bec9\"}\r\n{\"status\":\"Waiting\",\"progressDetail\":{},\"id\":\"6c2c01fdb094\"}\r\n{\"status\":\"Waiting\",\"progressDetail\":{},\"id\":\"24e19c209694\"}\r\n{\"status\":\"Waiting\",\"progressDetail\":{},\"id\":\"6156ecb6dfff\"}\r\n{\"status\":\"Waiting\",\"progressDetail\":{},\"id\":\"6e174226ea69\"}\r\n{\"status\":\"Waiting\",\"progressDetail\":{},\"id\":\"6e174226ea69\"}\r\n{\"status\":\"Waiting\",\"progressDetail\":{},\"id\":\"49f3b06c840f\"}\r\n{\"status\":\"Waiting\",\"progressDetail\":{},\"id\":\"04ba7957f9d2\"}\r\n{\"status\":\"Waiting\",\"progressDetail\":{},\"id\":\"66ce170f7dd8\"}\r\n{\"status\":\"Waiting\",\"progressDetail\":{},\"id\":\"0bc2f07fbf03\"}\r\n{\"status\":\"Waiting\",\"progressDetail\":{},\"id\":\"021cb5923c0e\"}\r\n{\"status\":\"Waiting\",\"progressDetail\":{},\"id\":\"556d70b7bec9\"}\r\n{\"status\":\"Waiting\",\"progressDetail\":{},\"id\":\"6c2c01fdb094\"}\r\n{\"status\":\"Waiting\",\"progressDetail\":{},\"id\":\"24e19c209694\"}\r\n{\"status\":\"Waiting\",\"progressDetail\":{},\"id\":\"6156ecb6dfff\"}\r\n{\"status\":\"Waiting\",\"progressDetail\":{},\"id\":\"24e19c209694\"}\r\n{\"status\":\"Waiting\",\"progressDetail\":{},\"id\":\"6156ecb6dfff\"}\r\n{\"status\":\"Waiting\",\"progressDetail\":{},\"id\":\"6e174226ea69\"}\r\n{\"status\":\"Waiting\",\"progressDetail\":{},\"id\":\"49f3b06c840f\"}\r\n{\"status\":\"Waiting\",\"progressDetail\":{},\"id\":\"04ba7957f9d2\"}\r\n{\"status\":\"Waiting\",\"progressDetail\":{},\"id\":\"66ce170f7dd8\"}\r\n{\"status\":\"Waiting\",\"progressDetail\":{},\"id\":\"0bc2f07fbf03\"}\r\n{\"status\":\"Waiting\",\"progressDetail\":{},\"id\":\"021cb5923c0e\"}\r\n{\"status\":\"Waiting\",\"progressDetail\":{},\"id\":\"556d70b7bec9\"}\r\n{\"status\":\"Waiting\",\"progressDetail\":{},\"id\":\"6c2c01fdb094\"}\r\n{\"status\":\"Waiting\",\"progressDetail\":{},\"id\":\"24e19c209694\"}\r\n{\"status\":\"Waiting\",\"progressDetail\":{},\"id\":\"6156ecb6dfff\"}\r\n{\"status\":\"Waiting\",\"progressDetail\":{},\"id\":\"6e174226ea69\"}\r\n{\"status\":\"Waiting\",\"progressDetail\":{},\"id\":\"49f3b06c840f\"}\r\n{\"status\":\"Waiting\",\"progressDetail\":{},\"id\":\"04ba7957f9d2\"}\r\n{\"status\":\"Waiting\",\"progressDetail\":{},\"id\":\"66ce170f7dd8\"}\r\n{\"status\":\"Waiting\",\"progressDetail\":{},\"id\":\"0bc2f07fbf03\"}\r\n{\"status\":\"Waiting\",\"progressDetail\":{},\"id\":\"021cb5923c0e\"}\r\n{\"status\":\"Waiting\",\"progressDetail\":{},\"id\":\"556d70b7bec9\"}\r\n{\"status\":\"Waiting\",\"progressDetail\":{},\"id\":\"6c2c01fdb094\"}\r\n{\"status\":\"Waiting\",\"progressDetail\":{},\"id\":\"0bc2f07fbf03\"}\r\n{\"status\":\"Waiting\",\"progressDetail\":{},\"id\":\"021cb5923c0e\"}\r\n{\"status\":\"Waiting\",\"progressDetail\":{},\"id\":\"556d70b7bec9\"}\r\n{\"status\":\"Waiting\",\"progressDetail\":{},\"id\":\"6c2c01fdb094\"}\r\n{\"status\":\"Waiting\",\"progressDetail\":{},\"id\":\"24e19c209694\"}\r\n{\"status\":\"Waiting\",\"progressDetail\":{},\"id\":\"6156ecb6dfff\"}\r\n{\"status\":\"Waiting\",\"progressDetail\":{},\"id\":\"6e174226ea69\"}\r\n{\"status\":\"Waiting\",\"progressDetail\":{},\"id\":\"49f3b06c840f\"}\r\n{\"status\":\"Waiting\",\"progressDetail\":{},\"id\":\"04ba7957f9d2\"}\r\n{\"status\":\"Waiting\",\"progressDetail\":{},\"id\":\"66ce170f7dd8\"}\r\n{\"status\":\"Waiting\",\"progressDetail\":{},\"id\":\"24e19c209694\"}\r\n{\"status\":\"Waiting\",\"progressDetail\":{},\"id\":\"6156ecb6dfff\"}\r\n{\"status\":\"Waiting\",\"progressDetail\":{},\"id\":\"6e174226ea69\"}\r\n{\"status\":\"Waiting\",\"progressDetail\":{},\"id\":\"49f3b06c840f\"}\r\n{\"status\":\"Waiting\",\"progressDetail\":{},\"id\":\"04ba7957f9d2\"}\r\n{\"status\":\"Waiting\",\"progressDetail\":{},\"id\":\"66ce170f7dd8\"}\r\n{\"status\":\"Waiting\",\"progressDetail\":{},\"id\":\"0bc2f07fbf03\"}\r\n{\"status\":\"Waiting\",\"progressDetail\":{},\"id\":\"021cb5923c0e\"}\r\n{\"status\":\"Waiting\",\"progressDetail\":{},\"id\":\"556d70b7bec9\"}\r\n{\"status\":\"Waiting\",\"progressDetail\":{},\"id\":\"6c2c01fdb094\"}\r\n{\"status\":\"Waiting\",\"progressDetail\":{},\"id\":\"6c2c01fdb094\"}\r\n{\"status\":\"Waiting\",\"progressDetail\":{},\"id\":\"24e19c209694\"}\r\n{\"status\":\"Waiting\",\"progressDetail\":{},\"id\":\"6156ecb6dfff\"}\r\n{\"status\":\"Waiting\",\"progressDetail\":{},\"id\":\"6e174226ea69\"}\r\n{\"status\":\"Waiting\",\"progressDetail\":{},\"id\":\"49f3b06c840f\"}\r\n{\"status\":\"Waiting\",\"progressDetail\":{},\"id\":\"04ba7957f9d2\"}\r\n{\"status\":\"Waiting\",\"progressDetail\":{},\"id\":\"66ce170f7dd8\"}\r\n{\"status\":\"Waiting\",\"progressDetail\":{},\"id\":\"0bc2f07fbf03\"}\r\n{\"status\":\"Waiting\",\"progressDetail\":{},\"id\":\"021cb5923c0e\"}\r\n{\"status\":\"Waiting\",\"progressDetail\":{},\"id\":\"556d70b7bec9\"}\r\n{\"status\":\"Waiting\",\"progressDetail\":{},\"id\":\"24e19c209694\"}\r\n{\"status\":\"Waiting\",\"progressDetail\":{},\"id\":\"6156ecb6dfff\"}\r\n{\"status\":\"Waiting\",\"progressDetail\":{},\"id\":\"6e174226ea69\"}\r\n{\"status\":\"Waiting\",\"progressDetail\":{},\"id\":\"49f3b06c840f\"}\r\n{\"status\":\"Waiting\",\"progressDetail\":{},\"id\":\"04ba7957f9d2\"}\r\n{\"status\":\"Waiting\",\"progressDetail\":{},\"id\":\"66ce170f7dd8\"}\r\n{\"status\":\"Waiting\",\"progressDetail\":{},\"id\":\"0bc2f07fbf03\"}\r\n{\"status\":\"Waiting\",\"progressDetail\":{},\"id\":\"021cb5923c0e\"}\r\n{\"status\":\"Waiting\",\"progressDetail\":{},\"id\":\"556d70b7bec9\"}\r\n{\"status\":\"Waiting\",\"progressDetail\":{},\"id\":\"6c2c01fdb094\"}\r\n{\"status\":\"Waiting\",\"progressDetail\":{},\"id\":\"6156ecb6dfff\"}\r\n{\"status\":\"Waiting\",\"progressDetail\":{},\"id\":\"6e174226ea69\"}\r\n{\"status\":\"Waiting\",\"progressDetail\":{},\"id\":\"49f3b06c840f\"}\r\n{\"status\":\"Waiting\",\"progressDetail\":{},\"id\":\"04ba7957f9d2\"}\r\n{\"status\":\"Waiting\",\"progressDetail\":{},\"id\":\"66ce170f7dd8\"}\r\n{\"status\":\"Waiting\",\"progressDetail\":{},\"id\":\"0bc2f07fbf03\"}\r\n{\"status\":\"Waiting\",\"progressDetail\":{},\"id\":\"021cb5923c0e\"}\r\n{\"status\":\"Waiting\",\"progressDetail\":{},\"id\":\"556d70b7bec9\"}\r\n{\"status\":\"Waiting\",\"progressDetail\":{},\"id\":\"6c2c01fdb094\"}\r\n{\"status\":\"Waiting\",\"progressDetail\":{},\"id\":\"24e19c209694\"}\r\n{\"status\":\"Waiting\",\"progressDetail\":{},\"id\":\"6c2c01fdb094\"}\r\n{\"status\":\"Waiting\",\"progressDetail\":{},\"id\":\"24e19c209694\"}\r\n{\"status\":\"Waiting\",\"progressDetail\":{},\"id\":\"6156ecb6dfff\"}\r\n{\"status\":\"Waiting\",\"progressDetail\":{},\"id\":\"6e174226ea69\"}\r\n{\"status\":\"Waiting\",\"progressDetail\":{},\"id\":\"49f3b06c840f\"}\r\n{\"status\":\"Waiting\",\"progressDetail\":{},\"id\":\"04ba7957f9d2\"}\r\n{\"status\":\"Waiting\",\"progressDetail\":{},\"id\":\"66ce170f7dd8\"}\r\n{\"status\":\"Waiting\",\"progressDetail\":{},\"id\":\"0bc2f07fbf03\"}\r\n{\"status\":\"Waiting\",\"progressDetail\":{},\"id\":\"021cb5923c0e\"}\r\n{\"status\":\"Waiting\",\"progressDetail\":{},\"id\":\"556d70b7bec9\"}\r\n{\"status\":\"Waiting\",\"progressDetail\":{},\"id\":\"66ce170f7dd8\"}\r\n{\"status\":\"Waiting\",\"progressDetail\":{},\"id\":\"0bc2f07fbf03\"}\r\n{\"status\":\"Waiting\",\"progressDetail\":{},\"id\":\"021cb5923c0e\"}\r\n{\"status\":\"Waiting\",\"progressDetail\":{},\"id\":\"556d70b7bec9\"}\r\n{\"status\":\"Waiting\",\"progressDetail\":{},\"id\":\"6c2c01fdb094\"}\r\n{\"status\":\"Waiting\",\"progressDetail\":{},\"id\":\"24e19c209694\"}\r\n{\"status\":\"Waiting\",\"progressDetail\":{},\"id\":\"6156ecb6dfff\"}\r\n{\"status\":\"Waiting\",\"progressDetail\":{},\"id\":\"6e174226ea69\"}\r\n{\"status\":\"Waiting\",\"progressDetail\":{},\"id\":\"49f3b06c840f\"}\r\n{\"status\":\"Waiting\",\"progressDetail\":{},\"id\":\"04ba7957f9d2\"}\r\n{\"status\":\"Waiting\",\"progressDetail\":{},\"id\":\"24e19c209694\"}\r\n{\"status\":\"Waiting\",\"progressDetail\":{},\"id\":\"6156ecb6dfff\"}\r\n{\"status\":\"Waiting\",\"progressDetail\":{},\"id\":\"6e174226ea69\"}\r\n{\"status\":\"Waiting\",\"progressDetail\":{},\"id\":\"49f3b06c840f\"}\r\n{\"status\":\"Waiting\",\"progressDetail\":{},\"id\":\"04ba7957f9d2\"}\r\n{\"status\":\"Waiting\",\"progressDetail\":{},\"id\":\"66ce170f7dd8\"}\r\n{\"status\":\"Waiting\",\"progressDetail\":{},\"id\":\"0bc2f07fbf03\"}\r\n{\"status\":\"Waiting\",\"progressDetail\":{},\"id\":\"021cb5923c0e\"}\r\n{\"status\":\"Waiting\",\"progressDetail\":{},\"id\":\"556d70b7bec9\"}\r\n{\"status\":\"Waiting\",\"progressDetail\":{},\"id\":\"6c2c01fdb094\"}\r\n{\"status\":\"Waiting\",\"progressDetail\":{},\"id\":\"04ba7957f9d2\"}\r\n{\"status\":\"Waiting\",\"progressDetail\":{},\"id\":\"66ce170f7dd8\"}\r\n{\"status\":\"Waiting\",\"progressDetail\":{},\"id\":\"0bc2f07fbf03\"}\r\n{\"status\":\"Waiting\",\"progressDetail\":{},\"id\":\"021cb5923c0e\"}\r\n{\"status\":\"Waiting\",\"progressDetail\":{},\"id\":\"556d70b7bec9\"}\r\n{\"status\":\"Waiting\",\"progressDetail\":{},\"id\":\"6c2c01fdb094\"}\r\n{\"status\":\"Waiting\",\"progressDetail\":{},\"id\":\"24e19c209694\"}\r\n{\"status\":\"Waiting\",\"progressDetail\":{},\"id\":\"6156ecb6dfff\"}\r\n{\"status\":\"Waiting\",\"progressDetail\":{},\"id\":\"6e174226ea69\"}\r\n{\"status\":\"Waiting\",\"progressDetail\":{},\"id\":\"49f3b06c840f\"}\r\n{\"status\":\"Pushing\",\"progressDetail\":{\"current\":1207,\"total\":1207},\"progress\":\"[==================================================\\u003e]
      \ 1.207kB/1.207kB\",\"id\":\"6c2c01fdb094\"}\r\n{\"status\":\"Waiting\",\"progressDetail\":{},\"id\":\"24e19c209694\"}\r\n{\"status\":\"Waiting\",\"progressDetail\":{},\"id\":\"6156ecb6dfff\"}\r\n{\"status\":\"Pushing\",\"progressDetail\":{\"current\":3145728,\"total\":4130750},\"progress\":\"[======================================\\u003e
      \           ]  3.146MB/4.131MB\",\"id\":\"6e174226ea69\"}\r\n{\"status\":\"Pushing\",\"progressDetail\":{\"current\":1800509,\"total\":1800509},\"progress\":\"[==================================================\\u003e]
      \ 1.801MB/1.801MB\",\"id\":\"49f3b06c840f\"}\r\n{\"status\":\"Waiting\",\"progressDetail\":{},\"id\":\"04ba7957f9d2\"}\r\n{\"status\":\"Pushing\",\"progressDetail\":{\"current\":1396,\"total\":1396},\"progress\":\"[==================================================\\u003e]
      \ 1.396kB/1.396kB\",\"id\":\"66ce170f7dd8\"}\r\n{\"status\":\"Waiting\",\"progressDetail\":{},\"id\":\"0bc2f07fbf03\"}\r\n{\"status\":\"Waiting\",\"progressDetail\":{},\"id\":\"021cb5923c0e\"}\r\n{\"status\":\"Pushing\",\"progressDetail\":{\"current\":4310785,\"total\":4310785},\"progress\":\"[==================================================\\u003e]
      \ 4.311MB/4.311MB\",\"id\":\"556d70b7bec9\"}\r\n{\"status\":\"Pushing\",\"progressDetail\":{\"current\":1396,\"total\":1396},\"progress\":\"[==================================================\\u003e]
      \ 1.396kB/1.396kB\",\"id\":\"66ce170f7dd8\"}\r\n{\"status\":\"Waiting\",\"progressDetail\":{},\"id\":\"0bc2f07fbf03\"}\r\n{\"status\":\"Pushing\",\"progressDetail\":{\"current\":3145728,\"total\":16988973},\"progress\":\"[=========\\u003e
      \                                        ]  3.146MB/16.99MB\",\"id\":\"021cb5923c0e\"}\r\n{\"status\":\"Pushing\",\"progressDetail\":{\"current\":4310785,\"total\":4310785},\"progress\":\"[==================================================\\u003e]
      \ 4.311MB/4.311MB\",\"id\":\"556d70b7bec9\"}\r\n{\"status\":\"Pushing\",\"progressDetail\":{\"current\":1207,\"total\":1207},\"progress\":\"[==================================================\\u003e]
      \ 1.207kB/1.207kB\",\"id\":\"6c2c01fdb094\"}\r\n{\"status\":\"Waiting\",\"progressDetail\":{},\"id\":\"24e19c209694\"}\r\n{\"status\":\"Waiting\",\"progressDetail\":{},\"id\":\"6156ecb6dfff\"}\r\n{\"status\":\"Pushing\",\"progressDetail\":{\"current\":3145728,\"total\":4130750},\"progress\":\"[======================================\\u003e
      \           ]  3.146MB/4.131MB\",\"id\":\"6e174226ea69\"}\r\n{\"status\":\"Pushing\",\"progressDetail\":{\"current\":1800509,\"total\":1800509},\"progress\":\"[==================================================\\u003e]
      \ 1.801MB/1.801MB\",\"id\":\"49f3b06c840f\"}\r\n{\"status\":\"Pushing\",\"progressDetail\":{\"current\":627,\"total\":627},\"progress\":\"[==================================================\\u003e]
      \    627B/627B\",\"id\":\"04ba7957f9d2\"}\r\n{\"status\":\"Waiting\",\"progressDetail\":{},\"id\":\"24e19c209694\"}\r\n{\"status\":\"Waiting\",\"progressDetail\":{},\"id\":\"6156ecb6dfff\"}\r\n{\"status\":\"Pushing\",\"progressDetail\":{\"current\":4130750,\"total\":4130750},\"progress\":\"[==================================================\\u003e]
      \ 4.131MB/4.131MB\",\"id\":\"6e174226ea69\"}\r\n{\"status\":\"Pushing\",\"progressDetail\":{\"current\":1800509,\"total\":1800509},\"progress\":\"[==================================================\\u003e]
      \ 1.801MB/1.801MB\",\"id\":\"49f3b06c840f\"}\r\n{\"status\":\"Pushing\",\"progressDetail\":{\"current\":627,\"total\":627},\"progress\":\"[==================================================\\u003e]
      \    627B/627B\",\"id\":\"04ba7957f9d2\"}\r\n{\"status\":\"Pushing\",\"progressDetail\":{\"current\":1396,\"total\":1396},\"progress\":\"[==================================================\\u003e]
      \ 1.396kB/1.396kB\",\"id\":\"66ce170f7dd8\"}\r\n{\"status\":\"Waiting\",\"progressDetail\":{},\"id\":\"0bc2f07fbf03\"}\r\n{\"status\":\"Pushing\",\"progressDetail\":{\"current\":3145728,\"total\":16988973},\"progress\":\"[=========\\u003e
      \                                        ]  3.146MB/16.99MB\",\"id\":\"021cb5923c0e\"}\r\n{\"status\":\"Pushing\",\"progressDetail\":{\"current\":4310785,\"total\":4310785},\"progress\":\"[==================================================\\u003e]
      \ 4.311MB/4.311MB\",\"id\":\"556d70b7bec9\"}\r\n{\"status\":\"Pushing\",\"progressDetail\":{\"current\":1207,\"total\":1207},\"progress\":\"[==================================================\\u003e]
      \ 1.207kB/1.207kB\",\"id\":\"6c2c01fdb094\"}\r\n{\"status\":\"Pushing\",\"progressDetail\":{\"current\":953,\"total\":953},\"progress\":\"[==================================================\\u003e]
      \    953B/953B\",\"id\":\"6156ecb6dfff\"}\r\n{\"status\":\"Pushing\",\"progressDetail\":{\"current\":4130750,\"total\":4130750},\"progress\":\"[==================================================\\u003e]
      \ 4.131MB/4.131MB\",\"id\":\"6e174226ea69\"}\r\n{\"status\":\"Pushing\",\"progressDetail\":{\"current\":1800509,\"total\":1800509},\"progress\":\"[==================================================\\u003e]
      \ 1.801MB/1.801MB\",\"id\":\"49f3b06c840f\"}\r\n{\"status\":\"Pushing\",\"progressDetail\":{\"current\":627,\"total\":627},\"progress\":\"[==================================================\\u003e]
      \    627B/627B\",\"id\":\"04ba7957f9d2\"}\r\n{\"status\":\"Pushing\",\"progressDetail\":{\"current\":1396,\"total\":1396},\"progress\":\"[==================================================\\u003e]
      \ 1.396kB/1.396kB\",\"id\":\"66ce170f7dd8\"}\r\n{\"status\":\"Pushing\",\"progressDetail\":{\"current\":403,\"total\":403},\"progress\":\"[==================================================\\u003e]
      \    403B/403B\",\"id\":\"0bc2f07fbf03\"}\r\n{\"status\":\"Pushing\",\"progressDetail\":{\"current\":4194304,\"total\":16988973},\"progress\":\"[============\\u003e
      \                                     ]  4.194MB/16.99MB\",\"id\":\"021cb5923c0e\"}\r\n{\"status\":\"Pushing\",\"progressDetail\":{\"current\":4310785,\"total\":4310785},\"progress\":\"[==================================================\\u003e]
      \ 4.311MB/4.311MB\",\"id\":\"556d70b7bec9\"}\r\n{\"status\":\"Pushing\",\"progressDetail\":{\"current\":1207,\"total\":1207},\"progress\":\"[==================================================\\u003e]
      \ 1.207kB/1.207kB\",\"id\":\"6c2c01fdb094\"}\r\n{\"status\":\"Waiting\",\"progressDetail\":{},\"id\":\"24e19c209694\"}\r\n{\"status\":\"Waiting\",\"progressDetail\":{},\"id\":\"24e19c209694\"}\r\n{\"status\":\"Pushing\",\"progressDetail\":{\"current\":953,\"total\":953},\"progress\":\"[==================================================\\u003e]
      \    953B/953B\",\"id\":\"6156ecb6dfff\"}\r\n{\"status\":\"Pushing\",\"progressDetail\":{\"current\":4130750,\"total\":4130750},\"progress\":\"[==================================================\\u003e]
      \ 4.131MB/4.131MB\",\"id\":\"6e174226ea69\"}\r\n{\"status\":\"Pushing\",\"progressDetail\":{\"current\":1800509,\"total\":1800509},\"progress\":\"[==================================================\\u003e]
      \ 1.801MB/1.801MB\",\"id\":\"49f3b06c840f\"}\r\n{\"status\":\"Pushing\",\"progressDetail\":{\"current\":627,\"total\":627},\"progress\":\"[==================================================\\u003e]
      \    627B/627B\",\"id\":\"04ba7957f9d2\"}\r\n{\"status\":\"Pushing\",\"progressDetail\":{\"current\":1396,\"total\":1396},\"progress\":\"[==================================================\\u003e]
      \ 1.396kB/1.396kB\",\"id\":\"66ce170f7dd8\"}\r\n{\"status\":\"Pushing\",\"progressDetail\":{\"current\":403,\"total\":403},\"progress\":\"[==================================================\\u003e]
      \    403B/403B\",\"id\":\"0bc2f07fbf03\"}\r\n{\"status\":\"Pushing\",\"progressDetail\":{\"current\":6291456,\"total\":16988973},\"progress\":\"[==================\\u003e
      \                               ]  6.291MB/16.99MB\",\"id\":\"021cb5923c0e\"}\r\n{\"status\":\"Pushing\",\"progressDetail\":{\"current\":4310785,\"total\":4310785},\"progress\":\"[==================================================\\u003e]
      \ 4.311MB/4.311MB\",\"id\":\"556d70b7bec9\"}\r\n{\"status\":\"Pushing\",\"progressDetail\":{\"current\":1207,\"total\":1207},\"progress\":\"[==================================================\\u003e]
      \ 1.207kB/1.207kB\",\"id\":\"6c2c01fdb094\"}\r\n{\"status\":\"Waiting\",\"progressDetail\":{},\"id\":\"24e19c209694\"}\r\n{\"status\":\"Pushing\",\"progressDetail\":{\"current\":953,\"total\":953},\"progress\":\"[==================================================\\u003e]
      \    953B/953B\",\"id\":\"6156ecb6dfff\"}\r\n{\"status\":\"Pushing\",\"progressDetail\":{\"current\":4130750,\"total\":4130750},\"progress\":\"[==================================================\\u003e]
      \ 4.131MB/4.131MB\",\"id\":\"6e174226ea69\"}\r\n{\"status\":\"Pushing\",\"progressDetail\":{\"current\":1800509,\"total\":1800509},\"progress\":\"[==================================================\\u003e]
      \ 1.801MB/1.801MB\",\"id\":\"49f3b06c840f\"}\r\n{\"status\":\"Pushing\",\"progressDetail\":{\"current\":627,\"total\":627},\"progress\":\"[==================================================\\u003e]
      \    627B/627B\",\"id\":\"04ba7957f9d2\"}\r\n{\"status\":\"Pushing\",\"progressDetail\":{\"current\":1396,\"total\":1396},\"progress\":\"[==================================================\\u003e]
      \ 1.396kB/1.396kB\",\"id\":\"66ce170f7dd8\"}\r\n{\"status\":\"Pushing\",\"progressDetail\":{\"current\":403,\"total\":403},\"progress\":\"[==================================================\\u003e]
      \    403B/403B\",\"id\":\"0bc2f07fbf03\"}\r\n{\"status\":\"Pushing\",\"progressDetail\":{\"current\":6291456,\"total\":16988973},\"progress\":\"[==================\\u003e
      \                               ]  6.291MB/16.99MB\",\"id\":\"021cb5923c0e\"}\r\n{\"status\":\"Pushing\",\"progressDetail\":{\"current\":4310785,\"total\":4310785},\"progress\":\"[==================================================\\u003e]
      \ 4.311MB/4.311MB\",\"id\":\"556d70b7bec9\"}\r\n{\"status\":\"Pushing\",\"progressDetail\":{\"current\":1207,\"total\":1207},\"progress\":\"[==================================================\\u003e]
      \ 1.207kB/1.207kB\",\"id\":\"6c2c01fdb094\"}\r\n{\"status\":\"Pushing\",\"progressDetail\":{\"current\":1396,\"total\":1396},\"progress\":\"[==================================================\\u003e]
      \ 1.396kB/1.396kB\",\"id\":\"66ce170f7dd8\"}\r\n{\"status\":\"Pushing\",\"progressDetail\":{\"current\":403,\"total\":403},\"progress\":\"[==================================================\\u003e]
      \    403B/403B\",\"id\":\"0bc2f07fbf03\"}\r\n{\"status\":\"Pushing\",\"progressDetail\":{\"current\":6291456,\"total\":16988973},\"progress\":\"[==================\\u003e
      \                               ]  6.291MB/16.99MB\",\"id\":\"021cb5923c0e\"}\r\n{\"status\":\"Pushing\",\"progressDetail\":{\"current\":4310785,\"total\":4310785},\"progress\":\"[==================================================\\u003e]
      \ 4.311MB/4.311MB\",\"id\":\"556d70b7bec9\"}\r\n{\"status\":\"Pushing\",\"progressDetail\":{\"current\":1207,\"total\":1207},\"progress\":\"[==================================================\\u003e]
      \ 1.207kB/1.207kB\",\"id\":\"6c2c01fdb094\"}\r\n{\"status\":\"Waiting\",\"progressDetail\":{},\"id\":\"24e19c209694\"}\r\n{\"status\":\"Pushing\",\"progressDetail\":{\"current\":953,\"total\":953},\"progress\":\"[==================================================\\u003e]
      \    953B/953B\",\"id\":\"6156ecb6dfff\"}\r\n{\"status\":\"Pushing\",\"progressDetail\":{\"current\":4130750,\"total\":4130750},\"progress\":\"[==================================================\\u003e]
      \ 4.131MB/4.131MB\",\"id\":\"6e174226ea69\"}\r\n{\"status\":\"Pushing\",\"progressDetail\":{\"current\":1800509,\"total\":1800509},\"progress\":\"[==================================================\\u003e]
      \ 1.801MB/1.801MB\",\"id\":\"49f3b06c840f\"}\r\n{\"status\":\"Pushing\",\"progressDetail\":{\"current\":627,\"total\":627},\"progress\":\"[==================================================\\u003e]
      \    627B/627B\",\"id\":\"04ba7957f9d2\"}\r\n{\"status\":\"Pushing\",\"progressDetail\":{\"current\":1396,\"total\":1396},\"progress\":\"[==================================================\\u003e]
      \ 1.396kB/1.396kB\",\"id\":\"66ce170f7dd8\"}\r\n{\"status\":\"Pushing\",\"progressDetail\":{\"current\":403,\"total\":403},\"progress\":\"[==================================================\\u003e]
      \    403B/403B\",\"id\":\"0bc2f07fbf03\"}\r\n{\"status\":\"Pushing\",\"progressDetail\":{\"current\":6291456,\"total\":16988973},\"progress\":\"[==================\\u003e
      \                               ]  6.291MB/16.99MB\",\"id\":\"021cb5923c0e\"}\r\n{\"status\":\"Pushing\",\"progressDetail\":{\"current\":4310785,\"total\":4310785},\"progress\":\"[==================================================\\u003e]
      \ 4.311MB/4.311MB\",\"id\":\"556d70b7bec9\"}\r\n{\"status\":\"Pushing\",\"progressDetail\":{\"current\":1207,\"total\":1207},\"progress\":\"[==================================================\\u003e]
      \ 1.207kB/1.207kB\",\"id\":\"6c2c01fdb094\"}\r\n{\"status\":\"Waiting\",\"progressDetail\":{},\"id\":\"24e19c209694\"}\r\n{\"status\":\"Pushing\",\"progressDetail\":{\"current\":953,\"total\":953},\"progress\":\"[==================================================\\u003e]
      \    953B/953B\",\"id\":\"6156ecb6dfff\"}\r\n{\"status\":\"Pushing\",\"progressDetail\":{\"current\":4130750,\"total\":4130750},\"progress\":\"[==================================================\\u003e]
      \ 4.131MB/4.131MB\",\"id\":\"6e174226ea69\"}\r\n{\"status\":\"Pushing\",\"progressDetail\":{\"current\":1800509,\"total\":1800509},\"progress\":\"[==================================================\\u003e]
      \ 1.801MB/1.801MB\",\"id\":\"49f3b06c840f\"}\r\n{\"status\":\"Pushing\",\"progressDetail\":{\"current\":627,\"total\":627},\"progress\":\"[==================================================\\u003e]
      \    627B/627B\",\"id\":\"04ba7957f9d2\"}\r\n{\"status\":\"Pushing\",\"progressDetail\":{\"current\":953,\"total\":953},\"progress\":\"[==================================================\\u003e]
      \    953B/953B\",\"id\":\"6156ecb6dfff\"}\r\n{\"status\":\"Pushing\",\"progressDetail\":{\"current\":4130750,\"total\":4130750},\"progress\":\"[==================================================\\u003e]
      \ 4.131MB/4.131MB\",\"id\":\"6e174226ea69\"}\r\n{\"status\":\"Pushing\",\"progressDetail\":{\"current\":1800509,\"total\":1800509},\"progress\":\"[==================================================\\u003e]
      \ 1.801MB/1.801MB\",\"id\":\"49f3b06c840f\"}\r\n{\"status\":\"Pushed\",\"progressDetail\":{},\"id\":\"04ba7957f9d2\"}\r\n{\"status\":\"Pushing\",\"progressDetail\":{\"current\":1396,\"total\":1396},\"progress\":\"[==================================================\\u003e]
      \ 1.396kB/1.396kB\",\"id\":\"66ce170f7dd8\"}\r\n{\"status\":\"Pushing\",\"progressDetail\":{\"current\":403,\"total\":403},\"progress\":\"[==================================================\\u003e]
      \    403B/403B\",\"id\":\"0bc2f07fbf03\"}\r\n{\"status\":\"Pushing\",\"progressDetail\":{\"current\":6291456,\"total\":16988973},\"progress\":\"[==================\\u003e
      \                               ]  6.291MB/16.99MB\",\"id\":\"021cb5923c0e\"}\r\n{\"status\":\"Pushing\",\"progressDetail\":{\"current\":4310785,\"total\":4310785},\"progress\":\"[==================================================\\u003e]
      \ 4.311MB/4.311MB\",\"id\":\"556d70b7bec9\"}\r\n{\"status\":\"Pushing\",\"progressDetail\":{\"current\":1207,\"total\":1207},\"progress\":\"[==================================================\\u003e]
      \ 1.207kB/1.207kB\",\"id\":\"6c2c01fdb094\"}\r\n{\"status\":\"Waiting\",\"progressDetail\":{},\"id\":\"24e19c209694\"}\r\n{\"status\":\"Waiting\",\"progressDetail\":{},\"id\":\"24e19c209694\"}\r\n{\"status\":\"Pushing\",\"progressDetail\":{\"current\":953,\"total\":953},\"progress\":\"[==================================================\\u003e]
      \    953B/953B\",\"id\":\"6156ecb6dfff\"}\r\n{\"status\":\"Pushing\",\"progressDetail\":{\"current\":4130750,\"total\":4130750},\"progress\":\"[==================================================\\u003e]
      \ 4.131MB/4.131MB\",\"id\":\"6e174226ea69\"}\r\n{\"status\":\"Pushing\",\"progressDetail\":{\"current\":1800509,\"total\":1800509},\"progress\":\"[==================================================\\u003e]
      \ 1.801MB/1.801MB\",\"id\":\"49f3b06c840f\"}\r\n{\"status\":\"Pushed\",\"progressDetail\":{},\"id\":\"66ce170f7dd8\"}\r\n{\"status\":\"Pushing\",\"progressDetail\":{\"current\":403,\"total\":403},\"progress\":\"[==================================================\\u003e]
      \    403B/403B\",\"id\":\"0bc2f07fbf03\"}\r\n{\"status\":\"Pushing\",\"progressDetail\":{\"current\":6291456,\"total\":16988973},\"progress\":\"[==================\\u003e
      \                               ]  6.291MB/16.99MB\",\"id\":\"021cb5923c0e\"}\r\n{\"status\":\"Pushing\",\"progressDetail\":{\"current\":4310785,\"total\":4310785},\"progress\":\"[==================================================\\u003e]
      \ 4.311MB/4.311MB\",\"id\":\"556d70b7bec9\"}\r\n{\"status\":\"Pushing\",\"progressDetail\":{\"current\":1207,\"total\":1207},\"progress\":\"[==================================================\\u003e]
      \ 1.207kB/1.207kB\",\"id\":\"6c2c01fdb094\"}\r\n{\"status\":\"Pushing\",\"progressDetail\":{\"current\":403,\"total\":403},\"progress\":\"[==================================================\\u003e]
      \    403B/403B\",\"id\":\"0bc2f07fbf03\"}\r\n{\"status\":\"Pushing\",\"progressDetail\":{\"current\":6291456,\"total\":16988973},\"progress\":\"[==================\\u003e
      \                               ]  6.291MB/16.99MB\",\"id\":\"021cb5923c0e\"}\r\n{\"status\":\"Pushing\",\"progressDetail\":{\"current\":4310785,\"total\":4310785},\"progress\":\"[==================================================\\u003e]
      \ 4.311MB/4.311MB\",\"id\":\"556d70b7bec9\"}\r\n{\"status\":\"Pushing\",\"progressDetail\":{\"current\":1207,\"total\":1207},\"progress\":\"[==================================================\\u003e]
      \ 1.207kB/1.207kB\",\"id\":\"6c2c01fdb094\"}\r\n{\"status\":\"Waiting\",\"progressDetail\":{},\"id\":\"24e19c209694\"}\r\n{\"status\":\"Pushing\",\"progressDetail\":{\"current\":953,\"total\":953},\"progress\":\"[==================================================\\u003e]
      \    953B/953B\",\"id\":\"6156ecb6dfff\"}\r\n{\"status\":\"Pushing\",\"progressDetail\":{\"current\":4130750,\"total\":4130750},\"progress\":\"[==================================================\\u003e]
      \ 4.131MB/4.131MB\",\"id\":\"6e174226ea69\"}\r\n{\"status\":\"Pushing\",\"progressDetail\":{\"current\":1800509,\"total\":1800509},\"progress\":\"[==================================================\\u003e]
      \ 1.801MB/1.801MB\",\"id\":\"49f3b06c840f\"}\r\n{\"status\":\"Pushing\",\"progressDetail\":{\"current\":403,\"total\":403},\"progress\":\"[==================================================\\u003e]
      \    403B/403B\",\"id\":\"0bc2f07fbf03\"}\r\n{\"status\":\"Pushing\",\"progressDetail\":{\"current\":6291456,\"total\":16988973},\"progress\":\"[==================\\u003e
      \                               ]  6.291MB/16.99MB\",\"id\":\"021cb5923c0e\"}\r\n{\"status\":\"Pushing\",\"progressDetail\":{\"current\":4310785,\"total\":4310785},\"progress\":\"[==================================================\\u003e]
      \ 4.311MB/4.311MB\",\"id\":\"556d70b7bec9\"}\r\n{\"status\":\"Pushed\",\"progressDetail\":{},\"id\":\"6c2c01fdb094\"}\r\n{\"status\":\"Pushing\",\"progressDetail\":{\"current\":298,\"total\":298},\"progress\":\"[==================================================\\u003e]
      \    298B/298B\",\"id\":\"24e19c209694\"}\r\n{\"status\":\"Pushing\",\"progressDetail\":{\"current\":953,\"total\":953},\"progress\":\"[==================================================\\u003e]
      \    953B/953B\",\"id\":\"6156ecb6dfff\"}\r\n{\"status\":\"Pushing\",\"progressDetail\":{\"current\":4130750,\"total\":4130750},\"progress\":\"[==================================================\\u003e]
      \ 4.131MB/4.131MB\",\"id\":\"6e174226ea69\"}\r\n{\"status\":\"Pushing\",\"progressDetail\":{\"current\":1800509,\"total\":1800509},\"progress\":\"[==================================================\\u003e]
      \ 1.801MB/1.801MB\",\"id\":\"49f3b06c840f\"}\r\n{\"status\":\"Pushing\",\"progressDetail\":{\"current\":298,\"total\":298},\"progress\":\"[==================================================\\u003e]
      \    298B/298B\",\"id\":\"24e19c209694\"}\r\n{\"status\":\"Pushing\",\"progressDetail\":{\"current\":953,\"total\":953},\"progress\":\"[==================================================\\u003e]
      \    953B/953B\",\"id\":\"6156ecb6dfff\"}\r\n{\"status\":\"Pushing\",\"progressDetail\":{\"current\":4130750,\"total\":4130750},\"progress\":\"[==================================================\\u003e]
      \ 4.131MB/4.131MB\",\"id\":\"6e174226ea69\"}\r\n{\"status\":\"Pushing\",\"progressDetail\":{\"current\":1800509,\"total\":1800509},\"progress\":\"[==================================================\\u003e]
      \ 1.801MB/1.801MB\",\"id\":\"49f3b06c840f\"}\r\n{\"status\":\"Pushed\",\"progressDetail\":{},\"id\":\"0bc2f07fbf03\"}\r\n{\"status\":\"Pushing\",\"progressDetail\":{\"current\":6291456,\"total\":16988973},\"progress\":\"[==================\\u003e
      \                               ]  6.291MB/16.99MB\",\"id\":\"021cb5923c0e\"}\r\n{\"status\":\"Pushing\",\"progressDetail\":{\"current\":4310785,\"total\":4310785},\"progress\":\"[==================================================\\u003e]
      \ 4.311MB/4.311MB\",\"id\":\"556d70b7bec9\"}\r\n{\"status\":\"Pushing\",\"progressDetail\":{\"current\":1800509,\"total\":1800509},\"progress\":\"[==================================================\\u003e]
      \ 1.801MB/1.801MB\",\"id\":\"49f3b06c840f\"}\r\n{\"status\":\"Pushing\",\"progressDetail\":{\"current\":6291456,\"total\":16988973},\"progress\":\"[==================\\u003e
      \                               ]  6.291MB/16.99MB\",\"id\":\"021cb5923c0e\"}\r\n{\"status\":\"Pushing\",\"progressDetail\":{\"current\":4310785,\"total\":4310785},\"progress\":\"[==================================================\\u003e]
      \ 4.311MB/4.311MB\",\"id\":\"556d70b7bec9\"}\r\n{\"status\":\"Pushing\",\"progressDetail\":{\"current\":298,\"total\":298},\"progress\":\"[==================================================\\u003e]
      \    298B/298B\",\"id\":\"24e19c209694\"}\r\n{\"status\":\"Pushing\",\"progressDetail\":{\"current\":953,\"total\":953},\"progress\":\"[==================================================\\u003e]
      \    953B/953B\",\"id\":\"6156ecb6dfff\"}\r\n{\"status\":\"Pushing\",\"progressDetail\":{\"current\":4130750,\"total\":4130750},\"progress\":\"[==================================================\\u003e]
      \ 4.131MB/4.131MB\",\"id\":\"6e174226ea69\"}\r\n{\"status\":\"Pushing\",\"progressDetail\":{\"current\":4310785,\"total\":4310785},\"progress\":\"[==================================================\\u003e]
      \ 4.311MB/4.311MB\",\"id\":\"556d70b7bec9\"}\r\n{\"status\":\"Pushing\",\"progressDetail\":{\"current\":298,\"total\":298},\"progress\":\"[==================================================\\u003e]
      \    298B/298B\",\"id\":\"24e19c209694\"}\r\n{\"status\":\"Pushing\",\"progressDetail\":{\"current\":953,\"total\":953},\"progress\":\"[==================================================\\u003e]
      \    953B/953B\",\"id\":\"6156ecb6dfff\"}\r\n{\"status\":\"Pushing\",\"progressDetail\":{\"current\":4130750,\"total\":4130750},\"progress\":\"[==================================================\\u003e]
      \ 4.131MB/4.131MB\",\"id\":\"6e174226ea69\"}\r\n{\"status\":\"Pushing\",\"progressDetail\":{\"current\":1800509,\"total\":1800509},\"progress\":\"[==================================================\\u003e]
      \ 1.801MB/1.801MB\",\"id\":\"49f3b06c840f\"}\r\n{\"status\":\"Pushing\",\"progressDetail\":{\"current\":6291456,\"total\":16988973},\"progress\":\"[==================\\u003e
      \                               ]  6.291MB/16.99MB\",\"id\":\"021cb5923c0e\"}\r\n{\"status\":\"Pushing\",\"progressDetail\":{\"current\":953,\"total\":953},\"progress\":\"[==================================================\\u003e]
      \    953B/953B\",\"id\":\"6156ecb6dfff\"}\r\n{\"status\":\"Pushing\",\"progressDetail\":{\"current\":4130750,\"total\":4130750},\"progress\":\"[==================================================\\u003e]
      \ 4.131MB/4.131MB\",\"id\":\"6e174226ea69\"}\r\n{\"status\":\"Pushing\",\"progressDetail\":{\"current\":1800509,\"total\":1800509},\"progress\":\"[==================================================\\u003e]
      \ 1.801MB/1.801MB\",\"id\":\"49f3b06c840f\"}\r\n{\"status\":\"Pushing\",\"progressDetail\":{\"current\":6291456,\"total\":16988973},\"progress\":\"[==================\\u003e
      \                               ]  6.291MB/16.99MB\",\"id\":\"021cb5923c0e\"}\r\n{\"status\":\"Pushing\",\"progressDetail\":{\"current\":4310785,\"total\":4310785},\"progress\":\"[==================================================\\u003e]
      \ 4.311MB/4.311MB\",\"id\":\"556d70b7bec9\"}\r\n{\"status\":\"Pushing\",\"progressDetail\":{\"current\":298,\"total\":298},\"progress\":\"[==================================================\\u003e]
      \    298B/298B\",\"id\":\"24e19c209694\"}\r\n{\"status\":\"Pushing\",\"progressDetail\":{\"current\":298,\"total\":298},\"progress\":\"[==================================================\\u003e]
      \    298B/298B\",\"id\":\"24e19c209694\"}\r\n{\"status\":\"Pushing\",\"progressDetail\":{\"current\":953,\"total\":953},\"progress\":\"[==================================================\\u003e]
      \    953B/953B\",\"id\":\"6156ecb6dfff\"}\r\n{\"status\":\"Pushing\",\"progressDetail\":{\"current\":4130750,\"total\":4130750},\"progress\":\"[==================================================\\u003e]
      \ 4.131MB/4.131MB\",\"id\":\"6e174226ea69\"}\r\n{\"status\":\"Pushing\",\"progressDetail\":{\"current\":1800509,\"total\":1800509},\"progress\":\"[==================================================\\u003e]
      \ 1.801MB/1.801MB\",\"id\":\"49f3b06c840f\"}\r\n{\"status\":\"Pushing\",\"progressDetail\":{\"current\":6291456,\"total\":16988973},\"progress\":\"[==================\\u003e
      \                               ]  6.291MB/16.99MB\",\"id\":\"021cb5923c0e\"}\r\n{\"status\":\"Pushing\",\"progressDetail\":{\"current\":4310785,\"total\":4310785},\"progress\":\"[==================================================\\u003e]
      \ 4.311MB/4.311MB\",\"id\":\"556d70b7bec9\"}\r\n{\"status\":\"Pushing\",\"progressDetail\":{\"current\":298,\"total\":298},\"progress\":\"[==================================================\\u003e]
      \    298B/298B\",\"id\":\"24e19c209694\"}\r\n{\"status\":\"Pushed\",\"progressDetail\":{},\"id\":\"6156ecb6dfff\"}\r\n{\"status\":\"Pushing\",\"progressDetail\":{\"current\":4130750,\"total\":4130750},\"progress\":\"[==================================================\\u003e]
      \ 4.131MB/4.131MB\",\"id\":\"6e174226ea69\"}\r\n{\"status\":\"Pushing\",\"progressDetail\":{\"current\":1800509,\"total\":1800509},\"progress\":\"[==================================================\\u003e]
      \ 1.801MB/1.801MB\",\"id\":\"49f3b06c840f\"}\r\n{\"status\":\"Pushing\",\"progressDetail\":{\"current\":6291456,\"total\":16988973},\"progress\":\"[==================\\u003e
      \                               ]  6.291MB/16.99MB\",\"id\":\"021cb5923c0e\"}\r\n{\"status\":\"Pushing\",\"progressDetail\":{\"current\":4310785,\"total\":4310785},\"progress\":\"[==================================================\\u003e]
      \ 4.311MB/4.311MB\",\"id\":\"556d70b7bec9\"}\r\n{\"status\":\"Pushing\",\"progressDetail\":{\"current\":4130750,\"total\":4130750},\"progress\":\"[==================================================\\u003e]
      \ 4.131MB/4.131MB\",\"id\":\"6e174226ea69\"}\r\n{\"status\":\"Pushing\",\"progressDetail\":{\"current\":1800509,\"total\":1800509},\"progress\":\"[==================================================\\u003e]
      \ 1.801MB/1.801MB\",\"id\":\"49f3b06c840f\"}\r\n{\"status\":\"Pushing\",\"progressDetail\":{\"current\":6291456,\"total\":16988973},\"progress\":\"[==================\\u003e
      \                               ]  6.291MB/16.99MB\",\"id\":\"021cb5923c0e\"}\r\n{\"status\":\"Pushing\",\"progressDetail\":{\"current\":4310785,\"total\":4310785},\"progress\":\"[==================================================\\u003e]
      \ 4.311MB/4.311MB\",\"id\":\"556d70b7bec9\"}\r\n{\"status\":\"Pushing\",\"progressDetail\":{\"current\":298,\"total\":298},\"progress\":\"[==================================================\\u003e]
      \    298B/298B\",\"id\":\"24e19c209694\"}\r\n{\"status\":\"Pushing\",\"progressDetail\":{\"current\":298,\"total\":298},\"progress\":\"[==================================================\\u003e]
      \    298B/298B\",\"id\":\"24e19c209694\"}\r\n{\"status\":\"Pushing\",\"progressDetail\":{\"current\":4130750,\"total\":4130750},\"progress\":\"[==================================================\\u003e]
      \ 4.131MB/4.131MB\",\"id\":\"6e174226ea69\"}\r\n{\"status\":\"Pushing\",\"progressDetail\":{\"current\":1800509,\"total\":1800509},\"progress\":\"[==================================================\\u003e]
      \ 1.801MB/1.801MB\",\"id\":\"49f3b06c840f\"}\r\n{\"status\":\"Pushing\",\"progressDetail\":{\"current\":6291456,\"total\":16988973},\"progress\":\"[==================\\u003e
      \                               ]  6.291MB/16.99MB\",\"id\":\"021cb5923c0e\"}\r\n{\"status\":\"Pushing\",\"progressDetail\":{\"current\":4310785,\"total\":4310785},\"progress\":\"[==================================================\\u003e]
      \ 4.311MB/4.311MB\",\"id\":\"556d70b7bec9\"}\r\n{\"status\":\"Pushing\",\"progressDetail\":{\"current\":298,\"total\":298},\"progress\":\"[==================================================\\u003e]
      \    298B/298B\",\"id\":\"24e19c209694\"}\r\n{\"status\":\"Pushing\",\"progressDetail\":{\"current\":4130750,\"total\":4130750},\"progress\":\"[==================================================\\u003e]
      \ 4.131MB/4.131MB\",\"id\":\"6e174226ea69\"}\r\n{\"status\":\"Pushing\",\"progressDetail\":{\"current\":1800509,\"total\":1800509},\"progress\":\"[==================================================\\u003e]
      \ 1.801MB/1.801MB\",\"id\":\"49f3b06c840f\"}\r\n{\"status\":\"Pushing\",\"progressDetail\":{\"current\":6291456,\"total\":16988973},\"progress\":\"[==================\\u003e
      \                               ]  6.291MB/16.99MB\",\"id\":\"021cb5923c0e\"}\r\n{\"status\":\"Pushing\",\"progressDetail\":{\"current\":4310785,\"total\":4310785},\"progress\":\"[==================================================\\u003e]
      \ 4.311MB/4.311MB\",\"id\":\"556d70b7bec9\"}\r\n{\"status\":\"Pushing\",\"progressDetail\":{\"current\":298,\"total\":298},\"progress\":\"[==================================================\\u003e]
      \    298B/298B\",\"id\":\"24e19c209694\"}\r\n{\"status\":\"Pushing\",\"progressDetail\":{\"current\":4130750,\"total\":4130750},\"progress\":\"[==================================================\\u003e]
      \ 4.131MB/4.131MB\",\"id\":\"6e174226ea69\"}\r\n{\"status\":\"Pushing\",\"progressDetail\":{\"current\":1800509,\"total\":1800509},\"progress\":\"[==================================================\\u003e]
      \ 1.801MB/1.801MB\",\"id\":\"49f3b06c840f\"}\r\n{\"status\":\"Pushing\",\"progressDetail\":{\"current\":6291456,\"total\":16988973},\"progress\":\"[==================\\u003e
      \                               ]  6.291MB/16.99MB\",\"id\":\"021cb5923c0e\"}\r\n{\"status\":\"Pushing\",\"progressDetail\":{\"current\":4310785,\"total\":4310785},\"progress\":\"[==================================================\\u003e]
      \ 4.311MB/4.311MB\",\"id\":\"556d70b7bec9\"}\r\n{\"status\":\"Pushing\",\"progressDetail\":{\"current\":1800509,\"total\":1800509},\"progress\":\"[==================================================\\u003e]
      \ 1.801MB/1.801MB\",\"id\":\"49f3b06c840f\"}\r\n{\"status\":\"Pushing\",\"progressDetail\":{\"current\":7340032,\"total\":16988973},\"progress\":\"[=====================\\u003e
      \                            ]   7.34MB/16.99MB\",\"id\":\"021cb5923c0e\"}\r\n{\"status\":\"Pushing\",\"progressDetail\":{\"current\":4310785,\"total\":4310785},\"progress\":\"[==================================================\\u003e]
      \ 4.311MB/4.311MB\",\"id\":\"556d70b7bec9\"}\r\n{\"status\":\"Pushing\",\"progressDetail\":{\"current\":298,\"total\":298},\"progress\":\"[==================================================\\u003e]
      \    298B/298B\",\"id\":\"24e19c209694\"}\r\n{\"status\":\"Pushing\",\"progressDetail\":{\"current\":4130750,\"total\":4130750},\"progress\":\"[==================================================\\u003e]
      \ 4.131MB/4.131MB\",\"id\":\"6e174226ea69\"}\r\n{\"status\":\"Pushing\",\"progressDetail\":{\"current\":4130750,\"total\":4130750},\"progress\":\"[==================================================\\u003e]
      \ 4.131MB/4.131MB\",\"id\":\"6e174226ea69\"}\r\n{\"status\":\"Pushing\",\"progressDetail\":{\"current\":1800509,\"total\":1800509},\"progress\":\"[==================================================\\u003e]
      \ 1.801MB/1.801MB\",\"id\":\"49f3b06c840f\"}\r\n{\"status\":\"Pushing\",\"progressDetail\":{\"current\":7340032,\"total\":16988973},\"progress\":\"[=====================\\u003e
      \                            ]   7.34MB/16.99MB\",\"id\":\"021cb5923c0e\"}\r\n{\"status\":\"Pushing\",\"progressDetail\":{\"current\":4310785,\"total\":4310785},\"progress\":\"[==================================================\\u003e]
      \ 4.311MB/4.311MB\",\"id\":\"556d70b7bec9\"}\r\n{\"status\":\"Pushing\",\"progressDetail\":{\"current\":298,\"total\":298},\"progress\":\"[==================================================\\u003e]
      \    298B/298B\",\"id\":\"24e19c209694\"}\r\n{\"status\":\"Pushing\",\"progressDetail\":{\"current\":298,\"total\":298},\"progress\":\"[==================================================\\u003e]
      \    298B/298B\",\"id\":\"24e19c209694\"}\r\n{\"status\":\"Pushing\",\"progressDetail\":{\"current\":4130750,\"total\":4130750},\"progress\":\"[==================================================\\u003e]
      \ 4.131MB/4.131MB\",\"id\":\"6e174226ea69\"}\r\n{\"status\":\"Pushing\",\"progressDetail\":{\"current\":1800509,\"total\":1800509},\"progress\":\"[==================================================\\u003e]
      \ 1.801MB/1.801MB\",\"id\":\"49f3b06c840f\"}\r\n{\"status\":\"Pushing\",\"progressDetail\":{\"current\":7340032,\"total\":16988973},\"progress\":\"[=====================\\u003e
      \                            ]   7.34MB/16.99MB\",\"id\":\"021cb5923c0e\"}\r\n{\"status\":\"Pushing\",\"progressDetail\":{\"current\":4310785,\"total\":4310785},\"progress\":\"[==================================================\\u003e]
      \ 4.311MB/4.311MB\",\"id\":\"556d70b7bec9\"}\r\n{\"status\":\"Pushing\",\"progressDetail\":{\"current\":7340032,\"total\":16988973},\"progress\":\"[=====================\\u003e
      \                            ]   7.34MB/16.99MB\",\"id\":\"021cb5923c0e\"}\r\n{\"status\":\"Pushing\",\"progressDetail\":{\"current\":4310785,\"total\":4310785},\"progress\":\"[==================================================\\u003e]
      \ 4.311MB/4.311MB\",\"id\":\"556d70b7bec9\"}\r\n{\"status\":\"Pushing\",\"progressDetail\":{\"current\":298,\"total\":298},\"progress\":\"[==================================================\\u003e]
      \    298B/298B\",\"id\":\"24e19c209694\"}\r\n{\"status\":\"Pushing\",\"progressDetail\":{\"current\":4130750,\"total\":4130750},\"progress\":\"[==================================================\\u003e]
      \ 4.131MB/4.131MB\",\"id\":\"6e174226ea69\"}\r\n{\"status\":\"Pushing\",\"progressDetail\":{\"current\":1800509,\"total\":1800509},\"progress\":\"[==================================================\\u003e]
      \ 1.801MB/1.801MB\",\"id\":\"49f3b06c840f\"}\r\n{\"status\":\"Pushing\",\"progressDetail\":{\"current\":1800509,\"total\":1800509},\"progress\":\"[==================================================\\u003e]
      \ 1.801MB/1.801MB\",\"id\":\"49f3b06c840f\"}\r\n{\"status\":\"Pushing\",\"progressDetail\":{\"current\":7340032,\"total\":16988973},\"progress\":\"[=====================\\u003e
      \                            ]   7.34MB/16.99MB\",\"id\":\"021cb5923c0e\"}\r\n{\"status\":\"Pushing\",\"progressDetail\":{\"current\":4310785,\"total\":4310785},\"progress\":\"[==================================================\\u003e]
      \ 4.311MB/4.311MB\",\"id\":\"556d70b7bec9\"}\r\n{\"status\":\"Pushing\",\"progressDetail\":{\"current\":298,\"total\":298},\"progress\":\"[==================================================\\u003e]
      \    298B/298B\",\"id\":\"24e19c209694\"}\r\n{\"status\":\"Pushing\",\"progressDetail\":{\"current\":4130750,\"total\":4130750},\"progress\":\"[==================================================\\u003e]
      \ 4.131MB/4.131MB\",\"id\":\"6e174226ea69\"}\r\n{\"status\":\"Pushing\",\"progressDetail\":{\"current\":7340032,\"total\":16988973},\"progress\":\"[=====================\\u003e
      \                            ]   7.34MB/16.99MB\",\"id\":\"021cb5923c0e\"}\r\n{\"status\":\"Pushing\",\"progressDetail\":{\"current\":4310785,\"total\":4310785},\"progress\":\"[==================================================\\u003e]
      \ 4.311MB/4.311MB\",\"id\":\"556d70b7bec9\"}\r\n{\"status\":\"Pushing\",\"progressDetail\":{\"current\":298,\"total\":298},\"progress\":\"[==================================================\\u003e]
      \    298B/298B\",\"id\":\"24e19c209694\"}\r\n{\"status\":\"Pushing\",\"progressDetail\":{\"current\":4130750,\"total\":4130750},\"progress\":\"[==================================================\\u003e]
      \ 4.131MB/4.131MB\",\"id\":\"6e174226ea69\"}\r\n{\"status\":\"Pushing\",\"progressDetail\":{\"current\":1800509,\"total\":1800509},\"progress\":\"[==================================================\\u003e]
      \ 1.801MB/1.801MB\",\"id\":\"49f3b06c840f\"}\r\n{\"status\":\"Pushing\",\"progressDetail\":{\"current\":7340032,\"total\":16988973},\"progress\":\"[=====================\\u003e
      \                            ]   7.34MB/16.99MB\",\"id\":\"021cb5923c0e\"}\r\n{\"status\":\"Pushing\",\"progressDetail\":{\"current\":4310785,\"total\":4310785},\"progress\":\"[==================================================\\u003e]
      \ 4.311MB/4.311MB\",\"id\":\"556d70b7bec9\"}\r\n{\"status\":\"Pushing\",\"progressDetail\":{\"current\":298,\"total\":298},\"progress\":\"[==================================================\\u003e]
      \    298B/298B\",\"id\":\"24e19c209694\"}\r\n{\"status\":\"Pushing\",\"progressDetail\":{\"current\":4130750,\"total\":4130750},\"progress\":\"[==================================================\\u003e]
      \ 4.131MB/4.131MB\",\"id\":\"6e174226ea69\"}\r\n{\"status\":\"Pushing\",\"progressDetail\":{\"current\":1800509,\"total\":1800509},\"progress\":\"[==================================================\\u003e]
      \ 1.801MB/1.801MB\",\"id\":\"49f3b06c840f\"}\r\n{\"status\":\"Pushing\",\"progressDetail\":{\"current\":7340032,\"total\":16988973},\"progress\":\"[=====================\\u003e
      \                            ]   7.34MB/16.99MB\",\"id\":\"021cb5923c0e\"}\r\n{\"status\":\"Pushing\",\"progressDetail\":{\"current\":4310785,\"total\":4310785},\"progress\":\"[==================================================\\u003e]
      \ 4.311MB/4.311MB\",\"id\":\"556d70b7bec9\"}\r\n{\"status\":\"Pushing\",\"progressDetail\":{\"current\":298,\"total\":298},\"progress\":\"[==================================================\\u003e]
      \    298B/298B\",\"id\":\"24e19c209694\"}\r\n{\"status\":\"Pushing\",\"progressDetail\":{\"current\":4130750,\"total\":4130750},\"progress\":\"[==================================================\\u003e]
      \ 4.131MB/4.131MB\",\"id\":\"6e174226ea69\"}\r\n{\"status\":\"Pushing\",\"progressDetail\":{\"current\":1800509,\"total\":1800509},\"progress\":\"[==================================================\\u003e]
      \ 1.801MB/1.801MB\",\"id\":\"49f3b06c840f\"}\r\n{\"status\":\"Pushed\",\"progressDetail\":{},\"id\":\"24e19c209694\"}\r\n{\"status\":\"Pushing\",\"progressDetail\":{\"current\":4130750,\"total\":4130750},\"progress\":\"[==================================================\\u003e]
      \ 4.131MB/4.131MB\",\"id\":\"6e174226ea69\"}\r\n{\"status\":\"Pushing\",\"progressDetail\":{\"current\":1800509,\"total\":1800509},\"progress\":\"[==================================================\\u003e]
      \ 1.801MB/1.801MB\",\"id\":\"49f3b06c840f\"}\r\n{\"status\":\"Pushing\",\"progressDetail\":{\"current\":7340032,\"total\":16988973},\"progress\":\"[=====================\\u003e
      \                            ]   7.34MB/16.99MB\",\"id\":\"021cb5923c0e\"}\r\n{\"status\":\"Pushing\",\"progressDetail\":{\"current\":4310785,\"total\":4310785},\"progress\":\"[==================================================\\u003e]
      \ 4.311MB/4.311MB\",\"id\":\"556d70b7bec9\"}\r\n{\"status\":\"Pushing\",\"progressDetail\":{\"current\":4130750,\"total\":4130750},\"progress\":\"[==================================================\\u003e]
      \ 4.131MB/4.131MB\",\"id\":\"6e174226ea69\"}\r\n{\"status\":\"Pushing\",\"progressDetail\":{\"current\":1800509,\"total\":1800509},\"progress\":\"[==================================================\\u003e]
      \ 1.801MB/1.801MB\",\"id\":\"49f3b06c840f\"}\r\n{\"status\":\"Pushing\",\"progressDetail\":{\"current\":9437184,\"total\":16988973},\"progress\":\"[===========================\\u003e
      \                      ]  9.437MB/16.99MB\",\"id\":\"021cb5923c0e\"}\r\n{\"status\":\"Pushing\",\"progressDetail\":{\"current\":4310785,\"total\":4310785},\"progress\":\"[==================================================\\u003e]
      \ 4.311MB/4.311MB\",\"id\":\"556d70b7bec9\"}\r\n{\"status\":\"Pushing\",\"progressDetail\":{\"current\":9437184,\"total\":16988973},\"progress\":\"[===========================\\u003e
      \                      ]  9.437MB/16.99MB\",\"id\":\"021cb5923c0e\"}\r\n{\"status\":\"Pushing\",\"progressDetail\":{\"current\":4310785,\"total\":4310785},\"progress\":\"[==================================================\\u003e]
      \ 4.311MB/4.311MB\",\"id\":\"556d70b7bec9\"}\r\n{\"status\":\"Pushing\",\"progressDetail\":{\"current\":4130750,\"total\":4130750},\"progress\":\"[==================================================\\u003e]
      \ 4.131MB/4.131MB\",\"id\":\"6e174226ea69\"}\r\n{\"status\":\"Pushed\",\"progressDetail\":{},\"id\":\"49f3b06c840f\"}\r\n{\"status\":\"Pushing\",\"progressDetail\":{\"current\":9437184,\"total\":16988973},\"progress\":\"[===========================\\u003e
      \                      ]  9.437MB/16.99MB\",\"id\":\"021cb5923c0e\"}\r\n{\"status\":\"Pushing\",\"progressDetail\":{\"current\":4310785,\"total\":4310785},\"progress\":\"[==================================================\\u003e]
      \ 4.311MB/4.311MB\",\"id\":\"556d70b7bec9\"}\r\n{\"status\":\"Pushing\",\"progressDetail\":{\"current\":4130750,\"total\":4130750},\"progress\":\"[==================================================\\u003e]
      \ 4.131MB/4.131MB\",\"id\":\"6e174226ea69\"}\r\n{\"status\":\"Pushing\",\"progressDetail\":{\"current\":9437184,\"total\":16988973},\"progress\":\"[===========================\\u003e
      \                      ]  9.437MB/16.99MB\",\"id\":\"021cb5923c0e\"}\r\n{\"status\":\"Pushing\",\"progressDetail\":{\"current\":4310785,\"total\":4310785},\"progress\":\"[==================================================\\u003e]
      \ 4.311MB/4.311MB\",\"id\":\"556d70b7bec9\"}\r\n{\"status\":\"Pushing\",\"progressDetail\":{\"current\":4130750,\"total\":4130750},\"progress\":\"[==================================================\\u003e]
      \ 4.131MB/4.131MB\",\"id\":\"6e174226ea69\"}\r\n{\"status\":\"Pushing\",\"progressDetail\":{\"current\":4130750,\"total\":4130750},\"progress\":\"[==================================================\\u003e]
      \ 4.131MB/4.131MB\",\"id\":\"6e174226ea69\"}\r\n{\"status\":\"Pushing\",\"progressDetail\":{\"current\":10485760,\"total\":16988973},\"progress\":\"[==============================\\u003e
      \                   ]  10.49MB/16.99MB\",\"id\":\"021cb5923c0e\"}\r\n{\"status\":\"Pushing\",\"progressDetail\":{\"current\":4310785,\"total\":4310785},\"progress\":\"[==================================================\\u003e]
      \ 4.311MB/4.311MB\",\"id\":\"556d70b7bec9\"}\r\n{\"status\":\"Pushing\",\"progressDetail\":{\"current\":10485760,\"total\":16988973},\"progress\":\"[==============================\\u003e
      \                   ]  10.49MB/16.99MB\",\"id\":\"021cb5923c0e\"}\r\n{\"status\":\"Pushing\",\"progressDetail\":{\"current\":4310785,\"total\":4310785},\"progress\":\"[==================================================\\u003e]
      \ 4.311MB/4.311MB\",\"id\":\"556d70b7bec9\"}\r\n{\"status\":\"Pushing\",\"progressDetail\":{\"current\":4130750,\"total\":4130750},\"progress\":\"[==================================================\\u003e]
      \ 4.131MB/4.131MB\",\"id\":\"6e174226ea69\"}\r\n{\"status\":\"Pushing\",\"progressDetail\":{\"current\":4130750,\"total\":4130750},\"progress\":\"[==================================================\\u003e]
      \ 4.131MB/4.131MB\",\"id\":\"6e174226ea69\"}\r\n{\"status\":\"Pushing\",\"progressDetail\":{\"current\":12582912,\"total\":16988973},\"progress\":\"[=====================================\\u003e
      \            ]  12.58MB/16.99MB\",\"id\":\"021cb5923c0e\"}\r\n{\"status\":\"Pushing\",\"progressDetail\":{\"current\":4310785,\"total\":4310785},\"progress\":\"[==================================================\\u003e]
      \ 4.311MB/4.311MB\",\"id\":\"556d70b7bec9\"}\r\n{\"status\":\"Pushing\",\"progressDetail\":{\"current\":4130750,\"total\":4130750},\"progress\":\"[==================================================\\u003e]
      \ 4.131MB/4.131MB\",\"id\":\"6e174226ea69\"}\r\n{\"status\":\"Pushing\",\"progressDetail\":{\"current\":12582912,\"total\":16988973},\"progress\":\"[=====================================\\u003e
      \            ]  12.58MB/16.99MB\",\"id\":\"021cb5923c0e\"}\r\n{\"status\":\"Pushing\",\"progressDetail\":{\"current\":4310785,\"total\":4310785},\"progress\":\"[==================================================\\u003e]
      \ 4.311MB/4.311MB\",\"id\":\"556d70b7bec9\"}\r\n{\"status\":\"Pushing\",\"progressDetail\":{\"current\":4130750,\"total\":4130750},\"progress\":\"[==================================================\\u003e]
      \ 4.131MB/4.131MB\",\"id\":\"6e174226ea69\"}\r\n{\"status\":\"Pushing\",\"progressDetail\":{\"current\":12582912,\"total\":16988973},\"progress\":\"[=====================================\\u003e
      \            ]  12.58MB/16.99MB\",\"id\":\"021cb5923c0e\"}\r\n{\"status\":\"Pushing\",\"progressDetail\":{\"current\":4310785,\"total\":4310785},\"progress\":\"[==================================================\\u003e]
      \ 4.311MB/4.311MB\",\"id\":\"556d70b7bec9\"}\r\n{\"status\":\"Pushing\",\"progressDetail\":{\"current\":12582912,\"total\":16988973},\"progress\":\"[=====================================\\u003e
      \            ]  12.58MB/16.99MB\",\"id\":\"021cb5923c0e\"}\r\n{\"status\":\"Pushing\",\"progressDetail\":{\"current\":4310785,\"total\":4310785},\"progress\":\"[==================================================\\u003e]
      \ 4.311MB/4.311MB\",\"id\":\"556d70b7bec9\"}\r\n{\"status\":\"Pushing\",\"progressDetail\":{\"current\":4130750,\"total\":4130750},\"progress\":\"[==================================================\\u003e]
      \ 4.131MB/4.131MB\",\"id\":\"6e174226ea69\"}\r\n{\"status\":\"Pushing\",\"progressDetail\":{\"current\":4130750,\"total\":4130750},\"progress\":\"[==================================================\\u003e]
      \ 4.131MB/4.131MB\",\"id\":\"6e174226ea69\"}\r\n{\"status\":\"Pushing\",\"progressDetail\":{\"current\":13631488,\"total\":16988973},\"progress\":\"[========================================\\u003e
      \         ]  13.63MB/16.99MB\",\"id\":\"021cb5923c0e\"}\r\n{\"status\":\"Pushed\",\"progressDetail\":{},\"id\":\"556d70b7bec9\"}\r\n{\"status\":\"Pushing\",\"progressDetail\":{\"current\":13631488,\"total\":16988973},\"progress\":\"[========================================\\u003e
      \         ]  13.63MB/16.99MB\",\"id\":\"021cb5923c0e\"}\r\n{\"status\":\"Pushing\",\"progressDetail\":{\"current\":4130750,\"total\":4130750},\"progress\":\"[==================================================\\u003e]
      \ 4.131MB/4.131MB\",\"id\":\"6e174226ea69\"}\r\n{\"status\":\"Pushed\",\"progressDetail\":{},\"id\":\"6e174226ea69\"}\r\n{\"status\":\"Pushing\",\"progressDetail\":{\"current\":13631488,\"total\":16988973},\"progress\":\"[========================================\\u003e
      \         ]  13.63MB/16.99MB\",\"id\":\"021cb5923c0e\"}\r\n{\"status\":\"Pushing\",\"progressDetail\":{\"current\":13631488,\"total\":16988973},\"progress\":\"[========================================\\u003e
      \         ]  13.63MB/16.99MB\",\"id\":\"021cb5923c0e\"}\r\n{\"status\":\"Pushing\",\"progressDetail\":{\"current\":14680064,\"total\":16988973},\"progress\":\"[===========================================\\u003e
      \      ]  14.68MB/16.99MB\",\"id\":\"021cb5923c0e\"}\r\n{\"status\":\"Pushing\",\"progressDetail\":{\"current\":14680064,\"total\":16988973},\"progress\":\"[===========================================\\u003e
      \      ]  14.68MB/16.99MB\",\"id\":\"021cb5923c0e\"}\r\n{\"status\":\"Pushing\",\"progressDetail\":{\"current\":14680064,\"total\":16988973},\"progress\":\"[===========================================\\u003e
      \      ]  14.68MB/16.99MB\",\"id\":\"021cb5923c0e\"}\r\n{\"status\":\"Pushing\",\"progressDetail\":{\"current\":16988973,\"total\":16988973},\"progress\":\"[==================================================\\u003e]
      \ 16.99MB/16.99MB\",\"id\":\"021cb5923c0e\"}\r\n{\"status\":\"Pushing\",\"progressDetail\":{\"current\":16988973,\"total\":16988973},\"progress\":\"[==================================================\\u003e]
      \ 16.99MB/16.99MB\",\"id\":\"021cb5923c0e\"}\r\n{\"status\":\"Pushing\",\"progressDetail\":{\"current\":16988973,\"total\":16988973},\"progress\":\"[==================================================\\u003e]
      \ 16.99MB/16.99MB\",\"id\":\"021cb5923c0e\"}\r\n{\"status\":\"Pushing\",\"progressDetail\":{\"current\":16988973,\"total\":16988973},\"progress\":\"[==================================================\\u003e]
      \ 16.99MB/16.99MB\",\"id\":\"021cb5923c0e\"}\r\n{\"status\":\"Pushing\",\"progressDetail\":{\"current\":16988973,\"total\":16988973},\"progress\":\"[==================================================\\u003e]
      \ 16.99MB/16.99MB\",\"id\":\"021cb5923c0e\"}\r\n{\"status\":\"Pushing\",\"progressDetail\":{\"current\":16988973,\"total\":16988973},\"progress\":\"[==================================================\\u003e]
      \ 16.99MB/16.99MB\",\"id\":\"021cb5923c0e\"}\r\n{\"status\":\"Pushing\",\"progressDetail\":{\"current\":16988973,\"total\":16988973},\"progress\":\"[==================================================\\u003e]
      \ 16.99MB/16.99MB\",\"id\":\"021cb5923c0e\"}\r\n{\"status\":\"Pushing\",\"progressDetail\":{\"current\":16988973,\"total\":16988973},\"progress\":\"[==================================================\\u003e]
      \ 16.99MB/16.99MB\",\"id\":\"021cb5923c0e\"}\r\n{\"status\":\"Pushing\",\"progressDetail\":{\"current\":16988973,\"total\":16988973},\"progress\":\"[==================================================\\u003e]
      \ 16.99MB/16.99MB\",\"id\":\"021cb5923c0e\"}\r\n{\"status\":\"Pushing\",\"progressDetail\":{\"current\":16988973,\"total\":16988973},\"progress\":\"[==================================================\\u003e]
      \ 16.99MB/16.99MB\",\"id\":\"021cb5923c0e\"}\r\n{\"status\":\"Pushing\",\"progressDetail\":{\"current\":16988973,\"total\":16988973},\"progress\":\"[==================================================\\u003e]
      \ 16.99MB/16.99MB\",\"id\":\"021cb5923c0e\"}\r\n{\"status\":\"Pushing\",\"progressDetail\":{\"current\":16988973,\"total\":16988973},\"progress\":\"[==================================================\\u003e]
      \ 16.99MB/16.99MB\",\"id\":\"021cb5923c0e\"}\r\n{\"status\":\"Pushing\",\"progressDetail\":{\"current\":16988973,\"total\":16988973},\"progress\":\"[==================================================\\u003e]
      \ 16.99MB/16.99MB\",\"id\":\"021cb5923c0e\"}\r\n{\"status\":\"Pushing\",\"progressDetail\":{\"current\":16988973,\"total\":16988973},\"progress\":\"[==================================================\\u003e]
      \ 16.99MB/16.99MB\",\"id\":\"021cb5923c0e\"}\r\n{\"status\":\"Pushing\",\"progressDetail\":{\"current\":16988973,\"total\":16988973},\"progress\":\"[==================================================\\u003e]
      \ 16.99MB/16.99MB\",\"id\":\"021cb5923c0e\"}\r\n{\"status\":\"Pushing\",\"progressDetail\":{\"current\":16988973,\"total\":16988973},\"progress\":\"[==================================================\\u003e]
      \ 16.99MB/16.99MB\",\"id\":\"021cb5923c0e\"}\r\n{\"status\":\"Pushing\",\"progressDetail\":{\"current\":16988973,\"total\":16988973},\"progress\":\"[==================================================\\u003e]
      \ 16.99MB/16.99MB\",\"id\":\"021cb5923c0e\"}\r\n{\"status\":\"Pushing\",\"progressDetail\":{\"current\":16988973,\"total\":16988973},\"progress\":\"[==================================================\\u003e]
      \ 16.99MB/16.99MB\",\"id\":\"021cb5923c0e\"}\r\n{\"status\":\"Pushing\",\"progressDetail\":{\"current\":16988973,\"total\":16988973},\"progress\":\"[==================================================\\u003e]
      \ 16.99MB/16.99MB\",\"id\":\"021cb5923c0e\"}\r\n{\"status\":\"Pushing\",\"progressDetail\":{\"current\":16988973,\"total\":16988973},\"progress\":\"[==================================================\\u003e]
      \ 16.99MB/16.99MB\",\"id\":\"021cb5923c0e\"}\r\n{\"status\":\"Pushing\",\"progressDetail\":{\"current\":16988973,\"total\":16988973},\"progress\":\"[==================================================\\u003e]
      \ 16.99MB/16.99MB\",\"id\":\"021cb5923c0e\"}\r\n{\"status\":\"Pushed\",\"progressDetail\":{},\"id\":\"021cb5923c0e\"}\r\n{\"status\":\"latest:
      digest: sha256:85d49ddb70abe9c6fd0263f32159cae1956017601b2872b2143751370b3a5dbd
      size: 2479\"}\r\n"
    form: {}
    headers:
      Content-Type:
      - application/json
      X-Registry-Auth:
      - eyJ1c2VybmFtZSI6IlNDVzM2M0NaNVNSTjVZSFFCR1hZIiwicGFzc3dvcmQiOiJhNDIxMTZiNC02MjZiLTQyZWUtYjQ1Yi0wOTVhNDUyMmQ1MjYiLCJzZXJ2ZXJhZGRyZXNzIjoicmcuZnItcGFyLnNjdy5jbG91ZC9mdW5jc2N3Y2xpdGN0bnJkZXBsb3lzeTA0MHBzenUifQ==
    url: http://%2Fvar%2Frun%2Fdocker.sock/v1.51/images/rg.fr-par.scw.cloud/funcscwclitctnrdeploysy040pszu/cli-t-ctnr-deploy-s/push?tag=latest
    method: POST
  response:
    body: "{\"status\":\"The push refers to repository [rg.fr-par.scw.cloud/funcscwclitctnrdeploysy040pszu/cli-t-ctnr-deploy-s]\"}\r\n{\"status\":\"Waiting\",\"progressDetail\":{},\"id\":\"6156ecb6dfff\"}\r\n{\"status\":\"Waiting\",\"progressDetail\":{},\"id\":\"6e174226ea69\"}\r\n{\"status\":\"Waiting\",\"progressDetail\":{},\"id\":\"49f3b06c840f\"}\r\n{\"status\":\"Waiting\",\"progressDetail\":{},\"id\":\"04ba7957f9d2\"}\r\n{\"status\":\"Waiting\",\"progressDetail\":{},\"id\":\"66ce170f7dd8\"}\r\n{\"status\":\"Waiting\",\"progressDetail\":{},\"id\":\"0bc2f07fbf03\"}\r\n{\"status\":\"Waiting\",\"progressDetail\":{},\"id\":\"021cb5923c0e\"}\r\n{\"status\":\"Waiting\",\"progressDetail\":{},\"id\":\"556d70b7bec9\"}\r\n{\"status\":\"Waiting\",\"progressDetail\":{},\"id\":\"6c2c01fdb094\"}\r\n{\"status\":\"Waiting\",\"progressDetail\":{},\"id\":\"24e19c209694\"}\r\n{\"status\":\"Waiting\",\"progressDetail\":{},\"id\":\"49f3b06c840f\"}\r\n{\"status\":\"Waiting\",\"progressDetail\":{},\"id\":\"04ba7957f9d2\"}\r\n{\"status\":\"Waiting\",\"progressDetail\":{},\"id\":\"66ce170f7dd8\"}\r\n{\"status\":\"Waiting\",\"progressDetail\":{},\"id\":\"0bc2f07fbf03\"}\r\n{\"status\":\"Waiting\",\"progressDetail\":{},\"id\":\"021cb5923c0e\"}\r\n{\"status\":\"Waiting\",\"progressDetail\":{},\"id\":\"556d70b7bec9\"}\r\n{\"status\":\"Waiting\",\"progressDetail\":{},\"id\":\"6c2c01fdb094\"}\r\n{\"status\":\"Waiting\",\"progressDetail\":{},\"id\":\"24e19c209694\"}\r\n{\"status\":\"Waiting\",\"progressDetail\":{},\"id\":\"6156ecb6dfff\"}\r\n{\"status\":\"Waiting\",\"progressDetail\":{},\"id\":\"6e174226ea69\"}\r\n{\"status\":\"Waiting\",\"progressDetail\":{},\"id\":\"6e174226ea69\"}\r\n{\"status\":\"Waiting\",\"progressDetail\":{},\"id\":\"49f3b06c840f\"}\r\n{\"status\":\"Waiting\",\"progressDetail\":{},\"id\":\"04ba7957f9d2\"}\r\n{\"status\":\"Waiting\",\"progressDetail\":{},\"id\":\"66ce170f7dd8\"}\r\n{\"status\":\"Waiting\",\"progressDetail\":{},\"id\":\"0bc2f07fbf03\"}\r\n{\"status\":\"Waiting\",\"progressDetail\":{},\"id\":\"021cb5923c0e\"}\r\n{\"status\":\"Waiting\",\"progressDetail\":{},\"id\":\"556d70b7bec9\"}\r\n{\"status\":\"Waiting\",\"progressDetail\":{},\"id\":\"6c2c01fdb094\"}\r\n{\"status\":\"Waiting\",\"progressDetail\":{},\"id\":\"24e19c209694\"}\r\n{\"status\":\"Waiting\",\"progressDetail\":{},\"id\":\"6156ecb6dfff\"}\r\n{\"status\":\"Waiting\",\"progressDetail\":{},\"id\":\"24e19c209694\"}\r\n{\"status\":\"Waiting\",\"progressDetail\":{},\"id\":\"6156ecb6dfff\"}\r\n{\"status\":\"Waiting\",\"progressDetail\":{},\"id\":\"6e174226ea69\"}\r\n{\"status\":\"Waiting\",\"progressDetail\":{},\"id\":\"49f3b06c840f\"}\r\n{\"status\":\"Waiting\",\"progressDetail\":{},\"id\":\"04ba7957f9d2\"}\r\n{\"status\":\"Waiting\",\"progressDetail\":{},\"id\":\"66ce170f7dd8\"}\r\n{\"status\":\"Waiting\",\"progressDetail\":{},\"id\":\"0bc2f07fbf03\"}\r\n{\"status\":\"Waiting\",\"progressDetail\":{},\"id\":\"021cb5923c0e\"}\r\n{\"status\":\"Waiting\",\"progressDetail\":{},\"id\":\"556d70b7bec9\"}\r\n{\"status\":\"Waiting\",\"progressDetail\":{},\"id\":\"6c2c01fdb094\"}\r\n{\"status\":\"Waiting\",\"progressDetail\":{},\"id\":\"24e19c209694\"}\r\n{\"status\":\"Waiting\",\"progressDetail\":{},\"id\":\"6156ecb6dfff\"}\r\n{\"status\":\"Waiting\",\"progressDetail\":{},\"id\":\"6e174226ea69\"}\r\n{\"status\":\"Waiting\",\"progressDetail\":{},\"id\":\"49f3b06c840f\"}\r\n{\"status\":\"Waiting\",\"progressDetail\":{},\"id\":\"04ba7957f9d2\"}\r\n{\"status\":\"Waiting\",\"progressDetail\":{},\"id\":\"66ce170f7dd8\"}\r\n{\"status\":\"Waiting\",\"progressDetail\":{},\"id\":\"0bc2f07fbf03\"}\r\n{\"status\":\"Waiting\",\"progressDetail\":{},\"id\":\"021cb5923c0e\"}\r\n{\"status\":\"Waiting\",\"progressDetail\":{},\"id\":\"556d70b7bec9\"}\r\n{\"status\":\"Waiting\",\"progressDetail\":{},\"id\":\"6c2c01fdb094\"}\r\n{\"status\":\"Waiting\",\"progressDetail\":{},\"id\":\"0bc2f07fbf03\"}\r\n{\"status\":\"Waiting\",\"progressDetail\":{},\"id\":\"021cb5923c0e\"}\r\n{\"status\":\"Waiting\",\"progressDetail\":{},\"id\":\"556d70b7bec9\"}\r\n{\"status\":\"Waiting\",\"progressDetail\":{},\"id\":\"6c2c01fdb094\"}\r\n{\"status\":\"Waiting\",\"progressDetail\":{},\"id\":\"24e19c209694\"}\r\n{\"status\":\"Waiting\",\"progressDetail\":{},\"id\":\"6156ecb6dfff\"}\r\n{\"status\":\"Waiting\",\"progressDetail\":{},\"id\":\"6e174226ea69\"}\r\n{\"status\":\"Waiting\",\"progressDetail\":{},\"id\":\"49f3b06c840f\"}\r\n{\"status\":\"Waiting\",\"progressDetail\":{},\"id\":\"04ba7957f9d2\"}\r\n{\"status\":\"Waiting\",\"progressDetail\":{},\"id\":\"66ce170f7dd8\"}\r\n{\"status\":\"Waiting\",\"progressDetail\":{},\"id\":\"24e19c209694\"}\r\n{\"status\":\"Waiting\",\"progressDetail\":{},\"id\":\"6156ecb6dfff\"}\r\n{\"status\":\"Waiting\",\"progressDetail\":{},\"id\":\"6e174226ea69\"}\r\n{\"status\":\"Waiting\",\"progressDetail\":{},\"id\":\"49f3b06c840f\"}\r\n{\"status\":\"Waiting\",\"progressDetail\":{},\"id\":\"04ba7957f9d2\"}\r\n{\"status\":\"Waiting\",\"progressDetail\":{},\"id\":\"66ce170f7dd8\"}\r\n{\"status\":\"Waiting\",\"progressDetail\":{},\"id\":\"0bc2f07fbf03\"}\r\n{\"status\":\"Waiting\",\"progressDetail\":{},\"id\":\"021cb5923c0e\"}\r\n{\"status\":\"Waiting\",\"progressDetail\":{},\"id\":\"556d70b7bec9\"}\r\n{\"status\":\"Waiting\",\"progressDetail\":{},\"id\":\"6c2c01fdb094\"}\r\n{\"status\":\"Waiting\",\"progressDetail\":{},\"id\":\"6c2c01fdb094\"}\r\n{\"status\":\"Waiting\",\"progressDetail\":{},\"id\":\"24e19c209694\"}\r\n{\"status\":\"Waiting\",\"progressDetail\":{},\"id\":\"6156ecb6dfff\"}\r\n{\"status\":\"Waiting\",\"progressDetail\":{},\"id\":\"6e174226ea69\"}\r\n{\"status\":\"Waiting\",\"progressDetail\":{},\"id\":\"49f3b06c840f\"}\r\n{\"status\":\"Waiting\",\"progressDetail\":{},\"id\":\"04ba7957f9d2\"}\r\n{\"status\":\"Waiting\",\"progressDetail\":{},\"id\":\"66ce170f7dd8\"}\r\n{\"status\":\"Waiting\",\"progressDetail\":{},\"id\":\"0bc2f07fbf03\"}\r\n{\"status\":\"Waiting\",\"progressDetail\":{},\"id\":\"021cb5923c0e\"}\r\n{\"status\":\"Waiting\",\"progressDetail\":{},\"id\":\"556d70b7bec9\"}\r\n{\"status\":\"Waiting\",\"progressDetail\":{},\"id\":\"24e19c209694\"}\r\n{\"status\":\"Waiting\",\"progressDetail\":{},\"id\":\"6156ecb6dfff\"}\r\n{\"status\":\"Waiting\",\"progressDetail\":{},\"id\":\"6e174226ea69\"}\r\n{\"status\":\"Waiting\",\"progressDetail\":{},\"id\":\"49f3b06c840f\"}\r\n{\"status\":\"Waiting\",\"progressDetail\":{},\"id\":\"04ba7957f9d2\"}\r\n{\"status\":\"Waiting\",\"progressDetail\":{},\"id\":\"66ce170f7dd8\"}\r\n{\"status\":\"Waiting\",\"progressDetail\":{},\"id\":\"0bc2f07fbf03\"}\r\n{\"status\":\"Waiting\",\"progressDetail\":{},\"id\":\"021cb5923c0e\"}\r\n{\"status\":\"Waiting\",\"progressDetail\":{},\"id\":\"556d70b7bec9\"}\r\n{\"status\":\"Waiting\",\"progressDetail\":{},\"id\":\"6c2c01fdb094\"}\r\n{\"status\":\"Waiting\",\"progressDetail\":{},\"id\":\"6156ecb6dfff\"}\r\n{\"status\":\"Waiting\",\"progressDetail\":{},\"id\":\"6e174226ea69\"}\r\n{\"status\":\"Waiting\",\"progressDetail\":{},\"id\":\"49f3b06c840f\"}\r\n{\"status\":\"Waiting\",\"progressDetail\":{},\"id\":\"04ba7957f9d2\"}\r\n{\"status\":\"Waiting\",\"progressDetail\":{},\"id\":\"66ce170f7dd8\"}\r\n{\"status\":\"Waiting\",\"progressDetail\":{},\"id\":\"0bc2f07fbf03\"}\r\n{\"status\":\"Waiting\",\"progressDetail\":{},\"id\":\"021cb5923c0e\"}\r\n{\"status\":\"Waiting\",\"progressDetail\":{},\"id\":\"556d70b7bec9\"}\r\n{\"status\":\"Waiting\",\"progressDetail\":{},\"id\":\"6c2c01fdb094\"}\r\n{\"status\":\"Waiting\",\"progressDetail\":{},\"id\":\"24e19c209694\"}\r\n{\"status\":\"Waiting\",\"progressDetail\":{},\"id\":\"6c2c01fdb094\"}\r\n{\"status\":\"Waiting\",\"progressDetail\":{},\"id\":\"24e19c209694\"}\r\n{\"status\":\"Waiting\",\"progressDetail\":{},\"id\":\"6156ecb6dfff\"}\r\n{\"status\":\"Waiting\",\"progressDetail\":{},\"id\":\"6e174226ea69\"}\r\n{\"status\":\"Waiting\",\"progressDetail\":{},\"id\":\"49f3b06c840f\"}\r\n{\"status\":\"Waiting\",\"progressDetail\":{},\"id\":\"04ba7957f9d2\"}\r\n{\"status\":\"Waiting\",\"progressDetail\":{},\"id\":\"66ce170f7dd8\"}\r\n{\"status\":\"Waiting\",\"progressDetail\":{},\"id\":\"0bc2f07fbf03\"}\r\n{\"status\":\"Waiting\",\"progressDetail\":{},\"id\":\"021cb5923c0e\"}\r\n{\"status\":\"Waiting\",\"progressDetail\":{},\"id\":\"556d70b7bec9\"}\r\n{\"status\":\"Waiting\",\"progressDetail\":{},\"id\":\"66ce170f7dd8\"}\r\n{\"status\":\"Waiting\",\"progressDetail\":{},\"id\":\"0bc2f07fbf03\"}\r\n{\"status\":\"Waiting\",\"progressDetail\":{},\"id\":\"021cb5923c0e\"}\r\n{\"status\":\"Waiting\",\"progressDetail\":{},\"id\":\"556d70b7bec9\"}\r\n{\"status\":\"Waiting\",\"progressDetail\":{},\"id\":\"6c2c01fdb094\"}\r\n{\"status\":\"Waiting\",\"progressDetail\":{},\"id\":\"24e19c209694\"}\r\n{\"status\":\"Waiting\",\"progressDetail\":{},\"id\":\"6156ecb6dfff\"}\r\n{\"status\":\"Waiting\",\"progressDetail\":{},\"id\":\"6e174226ea69\"}\r\n{\"status\":\"Waiting\",\"progressDetail\":{},\"id\":\"49f3b06c840f\"}\r\n{\"status\":\"Waiting\",\"progressDetail\":{},\"id\":\"04ba7957f9d2\"}\r\n{\"status\":\"Waiting\",\"progressDetail\":{},\"id\":\"24e19c209694\"}\r\n{\"status\":\"Waiting\",\"progressDetail\":{},\"id\":\"6156ecb6dfff\"}\r\n{\"status\":\"Waiting\",\"progressDetail\":{},\"id\":\"6e174226ea69\"}\r\n{\"status\":\"Waiting\",\"progressDetail\":{},\"id\":\"49f3b06c840f\"}\r\n{\"status\":\"Waiting\",\"progressDetail\":{},\"id\":\"04ba7957f9d2\"}\r\n{\"status\":\"Waiting\",\"progressDetail\":{},\"id\":\"66ce170f7dd8\"}\r\n{\"status\":\"Waiting\",\"progressDetail\":{},\"id\":\"0bc2f07fbf03\"}\r\n{\"status\":\"Waiting\",\"progressDetail\":{},\"id\":\"021cb5923c0e\"}\r\n{\"status\":\"Waiting\",\"progressDetail\":{},\"id\":\"556d70b7bec9\"}\r\n{\"status\":\"Waiting\",\"progressDetail\":{},\"id\":\"6c2c01fdb094\"}\r\n{\"status\":\"Waiting\",\"progressDetail\":{},\"id\":\"04ba7957f9d2\"}\r\n{\"status\":\"Waiting\",\"progressDetail\":{},\"id\":\"66ce170f7dd8\"}\r\n{\"status\":\"Waiting\",\"progressDetail\":{},\"id\":\"0bc2f07fbf03\"}\r\n{\"status\":\"Waiting\",\"progressDetail\":{},\"id\":\"021cb5923c0e\"}\r\n{\"status\":\"Waiting\",\"progressDetail\":{},\"id\":\"556d70b7bec9\"}\r\n{\"status\":\"Waiting\",\"progressDetail\":{},\"id\":\"6c2c01fdb094\"}\r\n{\"status\":\"Waiting\",\"progressDetail\":{},\"id\":\"24e19c209694\"}\r\n{\"status\":\"Waiting\",\"progressDetail\":{},\"id\":\"6156ecb6dfff\"}\r\n{\"status\":\"Waiting\",\"progressDetail\":{},\"id\":\"6e174226ea69\"}\r\n{\"status\":\"Waiting\",\"progressDetail\":{},\"id\":\"49f3b06c840f\"}\r\n{\"status\":\"Pushing\",\"progressDetail\":{\"current\":1207,\"total\":1207},\"progress\":\"[==================================================\\u003e]
      \ 1.207kB/1.207kB\",\"id\":\"6c2c01fdb094\"}\r\n{\"status\":\"Waiting\",\"progressDetail\":{},\"id\":\"24e19c209694\"}\r\n{\"status\":\"Waiting\",\"progressDetail\":{},\"id\":\"6156ecb6dfff\"}\r\n{\"status\":\"Pushing\",\"progressDetail\":{\"current\":3145728,\"total\":4130750},\"progress\":\"[======================================\\u003e
      \           ]  3.146MB/4.131MB\",\"id\":\"6e174226ea69\"}\r\n{\"status\":\"Pushing\",\"progressDetail\":{\"current\":1800509,\"total\":1800509},\"progress\":\"[==================================================\\u003e]
      \ 1.801MB/1.801MB\",\"id\":\"49f3b06c840f\"}\r\n{\"status\":\"Waiting\",\"progressDetail\":{},\"id\":\"04ba7957f9d2\"}\r\n{\"status\":\"Pushing\",\"progressDetail\":{\"current\":1396,\"total\":1396},\"progress\":\"[==================================================\\u003e]
      \ 1.396kB/1.396kB\",\"id\":\"66ce170f7dd8\"}\r\n{\"status\":\"Waiting\",\"progressDetail\":{},\"id\":\"0bc2f07fbf03\"}\r\n{\"status\":\"Waiting\",\"progressDetail\":{},\"id\":\"021cb5923c0e\"}\r\n{\"status\":\"Pushing\",\"progressDetail\":{\"current\":4310785,\"total\":4310785},\"progress\":\"[==================================================\\u003e]
      \ 4.311MB/4.311MB\",\"id\":\"556d70b7bec9\"}\r\n{\"status\":\"Pushing\",\"progressDetail\":{\"current\":1396,\"total\":1396},\"progress\":\"[==================================================\\u003e]
      \ 1.396kB/1.396kB\",\"id\":\"66ce170f7dd8\"}\r\n{\"status\":\"Waiting\",\"progressDetail\":{},\"id\":\"0bc2f07fbf03\"}\r\n{\"status\":\"Pushing\",\"progressDetail\":{\"current\":3145728,\"total\":16988973},\"progress\":\"[=========\\u003e
      \                                        ]  3.146MB/16.99MB\",\"id\":\"021cb5923c0e\"}\r\n{\"status\":\"Pushing\",\"progressDetail\":{\"current\":4310785,\"total\":4310785},\"progress\":\"[==================================================\\u003e]
      \ 4.311MB/4.311MB\",\"id\":\"556d70b7bec9\"}\r\n{\"status\":\"Pushing\",\"progressDetail\":{\"current\":1207,\"total\":1207},\"progress\":\"[==================================================\\u003e]
      \ 1.207kB/1.207kB\",\"id\":\"6c2c01fdb094\"}\r\n{\"status\":\"Waiting\",\"progressDetail\":{},\"id\":\"24e19c209694\"}\r\n{\"status\":\"Waiting\",\"progressDetail\":{},\"id\":\"6156ecb6dfff\"}\r\n{\"status\":\"Pushing\",\"progressDetail\":{\"current\":3145728,\"total\":4130750},\"progress\":\"[======================================\\u003e
      \           ]  3.146MB/4.131MB\",\"id\":\"6e174226ea69\"}\r\n{\"status\":\"Pushing\",\"progressDetail\":{\"current\":1800509,\"total\":1800509},\"progress\":\"[==================================================\\u003e]
      \ 1.801MB/1.801MB\",\"id\":\"49f3b06c840f\"}\r\n{\"status\":\"Pushing\",\"progressDetail\":{\"current\":627,\"total\":627},\"progress\":\"[==================================================\\u003e]
      \    627B/627B\",\"id\":\"04ba7957f9d2\"}\r\n{\"status\":\"Waiting\",\"progressDetail\":{},\"id\":\"24e19c209694\"}\r\n{\"status\":\"Waiting\",\"progressDetail\":{},\"id\":\"6156ecb6dfff\"}\r\n{\"status\":\"Pushing\",\"progressDetail\":{\"current\":4130750,\"total\":4130750},\"progress\":\"[==================================================\\u003e]
      \ 4.131MB/4.131MB\",\"id\":\"6e174226ea69\"}\r\n{\"status\":\"Pushing\",\"progressDetail\":{\"current\":1800509,\"total\":1800509},\"progress\":\"[==================================================\\u003e]
      \ 1.801MB/1.801MB\",\"id\":\"49f3b06c840f\"}\r\n{\"status\":\"Pushing\",\"progressDetail\":{\"current\":627,\"total\":627},\"progress\":\"[==================================================\\u003e]
      \    627B/627B\",\"id\":\"04ba7957f9d2\"}\r\n{\"status\":\"Pushing\",\"progressDetail\":{\"current\":1396,\"total\":1396},\"progress\":\"[==================================================\\u003e]
      \ 1.396kB/1.396kB\",\"id\":\"66ce170f7dd8\"}\r\n{\"status\":\"Waiting\",\"progressDetail\":{},\"id\":\"0bc2f07fbf03\"}\r\n{\"status\":\"Pushing\",\"progressDetail\":{\"current\":3145728,\"total\":16988973},\"progress\":\"[=========\\u003e
      \                                        ]  3.146MB/16.99MB\",\"id\":\"021cb5923c0e\"}\r\n{\"status\":\"Pushing\",\"progressDetail\":{\"current\":4310785,\"total\":4310785},\"progress\":\"[==================================================\\u003e]
      \ 4.311MB/4.311MB\",\"id\":\"556d70b7bec9\"}\r\n{\"status\":\"Pushing\",\"progressDetail\":{\"current\":1207,\"total\":1207},\"progress\":\"[==================================================\\u003e]
      \ 1.207kB/1.207kB\",\"id\":\"6c2c01fdb094\"}\r\n{\"status\":\"Pushing\",\"progressDetail\":{\"current\":953,\"total\":953},\"progress\":\"[==================================================\\u003e]
      \    953B/953B\",\"id\":\"6156ecb6dfff\"}\r\n{\"status\":\"Pushing\",\"progressDetail\":{\"current\":4130750,\"total\":4130750},\"progress\":\"[==================================================\\u003e]
      \ 4.131MB/4.131MB\",\"id\":\"6e174226ea69\"}\r\n{\"status\":\"Pushing\",\"progressDetail\":{\"current\":1800509,\"total\":1800509},\"progress\":\"[==================================================\\u003e]
      \ 1.801MB/1.801MB\",\"id\":\"49f3b06c840f\"}\r\n{\"status\":\"Pushing\",\"progressDetail\":{\"current\":627,\"total\":627},\"progress\":\"[==================================================\\u003e]
      \    627B/627B\",\"id\":\"04ba7957f9d2\"}\r\n{\"status\":\"Pushing\",\"progressDetail\":{\"current\":1396,\"total\":1396},\"progress\":\"[==================================================\\u003e]
      \ 1.396kB/1.396kB\",\"id\":\"66ce170f7dd8\"}\r\n{\"status\":\"Pushing\",\"progressDetail\":{\"current\":403,\"total\":403},\"progress\":\"[==================================================\\u003e]
      \    403B/403B\",\"id\":\"0bc2f07fbf03\"}\r\n{\"status\":\"Pushing\",\"progressDetail\":{\"current\":4194304,\"total\":16988973},\"progress\":\"[============\\u003e
      \                                     ]  4.194MB/16.99MB\",\"id\":\"021cb5923c0e\"}\r\n{\"status\":\"Pushing\",\"progressDetail\":{\"current\":4310785,\"total\":4310785},\"progress\":\"[==================================================\\u003e]
      \ 4.311MB/4.311MB\",\"id\":\"556d70b7bec9\"}\r\n{\"status\":\"Pushing\",\"progressDetail\":{\"current\":1207,\"total\":1207},\"progress\":\"[==================================================\\u003e]
      \ 1.207kB/1.207kB\",\"id\":\"6c2c01fdb094\"}\r\n{\"status\":\"Waiting\",\"progressDetail\":{},\"id\":\"24e19c209694\"}\r\n{\"status\":\"Waiting\",\"progressDetail\":{},\"id\":\"24e19c209694\"}\r\n{\"status\":\"Pushing\",\"progressDetail\":{\"current\":953,\"total\":953},\"progress\":\"[==================================================\\u003e]
      \    953B/953B\",\"id\":\"6156ecb6dfff\"}\r\n{\"status\":\"Pushing\",\"progressDetail\":{\"current\":4130750,\"total\":4130750},\"progress\":\"[==================================================\\u003e]
      \ 4.131MB/4.131MB\",\"id\":\"6e174226ea69\"}\r\n{\"status\":\"Pushing\",\"progressDetail\":{\"current\":1800509,\"total\":1800509},\"progress\":\"[==================================================\\u003e]
      \ 1.801MB/1.801MB\",\"id\":\"49f3b06c840f\"}\r\n{\"status\":\"Pushing\",\"progressDetail\":{\"current\":627,\"total\":627},\"progress\":\"[==================================================\\u003e]
      \    627B/627B\",\"id\":\"04ba7957f9d2\"}\r\n{\"status\":\"Pushing\",\"progressDetail\":{\"current\":1396,\"total\":1396},\"progress\":\"[==================================================\\u003e]
      \ 1.396kB/1.396kB\",\"id\":\"66ce170f7dd8\"}\r\n{\"status\":\"Pushing\",\"progressDetail\":{\"current\":403,\"total\":403},\"progress\":\"[==================================================\\u003e]
      \    403B/403B\",\"id\":\"0bc2f07fbf03\"}\r\n{\"status\":\"Pushing\",\"progressDetail\":{\"current\":6291456,\"total\":16988973},\"progress\":\"[==================\\u003e
      \                               ]  6.291MB/16.99MB\",\"id\":\"021cb5923c0e\"}\r\n{\"status\":\"Pushing\",\"progressDetail\":{\"current\":4310785,\"total\":4310785},\"progress\":\"[==================================================\\u003e]
      \ 4.311MB/4.311MB\",\"id\":\"556d70b7bec9\"}\r\n{\"status\":\"Pushing\",\"progressDetail\":{\"current\":1207,\"total\":1207},\"progress\":\"[==================================================\\u003e]
      \ 1.207kB/1.207kB\",\"id\":\"6c2c01fdb094\"}\r\n{\"status\":\"Waiting\",\"progressDetail\":{},\"id\":\"24e19c209694\"}\r\n{\"status\":\"Pushing\",\"progressDetail\":{\"current\":953,\"total\":953},\"progress\":\"[==================================================\\u003e]
      \    953B/953B\",\"id\":\"6156ecb6dfff\"}\r\n{\"status\":\"Pushing\",\"progressDetail\":{\"current\":4130750,\"total\":4130750},\"progress\":\"[==================================================\\u003e]
      \ 4.131MB/4.131MB\",\"id\":\"6e174226ea69\"}\r\n{\"status\":\"Pushing\",\"progressDetail\":{\"current\":1800509,\"total\":1800509},\"progress\":\"[==================================================\\u003e]
      \ 1.801MB/1.801MB\",\"id\":\"49f3b06c840f\"}\r\n{\"status\":\"Pushing\",\"progressDetail\":{\"current\":627,\"total\":627},\"progress\":\"[==================================================\\u003e]
      \    627B/627B\",\"id\":\"04ba7957f9d2\"}\r\n{\"status\":\"Pushing\",\"progressDetail\":{\"current\":1396,\"total\":1396},\"progress\":\"[==================================================\\u003e]
      \ 1.396kB/1.396kB\",\"id\":\"66ce170f7dd8\"}\r\n{\"status\":\"Pushing\",\"progressDetail\":{\"current\":403,\"total\":403},\"progress\":\"[==================================================\\u003e]
      \    403B/403B\",\"id\":\"0bc2f07fbf03\"}\r\n{\"status\":\"Pushing\",\"progressDetail\":{\"current\":6291456,\"total\":16988973},\"progress\":\"[==================\\u003e
      \                               ]  6.291MB/16.99MB\",\"id\":\"021cb5923c0e\"}\r\n{\"status\":\"Pushing\",\"progressDetail\":{\"current\":4310785,\"total\":4310785},\"progress\":\"[==================================================\\u003e]
      \ 4.311MB/4.311MB\",\"id\":\"556d70b7bec9\"}\r\n{\"status\":\"Pushing\",\"progressDetail\":{\"current\":1207,\"total\":1207},\"progress\":\"[==================================================\\u003e]
      \ 1.207kB/1.207kB\",\"id\":\"6c2c01fdb094\"}\r\n{\"status\":\"Pushing\",\"progressDetail\":{\"current\":1396,\"total\":1396},\"progress\":\"[==================================================\\u003e]
      \ 1.396kB/1.396kB\",\"id\":\"66ce170f7dd8\"}\r\n{\"status\":\"Pushing\",\"progressDetail\":{\"current\":403,\"total\":403},\"progress\":\"[==================================================\\u003e]
      \    403B/403B\",\"id\":\"0bc2f07fbf03\"}\r\n{\"status\":\"Pushing\",\"progressDetail\":{\"current\":6291456,\"total\":16988973},\"progress\":\"[==================\\u003e
      \                               ]  6.291MB/16.99MB\",\"id\":\"021cb5923c0e\"}\r\n{\"status\":\"Pushing\",\"progressDetail\":{\"current\":4310785,\"total\":4310785},\"progress\":\"[==================================================\\u003e]
      \ 4.311MB/4.311MB\",\"id\":\"556d70b7bec9\"}\r\n{\"status\":\"Pushing\",\"progressDetail\":{\"current\":1207,\"total\":1207},\"progress\":\"[==================================================\\u003e]
      \ 1.207kB/1.207kB\",\"id\":\"6c2c01fdb094\"}\r\n{\"status\":\"Waiting\",\"progressDetail\":{},\"id\":\"24e19c209694\"}\r\n{\"status\":\"Pushing\",\"progressDetail\":{\"current\":953,\"total\":953},\"progress\":\"[==================================================\\u003e]
      \    953B/953B\",\"id\":\"6156ecb6dfff\"}\r\n{\"status\":\"Pushing\",\"progressDetail\":{\"current\":4130750,\"total\":4130750},\"progress\":\"[==================================================\\u003e]
      \ 4.131MB/4.131MB\",\"id\":\"6e174226ea69\"}\r\n{\"status\":\"Pushing\",\"progressDetail\":{\"current\":1800509,\"total\":1800509},\"progress\":\"[==================================================\\u003e]
      \ 1.801MB/1.801MB\",\"id\":\"49f3b06c840f\"}\r\n{\"status\":\"Pushing\",\"progressDetail\":{\"current\":627,\"total\":627},\"progress\":\"[==================================================\\u003e]
      \    627B/627B\",\"id\":\"04ba7957f9d2\"}\r\n{\"status\":\"Pushing\",\"progressDetail\":{\"current\":1396,\"total\":1396},\"progress\":\"[==================================================\\u003e]
      \ 1.396kB/1.396kB\",\"id\":\"66ce170f7dd8\"}\r\n{\"status\":\"Pushing\",\"progressDetail\":{\"current\":403,\"total\":403},\"progress\":\"[==================================================\\u003e]
      \    403B/403B\",\"id\":\"0bc2f07fbf03\"}\r\n{\"status\":\"Pushing\",\"progressDetail\":{\"current\":6291456,\"total\":16988973},\"progress\":\"[==================\\u003e
      \                               ]  6.291MB/16.99MB\",\"id\":\"021cb5923c0e\"}\r\n{\"status\":\"Pushing\",\"progressDetail\":{\"current\":4310785,\"total\":4310785},\"progress\":\"[==================================================\\u003e]
      \ 4.311MB/4.311MB\",\"id\":\"556d70b7bec9\"}\r\n{\"status\":\"Pushing\",\"progressDetail\":{\"current\":1207,\"total\":1207},\"progress\":\"[==================================================\\u003e]
      \ 1.207kB/1.207kB\",\"id\":\"6c2c01fdb094\"}\r\n{\"status\":\"Waiting\",\"progressDetail\":{},\"id\":\"24e19c209694\"}\r\n{\"status\":\"Pushing\",\"progressDetail\":{\"current\":953,\"total\":953},\"progress\":\"[==================================================\\u003e]
      \    953B/953B\",\"id\":\"6156ecb6dfff\"}\r\n{\"status\":\"Pushing\",\"progressDetail\":{\"current\":4130750,\"total\":4130750},\"progress\":\"[==================================================\\u003e]
      \ 4.131MB/4.131MB\",\"id\":\"6e174226ea69\"}\r\n{\"status\":\"Pushing\",\"progressDetail\":{\"current\":1800509,\"total\":1800509},\"progress\":\"[==================================================\\u003e]
      \ 1.801MB/1.801MB\",\"id\":\"49f3b06c840f\"}\r\n{\"status\":\"Pushing\",\"progressDetail\":{\"current\":627,\"total\":627},\"progress\":\"[==================================================\\u003e]
      \    627B/627B\",\"id\":\"04ba7957f9d2\"}\r\n{\"status\":\"Pushing\",\"progressDetail\":{\"current\":953,\"total\":953},\"progress\":\"[==================================================\\u003e]
      \    953B/953B\",\"id\":\"6156ecb6dfff\"}\r\n{\"status\":\"Pushing\",\"progressDetail\":{\"current\":4130750,\"total\":4130750},\"progress\":\"[==================================================\\u003e]
      \ 4.131MB/4.131MB\",\"id\":\"6e174226ea69\"}\r\n{\"status\":\"Pushing\",\"progressDetail\":{\"current\":1800509,\"total\":1800509},\"progress\":\"[==================================================\\u003e]
      \ 1.801MB/1.801MB\",\"id\":\"49f3b06c840f\"}\r\n{\"status\":\"Pushed\",\"progressDetail\":{},\"id\":\"04ba7957f9d2\"}\r\n{\"status\":\"Pushing\",\"progressDetail\":{\"current\":1396,\"total\":1396},\"progress\":\"[==================================================\\u003e]
      \ 1.396kB/1.396kB\",\"id\":\"66ce170f7dd8\"}\r\n{\"status\":\"Pushing\",\"progressDetail\":{\"current\":403,\"total\":403},\"progress\":\"[==================================================\\u003e]
      \    403B/403B\",\"id\":\"0bc2f07fbf03\"}\r\n{\"status\":\"Pushing\",\"progressDetail\":{\"current\":6291456,\"total\":16988973},\"progress\":\"[==================\\u003e
      \                               ]  6.291MB/16.99MB\",\"id\":\"021cb5923c0e\"}\r\n{\"status\":\"Pushing\",\"progressDetail\":{\"current\":4310785,\"total\":4310785},\"progress\":\"[==================================================\\u003e]
      \ 4.311MB/4.311MB\",\"id\":\"556d70b7bec9\"}\r\n{\"status\":\"Pushing\",\"progressDetail\":{\"current\":1207,\"total\":1207},\"progress\":\"[==================================================\\u003e]
      \ 1.207kB/1.207kB\",\"id\":\"6c2c01fdb094\"}\r\n{\"status\":\"Waiting\",\"progressDetail\":{},\"id\":\"24e19c209694\"}\r\n{\"status\":\"Waiting\",\"progressDetail\":{},\"id\":\"24e19c209694\"}\r\n{\"status\":\"Pushing\",\"progressDetail\":{\"current\":953,\"total\":953},\"progress\":\"[==================================================\\u003e]
      \    953B/953B\",\"id\":\"6156ecb6dfff\"}\r\n{\"status\":\"Pushing\",\"progressDetail\":{\"current\":4130750,\"total\":4130750},\"progress\":\"[==================================================\\u003e]
      \ 4.131MB/4.131MB\",\"id\":\"6e174226ea69\"}\r\n{\"status\":\"Pushing\",\"progressDetail\":{\"current\":1800509,\"total\":1800509},\"progress\":\"[==================================================\\u003e]
      \ 1.801MB/1.801MB\",\"id\":\"49f3b06c840f\"}\r\n{\"status\":\"Pushed\",\"progressDetail\":{},\"id\":\"66ce170f7dd8\"}\r\n{\"status\":\"Pushing\",\"progressDetail\":{\"current\":403,\"total\":403},\"progress\":\"[==================================================\\u003e]
      \    403B/403B\",\"id\":\"0bc2f07fbf03\"}\r\n{\"status\":\"Pushing\",\"progressDetail\":{\"current\":6291456,\"total\":16988973},\"progress\":\"[==================\\u003e
      \                               ]  6.291MB/16.99MB\",\"id\":\"021cb5923c0e\"}\r\n{\"status\":\"Pushing\",\"progressDetail\":{\"current\":4310785,\"total\":4310785},\"progress\":\"[==================================================\\u003e]
      \ 4.311MB/4.311MB\",\"id\":\"556d70b7bec9\"}\r\n{\"status\":\"Pushing\",\"progressDetail\":{\"current\":1207,\"total\":1207},\"progress\":\"[==================================================\\u003e]
      \ 1.207kB/1.207kB\",\"id\":\"6c2c01fdb094\"}\r\n{\"status\":\"Pushing\",\"progressDetail\":{\"current\":403,\"total\":403},\"progress\":\"[==================================================\\u003e]
      \    403B/403B\",\"id\":\"0bc2f07fbf03\"}\r\n{\"status\":\"Pushing\",\"progressDetail\":{\"current\":6291456,\"total\":16988973},\"progress\":\"[==================\\u003e
      \                               ]  6.291MB/16.99MB\",\"id\":\"021cb5923c0e\"}\r\n{\"status\":\"Pushing\",\"progressDetail\":{\"current\":4310785,\"total\":4310785},\"progress\":\"[==================================================\\u003e]
      \ 4.311MB/4.311MB\",\"id\":\"556d70b7bec9\"}\r\n{\"status\":\"Pushing\",\"progressDetail\":{\"current\":1207,\"total\":1207},\"progress\":\"[==================================================\\u003e]
      \ 1.207kB/1.207kB\",\"id\":\"6c2c01fdb094\"}\r\n{\"status\":\"Waiting\",\"progressDetail\":{},\"id\":\"24e19c209694\"}\r\n{\"status\":\"Pushing\",\"progressDetail\":{\"current\":953,\"total\":953},\"progress\":\"[==================================================\\u003e]
      \    953B/953B\",\"id\":\"6156ecb6dfff\"}\r\n{\"status\":\"Pushing\",\"progressDetail\":{\"current\":4130750,\"total\":4130750},\"progress\":\"[==================================================\\u003e]
      \ 4.131MB/4.131MB\",\"id\":\"6e174226ea69\"}\r\n{\"status\":\"Pushing\",\"progressDetail\":{\"current\":1800509,\"total\":1800509},\"progress\":\"[==================================================\\u003e]
      \ 1.801MB/1.801MB\",\"id\":\"49f3b06c840f\"}\r\n{\"status\":\"Pushing\",\"progressDetail\":{\"current\":403,\"total\":403},\"progress\":\"[==================================================\\u003e]
      \    403B/403B\",\"id\":\"0bc2f07fbf03\"}\r\n{\"status\":\"Pushing\",\"progressDetail\":{\"current\":6291456,\"total\":16988973},\"progress\":\"[==================\\u003e
      \                               ]  6.291MB/16.99MB\",\"id\":\"021cb5923c0e\"}\r\n{\"status\":\"Pushing\",\"progressDetail\":{\"current\":4310785,\"total\":4310785},\"progress\":\"[==================================================\\u003e]
      \ 4.311MB/4.311MB\",\"id\":\"556d70b7bec9\"}\r\n{\"status\":\"Pushed\",\"progressDetail\":{},\"id\":\"6c2c01fdb094\"}\r\n{\"status\":\"Pushing\",\"progressDetail\":{\"current\":298,\"total\":298},\"progress\":\"[==================================================\\u003e]
      \    298B/298B\",\"id\":\"24e19c209694\"}\r\n{\"status\":\"Pushing\",\"progressDetail\":{\"current\":953,\"total\":953},\"progress\":\"[==================================================\\u003e]
      \    953B/953B\",\"id\":\"6156ecb6dfff\"}\r\n{\"status\":\"Pushing\",\"progressDetail\":{\"current\":4130750,\"total\":4130750},\"progress\":\"[==================================================\\u003e]
      \ 4.131MB/4.131MB\",\"id\":\"6e174226ea69\"}\r\n{\"status\":\"Pushing\",\"progressDetail\":{\"current\":1800509,\"total\":1800509},\"progress\":\"[==================================================\\u003e]
      \ 1.801MB/1.801MB\",\"id\":\"49f3b06c840f\"}\r\n{\"status\":\"Pushing\",\"progressDetail\":{\"current\":298,\"total\":298},\"progress\":\"[==================================================\\u003e]
      \    298B/298B\",\"id\":\"24e19c209694\"}\r\n{\"status\":\"Pushing\",\"progressDetail\":{\"current\":953,\"total\":953},\"progress\":\"[==================================================\\u003e]
      \    953B/953B\",\"id\":\"6156ecb6dfff\"}\r\n{\"status\":\"Pushing\",\"progressDetail\":{\"current\":4130750,\"total\":4130750},\"progress\":\"[==================================================\\u003e]
      \ 4.131MB/4.131MB\",\"id\":\"6e174226ea69\"}\r\n{\"status\":\"Pushing\",\"progressDetail\":{\"current\":1800509,\"total\":1800509},\"progress\":\"[==================================================\\u003e]
      \ 1.801MB/1.801MB\",\"id\":\"49f3b06c840f\"}\r\n{\"status\":\"Pushed\",\"progressDetail\":{},\"id\":\"0bc2f07fbf03\"}\r\n{\"status\":\"Pushing\",\"progressDetail\":{\"current\":6291456,\"total\":16988973},\"progress\":\"[==================\\u003e
      \                               ]  6.291MB/16.99MB\",\"id\":\"021cb5923c0e\"}\r\n{\"status\":\"Pushing\",\"progressDetail\":{\"current\":4310785,\"total\":4310785},\"progress\":\"[==================================================\\u003e]
      \ 4.311MB/4.311MB\",\"id\":\"556d70b7bec9\"}\r\n{\"status\":\"Pushing\",\"progressDetail\":{\"current\":1800509,\"total\":1800509},\"progress\":\"[==================================================\\u003e]
      \ 1.801MB/1.801MB\",\"id\":\"49f3b06c840f\"}\r\n{\"status\":\"Pushing\",\"progressDetail\":{\"current\":6291456,\"total\":16988973},\"progress\":\"[==================\\u003e
      \                               ]  6.291MB/16.99MB\",\"id\":\"021cb5923c0e\"}\r\n{\"status\":\"Pushing\",\"progressDetail\":{\"current\":4310785,\"total\":4310785},\"progress\":\"[==================================================\\u003e]
      \ 4.311MB/4.311MB\",\"id\":\"556d70b7bec9\"}\r\n{\"status\":\"Pushing\",\"progressDetail\":{\"current\":298,\"total\":298},\"progress\":\"[==================================================\\u003e]
      \    298B/298B\",\"id\":\"24e19c209694\"}\r\n{\"status\":\"Pushing\",\"progressDetail\":{\"current\":953,\"total\":953},\"progress\":\"[==================================================\\u003e]
      \    953B/953B\",\"id\":\"6156ecb6dfff\"}\r\n{\"status\":\"Pushing\",\"progressDetail\":{\"current\":4130750,\"total\":4130750},\"progress\":\"[==================================================\\u003e]
      \ 4.131MB/4.131MB\",\"id\":\"6e174226ea69\"}\r\n{\"status\":\"Pushing\",\"progressDetail\":{\"current\":4310785,\"total\":4310785},\"progress\":\"[==================================================\\u003e]
      \ 4.311MB/4.311MB\",\"id\":\"556d70b7bec9\"}\r\n{\"status\":\"Pushing\",\"progressDetail\":{\"current\":298,\"total\":298},\"progress\":\"[==================================================\\u003e]
      \    298B/298B\",\"id\":\"24e19c209694\"}\r\n{\"status\":\"Pushing\",\"progressDetail\":{\"current\":953,\"total\":953},\"progress\":\"[==================================================\\u003e]
      \    953B/953B\",\"id\":\"6156ecb6dfff\"}\r\n{\"status\":\"Pushing\",\"progressDetail\":{\"current\":4130750,\"total\":4130750},\"progress\":\"[==================================================\\u003e]
      \ 4.131MB/4.131MB\",\"id\":\"6e174226ea69\"}\r\n{\"status\":\"Pushing\",\"progressDetail\":{\"current\":1800509,\"total\":1800509},\"progress\":\"[==================================================\\u003e]
      \ 1.801MB/1.801MB\",\"id\":\"49f3b06c840f\"}\r\n{\"status\":\"Pushing\",\"progressDetail\":{\"current\":6291456,\"total\":16988973},\"progress\":\"[==================\\u003e
      \                               ]  6.291MB/16.99MB\",\"id\":\"021cb5923c0e\"}\r\n{\"status\":\"Pushing\",\"progressDetail\":{\"current\":953,\"total\":953},\"progress\":\"[==================================================\\u003e]
      \    953B/953B\",\"id\":\"6156ecb6dfff\"}\r\n{\"status\":\"Pushing\",\"progressDetail\":{\"current\":4130750,\"total\":4130750},\"progress\":\"[==================================================\\u003e]
      \ 4.131MB/4.131MB\",\"id\":\"6e174226ea69\"}\r\n{\"status\":\"Pushing\",\"progressDetail\":{\"current\":1800509,\"total\":1800509},\"progress\":\"[==================================================\\u003e]
      \ 1.801MB/1.801MB\",\"id\":\"49f3b06c840f\"}\r\n{\"status\":\"Pushing\",\"progressDetail\":{\"current\":6291456,\"total\":16988973},\"progress\":\"[==================\\u003e
      \                               ]  6.291MB/16.99MB\",\"id\":\"021cb5923c0e\"}\r\n{\"status\":\"Pushing\",\"progressDetail\":{\"current\":4310785,\"total\":4310785},\"progress\":\"[==================================================\\u003e]
      \ 4.311MB/4.311MB\",\"id\":\"556d70b7bec9\"}\r\n{\"status\":\"Pushing\",\"progressDetail\":{\"current\":298,\"total\":298},\"progress\":\"[==================================================\\u003e]
      \    298B/298B\",\"id\":\"24e19c209694\"}\r\n{\"status\":\"Pushing\",\"progressDetail\":{\"current\":298,\"total\":298},\"progress\":\"[==================================================\\u003e]
      \    298B/298B\",\"id\":\"24e19c209694\"}\r\n{\"status\":\"Pushing\",\"progressDetail\":{\"current\":953,\"total\":953},\"progress\":\"[==================================================\\u003e]
      \    953B/953B\",\"id\":\"6156ecb6dfff\"}\r\n{\"status\":\"Pushing\",\"progressDetail\":{\"current\":4130750,\"total\":4130750},\"progress\":\"[==================================================\\u003e]
      \ 4.131MB/4.131MB\",\"id\":\"6e174226ea69\"}\r\n{\"status\":\"Pushing\",\"progressDetail\":{\"current\":1800509,\"total\":1800509},\"progress\":\"[==================================================\\u003e]
      \ 1.801MB/1.801MB\",\"id\":\"49f3b06c840f\"}\r\n{\"status\":\"Pushing\",\"progressDetail\":{\"current\":6291456,\"total\":16988973},\"progress\":\"[==================\\u003e
      \                               ]  6.291MB/16.99MB\",\"id\":\"021cb5923c0e\"}\r\n{\"status\":\"Pushing\",\"progressDetail\":{\"current\":4310785,\"total\":4310785},\"progress\":\"[==================================================\\u003e]
      \ 4.311MB/4.311MB\",\"id\":\"556d70b7bec9\"}\r\n{\"status\":\"Pushing\",\"progressDetail\":{\"current\":298,\"total\":298},\"progress\":\"[==================================================\\u003e]
      \    298B/298B\",\"id\":\"24e19c209694\"}\r\n{\"status\":\"Pushed\",\"progressDetail\":{},\"id\":\"6156ecb6dfff\"}\r\n{\"status\":\"Pushing\",\"progressDetail\":{\"current\":4130750,\"total\":4130750},\"progress\":\"[==================================================\\u003e]
      \ 4.131MB/4.131MB\",\"id\":\"6e174226ea69\"}\r\n{\"status\":\"Pushing\",\"progressDetail\":{\"current\":1800509,\"total\":1800509},\"progress\":\"[==================================================\\u003e]
      \ 1.801MB/1.801MB\",\"id\":\"49f3b06c840f\"}\r\n{\"status\":\"Pushing\",\"progressDetail\":{\"current\":6291456,\"total\":16988973},\"progress\":\"[==================\\u003e
      \                               ]  6.291MB/16.99MB\",\"id\":\"021cb5923c0e\"}\r\n{\"status\":\"Pushing\",\"progressDetail\":{\"current\":4310785,\"total\":4310785},\"progress\":\"[==================================================\\u003e]
      \ 4.311MB/4.311MB\",\"id\":\"556d70b7bec9\"}\r\n{\"status\":\"Pushing\",\"progressDetail\":{\"current\":4130750,\"total\":4130750},\"progress\":\"[==================================================\\u003e]
      \ 4.131MB/4.131MB\",\"id\":\"6e174226ea69\"}\r\n{\"status\":\"Pushing\",\"progressDetail\":{\"current\":1800509,\"total\":1800509},\"progress\":\"[==================================================\\u003e]
      \ 1.801MB/1.801MB\",\"id\":\"49f3b06c840f\"}\r\n{\"status\":\"Pushing\",\"progressDetail\":{\"current\":6291456,\"total\":16988973},\"progress\":\"[==================\\u003e
      \                               ]  6.291MB/16.99MB\",\"id\":\"021cb5923c0e\"}\r\n{\"status\":\"Pushing\",\"progressDetail\":{\"current\":4310785,\"total\":4310785},\"progress\":\"[==================================================\\u003e]
      \ 4.311MB/4.311MB\",\"id\":\"556d70b7bec9\"}\r\n{\"status\":\"Pushing\",\"progressDetail\":{\"current\":298,\"total\":298},\"progress\":\"[==================================================\\u003e]
      \    298B/298B\",\"id\":\"24e19c209694\"}\r\n{\"status\":\"Pushing\",\"progressDetail\":{\"current\":298,\"total\":298},\"progress\":\"[==================================================\\u003e]
      \    298B/298B\",\"id\":\"24e19c209694\"}\r\n{\"status\":\"Pushing\",\"progressDetail\":{\"current\":4130750,\"total\":4130750},\"progress\":\"[==================================================\\u003e]
      \ 4.131MB/4.131MB\",\"id\":\"6e174226ea69\"}\r\n{\"status\":\"Pushing\",\"progressDetail\":{\"current\":1800509,\"total\":1800509},\"progress\":\"[==================================================\\u003e]
      \ 1.801MB/1.801MB\",\"id\":\"49f3b06c840f\"}\r\n{\"status\":\"Pushing\",\"progressDetail\":{\"current\":6291456,\"total\":16988973},\"progress\":\"[==================\\u003e
      \                               ]  6.291MB/16.99MB\",\"id\":\"021cb5923c0e\"}\r\n{\"status\":\"Pushing\",\"progressDetail\":{\"current\":4310785,\"total\":4310785},\"progress\":\"[==================================================\\u003e]
      \ 4.311MB/4.311MB\",\"id\":\"556d70b7bec9\"}\r\n{\"status\":\"Pushing\",\"progressDetail\":{\"current\":298,\"total\":298},\"progress\":\"[==================================================\\u003e]
      \    298B/298B\",\"id\":\"24e19c209694\"}\r\n{\"status\":\"Pushing\",\"progressDetail\":{\"current\":4130750,\"total\":4130750},\"progress\":\"[==================================================\\u003e]
      \ 4.131MB/4.131MB\",\"id\":\"6e174226ea69\"}\r\n{\"status\":\"Pushing\",\"progressDetail\":{\"current\":1800509,\"total\":1800509},\"progress\":\"[==================================================\\u003e]
      \ 1.801MB/1.801MB\",\"id\":\"49f3b06c840f\"}\r\n{\"status\":\"Pushing\",\"progressDetail\":{\"current\":6291456,\"total\":16988973},\"progress\":\"[==================\\u003e
      \                               ]  6.291MB/16.99MB\",\"id\":\"021cb5923c0e\"}\r\n{\"status\":\"Pushing\",\"progressDetail\":{\"current\":4310785,\"total\":4310785},\"progress\":\"[==================================================\\u003e]
      \ 4.311MB/4.311MB\",\"id\":\"556d70b7bec9\"}\r\n{\"status\":\"Pushing\",\"progressDetail\":{\"current\":298,\"total\":298},\"progress\":\"[==================================================\\u003e]
      \    298B/298B\",\"id\":\"24e19c209694\"}\r\n{\"status\":\"Pushing\",\"progressDetail\":{\"current\":4130750,\"total\":4130750},\"progress\":\"[==================================================\\u003e]
      \ 4.131MB/4.131MB\",\"id\":\"6e174226ea69\"}\r\n{\"status\":\"Pushing\",\"progressDetail\":{\"current\":1800509,\"total\":1800509},\"progress\":\"[==================================================\\u003e]
      \ 1.801MB/1.801MB\",\"id\":\"49f3b06c840f\"}\r\n{\"status\":\"Pushing\",\"progressDetail\":{\"current\":6291456,\"total\":16988973},\"progress\":\"[==================\\u003e
      \                               ]  6.291MB/16.99MB\",\"id\":\"021cb5923c0e\"}\r\n{\"status\":\"Pushing\",\"progressDetail\":{\"current\":4310785,\"total\":4310785},\"progress\":\"[==================================================\\u003e]
      \ 4.311MB/4.311MB\",\"id\":\"556d70b7bec9\"}\r\n{\"status\":\"Pushing\",\"progressDetail\":{\"current\":1800509,\"total\":1800509},\"progress\":\"[==================================================\\u003e]
      \ 1.801MB/1.801MB\",\"id\":\"49f3b06c840f\"}\r\n{\"status\":\"Pushing\",\"progressDetail\":{\"current\":7340032,\"total\":16988973},\"progress\":\"[=====================\\u003e
      \                            ]   7.34MB/16.99MB\",\"id\":\"021cb5923c0e\"}\r\n{\"status\":\"Pushing\",\"progressDetail\":{\"current\":4310785,\"total\":4310785},\"progress\":\"[==================================================\\u003e]
      \ 4.311MB/4.311MB\",\"id\":\"556d70b7bec9\"}\r\n{\"status\":\"Pushing\",\"progressDetail\":{\"current\":298,\"total\":298},\"progress\":\"[==================================================\\u003e]
      \    298B/298B\",\"id\":\"24e19c209694\"}\r\n{\"status\":\"Pushing\",\"progressDetail\":{\"current\":4130750,\"total\":4130750},\"progress\":\"[==================================================\\u003e]
      \ 4.131MB/4.131MB\",\"id\":\"6e174226ea69\"}\r\n{\"status\":\"Pushing\",\"progressDetail\":{\"current\":4130750,\"total\":4130750},\"progress\":\"[==================================================\\u003e]
      \ 4.131MB/4.131MB\",\"id\":\"6e174226ea69\"}\r\n{\"status\":\"Pushing\",\"progressDetail\":{\"current\":1800509,\"total\":1800509},\"progress\":\"[==================================================\\u003e]
      \ 1.801MB/1.801MB\",\"id\":\"49f3b06c840f\"}\r\n{\"status\":\"Pushing\",\"progressDetail\":{\"current\":7340032,\"total\":16988973},\"progress\":\"[=====================\\u003e
      \                            ]   7.34MB/16.99MB\",\"id\":\"021cb5923c0e\"}\r\n{\"status\":\"Pushing\",\"progressDetail\":{\"current\":4310785,\"total\":4310785},\"progress\":\"[==================================================\\u003e]
      \ 4.311MB/4.311MB\",\"id\":\"556d70b7bec9\"}\r\n{\"status\":\"Pushing\",\"progressDetail\":{\"current\":298,\"total\":298},\"progress\":\"[==================================================\\u003e]
      \    298B/298B\",\"id\":\"24e19c209694\"}\r\n{\"status\":\"Pushing\",\"progressDetail\":{\"current\":298,\"total\":298},\"progress\":\"[==================================================\\u003e]
      \    298B/298B\",\"id\":\"24e19c209694\"}\r\n{\"status\":\"Pushing\",\"progressDetail\":{\"current\":4130750,\"total\":4130750},\"progress\":\"[==================================================\\u003e]
      \ 4.131MB/4.131MB\",\"id\":\"6e174226ea69\"}\r\n{\"status\":\"Pushing\",\"progressDetail\":{\"current\":1800509,\"total\":1800509},\"progress\":\"[==================================================\\u003e]
      \ 1.801MB/1.801MB\",\"id\":\"49f3b06c840f\"}\r\n{\"status\":\"Pushing\",\"progressDetail\":{\"current\":7340032,\"total\":16988973},\"progress\":\"[=====================\\u003e
      \                            ]   7.34MB/16.99MB\",\"id\":\"021cb5923c0e\"}\r\n{\"status\":\"Pushing\",\"progressDetail\":{\"current\":4310785,\"total\":4310785},\"progress\":\"[==================================================\\u003e]
      \ 4.311MB/4.311MB\",\"id\":\"556d70b7bec9\"}\r\n{\"status\":\"Pushing\",\"progressDetail\":{\"current\":7340032,\"total\":16988973},\"progress\":\"[=====================\\u003e
      \                            ]   7.34MB/16.99MB\",\"id\":\"021cb5923c0e\"}\r\n{\"status\":\"Pushing\",\"progressDetail\":{\"current\":4310785,\"total\":4310785},\"progress\":\"[==================================================\\u003e]
      \ 4.311MB/4.311MB\",\"id\":\"556d70b7bec9\"}\r\n{\"status\":\"Pushing\",\"progressDetail\":{\"current\":298,\"total\":298},\"progress\":\"[==================================================\\u003e]
      \    298B/298B\",\"id\":\"24e19c209694\"}\r\n{\"status\":\"Pushing\",\"progressDetail\":{\"current\":4130750,\"total\":4130750},\"progress\":\"[==================================================\\u003e]
      \ 4.131MB/4.131MB\",\"id\":\"6e174226ea69\"}\r\n{\"status\":\"Pushing\",\"progressDetail\":{\"current\":1800509,\"total\":1800509},\"progress\":\"[==================================================\\u003e]
      \ 1.801MB/1.801MB\",\"id\":\"49f3b06c840f\"}\r\n{\"status\":\"Pushing\",\"progressDetail\":{\"current\":1800509,\"total\":1800509},\"progress\":\"[==================================================\\u003e]
      \ 1.801MB/1.801MB\",\"id\":\"49f3b06c840f\"}\r\n{\"status\":\"Pushing\",\"progressDetail\":{\"current\":7340032,\"total\":16988973},\"progress\":\"[=====================\\u003e
      \                            ]   7.34MB/16.99MB\",\"id\":\"021cb5923c0e\"}\r\n{\"status\":\"Pushing\",\"progressDetail\":{\"current\":4310785,\"total\":4310785},\"progress\":\"[==================================================\\u003e]
      \ 4.311MB/4.311MB\",\"id\":\"556d70b7bec9\"}\r\n{\"status\":\"Pushing\",\"progressDetail\":{\"current\":298,\"total\":298},\"progress\":\"[==================================================\\u003e]
      \    298B/298B\",\"id\":\"24e19c209694\"}\r\n{\"status\":\"Pushing\",\"progressDetail\":{\"current\":4130750,\"total\":4130750},\"progress\":\"[==================================================\\u003e]
      \ 4.131MB/4.131MB\",\"id\":\"6e174226ea69\"}\r\n{\"status\":\"Pushing\",\"progressDetail\":{\"current\":7340032,\"total\":16988973},\"progress\":\"[=====================\\u003e
      \                            ]   7.34MB/16.99MB\",\"id\":\"021cb5923c0e\"}\r\n{\"status\":\"Pushing\",\"progressDetail\":{\"current\":4310785,\"total\":4310785},\"progress\":\"[==================================================\\u003e]
      \ 4.311MB/4.311MB\",\"id\":\"556d70b7bec9\"}\r\n{\"status\":\"Pushing\",\"progressDetail\":{\"current\":298,\"total\":298},\"progress\":\"[==================================================\\u003e]
      \    298B/298B\",\"id\":\"24e19c209694\"}\r\n{\"status\":\"Pushing\",\"progressDetail\":{\"current\":4130750,\"total\":4130750},\"progress\":\"[==================================================\\u003e]
      \ 4.131MB/4.131MB\",\"id\":\"6e174226ea69\"}\r\n{\"status\":\"Pushing\",\"progressDetail\":{\"current\":1800509,\"total\":1800509},\"progress\":\"[==================================================\\u003e]
      \ 1.801MB/1.801MB\",\"id\":\"49f3b06c840f\"}\r\n{\"status\":\"Pushing\",\"progressDetail\":{\"current\":7340032,\"total\":16988973},\"progress\":\"[=====================\\u003e
      \                            ]   7.34MB/16.99MB\",\"id\":\"021cb5923c0e\"}\r\n{\"status\":\"Pushing\",\"progressDetail\":{\"current\":4310785,\"total\":4310785},\"progress\":\"[==================================================\\u003e]
      \ 4.311MB/4.311MB\",\"id\":\"556d70b7bec9\"}\r\n{\"status\":\"Pushing\",\"progressDetail\":{\"current\":298,\"total\":298},\"progress\":\"[==================================================\\u003e]
      \    298B/298B\",\"id\":\"24e19c209694\"}\r\n{\"status\":\"Pushing\",\"progressDetail\":{\"current\":4130750,\"total\":4130750},\"progress\":\"[==================================================\\u003e]
      \ 4.131MB/4.131MB\",\"id\":\"6e174226ea69\"}\r\n{\"status\":\"Pushing\",\"progressDetail\":{\"current\":1800509,\"total\":1800509},\"progress\":\"[==================================================\\u003e]
      \ 1.801MB/1.801MB\",\"id\":\"49f3b06c840f\"}\r\n{\"status\":\"Pushing\",\"progressDetail\":{\"current\":7340032,\"total\":16988973},\"progress\":\"[=====================\\u003e
      \                            ]   7.34MB/16.99MB\",\"id\":\"021cb5923c0e\"}\r\n{\"status\":\"Pushing\",\"progressDetail\":{\"current\":4310785,\"total\":4310785},\"progress\":\"[==================================================\\u003e]
      \ 4.311MB/4.311MB\",\"id\":\"556d70b7bec9\"}\r\n{\"status\":\"Pushing\",\"progressDetail\":{\"current\":298,\"total\":298},\"progress\":\"[==================================================\\u003e]
      \    298B/298B\",\"id\":\"24e19c209694\"}\r\n{\"status\":\"Pushing\",\"progressDetail\":{\"current\":4130750,\"total\":4130750},\"progress\":\"[==================================================\\u003e]
      \ 4.131MB/4.131MB\",\"id\":\"6e174226ea69\"}\r\n{\"status\":\"Pushing\",\"progressDetail\":{\"current\":1800509,\"total\":1800509},\"progress\":\"[==================================================\\u003e]
      \ 1.801MB/1.801MB\",\"id\":\"49f3b06c840f\"}\r\n{\"status\":\"Pushed\",\"progressDetail\":{},\"id\":\"24e19c209694\"}\r\n{\"status\":\"Pushing\",\"progressDetail\":{\"current\":4130750,\"total\":4130750},\"progress\":\"[==================================================\\u003e]
      \ 4.131MB/4.131MB\",\"id\":\"6e174226ea69\"}\r\n{\"status\":\"Pushing\",\"progressDetail\":{\"current\":1800509,\"total\":1800509},\"progress\":\"[==================================================\\u003e]
      \ 1.801MB/1.801MB\",\"id\":\"49f3b06c840f\"}\r\n{\"status\":\"Pushing\",\"progressDetail\":{\"current\":7340032,\"total\":16988973},\"progress\":\"[=====================\\u003e
      \                            ]   7.34MB/16.99MB\",\"id\":\"021cb5923c0e\"}\r\n{\"status\":\"Pushing\",\"progressDetail\":{\"current\":4310785,\"total\":4310785},\"progress\":\"[==================================================\\u003e]
      \ 4.311MB/4.311MB\",\"id\":\"556d70b7bec9\"}\r\n{\"status\":\"Pushing\",\"progressDetail\":{\"current\":4130750,\"total\":4130750},\"progress\":\"[==================================================\\u003e]
      \ 4.131MB/4.131MB\",\"id\":\"6e174226ea69\"}\r\n{\"status\":\"Pushing\",\"progressDetail\":{\"current\":1800509,\"total\":1800509},\"progress\":\"[==================================================\\u003e]
      \ 1.801MB/1.801MB\",\"id\":\"49f3b06c840f\"}\r\n{\"status\":\"Pushing\",\"progressDetail\":{\"current\":9437184,\"total\":16988973},\"progress\":\"[===========================\\u003e
      \                      ]  9.437MB/16.99MB\",\"id\":\"021cb5923c0e\"}\r\n{\"status\":\"Pushing\",\"progressDetail\":{\"current\":4310785,\"total\":4310785},\"progress\":\"[==================================================\\u003e]
      \ 4.311MB/4.311MB\",\"id\":\"556d70b7bec9\"}\r\n{\"status\":\"Pushing\",\"progressDetail\":{\"current\":9437184,\"total\":16988973},\"progress\":\"[===========================\\u003e
      \                      ]  9.437MB/16.99MB\",\"id\":\"021cb5923c0e\"}\r\n{\"status\":\"Pushing\",\"progressDetail\":{\"current\":4310785,\"total\":4310785},\"progress\":\"[==================================================\\u003e]
      \ 4.311MB/4.311MB\",\"id\":\"556d70b7bec9\"}\r\n{\"status\":\"Pushing\",\"progressDetail\":{\"current\":4130750,\"total\":4130750},\"progress\":\"[==================================================\\u003e]
      \ 4.131MB/4.131MB\",\"id\":\"6e174226ea69\"}\r\n{\"status\":\"Pushed\",\"progressDetail\":{},\"id\":\"49f3b06c840f\"}\r\n{\"status\":\"Pushing\",\"progressDetail\":{\"current\":9437184,\"total\":16988973},\"progress\":\"[===========================\\u003e
      \                      ]  9.437MB/16.99MB\",\"id\":\"021cb5923c0e\"}\r\n{\"status\":\"Pushing\",\"progressDetail\":{\"current\":4310785,\"total\":4310785},\"progress\":\"[==================================================\\u003e]
      \ 4.311MB/4.311MB\",\"id\":\"556d70b7bec9\"}\r\n{\"status\":\"Pushing\",\"progressDetail\":{\"current\":4130750,\"total\":4130750},\"progress\":\"[==================================================\\u003e]
      \ 4.131MB/4.131MB\",\"id\":\"6e174226ea69\"}\r\n{\"status\":\"Pushing\",\"progressDetail\":{\"current\":9437184,\"total\":16988973},\"progress\":\"[===========================\\u003e
      \                      ]  9.437MB/16.99MB\",\"id\":\"021cb5923c0e\"}\r\n{\"status\":\"Pushing\",\"progressDetail\":{\"current\":4310785,\"total\":4310785},\"progress\":\"[==================================================\\u003e]
      \ 4.311MB/4.311MB\",\"id\":\"556d70b7bec9\"}\r\n{\"status\":\"Pushing\",\"progressDetail\":{\"current\":4130750,\"total\":4130750},\"progress\":\"[==================================================\\u003e]
      \ 4.131MB/4.131MB\",\"id\":\"6e174226ea69\"}\r\n{\"status\":\"Pushing\",\"progressDetail\":{\"current\":4130750,\"total\":4130750},\"progress\":\"[==================================================\\u003e]
      \ 4.131MB/4.131MB\",\"id\":\"6e174226ea69\"}\r\n{\"status\":\"Pushing\",\"progressDetail\":{\"current\":10485760,\"total\":16988973},\"progress\":\"[==============================\\u003e
      \                   ]  10.49MB/16.99MB\",\"id\":\"021cb5923c0e\"}\r\n{\"status\":\"Pushing\",\"progressDetail\":{\"current\":4310785,\"total\":4310785},\"progress\":\"[==================================================\\u003e]
      \ 4.311MB/4.311MB\",\"id\":\"556d70b7bec9\"}\r\n{\"status\":\"Pushing\",\"progressDetail\":{\"current\":10485760,\"total\":16988973},\"progress\":\"[==============================\\u003e
      \                   ]  10.49MB/16.99MB\",\"id\":\"021cb5923c0e\"}\r\n{\"status\":\"Pushing\",\"progressDetail\":{\"current\":4310785,\"total\":4310785},\"progress\":\"[==================================================\\u003e]
      \ 4.311MB/4.311MB\",\"id\":\"556d70b7bec9\"}\r\n{\"status\":\"Pushing\",\"progressDetail\":{\"current\":4130750,\"total\":4130750},\"progress\":\"[==================================================\\u003e]
      \ 4.131MB/4.131MB\",\"id\":\"6e174226ea69\"}\r\n{\"status\":\"Pushing\",\"progressDetail\":{\"current\":4130750,\"total\":4130750},\"progress\":\"[==================================================\\u003e]
      \ 4.131MB/4.131MB\",\"id\":\"6e174226ea69\"}\r\n{\"status\":\"Pushing\",\"progressDetail\":{\"current\":12582912,\"total\":16988973},\"progress\":\"[=====================================\\u003e
      \            ]  12.58MB/16.99MB\",\"id\":\"021cb5923c0e\"}\r\n{\"status\":\"Pushing\",\"progressDetail\":{\"current\":4310785,\"total\":4310785},\"progress\":\"[==================================================\\u003e]
      \ 4.311MB/4.311MB\",\"id\":\"556d70b7bec9\"}\r\n{\"status\":\"Pushing\",\"progressDetail\":{\"current\":4130750,\"total\":4130750},\"progress\":\"[==================================================\\u003e]
      \ 4.131MB/4.131MB\",\"id\":\"6e174226ea69\"}\r\n{\"status\":\"Pushing\",\"progressDetail\":{\"current\":12582912,\"total\":16988973},\"progress\":\"[=====================================\\u003e
      \            ]  12.58MB/16.99MB\",\"id\":\"021cb5923c0e\"}\r\n{\"status\":\"Pushing\",\"progressDetail\":{\"current\":4310785,\"total\":4310785},\"progress\":\"[==================================================\\u003e]
      \ 4.311MB/4.311MB\",\"id\":\"556d70b7bec9\"}\r\n{\"status\":\"Pushing\",\"progressDetail\":{\"current\":4130750,\"total\":4130750},\"progress\":\"[==================================================\\u003e]
      \ 4.131MB/4.131MB\",\"id\":\"6e174226ea69\"}\r\n{\"status\":\"Pushing\",\"progressDetail\":{\"current\":12582912,\"total\":16988973},\"progress\":\"[=====================================\\u003e
      \            ]  12.58MB/16.99MB\",\"id\":\"021cb5923c0e\"}\r\n{\"status\":\"Pushing\",\"progressDetail\":{\"current\":4310785,\"total\":4310785},\"progress\":\"[==================================================\\u003e]
      \ 4.311MB/4.311MB\",\"id\":\"556d70b7bec9\"}\r\n{\"status\":\"Pushing\",\"progressDetail\":{\"current\":12582912,\"total\":16988973},\"progress\":\"[=====================================\\u003e
      \            ]  12.58MB/16.99MB\",\"id\":\"021cb5923c0e\"}\r\n{\"status\":\"Pushing\",\"progressDetail\":{\"current\":4310785,\"total\":4310785},\"progress\":\"[==================================================\\u003e]
      \ 4.311MB/4.311MB\",\"id\":\"556d70b7bec9\"}\r\n{\"status\":\"Pushing\",\"progressDetail\":{\"current\":4130750,\"total\":4130750},\"progress\":\"[==================================================\\u003e]
      \ 4.131MB/4.131MB\",\"id\":\"6e174226ea69\"}\r\n{\"status\":\"Pushing\",\"progressDetail\":{\"current\":4130750,\"total\":4130750},\"progress\":\"[==================================================\\u003e]
      \ 4.131MB/4.131MB\",\"id\":\"6e174226ea69\"}\r\n{\"status\":\"Pushing\",\"progressDetail\":{\"current\":13631488,\"total\":16988973},\"progress\":\"[========================================\\u003e
      \         ]  13.63MB/16.99MB\",\"id\":\"021cb5923c0e\"}\r\n{\"status\":\"Pushed\",\"progressDetail\":{},\"id\":\"556d70b7bec9\"}\r\n{\"status\":\"Pushing\",\"progressDetail\":{\"current\":13631488,\"total\":16988973},\"progress\":\"[========================================\\u003e
      \         ]  13.63MB/16.99MB\",\"id\":\"021cb5923c0e\"}\r\n{\"status\":\"Pushing\",\"progressDetail\":{\"current\":4130750,\"total\":4130750},\"progress\":\"[==================================================\\u003e]
      \ 4.131MB/4.131MB\",\"id\":\"6e174226ea69\"}\r\n{\"status\":\"Pushed\",\"progressDetail\":{},\"id\":\"6e174226ea69\"}\r\n{\"status\":\"Pushing\",\"progressDetail\":{\"current\":13631488,\"total\":16988973},\"progress\":\"[========================================\\u003e
      \         ]  13.63MB/16.99MB\",\"id\":\"021cb5923c0e\"}\r\n{\"status\":\"Pushing\",\"progressDetail\":{\"current\":13631488,\"total\":16988973},\"progress\":\"[========================================\\u003e
      \         ]  13.63MB/16.99MB\",\"id\":\"021cb5923c0e\"}\r\n{\"status\":\"Pushing\",\"progressDetail\":{\"current\":14680064,\"total\":16988973},\"progress\":\"[===========================================\\u003e
      \      ]  14.68MB/16.99MB\",\"id\":\"021cb5923c0e\"}\r\n{\"status\":\"Pushing\",\"progressDetail\":{\"current\":14680064,\"total\":16988973},\"progress\":\"[===========================================\\u003e
      \      ]  14.68MB/16.99MB\",\"id\":\"021cb5923c0e\"}\r\n{\"status\":\"Pushing\",\"progressDetail\":{\"current\":14680064,\"total\":16988973},\"progress\":\"[===========================================\\u003e
      \      ]  14.68MB/16.99MB\",\"id\":\"021cb5923c0e\"}\r\n{\"status\":\"Pushing\",\"progressDetail\":{\"current\":16988973,\"total\":16988973},\"progress\":\"[==================================================\\u003e]
      \ 16.99MB/16.99MB\",\"id\":\"021cb5923c0e\"}\r\n{\"status\":\"Pushing\",\"progressDetail\":{\"current\":16988973,\"total\":16988973},\"progress\":\"[==================================================\\u003e]
      \ 16.99MB/16.99MB\",\"id\":\"021cb5923c0e\"}\r\n{\"status\":\"Pushing\",\"progressDetail\":{\"current\":16988973,\"total\":16988973},\"progress\":\"[==================================================\\u003e]
      \ 16.99MB/16.99MB\",\"id\":\"021cb5923c0e\"}\r\n{\"status\":\"Pushing\",\"progressDetail\":{\"current\":16988973,\"total\":16988973},\"progress\":\"[==================================================\\u003e]
      \ 16.99MB/16.99MB\",\"id\":\"021cb5923c0e\"}\r\n{\"status\":\"Pushing\",\"progressDetail\":{\"current\":16988973,\"total\":16988973},\"progress\":\"[==================================================\\u003e]
      \ 16.99MB/16.99MB\",\"id\":\"021cb5923c0e\"}\r\n{\"status\":\"Pushing\",\"progressDetail\":{\"current\":16988973,\"total\":16988973},\"progress\":\"[==================================================\\u003e]
      \ 16.99MB/16.99MB\",\"id\":\"021cb5923c0e\"}\r\n{\"status\":\"Pushing\",\"progressDetail\":{\"current\":16988973,\"total\":16988973},\"progress\":\"[==================================================\\u003e]
      \ 16.99MB/16.99MB\",\"id\":\"021cb5923c0e\"}\r\n{\"status\":\"Pushing\",\"progressDetail\":{\"current\":16988973,\"total\":16988973},\"progress\":\"[==================================================\\u003e]
      \ 16.99MB/16.99MB\",\"id\":\"021cb5923c0e\"}\r\n{\"status\":\"Pushing\",\"progressDetail\":{\"current\":16988973,\"total\":16988973},\"progress\":\"[==================================================\\u003e]
      \ 16.99MB/16.99MB\",\"id\":\"021cb5923c0e\"}\r\n{\"status\":\"Pushing\",\"progressDetail\":{\"current\":16988973,\"total\":16988973},\"progress\":\"[==================================================\\u003e]
      \ 16.99MB/16.99MB\",\"id\":\"021cb5923c0e\"}\r\n{\"status\":\"Pushing\",\"progressDetail\":{\"current\":16988973,\"total\":16988973},\"progress\":\"[==================================================\\u003e]
      \ 16.99MB/16.99MB\",\"id\":\"021cb5923c0e\"}\r\n{\"status\":\"Pushing\",\"progressDetail\":{\"current\":16988973,\"total\":16988973},\"progress\":\"[==================================================\\u003e]
      \ 16.99MB/16.99MB\",\"id\":\"021cb5923c0e\"}\r\n{\"status\":\"Pushing\",\"progressDetail\":{\"current\":16988973,\"total\":16988973},\"progress\":\"[==================================================\\u003e]
      \ 16.99MB/16.99MB\",\"id\":\"021cb5923c0e\"}\r\n{\"status\":\"Pushing\",\"progressDetail\":{\"current\":16988973,\"total\":16988973},\"progress\":\"[==================================================\\u003e]
      \ 16.99MB/16.99MB\",\"id\":\"021cb5923c0e\"}\r\n{\"status\":\"Pushing\",\"progressDetail\":{\"current\":16988973,\"total\":16988973},\"progress\":\"[==================================================\\u003e]
      \ 16.99MB/16.99MB\",\"id\":\"021cb5923c0e\"}\r\n{\"status\":\"Pushing\",\"progressDetail\":{\"current\":16988973,\"total\":16988973},\"progress\":\"[==================================================\\u003e]
      \ 16.99MB/16.99MB\",\"id\":\"021cb5923c0e\"}\r\n{\"status\":\"Pushing\",\"progressDetail\":{\"current\":16988973,\"total\":16988973},\"progress\":\"[==================================================\\u003e]
      \ 16.99MB/16.99MB\",\"id\":\"021cb5923c0e\"}\r\n{\"status\":\"Pushing\",\"progressDetail\":{\"current\":16988973,\"total\":16988973},\"progress\":\"[==================================================\\u003e]
      \ 16.99MB/16.99MB\",\"id\":\"021cb5923c0e\"}\r\n{\"status\":\"Pushing\",\"progressDetail\":{\"current\":16988973,\"total\":16988973},\"progress\":\"[==================================================\\u003e]
      \ 16.99MB/16.99MB\",\"id\":\"021cb5923c0e\"}\r\n{\"status\":\"Pushing\",\"progressDetail\":{\"current\":16988973,\"total\":16988973},\"progress\":\"[==================================================\\u003e]
      \ 16.99MB/16.99MB\",\"id\":\"021cb5923c0e\"}\r\n{\"status\":\"Pushing\",\"progressDetail\":{\"current\":16988973,\"total\":16988973},\"progress\":\"[==================================================\\u003e]
      \ 16.99MB/16.99MB\",\"id\":\"021cb5923c0e\"}\r\n{\"status\":\"Pushed\",\"progressDetail\":{},\"id\":\"021cb5923c0e\"}\r\n{\"status\":\"latest:
      digest: sha256:85d49ddb70abe9c6fd0263f32159cae1956017601b2872b2143751370b3a5dbd
      size: 2479\"}\r\n"
    headers:
      Api-Version:
      - "1.51"
      Content-Type:
      - application/json
      Date:
      - Mon, 08 Sep 2025 12:18:57 GMT
      Docker-Experimental:
      - "false"
      Ostype:
      - linux
      Server:
      - Docker/28.3.3 (linux)
    status: 200 OK
    code: 200
    duration: ""
- request:
    body: '{"containers":[],"total_count":0}'
    form: {}
    headers:
      User-Agent:
      - scaleway-sdk-go/v1.0.0-beta.7+dev (go1.25.1; darwin; arm64) cli-e2e-test
    url: https://api.scaleway.com/containers/v1beta1/regions/fr-par/containers?name=cli-t-ctnr-deploy-s&namespace_id=eab9ca37-264f-4670-b825-fae21c231842&order_by=created_at_asc&page=1
    method: GET
  response:
    body: '{"containers":[],"total_count":0}'
    headers:
      Content-Length:
      - "33"
      Content-Security-Policy:
      - default-src 'none'; frame-ancestors 'none'
      Content-Type:
      - application/json
      Date:
      - Mon, 08 Sep 2025 12:19:37 GMT
      Server:
      - Scaleway API Gateway (fr-par-1;edge03)
      Strict-Transport-Security:
      - max-age=63072000
      X-Content-Type-Options:
      - nosniff
      X-Frame-Options:
      - DENY
      X-Request-Id:
      - bbdcba51-c871-4284-9301-d6888b7c4675
    status: 200 OK
    code: 200
    duration: ""
- request:
    body: '{"id":"1d2fc160-8fb9-468b-97af-08036c018b02","name":"cli-t-ctnr-deploy-s","namespace_id":"eab9ca37-264f-4670-b825-fae21c231842","status":"created","environment_variables":{},"min_scale":0,"max_scale":5,"memory_limit":2048,"cpu_limit":1000,"timeout":"300s","error_message":null,"privacy":"public","description":"","registry_image":"rg.fr-par.scw.cloud/funcscwclitctnrdeploysy040pszu/cli-t-ctnr-deploy-s:latest","max_concurrency":50,"domain_name":"clitctnrdeploysy040pszu-cli-t-ctnr-deploy-s.functions.fnc.fr-par.scw.cloud","protocol":"http1","port":8080,"secret_environment_variables":[],"http_option":"enabled","sandbox":"v2","local_storage_limit":1000,"scaling_option":{"concurrent_requests_threshold":50},"created_at":"2025-09-08T12:19:37.555467664Z","updated_at":"2025-09-08T12:19:37.555467664Z","ready_at":null,"health_check":{"failure_threshold":30,"interval":"10s","tcp":{}},"tags":[],"private_network_id":null,"command":[],"args":[],"region":"fr-par"}'
    form: {}
    headers:
      Content-Type:
      - application/json
      User-Agent:
      - scaleway-sdk-go/v1.0.0-beta.7+dev (go1.25.1; darwin; arm64) cli-e2e-test
    url: https://api.scaleway.com/containers/v1beta1/regions/fr-par/containers
    method: POST
  response:
    body: '{"id":"1d2fc160-8fb9-468b-97af-08036c018b02","name":"cli-t-ctnr-deploy-s","namespace_id":"eab9ca37-264f-4670-b825-fae21c231842","status":"created","environment_variables":{},"min_scale":0,"max_scale":5,"memory_limit":2048,"cpu_limit":1000,"timeout":"300s","error_message":null,"privacy":"public","description":"","registry_image":"rg.fr-par.scw.cloud/funcscwclitctnrdeploysy040pszu/cli-t-ctnr-deploy-s:latest","max_concurrency":50,"domain_name":"clitctnrdeploysy040pszu-cli-t-ctnr-deploy-s.functions.fnc.fr-par.scw.cloud","protocol":"http1","port":8080,"secret_environment_variables":[],"http_option":"enabled","sandbox":"v2","local_storage_limit":1000,"scaling_option":{"concurrent_requests_threshold":50},"created_at":"2025-09-08T12:19:37.555467664Z","updated_at":"2025-09-08T12:19:37.555467664Z","ready_at":null,"health_check":{"failure_threshold":30,"interval":"10s","tcp":{}},"tags":[],"private_network_id":null,"command":[],"args":[],"region":"fr-par"}'
    headers:
      Content-Length:
      - "958"
      Content-Security-Policy:
      - default-src 'none'; frame-ancestors 'none'
      Content-Type:
      - application/json
      Date:
      - Mon, 08 Sep 2025 12:19:37 GMT
      Server:
      - Scaleway API Gateway (fr-par-1;edge03)
      Strict-Transport-Security:
      - max-age=63072000
      X-Content-Type-Options:
      - nosniff
      X-Frame-Options:
      - DENY
      X-Request-Id:
      - f8165c3c-643f-4170-a393-0d996d72d3de
    status: 200 OK
    code: 200
    duration: ""
- request:
    body: '{"id":"1d2fc160-8fb9-468b-97af-08036c018b02","name":"cli-t-ctnr-deploy-s","namespace_id":"eab9ca37-264f-4670-b825-fae21c231842","status":"created","environment_variables":{},"min_scale":0,"max_scale":5,"memory_limit":2048,"cpu_limit":1000,"timeout":"300s","error_message":null,"privacy":"public","description":"","registry_image":"rg.fr-par.scw.cloud/funcscwclitctnrdeploysy040pszu/cli-t-ctnr-deploy-s:latest","max_concurrency":50,"domain_name":"clitctnrdeploysy040pszu-cli-t-ctnr-deploy-s.functions.fnc.fr-par.scw.cloud","protocol":"http1","port":80,"secret_environment_variables":[],"http_option":"enabled","sandbox":"v2","local_storage_limit":1000,"scaling_option":{"concurrent_requests_threshold":50},"created_at":"2025-09-08T12:19:37.555468Z","updated_at":"2025-09-08T12:19:37.769987887Z","ready_at":null,"health_check":{"failure_threshold":30,"interval":"10s","tcp":{}},"tags":[],"private_network_id":null,"command":[],"args":[],"region":"fr-par"}'
    form: {}
    headers:
      Content-Type:
      - application/json
      User-Agent:
      - scaleway-sdk-go/v1.0.0-beta.7+dev (go1.25.1; darwin; arm64) cli-e2e-test
    url: https://api.scaleway.com/containers/v1beta1/regions/fr-par/containers/1d2fc160-8fb9-468b-97af-08036c018b02
    method: PATCH
  response:
    body: '{"id":"1d2fc160-8fb9-468b-97af-08036c018b02","name":"cli-t-ctnr-deploy-s","namespace_id":"eab9ca37-264f-4670-b825-fae21c231842","status":"created","environment_variables":{},"min_scale":0,"max_scale":5,"memory_limit":2048,"cpu_limit":1000,"timeout":"300s","error_message":null,"privacy":"public","description":"","registry_image":"rg.fr-par.scw.cloud/funcscwclitctnrdeploysy040pszu/cli-t-ctnr-deploy-s:latest","max_concurrency":50,"domain_name":"clitctnrdeploysy040pszu-cli-t-ctnr-deploy-s.functions.fnc.fr-par.scw.cloud","protocol":"http1","port":80,"secret_environment_variables":[],"http_option":"enabled","sandbox":"v2","local_storage_limit":1000,"scaling_option":{"concurrent_requests_threshold":50},"created_at":"2025-09-08T12:19:37.555468Z","updated_at":"2025-09-08T12:19:37.769987887Z","ready_at":null,"health_check":{"failure_threshold":30,"interval":"10s","tcp":{}},"tags":[],"private_network_id":null,"command":[],"args":[],"region":"fr-par"}'
    headers:
      Content-Length:
      - "953"
      Content-Security-Policy:
      - default-src 'none'; frame-ancestors 'none'
      Content-Type:
      - application/json
      Date:
      - Mon, 08 Sep 2025 12:19:37 GMT
      Server:
      - Scaleway API Gateway (fr-par-1;edge03)
      Strict-Transport-Security:
      - max-age=63072000
      X-Content-Type-Options:
      - nosniff
      X-Frame-Options:
      - DENY
      X-Request-Id:
      - 1e92f6db-7e3f-4625-ae52-706930a7f57a
    status: 200 OK
    code: 200
    duration: ""
- request:
    body: '{"id":"1d2fc160-8fb9-468b-97af-08036c018b02","name":"cli-t-ctnr-deploy-s","namespace_id":"eab9ca37-264f-4670-b825-fae21c231842","status":"created","environment_variables":{},"min_scale":0,"max_scale":5,"memory_limit":2048,"cpu_limit":1000,"timeout":"300s","error_message":null,"privacy":"public","description":"","registry_image":"rg.fr-par.scw.cloud/funcscwclitctnrdeploysy040pszu/cli-t-ctnr-deploy-s:latest","max_concurrency":50,"domain_name":"clitctnrdeploysy040pszu-cli-t-ctnr-deploy-s.functions.fnc.fr-par.scw.cloud","protocol":"http1","port":80,"secret_environment_variables":[],"http_option":"enabled","sandbox":"v2","local_storage_limit":1000,"scaling_option":{"concurrent_requests_threshold":50},"created_at":"2025-09-08T12:19:37.555468Z","updated_at":"2025-09-08T12:19:37.769988Z","ready_at":null,"health_check":{"failure_threshold":30,"interval":"10s","tcp":{}},"tags":[],"private_network_id":null,"command":[],"args":[],"region":"fr-par"}'
    form: {}
    headers:
      User-Agent:
      - scaleway-sdk-go/v1.0.0-beta.7+dev (go1.25.1; darwin; arm64) cli-e2e-test
    url: https://api.scaleway.com/containers/v1beta1/regions/fr-par/containers/1d2fc160-8fb9-468b-97af-08036c018b02
    method: GET
  response:
    body: '{"id":"1d2fc160-8fb9-468b-97af-08036c018b02","name":"cli-t-ctnr-deploy-s","namespace_id":"eab9ca37-264f-4670-b825-fae21c231842","status":"created","environment_variables":{},"min_scale":0,"max_scale":5,"memory_limit":2048,"cpu_limit":1000,"timeout":"300s","error_message":null,"privacy":"public","description":"","registry_image":"rg.fr-par.scw.cloud/funcscwclitctnrdeploysy040pszu/cli-t-ctnr-deploy-s:latest","max_concurrency":50,"domain_name":"clitctnrdeploysy040pszu-cli-t-ctnr-deploy-s.functions.fnc.fr-par.scw.cloud","protocol":"http1","port":80,"secret_environment_variables":[],"http_option":"enabled","sandbox":"v2","local_storage_limit":1000,"scaling_option":{"concurrent_requests_threshold":50},"created_at":"2025-09-08T12:19:37.555468Z","updated_at":"2025-09-08T12:19:37.769988Z","ready_at":null,"health_check":{"failure_threshold":30,"interval":"10s","tcp":{}},"tags":[],"private_network_id":null,"command":[],"args":[],"region":"fr-par"}'
    headers:
      Content-Length:
      - "950"
      Content-Security-Policy:
      - default-src 'none'; frame-ancestors 'none'
      Content-Type:
      - application/json
      Date:
      - Mon, 08 Sep 2025 12:19:37 GMT
      Server:
      - Scaleway API Gateway (fr-par-1;edge03)
      Strict-Transport-Security:
      - max-age=63072000
      X-Content-Type-Options:
      - nosniff
      X-Frame-Options:
      - DENY
      X-Request-Id:
      - d7db88c6-4920-4176-bd18-de4d6c8824fe
    status: 200 OK
    code: 200
    duration: ""
- request:
    body: '{"id":"1d2fc160-8fb9-468b-97af-08036c018b02","name":"cli-t-ctnr-deploy-s","namespace_id":"eab9ca37-264f-4670-b825-fae21c231842","status":"pending","environment_variables":{},"min_scale":0,"max_scale":5,"memory_limit":2048,"cpu_limit":1000,"timeout":"300s","error_message":null,"privacy":"public","description":"","registry_image":"rg.fr-par.scw.cloud/funcscwclitctnrdeploysy040pszu/cli-t-ctnr-deploy-s:latest","max_concurrency":50,"domain_name":"clitctnrdeploysy040pszu-cli-t-ctnr-deploy-s.functions.fnc.fr-par.scw.cloud","protocol":"http1","port":80,"secret_environment_variables":[],"http_option":"enabled","sandbox":"v2","local_storage_limit":1000,"scaling_option":{"concurrent_requests_threshold":50},"created_at":"2025-09-08T12:19:37.555468Z","updated_at":"2025-09-08T12:19:37.880877589Z","ready_at":null,"health_check":{"failure_threshold":30,"interval":"10s","tcp":{}},"tags":[],"private_network_id":null,"command":[],"args":[],"region":"fr-par"}'
    form: {}
    headers:
      Content-Type:
      - application/json
      User-Agent:
      - scaleway-sdk-go/v1.0.0-beta.7+dev (go1.25.1; darwin; arm64) cli-e2e-test
    url: https://api.scaleway.com/containers/v1beta1/regions/fr-par/containers/1d2fc160-8fb9-468b-97af-08036c018b02/deploy
    method: POST
  response:
    body: '{"id":"1d2fc160-8fb9-468b-97af-08036c018b02","name":"cli-t-ctnr-deploy-s","namespace_id":"eab9ca37-264f-4670-b825-fae21c231842","status":"pending","environment_variables":{},"min_scale":0,"max_scale":5,"memory_limit":2048,"cpu_limit":1000,"timeout":"300s","error_message":null,"privacy":"public","description":"","registry_image":"rg.fr-par.scw.cloud/funcscwclitctnrdeploysy040pszu/cli-t-ctnr-deploy-s:latest","max_concurrency":50,"domain_name":"clitctnrdeploysy040pszu-cli-t-ctnr-deploy-s.functions.fnc.fr-par.scw.cloud","protocol":"http1","port":80,"secret_environment_variables":[],"http_option":"enabled","sandbox":"v2","local_storage_limit":1000,"scaling_option":{"concurrent_requests_threshold":50},"created_at":"2025-09-08T12:19:37.555468Z","updated_at":"2025-09-08T12:19:37.880877589Z","ready_at":null,"health_check":{"failure_threshold":30,"interval":"10s","tcp":{}},"tags":[],"private_network_id":null,"command":[],"args":[],"region":"fr-par"}'
    headers:
      Content-Length:
      - "953"
      Content-Security-Policy:
      - default-src 'none'; frame-ancestors 'none'
      Content-Type:
      - application/json
      Date:
      - Mon, 08 Sep 2025 12:19:37 GMT
      Server:
      - Scaleway API Gateway (fr-par-1;edge03)
      Strict-Transport-Security:
      - max-age=63072000
      X-Content-Type-Options:
      - nosniff
      X-Frame-Options:
      - DENY
      X-Request-Id:
      - dc3726e0-ecf8-44c9-8d46-b394cf5defe5
    status: 200 OK
    code: 200
    duration: ""
- request:
    body: '{"id":"1d2fc160-8fb9-468b-97af-08036c018b02","name":"cli-t-ctnr-deploy-s","namespace_id":"eab9ca37-264f-4670-b825-fae21c231842","status":"pending","environment_variables":{},"min_scale":0,"max_scale":5,"memory_limit":2048,"cpu_limit":1000,"timeout":"300s","error_message":null,"privacy":"public","description":"","registry_image":"rg.fr-par.scw.cloud/funcscwclitctnrdeploysy040pszu/cli-t-ctnr-deploy-s:latest","max_concurrency":50,"domain_name":"clitctnrdeploysy040pszu-cli-t-ctnr-deploy-s.functions.fnc.fr-par.scw.cloud","protocol":"http1","port":80,"secret_environment_variables":[],"http_option":"enabled","sandbox":"v2","local_storage_limit":1000,"scaling_option":{"concurrent_requests_threshold":50},"created_at":"2025-09-08T12:19:37.555468Z","updated_at":"2025-09-08T12:19:37.880878Z","ready_at":null,"health_check":{"failure_threshold":30,"interval":"10s","tcp":{}},"tags":[],"private_network_id":null,"command":[],"args":[],"region":"fr-par"}'
    form: {}
    headers:
      User-Agent:
      - scaleway-sdk-go/v1.0.0-beta.7+dev (go1.25.1; darwin; arm64) cli-e2e-test
    url: https://api.scaleway.com/containers/v1beta1/regions/fr-par/containers/1d2fc160-8fb9-468b-97af-08036c018b02
    method: GET
  response:
    body: '{"id":"1d2fc160-8fb9-468b-97af-08036c018b02","name":"cli-t-ctnr-deploy-s","namespace_id":"eab9ca37-264f-4670-b825-fae21c231842","status":"pending","environment_variables":{},"min_scale":0,"max_scale":5,"memory_limit":2048,"cpu_limit":1000,"timeout":"300s","error_message":null,"privacy":"public","description":"","registry_image":"rg.fr-par.scw.cloud/funcscwclitctnrdeploysy040pszu/cli-t-ctnr-deploy-s:latest","max_concurrency":50,"domain_name":"clitctnrdeploysy040pszu-cli-t-ctnr-deploy-s.functions.fnc.fr-par.scw.cloud","protocol":"http1","port":80,"secret_environment_variables":[],"http_option":"enabled","sandbox":"v2","local_storage_limit":1000,"scaling_option":{"concurrent_requests_threshold":50},"created_at":"2025-09-08T12:19:37.555468Z","updated_at":"2025-09-08T12:19:37.880878Z","ready_at":null,"health_check":{"failure_threshold":30,"interval":"10s","tcp":{}},"tags":[],"private_network_id":null,"command":[],"args":[],"region":"fr-par"}'
    headers:
      Content-Length:
      - "950"
      Content-Security-Policy:
      - default-src 'none'; frame-ancestors 'none'
      Content-Type:
      - application/json
      Date:
      - Mon, 08 Sep 2025 12:19:37 GMT
      Server:
      - Scaleway API Gateway (fr-par-1;edge03)
      Strict-Transport-Security:
      - max-age=63072000
      X-Content-Type-Options:
      - nosniff
      X-Frame-Options:
      - DENY
      X-Request-Id:
      - b33a7691-6596-4b93-8370-9ddb06c46cae
    status: 200 OK
    code: 200
    duration: ""
- request:
    body: '{"id":"1d2fc160-8fb9-468b-97af-08036c018b02","name":"cli-t-ctnr-deploy-s","namespace_id":"eab9ca37-264f-4670-b825-fae21c231842","status":"error","environment_variables":{},"min_scale":0,"max_scale":5,"memory_limit":2048,"cpu_limit":1000,"timeout":"300s","error_message":"Invalid
      Image architecture. Serverless Containers only support the amd64 architecture,
      but the image was built for the following architectures: arm64. Please rebuild
      the image for the correct architecture using the `--platform=linux/amd64` Docker
      build argument.","privacy":"public","description":"","registry_image":"rg.fr-par.scw.cloud/funcscwclitctnrdeploysy040pszu/cli-t-ctnr-deploy-s:latest","max_concurrency":50,"domain_name":"clitctnrdeploysy040pszu-cli-t-ctnr-deploy-s.functions.fnc.fr-par.scw.cloud","protocol":"http1","port":80,"secret_environment_variables":[],"http_option":"enabled","sandbox":"v2","local_storage_limit":1000,"scaling_option":{"concurrent_requests_threshold":50},"created_at":"2025-09-08T12:19:37.555468Z","updated_at":"2025-09-08T12:19:38.541564Z","ready_at":null,"health_check":{"failure_threshold":30,"interval":"10s","tcp":{}},"tags":[],"private_network_id":null,"command":[],"args":[],"region":"fr-par"}'
    form: {}
    headers:
      User-Agent:
      - scaleway-sdk-go/v1.0.0-beta.7+dev (go1.25.1; darwin; arm64) cli-e2e-test
    url: https://api.scaleway.com/containers/v1beta1/regions/fr-par/containers/1d2fc160-8fb9-468b-97af-08036c018b02
    method: GET
  response:
    body: '{"id":"1d2fc160-8fb9-468b-97af-08036c018b02","name":"cli-t-ctnr-deploy-s","namespace_id":"eab9ca37-264f-4670-b825-fae21c231842","status":"error","environment_variables":{},"min_scale":0,"max_scale":5,"memory_limit":2048,"cpu_limit":1000,"timeout":"300s","error_message":"Invalid
      Image architecture. Serverless Containers only support the amd64 architecture,
      but the image was built for the following architectures: arm64. Please rebuild
      the image for the correct architecture using the `--platform=linux/amd64` Docker
      build argument.","privacy":"public","description":"","registry_image":"rg.fr-par.scw.cloud/funcscwclitctnrdeploysy040pszu/cli-t-ctnr-deploy-s:latest","max_concurrency":50,"domain_name":"clitctnrdeploysy040pszu-cli-t-ctnr-deploy-s.functions.fnc.fr-par.scw.cloud","protocol":"http1","port":80,"secret_environment_variables":[],"http_option":"enabled","sandbox":"v2","local_storage_limit":1000,"scaling_option":{"concurrent_requests_threshold":50},"created_at":"2025-09-08T12:19:37.555468Z","updated_at":"2025-09-08T12:19:38.541564Z","ready_at":null,"health_check":{"failure_threshold":30,"interval":"10s","tcp":{}},"tags":[],"private_network_id":null,"command":[],"args":[],"region":"fr-par"}'
    headers:
      Content-Length:
      - "1208"
      Content-Security-Policy:
      - default-src 'none'; frame-ancestors 'none'
      Content-Type:
      - application/json
      Date:
      - Mon, 08 Sep 2025 12:19:43 GMT
      Server:
      - Scaleway API Gateway (fr-par-1;edge03)
      Strict-Transport-Security:
      - max-age=63072000
      X-Content-Type-Options:
      - nosniff
      X-Frame-Options:
      - DENY
      X-Request-Id:
      - 53838f33-a453-408c-9636-49d762664d44
    status: 200 OK
    code: 200
    duration: ""
- request:
    body: '{"namespaces":[{"id":"eab9ca37-264f-4670-b825-fae21c231842","name":"cli-t-ctnr-deploy-s","environment_variables":{},"organization_id":"951df375-e094-4d26-97c1-ba548eeb9c42","project_id":"951df375-e094-4d26-97c1-ba548eeb9c42","status":"ready","registry_namespace_id":"a116b7e0-dd38-4bba-a6db-19c10ce5000f","error_message":null,"registry_endpoint":"rg.fr-par.scw.cloud/funcscwclitctnrdeploysy040pszu","description":"","secret_environment_variables":[],"tags":[],"created_at":"2025-09-08T12:18:46.640706Z","updated_at":"2025-09-08T12:18:48.993250Z","vpc_integration_activated":false,"region":"fr-par"}],"total_count":1}'
    form: {}
    headers:
      User-Agent:
      - scaleway-sdk-go/v1.0.0-beta.7+dev (go1.25.1; darwin; arm64) cli-e2e-test
    url: https://api.scaleway.com/containers/v1beta1/regions/fr-par/namespaces?name=cli-t-ctnr-deploy-s&order_by=created_at_asc&page=1
    method: GET
  response:
    body: '{"namespaces":[{"id":"eab9ca37-264f-4670-b825-fae21c231842","name":"cli-t-ctnr-deploy-s","environment_variables":{},"organization_id":"951df375-e094-4d26-97c1-ba548eeb9c42","project_id":"951df375-e094-4d26-97c1-ba548eeb9c42","status":"ready","registry_namespace_id":"a116b7e0-dd38-4bba-a6db-19c10ce5000f","error_message":null,"registry_endpoint":"rg.fr-par.scw.cloud/funcscwclitctnrdeploysy040pszu","description":"","secret_environment_variables":[],"tags":[],"created_at":"2025-09-08T12:18:46.640706Z","updated_at":"2025-09-08T12:18:48.993250Z","vpc_integration_activated":false,"region":"fr-par"}],"total_count":1}'
    headers:
      Content-Length:
      - "616"
      Content-Security-Policy:
      - default-src 'none'; frame-ancestors 'none'
      Content-Type:
      - application/json
      Date:
      - Mon, 08 Sep 2025 12:19:43 GMT
      Server:
      - Scaleway API Gateway (fr-par-1;edge03)
      Strict-Transport-Security:
      - max-age=63072000
      X-Content-Type-Options:
      - nosniff
      X-Frame-Options:
      - DENY
      X-Request-Id:
      - a3baacf3-1037-4f96-aa49-4be8b9f4df1a
    status: 200 OK
    code: 200
    duration: ""
- request:
    body: '{"id":"eab9ca37-264f-4670-b825-fae21c231842","name":"cli-t-ctnr-deploy-s","environment_variables":{},"organization_id":"951df375-e094-4d26-97c1-ba548eeb9c42","project_id":"951df375-e094-4d26-97c1-ba548eeb9c42","status":"deleting","registry_namespace_id":"a116b7e0-dd38-4bba-a6db-19c10ce5000f","error_message":null,"registry_endpoint":"rg.fr-par.scw.cloud/funcscwclitctnrdeploysy040pszu","description":"","secret_environment_variables":[],"tags":[],"created_at":"2025-09-08T12:18:46.640706Z","updated_at":"2025-09-08T12:19:43.096984527Z","vpc_integration_activated":false,"region":"fr-par"}'
    form: {}
    headers:
      User-Agent:
      - scaleway-sdk-go/v1.0.0-beta.7+dev (go1.25.1; darwin; arm64) cli-e2e-test
    url: https://api.scaleway.com/containers/v1beta1/regions/fr-par/namespaces/eab9ca37-264f-4670-b825-fae21c231842
    method: DELETE
  response:
    body: '{"id":"eab9ca37-264f-4670-b825-fae21c231842","name":"cli-t-ctnr-deploy-s","environment_variables":{},"organization_id":"951df375-e094-4d26-97c1-ba548eeb9c42","project_id":"951df375-e094-4d26-97c1-ba548eeb9c42","status":"deleting","registry_namespace_id":"a116b7e0-dd38-4bba-a6db-19c10ce5000f","error_message":null,"registry_endpoint":"rg.fr-par.scw.cloud/funcscwclitctnrdeploysy040pszu","description":"","secret_environment_variables":[],"tags":[],"created_at":"2025-09-08T12:18:46.640706Z","updated_at":"2025-09-08T12:19:43.096984527Z","vpc_integration_activated":false,"region":"fr-par"}'
    headers:
      Content-Length:
      - "589"
      Content-Security-Policy:
      - default-src 'none'; frame-ancestors 'none'
      Content-Type:
      - application/json
      Date:
      - Mon, 08 Sep 2025 12:19:43 GMT
      Server:
      - Scaleway API Gateway (fr-par-1;edge03)
      Strict-Transport-Security:
      - max-age=63072000
      X-Content-Type-Options:
      - nosniff
      X-Frame-Options:
      - DENY
      X-Request-Id:
      - 6cf66a81-1979-4aa0-a17e-9ba456face96
    status: 200 OK
    code: 200
    duration: ""
- request:
    body: '{"id":"eab9ca37-264f-4670-b825-fae21c231842","name":"cli-t-ctnr-deploy-s","environment_variables":{},"organization_id":"951df375-e094-4d26-97c1-ba548eeb9c42","project_id":"951df375-e094-4d26-97c1-ba548eeb9c42","status":"deleting","registry_namespace_id":"a116b7e0-dd38-4bba-a6db-19c10ce5000f","error_message":null,"registry_endpoint":"rg.fr-par.scw.cloud/funcscwclitctnrdeploysy040pszu","description":"","secret_environment_variables":[],"tags":[],"created_at":"2025-09-08T12:18:46.640706Z","updated_at":"2025-09-08T12:19:43.096985Z","vpc_integration_activated":false,"region":"fr-par"}'
    form: {}
    headers:
      User-Agent:
      - scaleway-sdk-go/v1.0.0-beta.7+dev (go1.25.1; darwin; arm64) cli-e2e-test
    url: https://api.scaleway.com/containers/v1beta1/regions/fr-par/namespaces/eab9ca37-264f-4670-b825-fae21c231842
    method: GET
  response:
    body: '{"id":"eab9ca37-264f-4670-b825-fae21c231842","name":"cli-t-ctnr-deploy-s","environment_variables":{},"organization_id":"951df375-e094-4d26-97c1-ba548eeb9c42","project_id":"951df375-e094-4d26-97c1-ba548eeb9c42","status":"deleting","registry_namespace_id":"a116b7e0-dd38-4bba-a6db-19c10ce5000f","error_message":null,"registry_endpoint":"rg.fr-par.scw.cloud/funcscwclitctnrdeploysy040pszu","description":"","secret_environment_variables":[],"tags":[],"created_at":"2025-09-08T12:18:46.640706Z","updated_at":"2025-09-08T12:19:43.096985Z","vpc_integration_activated":false,"region":"fr-par"}'
    headers:
      Content-Length:
      - "586"
      Content-Security-Policy:
      - default-src 'none'; frame-ancestors 'none'
      Content-Type:
      - application/json
      Date:
      - Mon, 08 Sep 2025 12:19:43 GMT
      Server:
      - Scaleway API Gateway (fr-par-1;edge03)
      Strict-Transport-Security:
      - max-age=63072000
      X-Content-Type-Options:
      - nosniff
      X-Frame-Options:
      - DENY
      X-Request-Id:
      - 86c91908-3897-4a8f-b949-7b5dd8fc0ca7
    status: 200 OK
    code: 200
    duration: ""
- request:
    body: '{"id":"eab9ca37-264f-4670-b825-fae21c231842","name":"cli-t-ctnr-deploy-s","environment_variables":{},"organization_id":"951df375-e094-4d26-97c1-ba548eeb9c42","project_id":"951df375-e094-4d26-97c1-ba548eeb9c42","status":"deleting","registry_namespace_id":"a116b7e0-dd38-4bba-a6db-19c10ce5000f","error_message":null,"registry_endpoint":"rg.fr-par.scw.cloud/funcscwclitctnrdeploysy040pszu","description":"","secret_environment_variables":[],"tags":[],"created_at":"2025-09-08T12:18:46.640706Z","updated_at":"2025-09-08T12:19:43.096985Z","vpc_integration_activated":false,"region":"fr-par"}'
    form: {}
    headers:
      User-Agent:
      - scaleway-sdk-go/v1.0.0-beta.7+dev (go1.25.1; darwin; arm64) cli-e2e-test
    url: https://api.scaleway.com/containers/v1beta1/regions/fr-par/namespaces/eab9ca37-264f-4670-b825-fae21c231842
    method: GET
  response:
    body: '{"id":"eab9ca37-264f-4670-b825-fae21c231842","name":"cli-t-ctnr-deploy-s","environment_variables":{},"organization_id":"951df375-e094-4d26-97c1-ba548eeb9c42","project_id":"951df375-e094-4d26-97c1-ba548eeb9c42","status":"deleting","registry_namespace_id":"a116b7e0-dd38-4bba-a6db-19c10ce5000f","error_message":null,"registry_endpoint":"rg.fr-par.scw.cloud/funcscwclitctnrdeploysy040pszu","description":"","secret_environment_variables":[],"tags":[],"created_at":"2025-09-08T12:18:46.640706Z","updated_at":"2025-09-08T12:19:43.096985Z","vpc_integration_activated":false,"region":"fr-par"}'
    headers:
      Content-Length:
      - "586"
      Content-Security-Policy:
      - default-src 'none'; frame-ancestors 'none'
      Content-Type:
      - application/json
      Date:
      - Mon, 08 Sep 2025 12:19:48 GMT
      Server:
      - Scaleway API Gateway (fr-par-1;edge03)
      Strict-Transport-Security:
      - max-age=63072000
      X-Content-Type-Options:
      - nosniff
      X-Frame-Options:
      - DENY
      X-Request-Id:
      - 92bb6080-a919-4cbe-86e7-65054dddcd2a
    status: 200 OK
    code: 200
    duration: ""
- request:
    body: '{"id":"eab9ca37-264f-4670-b825-fae21c231842","name":"cli-t-ctnr-deploy-s","environment_variables":{},"organization_id":"951df375-e094-4d26-97c1-ba548eeb9c42","project_id":"951df375-e094-4d26-97c1-ba548eeb9c42","status":"deleting","registry_namespace_id":"a116b7e0-dd38-4bba-a6db-19c10ce5000f","error_message":null,"registry_endpoint":"rg.fr-par.scw.cloud/funcscwclitctnrdeploysy040pszu","description":"","secret_environment_variables":[],"tags":[],"created_at":"2025-09-08T12:18:46.640706Z","updated_at":"2025-09-08T12:19:43.096985Z","vpc_integration_activated":false,"region":"fr-par"}'
    form: {}
    headers:
      User-Agent:
      - scaleway-sdk-go/v1.0.0-beta.7+dev (go1.25.1; darwin; arm64) cli-e2e-test
    url: https://api.scaleway.com/containers/v1beta1/regions/fr-par/namespaces/eab9ca37-264f-4670-b825-fae21c231842
    method: GET
  response:
    body: '{"id":"eab9ca37-264f-4670-b825-fae21c231842","name":"cli-t-ctnr-deploy-s","environment_variables":{},"organization_id":"951df375-e094-4d26-97c1-ba548eeb9c42","project_id":"951df375-e094-4d26-97c1-ba548eeb9c42","status":"deleting","registry_namespace_id":"a116b7e0-dd38-4bba-a6db-19c10ce5000f","error_message":null,"registry_endpoint":"rg.fr-par.scw.cloud/funcscwclitctnrdeploysy040pszu","description":"","secret_environment_variables":[],"tags":[],"created_at":"2025-09-08T12:18:46.640706Z","updated_at":"2025-09-08T12:19:43.096985Z","vpc_integration_activated":false,"region":"fr-par"}'
    headers:
      Content-Length:
      - "586"
      Content-Security-Policy:
      - default-src 'none'; frame-ancestors 'none'
      Content-Type:
      - application/json
      Date:
      - Mon, 08 Sep 2025 12:19:53 GMT
      Server:
      - Scaleway API Gateway (fr-par-1;edge03)
      Strict-Transport-Security:
      - max-age=63072000
      X-Content-Type-Options:
      - nosniff
      X-Frame-Options:
      - DENY
      X-Request-Id:
      - f588d92a-dedd-4d44-938d-38d204edd128
    status: 200 OK
    code: 200
    duration: ""
- request:
    body: '{"id":"eab9ca37-264f-4670-b825-fae21c231842","name":"cli-t-ctnr-deploy-s","environment_variables":{},"organization_id":"951df375-e094-4d26-97c1-ba548eeb9c42","project_id":"951df375-e094-4d26-97c1-ba548eeb9c42","status":"deleting","registry_namespace_id":"a116b7e0-dd38-4bba-a6db-19c10ce5000f","error_message":null,"registry_endpoint":"rg.fr-par.scw.cloud/funcscwclitctnrdeploysy040pszu","description":"","secret_environment_variables":[],"tags":[],"created_at":"2025-09-08T12:18:46.640706Z","updated_at":"2025-09-08T12:19:43.096985Z","vpc_integration_activated":false,"region":"fr-par"}'
    form: {}
    headers:
      User-Agent:
      - scaleway-sdk-go/v1.0.0-beta.7+dev (go1.25.1; darwin; arm64) cli-e2e-test
    url: https://api.scaleway.com/containers/v1beta1/regions/fr-par/namespaces/eab9ca37-264f-4670-b825-fae21c231842
    method: GET
  response:
    body: '{"id":"eab9ca37-264f-4670-b825-fae21c231842","name":"cli-t-ctnr-deploy-s","environment_variables":{},"organization_id":"951df375-e094-4d26-97c1-ba548eeb9c42","project_id":"951df375-e094-4d26-97c1-ba548eeb9c42","status":"deleting","registry_namespace_id":"a116b7e0-dd38-4bba-a6db-19c10ce5000f","error_message":null,"registry_endpoint":"rg.fr-par.scw.cloud/funcscwclitctnrdeploysy040pszu","description":"","secret_environment_variables":[],"tags":[],"created_at":"2025-09-08T12:18:46.640706Z","updated_at":"2025-09-08T12:19:43.096985Z","vpc_integration_activated":false,"region":"fr-par"}'
    headers:
      Content-Length:
      - "586"
      Content-Security-Policy:
      - default-src 'none'; frame-ancestors 'none'
      Content-Type:
      - application/json
      Date:
      - Mon, 08 Sep 2025 12:19:58 GMT
      Server:
      - Scaleway API Gateway (fr-par-1;edge03)
      Strict-Transport-Security:
      - max-age=63072000
      X-Content-Type-Options:
      - nosniff
      X-Frame-Options:
      - DENY
      X-Request-Id:
      - b2582870-032b-48a4-bf11-abdf3d1f5981
    status: 200 OK
    code: 200
    duration: ""
- request:
    body: '{"id":"eab9ca37-264f-4670-b825-fae21c231842","name":"cli-t-ctnr-deploy-s","environment_variables":{},"organization_id":"951df375-e094-4d26-97c1-ba548eeb9c42","project_id":"951df375-e094-4d26-97c1-ba548eeb9c42","status":"deleting","registry_namespace_id":"a116b7e0-dd38-4bba-a6db-19c10ce5000f","error_message":null,"registry_endpoint":"rg.fr-par.scw.cloud/funcscwclitctnrdeploysy040pszu","description":"","secret_environment_variables":[],"tags":[],"created_at":"2025-09-08T12:18:46.640706Z","updated_at":"2025-09-08T12:19:43.096985Z","vpc_integration_activated":false,"region":"fr-par"}'
    form: {}
    headers:
      User-Agent:
      - scaleway-sdk-go/v1.0.0-beta.7+dev (go1.25.1; darwin; arm64) cli-e2e-test
    url: https://api.scaleway.com/containers/v1beta1/regions/fr-par/namespaces/eab9ca37-264f-4670-b825-fae21c231842
    method: GET
  response:
    body: '{"id":"eab9ca37-264f-4670-b825-fae21c231842","name":"cli-t-ctnr-deploy-s","environment_variables":{},"organization_id":"951df375-e094-4d26-97c1-ba548eeb9c42","project_id":"951df375-e094-4d26-97c1-ba548eeb9c42","status":"deleting","registry_namespace_id":"a116b7e0-dd38-4bba-a6db-19c10ce5000f","error_message":null,"registry_endpoint":"rg.fr-par.scw.cloud/funcscwclitctnrdeploysy040pszu","description":"","secret_environment_variables":[],"tags":[],"created_at":"2025-09-08T12:18:46.640706Z","updated_at":"2025-09-08T12:19:43.096985Z","vpc_integration_activated":false,"region":"fr-par"}'
    headers:
      Content-Length:
      - "586"
      Content-Security-Policy:
      - default-src 'none'; frame-ancestors 'none'
      Content-Type:
      - application/json
      Date:
      - Mon, 08 Sep 2025 12:20:03 GMT
      Server:
      - Scaleway API Gateway (fr-par-1;edge03)
      Strict-Transport-Security:
      - max-age=63072000
      X-Content-Type-Options:
      - nosniff
      X-Frame-Options:
      - DENY
      X-Request-Id:
      - 63929d69-1412-44d5-b64f-f1d2969fa454
    status: 200 OK
    code: 200
    duration: ""
- request:
    body: '{"id":"eab9ca37-264f-4670-b825-fae21c231842","name":"cli-t-ctnr-deploy-s","environment_variables":{},"organization_id":"951df375-e094-4d26-97c1-ba548eeb9c42","project_id":"951df375-e094-4d26-97c1-ba548eeb9c42","status":"deleting","registry_namespace_id":"a116b7e0-dd38-4bba-a6db-19c10ce5000f","error_message":null,"registry_endpoint":"rg.fr-par.scw.cloud/funcscwclitctnrdeploysy040pszu","description":"","secret_environment_variables":[],"tags":[],"created_at":"2025-09-08T12:18:46.640706Z","updated_at":"2025-09-08T12:19:43.096985Z","vpc_integration_activated":false,"region":"fr-par"}'
    form: {}
    headers:
      User-Agent:
      - scaleway-sdk-go/v1.0.0-beta.7+dev (go1.25.1; darwin; arm64) cli-e2e-test
    url: https://api.scaleway.com/containers/v1beta1/regions/fr-par/namespaces/eab9ca37-264f-4670-b825-fae21c231842
    method: GET
  response:
    body: '{"id":"eab9ca37-264f-4670-b825-fae21c231842","name":"cli-t-ctnr-deploy-s","environment_variables":{},"organization_id":"951df375-e094-4d26-97c1-ba548eeb9c42","project_id":"951df375-e094-4d26-97c1-ba548eeb9c42","status":"deleting","registry_namespace_id":"a116b7e0-dd38-4bba-a6db-19c10ce5000f","error_message":null,"registry_endpoint":"rg.fr-par.scw.cloud/funcscwclitctnrdeploysy040pszu","description":"","secret_environment_variables":[],"tags":[],"created_at":"2025-09-08T12:18:46.640706Z","updated_at":"2025-09-08T12:19:43.096985Z","vpc_integration_activated":false,"region":"fr-par"}'
    headers:
      Content-Length:
      - "586"
      Content-Security-Policy:
      - default-src 'none'; frame-ancestors 'none'
      Content-Type:
      - application/json
      Date:
      - Mon, 08 Sep 2025 12:20:08 GMT
      Server:
      - Scaleway API Gateway (fr-par-1;edge03)
      Strict-Transport-Security:
      - max-age=63072000
      X-Content-Type-Options:
      - nosniff
      X-Frame-Options:
      - DENY
      X-Request-Id:
      - c8ce7ba8-bd0e-4b3c-b81f-f6dded8b3676
    status: 200 OK
    code: 200
    duration: ""
- request:
    body: '{"message":"Namespace was not found"}'
    form: {}
    headers:
      User-Agent:
      - scaleway-sdk-go/v1.0.0-beta.7+dev (go1.25.1; darwin; arm64) cli-e2e-test
    url: https://api.scaleway.com/containers/v1beta1/regions/fr-par/namespaces/eab9ca37-264f-4670-b825-fae21c231842
    method: GET
  response:
    body: '{"message":"Namespace was not found"}'
    headers:
      Content-Length:
      - "37"
      Content-Security-Policy:
      - default-src 'none'; frame-ancestors 'none'
      Content-Type:
      - application/json
      Date:
      - Mon, 08 Sep 2025 12:20:13 GMT
      Server:
      - Scaleway API Gateway (fr-par-1;edge03)
      Strict-Transport-Security:
      - max-age=63072000
      X-Content-Type-Options:
      - nosniff
      X-Frame-Options:
      - DENY
      X-Request-Id:
      - db3da9b8-ba29-4994-bc4b-d1c838cc36b4
    status: 404 Not Found
    code: 404
    duration: ""
- request:
    body: '{"namespaces":[],"total_count":0}'
    form: {}
    headers:
      User-Agent:
      - scaleway-sdk-go/v1.0.0-beta.7+dev (go1.25.1; darwin; arm64) cli-e2e-test
    url: https://api.scaleway.com/registry/v1/regions/fr-par/namespaces?name=cli-t-ctnr-deploy-s&order_by=created_at_asc&page=1
    method: GET
  response:
    body: '{"namespaces":[],"total_count":0}'
    headers:
      Content-Length:
      - "33"
      Content-Security-Policy:
      - default-src 'none'; frame-ancestors 'none'
      Content-Type:
      - application/json
      Date:
      - Mon, 08 Sep 2025 12:20:13 GMT
      Server:
      - Scaleway API Gateway (fr-par-1;edge03)
      Strict-Transport-Security:
      - max-age=63072000
      X-Content-Type-Options:
      - nosniff
      X-Frame-Options:
      - DENY
      X-Request-Id:
      - f1ce1582-7dc2-43ab-acb6-101d0613d251
    status: 200 OK
    code: 200
    duration: ""
