🎲🎲🎲 EXIT CODE: 1 🎲🎲🎲
🟥🟥🟥 STDERR️️ 🟥🟥🟥️
Failed to get nats account: scaleway-sdk-go: invalid argument(s): nats_account_id does not respect constraint, value length must be 56 runes
🟥🟥🟥 JSON STDERR 🟥🟥🟥
{
  "error": "failed to get nats account: scaleway-sdk-go: invalid argument(s): nats_account_id does not respect constraint, value length must be 56 runes"
}
🟥🟥🟥 YAML STDERR 🟥🟥🟥
error: 'failed to get nats account: scaleway-sdk-go: invalid argument(s): nats_account_id
  does not respect constraint, value length must be 56 runes'
