🎲🎲🎲 EXIT CODE: 0 🎲🎲🎲
🟩🟩🟩 STDOUT️ 🟩🟩🟩️
ID         7d34392f-61f3-4b1f-82ad-39a211f18ee7
Name       cli-inference-eloquent-goldwasser
ProjectID  d3520a52-2c75-4ba0-bda8-82dd087f07f2
Status     ready
NodeType   L4
Size       1
MinSize    1
MaxSize    1
ModelName  meta/llama-3-8b-instruct:bf16
ModelID    6c68b256-ef4a-48d2-a794-9b63b5c6ba5d
CreatedAt  few seconds ago
UpdatedAt  few seconds ago
Region     fr-par

Endpoints:
ID                                    URL                                                                DISABLE AUTH
c7d43b38-5c17-4b7e-8b3b-9ef209644707  https://7d34392f-61f3-4b1f-82ad-39a211f18ee7.ifr.fr-par.scw.cloud  false
🟩🟩🟩 JSON STDOUT 🟩🟩🟩
{
  "id": "7d34392f-61f3-4b1f-82ad-39a211f18ee7",
  "name": "cli-inference-eloquent-goldwasser",
  "project_id": "d3520a52-2c75-4ba0-bda8-82dd087f07f2",
  "status": "ready",
  "tags": [],
  "node_type": "L4",
  "endpoints": [
    {
      "id": "c7d43b38-5c17-4b7e-8b3b-9ef209644707",
      "url": "https://7d34392f-61f3-4b1f-82ad-39a211f18ee7.ifr.fr-par.scw.cloud",
      "public_access": {},
      "disable_auth": false
    }
  ],
  "size": 1,
  "min_size": 1,
  "max_size": 1,
  "error_message": null,
  "model_name": "meta/llama-3-8b-instruct:bf16",
  "model_id": "6c68b256-ef4a-48d2-a794-9b63b5c6ba5d",
  "created_at": "1970-01-01T00:00:00.0Z",
  "updated_at": "1970-01-01T00:00:00.0Z",
  "region": "fr-par"
}
