---
version: 1
interactions:
- request:
    body: '{"id":"33e309e0-71eb-4915-95e6-baafe98c0759", "name":"cli-pn-condescending-gould",
      "tags":[], "organization_id":"d3520a52-2c75-4ba0-bda8-82dd087f07f2", "created_at":"2024-02-23T14:56:43.750806Z",
      "updated_at":"2024-02-23T14:56:43.750806Z", "project_id":"d3520a52-2c75-4ba0-bda8-82dd087f07f2",
      "subnets":[{"id":"5ccf72f1-52ab-4cd4-996c-21d11ebec40b", "created_at":"2024-02-23T14:56:43.750806Z",
      "updated_at":"2024-02-23T14:56:43.750806Z", "subnet":"172.16.28.0/22"}, {"id":"d85ad822-afaf-49df-9288-0f34bc3f429d",
      "created_at":"2024-02-23T14:56:43.750806Z", "updated_at":"2024-02-23T14:56:43.750806Z",
      "subnet":"fd64:badd:7710:7150::/64"}], "vpc_id":"e092f3d5-d85b-46fd-8d08-025e3282c8c1",
      "dhcp_enabled":true, "region":"fr-par"}'
    form: {}
    headers:
      Content-Type:
      - application/json
      User-Agent:
      - scaleway-sdk-go/v1.0.0-beta.7+dev (go1.21.7; darwin; amd64) cli-e2e-test
    url: https://api.scaleway.com/vpc/v2/regions/fr-par/private-networks
    method: POST
  response:
    body: '{"id":"33e309e0-71eb-4915-95e6-baafe98c0759", "name":"cli-pn-condescending-gould",
      "tags":[], "organization_id":"d3520a52-2c75-4ba0-bda8-82dd087f07f2", "created_at":"2024-02-23T14:56:43.750806Z",
      "updated_at":"2024-02-23T14:56:43.750806Z", "project_id":"d3520a52-2c75-4ba0-bda8-82dd087f07f2",
      "subnets":[{"id":"5ccf72f1-52ab-4cd4-996c-21d11ebec40b", "created_at":"2024-02-23T14:56:43.750806Z",
      "updated_at":"2024-02-23T14:56:43.750806Z", "subnet":"172.16.28.0/22"}, {"id":"d85ad822-afaf-49df-9288-0f34bc3f429d",
      "created_at":"2024-02-23T14:56:43.750806Z", "updated_at":"2024-02-23T14:56:43.750806Z",
      "subnet":"fd64:badd:7710:7150::/64"}], "vpc_id":"e092f3d5-d85b-46fd-8d08-025e3282c8c1",
      "dhcp_enabled":true, "region":"fr-par"}'
    headers:
      Content-Length:
      - "727"
      Content-Security-Policy:
      - default-src 'none'; frame-ancestors 'none'
      Content-Type:
      - application/json
      Date:
      - Fri, 23 Feb 2024 14:56:44 GMT
      Server:
      - Scaleway API Gateway (fr-par-2;edge02)
      Strict-Transport-Security:
      - max-age=63072000
      X-Content-Type-Options:
      - nosniff
      X-Frame-Options:
      - DENY
      X-Request-Id:
      - df2e4a3f-1fb4-4ea7-88ae-1d4a43264483
    status: 200 OK
    code: 200
    duration: ""
- request:
    body: '{"id":"b0920865-db15-452b-8a59-3fdc05d4339a", "organization_id":"d3520a52-2c75-4ba0-bda8-82dd087f07f2",
      "project_id":"d3520a52-2c75-4ba0-bda8-82dd087f07f2", "created_at":"2024-02-23T14:56:44.935109Z",
      "updated_at":"2024-02-23T14:56:44.935109Z", "type":{"name":"VPC-GW-S", "bandwidth":100000000,
      "zone":"fr-par-1"}, "status":"allocating", "name":"cli-gw-suspicious-poitras",
      "tags":[], "ip":{"id":"9987a45c-2068-4aa9-a517-816382f55806", "organization_id":"d3520a52-2c75-4ba0-bda8-82dd087f07f2",
      "project_id":"d3520a52-2c75-4ba0-bda8-82dd087f07f2", "created_at":"2024-02-23T14:56:44.911498Z",
      "updated_at":"2024-02-23T14:56:44.911498Z", "tags":[], "address":"51.158.104.196",
      "reverse":"196-104-158-51.instances.scw.cloud", "gateway_id":"b0920865-db15-452b-8a59-3fdc05d4339a",
      "zone":"fr-par-1"}, "gateway_networks":[], "upstream_dns_servers":[], "version":null,
      "can_upgrade_to":null, "bastion_enabled":false, "bastion_port":61000, "smtp_enabled":false,
      "is_legacy":false, "ip_mobility_enabled":false, "zone":"fr-par-1"}'
    form: {}
    headers:
      Content-Type:
      - application/json
      User-Agent:
      - scaleway-sdk-go/v1.0.0-beta.7+dev (go1.21.7; darwin; amd64) cli-e2e-test
    url: https://api.scaleway.com/vpc-gw/v1/zones/fr-par-1/gateways
    method: POST
  response:
    body: '{"id":"b0920865-db15-452b-8a59-3fdc05d4339a", "organization_id":"d3520a52-2c75-4ba0-bda8-82dd087f07f2",
      "project_id":"d3520a52-2c75-4ba0-bda8-82dd087f07f2", "created_at":"2024-02-23T14:56:44.935109Z",
      "updated_at":"2024-02-23T14:56:44.935109Z", "type":{"name":"VPC-GW-S", "bandwidth":100000000,
      "zone":"fr-par-1"}, "status":"allocating", "name":"cli-gw-suspicious-poitras",
      "tags":[], "ip":{"id":"9987a45c-2068-4aa9-a517-816382f55806", "organization_id":"d3520a52-2c75-4ba0-bda8-82dd087f07f2",
      "project_id":"d3520a52-2c75-4ba0-bda8-82dd087f07f2", "created_at":"2024-02-23T14:56:44.911498Z",
      "updated_at":"2024-02-23T14:56:44.911498Z", "tags":[], "address":"51.158.104.196",
      "reverse":"196-104-158-51.instances.scw.cloud", "gateway_id":"b0920865-db15-452b-8a59-3fdc05d4339a",
      "zone":"fr-par-1"}, "gateway_networks":[], "upstream_dns_servers":[], "version":null,
      "can_upgrade_to":null, "bastion_enabled":false, "bastion_port":61000, "smtp_enabled":false,
      "is_legacy":false, "ip_mobility_enabled":false, "zone":"fr-par-1"}'
    headers:
      Content-Length:
      - "1019"
      Content-Security-Policy:
      - default-src 'none'; frame-ancestors 'none'
      Content-Type:
      - application/json
      Date:
      - Fri, 23 Feb 2024 14:56:44 GMT
      Server:
      - Scaleway API Gateway (fr-par-2;edge02)
      Strict-Transport-Security:
      - max-age=63072000
      X-Content-Type-Options:
      - nosniff
      X-Frame-Options:
      - DENY
      X-Request-Id:
      - f8354a3c-cb58-4771-92f9-b85d7ad5b39d
    status: 200 OK
    code: 200
    duration: ""
- request:
    body: '{"id":"b0920865-db15-452b-8a59-3fdc05d4339a", "organization_id":"d3520a52-2c75-4ba0-bda8-82dd087f07f2",
      "project_id":"d3520a52-2c75-4ba0-bda8-82dd087f07f2", "created_at":"2024-02-23T14:56:44.935109Z",
      "updated_at":"2024-02-23T14:56:44.935109Z", "type":{"name":"VPC-GW-S", "bandwidth":100000000,
      "zone":"fr-par-1"}, "status":"allocating", "name":"cli-gw-suspicious-poitras",
      "tags":[], "ip":{"id":"9987a45c-2068-4aa9-a517-816382f55806", "organization_id":"d3520a52-2c75-4ba0-bda8-82dd087f07f2",
      "project_id":"d3520a52-2c75-4ba0-bda8-82dd087f07f2", "created_at":"2024-02-23T14:56:44.911498Z",
      "updated_at":"2024-02-23T14:56:44.911498Z", "tags":[], "address":"51.158.104.196",
      "reverse":"196-104-158-51.instances.scw.cloud", "gateway_id":"b0920865-db15-452b-8a59-3fdc05d4339a",
      "zone":"fr-par-1"}, "gateway_networks":[], "upstream_dns_servers":[], "version":null,
      "can_upgrade_to":null, "bastion_enabled":false, "bastion_port":61000, "smtp_enabled":false,
      "is_legacy":false, "ip_mobility_enabled":false, "zone":"fr-par-1"}'
    form: {}
    headers:
      User-Agent:
      - scaleway-sdk-go/v1.0.0-beta.7+dev (go1.21.7; darwin; amd64) cli-e2e-test
    url: https://api.scaleway.com/vpc-gw/v1/zones/fr-par-1/gateways/b0920865-db15-452b-8a59-3fdc05d4339a
    method: GET
  response:
    body: '{"id":"b0920865-db15-452b-8a59-3fdc05d4339a", "organization_id":"d3520a52-2c75-4ba0-bda8-82dd087f07f2",
      "project_id":"d3520a52-2c75-4ba0-bda8-82dd087f07f2", "created_at":"2024-02-23T14:56:44.935109Z",
      "updated_at":"2024-02-23T14:56:44.935109Z", "type":{"name":"VPC-GW-S", "bandwidth":100000000,
      "zone":"fr-par-1"}, "status":"allocating", "name":"cli-gw-suspicious-poitras",
      "tags":[], "ip":{"id":"9987a45c-2068-4aa9-a517-816382f55806", "organization_id":"d3520a52-2c75-4ba0-bda8-82dd087f07f2",
      "project_id":"d3520a52-2c75-4ba0-bda8-82dd087f07f2", "created_at":"2024-02-23T14:56:44.911498Z",
      "updated_at":"2024-02-23T14:56:44.911498Z", "tags":[], "address":"51.158.104.196",
      "reverse":"196-104-158-51.instances.scw.cloud", "gateway_id":"b0920865-db15-452b-8a59-3fdc05d4339a",
      "zone":"fr-par-1"}, "gateway_networks":[], "upstream_dns_servers":[], "version":null,
      "can_upgrade_to":null, "bastion_enabled":false, "bastion_port":61000, "smtp_enabled":false,
      "is_legacy":false, "ip_mobility_enabled":false, "zone":"fr-par-1"}'
    headers:
      Content-Length:
      - "1019"
      Content-Security-Policy:
      - default-src 'none'; frame-ancestors 'none'
      Content-Type:
      - application/json
      Date:
      - Fri, 23 Feb 2024 14:56:45 GMT
      Server:
      - Scaleway API Gateway (fr-par-2;edge02)
      Strict-Transport-Security:
      - max-age=63072000
      X-Content-Type-Options:
      - nosniff
      X-Frame-Options:
      - DENY
      X-Request-Id:
      - 750d0036-2318-46ca-b20a-36b497a0b3d1
    status: 200 OK
    code: 200
    duration: ""
- request:
    body: '{"id":"b0920865-db15-452b-8a59-3fdc05d4339a", "organization_id":"d3520a52-2c75-4ba0-bda8-82dd087f07f2",
      "project_id":"d3520a52-2c75-4ba0-bda8-82dd087f07f2", "created_at":"2024-02-23T14:56:44.935109Z",
      "updated_at":"2024-02-23T14:56:45.775561Z", "type":{"name":"VPC-GW-S", "bandwidth":100000000,
      "zone":"fr-par-1"}, "status":"running", "name":"cli-gw-suspicious-poitras",
      "tags":[], "ip":{"id":"9987a45c-2068-4aa9-a517-816382f55806", "organization_id":"d3520a52-2c75-4ba0-bda8-82dd087f07f2",
      "project_id":"d3520a52-2c75-4ba0-bda8-82dd087f07f2", "created_at":"2024-02-23T14:56:44.911498Z",
      "updated_at":"2024-02-23T14:56:44.911498Z", "tags":[], "address":"51.158.104.196",
      "reverse":"196-104-158-51.instances.scw.cloud", "gateway_id":"b0920865-db15-452b-8a59-3fdc05d4339a",
      "zone":"fr-par-1"}, "gateway_networks":[], "upstream_dns_servers":[], "version":"0.6.1",
      "can_upgrade_to":null, "bastion_enabled":false, "bastion_port":61000, "smtp_enabled":false,
      "is_legacy":false, "ip_mobility_enabled":false, "zone":"fr-par-1"}'
    form: {}
    headers:
      User-Agent:
      - scaleway-sdk-go/v1.0.0-beta.7+dev (go1.21.7; darwin; amd64) cli-e2e-test
    url: https://api.scaleway.com/vpc-gw/v1/zones/fr-par-1/gateways/b0920865-db15-452b-8a59-3fdc05d4339a
    method: GET
  response:
    body: '{"id":"b0920865-db15-452b-8a59-3fdc05d4339a", "organization_id":"d3520a52-2c75-4ba0-bda8-82dd087f07f2",
      "project_id":"d3520a52-2c75-4ba0-bda8-82dd087f07f2", "created_at":"2024-02-23T14:56:44.935109Z",
      "updated_at":"2024-02-23T14:56:45.775561Z", "type":{"name":"VPC-GW-S", "bandwidth":100000000,
      "zone":"fr-par-1"}, "status":"running", "name":"cli-gw-suspicious-poitras",
      "tags":[], "ip":{"id":"9987a45c-2068-4aa9-a517-816382f55806", "organization_id":"d3520a52-2c75-4ba0-bda8-82dd087f07f2",
      "project_id":"d3520a52-2c75-4ba0-bda8-82dd087f07f2", "created_at":"2024-02-23T14:56:44.911498Z",
      "updated_at":"2024-02-23T14:56:44.911498Z", "tags":[], "address":"51.158.104.196",
      "reverse":"196-104-158-51.instances.scw.cloud", "gateway_id":"b0920865-db15-452b-8a59-3fdc05d4339a",
      "zone":"fr-par-1"}, "gateway_networks":[], "upstream_dns_servers":[], "version":"0.6.1",
      "can_upgrade_to":null, "bastion_enabled":false, "bastion_port":61000, "smtp_enabled":false,
      "is_legacy":false, "ip_mobility_enabled":false, "zone":"fr-par-1"}'
    headers:
      Content-Length:
      - "1019"
      Content-Security-Policy:
      - default-src 'none'; frame-ancestors 'none'
      Content-Type:
      - application/json
      Date:
      - Fri, 23 Feb 2024 14:57:00 GMT
      Server:
      - Scaleway API Gateway (fr-par-2;edge02)
      Strict-Transport-Security:
      - max-age=63072000
      X-Content-Type-Options:
      - nosniff
      X-Frame-Options:
      - DENY
      X-Request-Id:
      - ec04f50c-8e55-4232-8ecf-b57e92f6d13c
    status: 200 OK
    code: 200
    duration: ""
- request:
    body: '{"id":"b9915f5e-7c29-421b-8fae-2e4bea947f91", "organization_id":"d3520a52-2c75-4ba0-bda8-82dd087f07f2",
      "project_id":"d3520a52-2c75-4ba0-bda8-82dd087f07f2", "created_at":"2024-02-23T14:57:00.099718Z",
      "updated_at":"2024-02-23T14:57:00.099718Z", "subnet":"192.168.1.0/24", "address":"192.168.1.1",
      "pool_low":"192.168.1.2", "pool_high":"192.168.1.254", "enable_dynamic":true,
      "valid_lifetime":"3600s", "renew_timer":"3000s", "rebind_timer":"3060s", "push_default_route":true,
      "push_dns_server":true, "dns_servers_override":[], "dns_search":[], "dns_local_name":"priv",
      "zone":"fr-par-1"}'
    form: {}
    headers:
      Content-Type:
      - application/json
      User-Agent:
      - scaleway-sdk-go/v1.0.0-beta.7+dev (go1.21.7; darwin; amd64) cli-e2e-test
    url: https://api.scaleway.com/vpc-gw/v1/zones/fr-par-1/dhcps
    method: POST
  response:
    body: '{"id":"b9915f5e-7c29-421b-8fae-2e4bea947f91", "organization_id":"d3520a52-2c75-4ba0-bda8-82dd087f07f2",
      "project_id":"d3520a52-2c75-4ba0-bda8-82dd087f07f2", "created_at":"2024-02-23T14:57:00.099718Z",
      "updated_at":"2024-02-23T14:57:00.099718Z", "subnet":"192.168.1.0/24", "address":"192.168.1.1",
      "pool_low":"192.168.1.2", "pool_high":"192.168.1.254", "enable_dynamic":true,
      "valid_lifetime":"3600s", "renew_timer":"3000s", "rebind_timer":"3060s", "push_default_route":true,
      "push_dns_server":true, "dns_servers_override":[], "dns_search":[], "dns_local_name":"priv",
      "zone":"fr-par-1"}'
    headers:
      Content-Length:
      - "586"
      Content-Security-Policy:
      - default-src 'none'; frame-ancestors 'none'
      Content-Type:
      - application/json
      Date:
      - Fri, 23 Feb 2024 14:57:00 GMT
      Server:
      - Scaleway API Gateway (fr-par-2;edge02)
      Strict-Transport-Security:
      - max-age=63072000
      X-Content-Type-Options:
      - nosniff
      X-Frame-Options:
      - DENY
      X-Request-Id:
      - fa1b176f-1dc2-406b-9676-d961d776b7d5
    status: 200 OK
    code: 200
    duration: ""
- request:
    body: '{"id":"8d84f727-0251-48f5-8000-054706fd7def", "created_at":"2024-02-23T14:57:02.052162Z",
      "updated_at":"2024-02-23T14:57:02.052162Z", "gateway_id":"b0920865-db15-452b-8a59-3fdc05d4339a",
      "private_network_id":"33e309e0-71eb-4915-95e6-baafe98c0759", "mac_address":null,
      "enable_masquerade":false, "status":"created", "dhcp":{"id":"b9915f5e-7c29-421b-8fae-2e4bea947f91",
      "organization_id":"d3520a52-2c75-4ba0-bda8-82dd087f07f2", "project_id":"d3520a52-2c75-4ba0-bda8-82dd087f07f2",
      "created_at":"2024-02-23T14:57:00.099718Z", "updated_at":"2024-02-23T14:57:00.099718Z",
      "subnet":"192.168.1.0/24", "address":"192.168.1.1", "pool_low":"192.168.1.2",
      "pool_high":"192.168.1.254", "enable_dynamic":true, "valid_lifetime":"3600s",
      "renew_timer":"3000s", "rebind_timer":"3060s", "push_default_route":true, "push_dns_server":true,
      "dns_servers_override":[], "dns_search":[], "dns_local_name":"priv", "zone":"fr-par-1"},
      "enable_dhcp":true, "address":null, "ipam_config":null, "zone":"fr-par-1"}'
    form: {}
    headers:
      Content-Type:
      - application/json
      User-Agent:
      - scaleway-sdk-go/v1.0.0-beta.7+dev (go1.21.7; darwin; amd64) cli-e2e-test
    url: https://api.scaleway.com/vpc-gw/v1/zones/fr-par-1/gateway-networks
    method: POST
  response:
    body: '{"id":"8d84f727-0251-48f5-8000-054706fd7def", "created_at":"2024-02-23T14:57:02.052162Z",
      "updated_at":"2024-02-23T14:57:02.052162Z", "gateway_id":"b0920865-db15-452b-8a59-3fdc05d4339a",
      "private_network_id":"33e309e0-71eb-4915-95e6-baafe98c0759", "mac_address":null,
      "enable_masquerade":false, "status":"created", "dhcp":{"id":"b9915f5e-7c29-421b-8fae-2e4bea947f91",
      "organization_id":"d3520a52-2c75-4ba0-bda8-82dd087f07f2", "project_id":"d3520a52-2c75-4ba0-bda8-82dd087f07f2",
      "created_at":"2024-02-23T14:57:00.099718Z", "updated_at":"2024-02-23T14:57:00.099718Z",
      "subnet":"192.168.1.0/24", "address":"192.168.1.1", "pool_low":"192.168.1.2",
      "pool_high":"192.168.1.254", "enable_dynamic":true, "valid_lifetime":"3600s",
      "renew_timer":"3000s", "rebind_timer":"3060s", "push_default_route":true, "push_dns_server":true,
      "dns_servers_override":[], "dns_search":[], "dns_local_name":"priv", "zone":"fr-par-1"},
      "enable_dhcp":true, "address":null, "ipam_config":null, "zone":"fr-par-1"}'
    headers:
      Content-Length:
      - "984"
      Content-Security-Policy:
      - default-src 'none'; frame-ancestors 'none'
      Content-Type:
      - application/json
      Date:
      - Fri, 23 Feb 2024 14:57:02 GMT
      Server:
      - Scaleway API Gateway (fr-par-2;edge02)
      Strict-Transport-Security:
      - max-age=63072000
      X-Content-Type-Options:
      - nosniff
      X-Frame-Options:
      - DENY
      X-Request-Id:
      - eb0b7b1c-c3f1-4096-b759-ef5f748e0460
    status: 200 OK
    code: 200
    duration: ""
- request:
    body: '{"id":"8d84f727-0251-48f5-8000-054706fd7def", "created_at":"2024-02-23T14:57:02.052162Z",
      "updated_at":"2024-02-23T14:57:02.052162Z", "gateway_id":"b0920865-db15-452b-8a59-3fdc05d4339a",
      "private_network_id":"33e309e0-71eb-4915-95e6-baafe98c0759", "mac_address":null,
      "enable_masquerade":false, "status":"created", "dhcp":{"id":"b9915f5e-7c29-421b-8fae-2e4bea947f91",
      "organization_id":"d3520a52-2c75-4ba0-bda8-82dd087f07f2", "project_id":"d3520a52-2c75-4ba0-bda8-82dd087f07f2",
      "created_at":"2024-02-23T14:57:00.099718Z", "updated_at":"2024-02-23T14:57:00.099718Z",
      "subnet":"192.168.1.0/24", "address":"192.168.1.1", "pool_low":"192.168.1.2",
      "pool_high":"192.168.1.254", "enable_dynamic":true, "valid_lifetime":"3600s",
      "renew_timer":"3000s", "rebind_timer":"3060s", "push_default_route":true, "push_dns_server":true,
      "dns_servers_override":[], "dns_search":[], "dns_local_name":"priv", "zone":"fr-par-1"},
      "enable_dhcp":true, "address":null, "ipam_config":null, "zone":"fr-par-1"}'
    form: {}
    headers:
      User-Agent:
      - scaleway-sdk-go/v1.0.0-beta.7+dev (go1.21.7; darwin; amd64) cli-e2e-test
    url: https://api.scaleway.com/vpc-gw/v1/zones/fr-par-1/gateway-networks/8d84f727-0251-48f5-8000-054706fd7def
    method: GET
  response:
    body: '{"id":"8d84f727-0251-48f5-8000-054706fd7def", "created_at":"2024-02-23T14:57:02.052162Z",
      "updated_at":"2024-02-23T14:57:02.052162Z", "gateway_id":"b0920865-db15-452b-8a59-3fdc05d4339a",
      "private_network_id":"33e309e0-71eb-4915-95e6-baafe98c0759", "mac_address":null,
      "enable_masquerade":false, "status":"created", "dhcp":{"id":"b9915f5e-7c29-421b-8fae-2e4bea947f91",
      "organization_id":"d3520a52-2c75-4ba0-bda8-82dd087f07f2", "project_id":"d3520a52-2c75-4ba0-bda8-82dd087f07f2",
      "created_at":"2024-02-23T14:57:00.099718Z", "updated_at":"2024-02-23T14:57:00.099718Z",
      "subnet":"192.168.1.0/24", "address":"192.168.1.1", "pool_low":"192.168.1.2",
      "pool_high":"192.168.1.254", "enable_dynamic":true, "valid_lifetime":"3600s",
      "renew_timer":"3000s", "rebind_timer":"3060s", "push_default_route":true, "push_dns_server":true,
      "dns_servers_override":[], "dns_search":[], "dns_local_name":"priv", "zone":"fr-par-1"},
      "enable_dhcp":true, "address":null, "ipam_config":null, "zone":"fr-par-1"}'
    headers:
      Content-Length:
      - "984"
      Content-Security-Policy:
      - default-src 'none'; frame-ancestors 'none'
      Content-Type:
      - application/json
      Date:
      - Fri, 23 Feb 2024 14:57:02 GMT
      Server:
      - Scaleway API Gateway (fr-par-2;edge02)
      Strict-Transport-Security:
      - max-age=63072000
      X-Content-Type-Options:
      - nosniff
      X-Frame-Options:
      - DENY
      X-Request-Id:
      - 43ee2643-57c9-4634-98ee-d2051f145ab3
    status: 200 OK
    code: 200
    duration: ""
- request:
    body: '{"id":"8d84f727-0251-48f5-8000-054706fd7def", "created_at":"2024-02-23T14:57:02.052162Z",
      "updated_at":"2024-02-23T14:57:11.149313Z", "gateway_id":"b0920865-db15-452b-8a59-3fdc05d4339a",
      "private_network_id":"33e309e0-71eb-4915-95e6-baafe98c0759", "mac_address":"02:00:00:18:95:29",
      "enable_masquerade":false, "status":"ready", "dhcp":{"id":"b9915f5e-7c29-421b-8fae-2e4bea947f91",
      "organization_id":"d3520a52-2c75-4ba0-bda8-82dd087f07f2", "project_id":"d3520a52-2c75-4ba0-bda8-82dd087f07f2",
      "created_at":"2024-02-23T14:57:00.099718Z", "updated_at":"2024-02-23T14:57:00.099718Z",
      "subnet":"192.168.1.0/24", "address":"192.168.1.1", "pool_low":"192.168.1.2",
      "pool_high":"192.168.1.254", "enable_dynamic":true, "valid_lifetime":"3600s",
      "renew_timer":"3000s", "rebind_timer":"3060s", "push_default_route":true, "push_dns_server":true,
      "dns_servers_override":[], "dns_search":[], "dns_local_name":"priv", "zone":"fr-par-1"},
      "enable_dhcp":true, "address":null, "ipam_config":null, "zone":"fr-par-1"}'
    form: {}
    headers:
      User-Agent:
      - scaleway-sdk-go/v1.0.0-beta.7+dev (go1.21.7; darwin; amd64) cli-e2e-test
    url: https://api.scaleway.com/vpc-gw/v1/zones/fr-par-1/gateway-networks/8d84f727-0251-48f5-8000-054706fd7def
    method: GET
  response:
    body: '{"id":"8d84f727-0251-48f5-8000-054706fd7def", "created_at":"2024-02-23T14:57:02.052162Z",
      "updated_at":"2024-02-23T14:57:11.149313Z", "gateway_id":"b0920865-db15-452b-8a59-3fdc05d4339a",
      "private_network_id":"33e309e0-71eb-4915-95e6-baafe98c0759", "mac_address":"02:00:00:18:95:29",
      "enable_masquerade":false, "status":"ready", "dhcp":{"id":"b9915f5e-7c29-421b-8fae-2e4bea947f91",
      "organization_id":"d3520a52-2c75-4ba0-bda8-82dd087f07f2", "project_id":"d3520a52-2c75-4ba0-bda8-82dd087f07f2",
      "created_at":"2024-02-23T14:57:00.099718Z", "updated_at":"2024-02-23T14:57:00.099718Z",
      "subnet":"192.168.1.0/24", "address":"192.168.1.1", "pool_low":"192.168.1.2",
      "pool_high":"192.168.1.254", "enable_dynamic":true, "valid_lifetime":"3600s",
      "renew_timer":"3000s", "rebind_timer":"3060s", "push_default_route":true, "push_dns_server":true,
      "dns_servers_override":[], "dns_search":[], "dns_local_name":"priv", "zone":"fr-par-1"},
      "enable_dhcp":true, "address":null, "ipam_config":null, "zone":"fr-par-1"}'
    headers:
      Content-Length:
      - "997"
      Content-Security-Policy:
      - default-src 'none'; frame-ancestors 'none'
      Content-Type:
      - application/json
      Date:
      - Fri, 23 Feb 2024 14:57:17 GMT
      Server:
      - Scaleway API Gateway (fr-par-2;edge02)
      Strict-Transport-Security:
      - max-age=63072000
      X-Content-Type-Options:
      - nosniff
      X-Frame-Options:
      - DENY
      X-Request-Id:
      - 02c1a480-1faa-4365-9351-2dfd1bfd5e93
    status: 200 OK
    code: 200
    duration: ""
- request:
    body: '{"id":"8d84f727-0251-48f5-8000-054706fd7def", "created_at":"2024-02-23T14:57:02.052162Z",
      "updated_at":"2024-02-23T14:57:11.149313Z", "gateway_id":"b0920865-db15-452b-8a59-3fdc05d4339a",
      "private_network_id":"33e309e0-71eb-4915-95e6-baafe98c0759", "mac_address":"02:00:00:18:95:29",
      "enable_masquerade":false, "status":"ready", "dhcp":{"id":"b9915f5e-7c29-421b-8fae-2e4bea947f91",
      "organization_id":"d3520a52-2c75-4ba0-bda8-82dd087f07f2", "project_id":"d3520a52-2c75-4ba0-bda8-82dd087f07f2",
      "created_at":"2024-02-23T14:57:00.099718Z", "updated_at":"2024-02-23T14:57:00.099718Z",
      "subnet":"192.168.1.0/24", "address":"192.168.1.1", "pool_low":"192.168.1.2",
      "pool_high":"192.168.1.254", "enable_dynamic":true, "valid_lifetime":"3600s",
      "renew_timer":"3000s", "rebind_timer":"3060s", "push_default_route":true, "push_dns_server":true,
      "dns_servers_override":[], "dns_search":[], "dns_local_name":"priv", "zone":"fr-par-1"},
      "enable_dhcp":true, "address":null, "ipam_config":null, "zone":"fr-par-1"}'
    form: {}
    headers:
      User-Agent:
      - scaleway-sdk-go/v1.0.0-beta.7+dev (go1.21.7; darwin; amd64) cli-e2e-test
    url: https://api.scaleway.com/vpc-gw/v1/zones/fr-par-1/gateway-networks/8d84f727-0251-48f5-8000-054706fd7def
    method: GET
  response:
    body: '{"id":"8d84f727-0251-48f5-8000-054706fd7def", "created_at":"2024-02-23T14:57:02.052162Z",
      "updated_at":"2024-02-23T14:57:11.149313Z", "gateway_id":"b0920865-db15-452b-8a59-3fdc05d4339a",
      "private_network_id":"33e309e0-71eb-4915-95e6-baafe98c0759", "mac_address":"02:00:00:18:95:29",
      "enable_masquerade":false, "status":"ready", "dhcp":{"id":"b9915f5e-7c29-421b-8fae-2e4bea947f91",
      "organization_id":"d3520a52-2c75-4ba0-bda8-82dd087f07f2", "project_id":"d3520a52-2c75-4ba0-bda8-82dd087f07f2",
      "created_at":"2024-02-23T14:57:00.099718Z", "updated_at":"2024-02-23T14:57:00.099718Z",
      "subnet":"192.168.1.0/24", "address":"192.168.1.1", "pool_low":"192.168.1.2",
      "pool_high":"192.168.1.254", "enable_dynamic":true, "valid_lifetime":"3600s",
      "renew_timer":"3000s", "rebind_timer":"3060s", "push_default_route":true, "push_dns_server":true,
      "dns_servers_override":[], "dns_search":[], "dns_local_name":"priv", "zone":"fr-par-1"},
      "enable_dhcp":true, "address":null, "ipam_config":null, "zone":"fr-par-1"}'
    headers:
      Content-Length:
      - "997"
      Content-Security-Policy:
      - default-src 'none'; frame-ancestors 'none'
      Content-Type:
      - application/json
      Date:
      - Fri, 23 Feb 2024 14:57:17 GMT
      Server:
      - Scaleway API Gateway (fr-par-2;edge02)
      Strict-Transport-Security:
      - max-age=63072000
      X-Content-Type-Options:
      - nosniff
      X-Frame-Options:
      - DENY
      X-Request-Id:
      - a48e2101-efde-4737-80a8-4e4ad8bda91c
    status: 200 OK
    code: 200
    duration: ""
- request:
    body: ""
    form: {}
    headers:
      User-Agent:
      - scaleway-sdk-go/v1.0.0-beta.7+dev (go1.21.7; darwin; amd64) cli-e2e-test
    url: https://api.scaleway.com/vpc-gw/v1/zones/fr-par-1/gateway-networks/8d84f727-0251-48f5-8000-054706fd7def?cleanup_dhcp=false
    method: DELETE
  response:
    body: ""
    headers:
      Content-Security-Policy:
      - default-src 'none'; frame-ancestors 'none'
      Content-Type:
      - application/json
      Date:
      - Fri, 23 Feb 2024 14:57:17 GMT
      Server:
      - Scaleway API Gateway (fr-par-2;edge02)
      Strict-Transport-Security:
      - max-age=63072000
      X-Content-Type-Options:
      - nosniff
      X-Frame-Options:
      - DENY
      X-Request-Id:
      - bfe56ccb-a100-4505-b8f4-31e12283b0ff
    status: 204 No Content
    code: 204
    duration: ""
- request:
    body: '{"id":"8d84f727-0251-48f5-8000-054706fd7def", "created_at":"2024-02-23T14:57:02.052162Z",
      "updated_at":"2024-02-23T14:57:17.582022Z", "gateway_id":"b0920865-db15-452b-8a59-3fdc05d4339a",
      "private_network_id":"33e309e0-71eb-4915-95e6-baafe98c0759", "mac_address":"02:00:00:18:95:29",
      "enable_masquerade":false, "status":"detaching", "dhcp":{"id":"b9915f5e-7c29-421b-8fae-2e4bea947f91",
      "organization_id":"d3520a52-2c75-4ba0-bda8-82dd087f07f2", "project_id":"d3520a52-2c75-4ba0-bda8-82dd087f07f2",
      "created_at":"2024-02-23T14:57:00.099718Z", "updated_at":"2024-02-23T14:57:00.099718Z",
      "subnet":"192.168.1.0/24", "address":"192.168.1.1", "pool_low":"192.168.1.2",
      "pool_high":"192.168.1.254", "enable_dynamic":true, "valid_lifetime":"3600s",
      "renew_timer":"3000s", "rebind_timer":"3060s", "push_default_route":true, "push_dns_server":true,
      "dns_servers_override":[], "dns_search":[], "dns_local_name":"priv", "zone":"fr-par-1"},
      "enable_dhcp":true, "address":null, "ipam_config":null, "zone":"fr-par-1"}'
    form: {}
    headers:
      User-Agent:
      - scaleway-sdk-go/v1.0.0-beta.7+dev (go1.21.7; darwin; amd64) cli-e2e-test
    url: https://api.scaleway.com/vpc-gw/v1/zones/fr-par-1/gateway-networks/8d84f727-0251-48f5-8000-054706fd7def
    method: GET
  response:
    body: '{"id":"8d84f727-0251-48f5-8000-054706fd7def", "created_at":"2024-02-23T14:57:02.052162Z",
      "updated_at":"2024-02-23T14:57:17.582022Z", "gateway_id":"b0920865-db15-452b-8a59-3fdc05d4339a",
      "private_network_id":"33e309e0-71eb-4915-95e6-baafe98c0759", "mac_address":"02:00:00:18:95:29",
      "enable_masquerade":false, "status":"detaching", "dhcp":{"id":"b9915f5e-7c29-421b-8fae-2e4bea947f91",
      "organization_id":"d3520a52-2c75-4ba0-bda8-82dd087f07f2", "project_id":"d3520a52-2c75-4ba0-bda8-82dd087f07f2",
      "created_at":"2024-02-23T14:57:00.099718Z", "updated_at":"2024-02-23T14:57:00.099718Z",
      "subnet":"192.168.1.0/24", "address":"192.168.1.1", "pool_low":"192.168.1.2",
      "pool_high":"192.168.1.254", "enable_dynamic":true, "valid_lifetime":"3600s",
      "renew_timer":"3000s", "rebind_timer":"3060s", "push_default_route":true, "push_dns_server":true,
      "dns_servers_override":[], "dns_search":[], "dns_local_name":"priv", "zone":"fr-par-1"},
      "enable_dhcp":true, "address":null, "ipam_config":null, "zone":"fr-par-1"}'
    headers:
      Content-Length:
      - "1001"
      Content-Security-Policy:
      - default-src 'none'; frame-ancestors 'none'
      Content-Type:
      - application/json
      Date:
      - Fri, 23 Feb 2024 14:57:17 GMT
      Server:
      - Scaleway API Gateway (fr-par-2;edge02)
      Strict-Transport-Security:
      - max-age=63072000
      X-Content-Type-Options:
      - nosniff
      X-Frame-Options:
      - DENY
      X-Request-Id:
      - d8174035-b975-4e49-b02b-128efac8a29a
    status: 200 OK
    code: 200
    duration: ""
- request:
    body: '{"message":"resource is not found","resource":"gateway_network","resource_id":"8d84f727-0251-48f5-8000-054706fd7def","type":"not_found"}'
    form: {}
    headers:
      User-Agent:
      - scaleway-sdk-go/v1.0.0-beta.7+dev (go1.21.7; darwin; amd64) cli-e2e-test
    url: https://api.scaleway.com/vpc-gw/v1/zones/fr-par-1/gateway-networks/8d84f727-0251-48f5-8000-054706fd7def
    method: GET
  response:
    body: '{"message":"resource is not found","resource":"gateway_network","resource_id":"8d84f727-0251-48f5-8000-054706fd7def","type":"not_found"}'
    headers:
      Content-Length:
      - "136"
      Content-Security-Policy:
      - default-src 'none'; frame-ancestors 'none'
      Content-Type:
      - application/json
      Date:
      - Fri, 23 Feb 2024 14:57:32 GMT
      Server:
      - Scaleway API Gateway (fr-par-2;edge02)
      Strict-Transport-Security:
      - max-age=63072000
      X-Content-Type-Options:
      - nosniff
      X-Frame-Options:
      - DENY
      X-Request-Id:
      - c43b993b-b568-4caa-bacd-0a02a642e632
    status: 404 Not Found
    code: 404
    duration: ""
- request:
    body: ""
    form: {}
    headers:
      User-Agent:
      - scaleway-sdk-go/v1.0.0-beta.7+dev (go1.21.7; darwin; amd64) cli-e2e-test
    url: https://api.scaleway.com/vpc/v2/regions/fr-par/private-networks/33e309e0-71eb-4915-95e6-baafe98c0759
    method: DELETE
  response:
    body: ""
    headers:
      Content-Security-Policy:
      - default-src 'none'; frame-ancestors 'none'
      Content-Type:
      - application/json
      Date:
      - Fri, 23 Feb 2024 14:57:34 GMT
      Server:
      - Scaleway API Gateway (fr-par-2;edge02)
      Strict-Transport-Security:
      - max-age=63072000
      X-Content-Type-Options:
      - nosniff
      X-Frame-Options:
      - DENY
      X-Request-Id:
      - 3cc2ad40-b188-4879-bab3-4a4b64249d2f
    status: 204 No Content
    code: 204
    duration: ""
- request:
    body: ""
    form: {}
    headers:
      User-Agent:
      - scaleway-sdk-go/v1.0.0-beta.7+dev (go1.21.7; darwin; amd64) cli-e2e-test
    url: https://api.scaleway.com/vpc-gw/v1/zones/fr-par-1/dhcps/b9915f5e-7c29-421b-8fae-2e4bea947f91
    method: DELETE
  response:
    body: ""
    headers:
      Content-Security-Policy:
      - default-src 'none'; frame-ancestors 'none'
      Content-Type:
      - application/json
      Date:
      - Fri, 23 Feb 2024 14:57:34 GMT
      Server:
      - Scaleway API Gateway (fr-par-2;edge02)
      Strict-Transport-Security:
      - max-age=63072000
      X-Content-Type-Options:
      - nosniff
      X-Frame-Options:
      - DENY
      X-Request-Id:
      - f00fe321-7e22-4eac-8e04-3bda5308aeb3
    status: 204 No Content
    code: 204
    duration: ""
- request:
    body: ""
    form: {}
    headers:
      User-Agent:
      - scaleway-sdk-go/v1.0.0-beta.7+dev (go1.21.7; darwin; amd64) cli-e2e-test
    url: https://api.scaleway.com/vpc-gw/v1/zones/fr-par-1/gateways/b0920865-db15-452b-8a59-3fdc05d4339a?cleanup_dhcp=false
    method: DELETE
  response:
    body: ""
    headers:
      Content-Security-Policy:
      - default-src 'none'; frame-ancestors 'none'
      Content-Type:
      - application/json
      Date:
      - Fri, 23 Feb 2024 14:57:34 GMT
      Server:
      - Scaleway API Gateway (fr-par-2;edge02)
      Strict-Transport-Security:
      - max-age=63072000
      X-Content-Type-Options:
      - nosniff
      X-Frame-Options:
      - DENY
      X-Request-Id:
      - d11c5f1a-41e3-488b-ab72-04afa5d8cee8
    status: 204 No Content
    code: 204
    duration: ""
- request:
    body: ""
    form: {}
    headers:
      User-Agent:
      - scaleway-sdk-go/v1.0.0-beta.7+dev (go1.21.7; darwin; amd64) cli-e2e-test
    url: https://api.scaleway.com/vpc-gw/v1/zones/fr-par-1/ips/9987a45c-2068-4aa9-a517-816382f55806
    method: DELETE
  response:
    body: ""
    headers:
      Content-Security-Policy:
      - default-src 'none'; frame-ancestors 'none'
      Content-Type:
      - application/json
      Date:
      - Fri, 23 Feb 2024 14:57:34 GMT
      Server:
      - Scaleway API Gateway (fr-par-2;edge02)
      Strict-Transport-Security:
      - max-age=63072000
      X-Content-Type-Options:
      - nosniff
      X-Frame-Options:
      - DENY
      X-Request-Id:
      - fb1c95a5-19b2-448d-96b9-85dbfd1800d1
    status: 204 No Content
    code: 204
    duration: ""
