🎲🎲🎲 EXIT CODE: 0 🎲🎲🎲
🟩🟩🟩 STDOUT️ 🟩🟩🟩️
ID                   NAME
111111111-111111111  David Copperfield
222222222-222222222  Xavier Niel
🟩🟩🟩 JSON STDOUT 🟩🟩🟩
[
  {
    "id": "111111111-111111111",
    "name": "David Copperfield"
  },
  {
    "id": "222222222-222222222",
    "name": "Xavier Niel"
  }
]
