🎲🎲🎲 EXIT CODE: 0 🎲🎲🎲
🟩🟩🟩 STDOUT️ 🟩🟩🟩️
ID           945a253e-55de-4c30-b389-cc8747cdb430
Name         1-ipam-1-static-priv-endpoints
ProjectID    de2b260d-2c2e-4be9-baa0-99d8ed17f1da
Status       ready
Version      8.6.6
NodeType     RED1-micro
CreatedAt    few seconds ago
UpdatedAt    few seconds ago
TLSEnabled   false
ClusterSize  1
Zone         fr-par-1
UserName     admin
Srn          srn://redis.scw.eu/zones/fr-par-1/clusters/945a253e-55de-4c30-b389-cc8747cdb430

Endpoints:
ID                                    Port  IPs
595bc3a9-da3d-46ea-8f40-f8915e6ea907  6379  [172.16.16.2]
bf610fa0-80a4-47d0-af4d-4220d73104c7  6379  [10.16.4.1]

ACLRules:
ID   IP CIDR  DESCRIPTION
🟩🟩🟩 JSON STDOUT 🟩🟩🟩
{
  "id": "945a253e-55de-4c30-b389-cc8747cdb430",
  "name": "1-ipam-1-static-priv-endpoints",
  "project_id": "de2b260d-2c2e-4be9-baa0-99d8ed17f1da",
  "status": "ready",
  "version": "8.6.6",
  "endpoints": [
    {
      "port": 6379,
      "private_network": {
        "id": "57b5e2fc-394a-4d88-88f2-9f966bdf429e",
        "service_ips": [
          "172.16.16.2/22"
        ],
        "zone": "fr-par-1",
        "provisioning_mode": "ipam"
      },
      "ips": [
        "172.16.16.2"
      ],
      "id": "595bc3a9-da3d-46ea-8f40-f8915e6ea907"
    },
    {
      "port": 6379,
      "private_network": {
        "id": "8882267f-c8f2-419d-a9b7-42a0d0bb49fa",
        "service_ips": [
          "10.16.4.1/22"
        ],
        "zone": "fr-par-1",
        "provisioning_mode": "static"
      },
      "ips": [
        "10.16.4.1"
      ],
      "id": "bf610fa0-80a4-47d0-af4d-4220d73104c7"
    }
  ],
  "tags": [],
  "node_type": "RED1-micro",
  "created_at": "1970-01-01T00:00:00.0Z",
  "updated_at": "1970-01-01T00:00:00.0Z",
  "tls_enabled": false,
  "cluster_settings": [],
  "acl_rules": [],
  "cluster_size": 1,
  "zone": "fr-par-1",
  "user_name": "admin",
  "upgradable_versions": [],
  "srn": "srn://redis.scw.eu/zones/fr-par-1/clusters/945a253e-55de-4c30-b389-cc8747cdb430"
}
