---
version: 1
interactions:
- request:
    body: '{"id":"9bd9070c-1571-4631-a8d8-33e87d104beb", "name":"1-pub-endpoint",
      "project_id":"46fd79d8-1a35-4548-bfb8-03df51a0ebae", "status":"provisioning",
      "version":"7.2.11", "endpoints":[{"port":6379, "public_network":{}, "ips":[],
      "id":"72c32043-69f4-41e7-a6fd-d3b5e239e017"}], "tags":[], "node_type":"RED1-micro",
      "created_at":"2025-10-28T05:21:57.395358Z", "updated_at":null, "tls_enabled":false,
      "cluster_settings":[], "acl_rules":[], "cluster_size":1, "user_name":"admin",
      "upgradable_versions":[], "zone":"fr-par-1"}'
    form: {}
    headers:
      Content-Type:
      - application/json
      User-Agent:
      - scaleway-sdk-go/v1.0.0-beta.7+dev (go1.25.0; darwin; amd64) cli-e2e-test
    url: https://api.scaleway.com/redis/v1/zones/fr-par-1/clusters
    method: POST
  response:
    body: '{"id":"9bd9070c-1571-4631-a8d8-33e87d104beb", "name":"1-pub-endpoint",
      "project_id":"46fd79d8-1a35-4548-bfb8-03df51a0ebae", "status":"provisioning",
      "version":"7.2.11", "endpoints":[{"port":6379, "public_network":{}, "ips":[],
      "id":"72c32043-69f4-41e7-a6fd-d3b5e239e017"}], "tags":[], "node_type":"RED1-micro",
      "created_at":"2025-10-28T05:21:57.395358Z", "updated_at":null, "tls_enabled":false,
      "cluster_settings":[], "acl_rules":[], "cluster_size":1, "user_name":"admin",
      "upgradable_versions":[], "zone":"fr-par-1"}'
    headers:
      Content-Length:
      - "517"
      Content-Security-Policy:
      - default-src 'none'; frame-ancestors 'none'
      Content-Type:
      - application/json
      Date:
      - Tue, 28 Oct 2025 05:21:57 GMT
      Server:
      - Scaleway API Gateway (fr-par-2;edge02)
      Strict-Transport-Security:
      - max-age=63072000
      X-Content-Type-Options:
      - nosniff
      X-Frame-Options:
      - DENY
      X-Request-Id:
      - d91767a3-ab4f-43a7-ba7a-be2b5e431dd6
    status: 200 OK
    code: 200
    duration: ""
- request:
    body: '{"id":"9bd9070c-1571-4631-a8d8-33e87d104beb", "name":"1-pub-endpoint",
      "project_id":"46fd79d8-1a35-4548-bfb8-03df51a0ebae", "status":"provisioning",
      "version":"7.2.11", "endpoints":[{"port":6379, "public_network":{}, "ips":[],
      "id":"72c32043-69f4-41e7-a6fd-d3b5e239e017"}], "tags":[], "node_type":"RED1-micro",
      "created_at":"2025-10-28T05:21:57.395358Z", "updated_at":null, "tls_enabled":false,
      "cluster_settings":[], "acl_rules":[], "cluster_size":1, "user_name":"admin",
      "upgradable_versions":[], "zone":"fr-par-1"}'
    form: {}
    headers:
      User-Agent:
      - scaleway-sdk-go/v1.0.0-beta.7+dev (go1.25.0; darwin; amd64) cli-e2e-test
    url: https://api.scaleway.com/redis/v1/zones/fr-par-1/clusters/9bd9070c-1571-4631-a8d8-33e87d104beb
    method: GET
  response:
    body: '{"id":"9bd9070c-1571-4631-a8d8-33e87d104beb", "name":"1-pub-endpoint",
      "project_id":"46fd79d8-1a35-4548-bfb8-03df51a0ebae", "status":"provisioning",
      "version":"7.2.11", "endpoints":[{"port":6379, "public_network":{}, "ips":[],
      "id":"72c32043-69f4-41e7-a6fd-d3b5e239e017"}], "tags":[], "node_type":"RED1-micro",
      "created_at":"2025-10-28T05:21:57.395358Z", "updated_at":null, "tls_enabled":false,
      "cluster_settings":[], "acl_rules":[], "cluster_size":1, "user_name":"admin",
      "upgradable_versions":[], "zone":"fr-par-1"}'
    headers:
      Content-Length:
      - "517"
      Content-Security-Policy:
      - default-src 'none'; frame-ancestors 'none'
      Content-Type:
      - application/json
      Date:
      - Tue, 28 Oct 2025 05:21:57 GMT
      Server:
      - Scaleway API Gateway (fr-par-2;edge02)
      Strict-Transport-Security:
      - max-age=63072000
      X-Content-Type-Options:
      - nosniff
      X-Frame-Options:
      - DENY
      X-Request-Id:
      - e11e71f0-adbd-4eb0-b3fa-7ea20f018df0
    status: 200 OK
    code: 200
    duration: ""
- request:
    body: '{"id":"9bd9070c-1571-4631-a8d8-33e87d104beb", "name":"1-pub-endpoint",
      "project_id":"46fd79d8-1a35-4548-bfb8-03df51a0ebae", "status":"provisioning",
      "version":"7.2.11", "endpoints":[{"port":6379, "public_network":{}, "ips":[],
      "id":"72c32043-69f4-41e7-a6fd-d3b5e239e017"}], "tags":[], "node_type":"RED1-micro",
      "created_at":"2025-10-28T05:21:57.395358Z", "updated_at":null, "tls_enabled":false,
      "cluster_settings":[], "acl_rules":[], "cluster_size":1, "user_name":"admin",
      "upgradable_versions":[], "zone":"fr-par-1"}'
    form: {}
    headers:
      User-Agent:
      - scaleway-sdk-go/v1.0.0-beta.7+dev (go1.25.0; darwin; amd64) cli-e2e-test
    url: https://api.scaleway.com/redis/v1/zones/fr-par-1/clusters/9bd9070c-1571-4631-a8d8-33e87d104beb
    method: GET
  response:
    body: '{"id":"9bd9070c-1571-4631-a8d8-33e87d104beb", "name":"1-pub-endpoint",
      "project_id":"46fd79d8-1a35-4548-bfb8-03df51a0ebae", "status":"provisioning",
      "version":"7.2.11", "endpoints":[{"port":6379, "public_network":{}, "ips":[],
      "id":"72c32043-69f4-41e7-a6fd-d3b5e239e017"}], "tags":[], "node_type":"RED1-micro",
      "created_at":"2025-10-28T05:21:57.395358Z", "updated_at":null, "tls_enabled":false,
      "cluster_settings":[], "acl_rules":[], "cluster_size":1, "user_name":"admin",
      "upgradable_versions":[], "zone":"fr-par-1"}'
    headers:
      Content-Length:
      - "517"
      Content-Security-Policy:
      - default-src 'none'; frame-ancestors 'none'
      Content-Type:
      - application/json
      Date:
      - Tue, 28 Oct 2025 05:22:13 GMT
      Server:
      - Scaleway API Gateway (fr-par-2;edge02)
      Strict-Transport-Security:
      - max-age=63072000
      X-Content-Type-Options:
      - nosniff
      X-Frame-Options:
      - DENY
      X-Request-Id:
      - 906d66bb-eeaa-4fa5-a446-b06a91b1fe0e
    status: 200 OK
    code: 200
    duration: ""
- request:
    body: '{"id":"9bd9070c-1571-4631-a8d8-33e87d104beb", "name":"1-pub-endpoint",
      "project_id":"46fd79d8-1a35-4548-bfb8-03df51a0ebae", "status":"initializing",
      "version":"7.2.11", "endpoints":[{"port":6379, "public_network":{}, "ips":["51.158.111.88"],
      "id":"72c32043-69f4-41e7-a6fd-d3b5e239e017"}], "tags":[], "node_type":"RED1-micro",
      "created_at":"2025-10-28T05:21:57.395358Z", "updated_at":"2025-10-28T05:22:24.256183Z",
      "tls_enabled":false, "cluster_settings":[], "acl_rules":[], "cluster_size":1,
      "user_name":"admin", "upgradable_versions":[], "zone":"fr-par-1"}'
    form: {}
    headers:
      User-Agent:
      - scaleway-sdk-go/v1.0.0-beta.7+dev (go1.25.0; darwin; amd64) cli-e2e-test
    url: https://api.scaleway.com/redis/v1/zones/fr-par-1/clusters/9bd9070c-1571-4631-a8d8-33e87d104beb
    method: GET
  response:
    body: '{"id":"9bd9070c-1571-4631-a8d8-33e87d104beb", "name":"1-pub-endpoint",
      "project_id":"46fd79d8-1a35-4548-bfb8-03df51a0ebae", "status":"initializing",
      "version":"7.2.11", "endpoints":[{"port":6379, "public_network":{}, "ips":["51.158.111.88"],
      "id":"72c32043-69f4-41e7-a6fd-d3b5e239e017"}], "tags":[], "node_type":"RED1-micro",
      "created_at":"2025-10-28T05:21:57.395358Z", "updated_at":"2025-10-28T05:22:24.256183Z",
      "tls_enabled":false, "cluster_settings":[], "acl_rules":[], "cluster_size":1,
      "user_name":"admin", "upgradable_versions":[], "zone":"fr-par-1"}'
    headers:
      Content-Length:
      - "557"
      Content-Security-Policy:
      - default-src 'none'; frame-ancestors 'none'
      Content-Type:
      - application/json
      Date:
      - Tue, 28 Oct 2025 05:22:28 GMT
      Server:
      - Scaleway API Gateway (fr-par-2;edge02)
      Strict-Transport-Security:
      - max-age=63072000
      X-Content-Type-Options:
      - nosniff
      X-Frame-Options:
      - DENY
      X-Request-Id:
      - 04d7c987-8260-405c-a9df-34c90dce97e5
    status: 200 OK
    code: 200
    duration: ""
- request:
    body: '{"id":"9bd9070c-1571-4631-a8d8-33e87d104beb", "name":"1-pub-endpoint",
      "project_id":"46fd79d8-1a35-4548-bfb8-03df51a0ebae", "status":"initializing",
      "version":"7.2.11", "endpoints":[{"port":6379, "public_network":{}, "ips":["51.158.111.88"],
      "id":"72c32043-69f4-41e7-a6fd-d3b5e239e017"}], "tags":[], "node_type":"RED1-micro",
      "created_at":"2025-10-28T05:21:57.395358Z", "updated_at":"2025-10-28T05:22:24.256183Z",
      "tls_enabled":false, "cluster_settings":[], "acl_rules":[], "cluster_size":1,
      "user_name":"admin", "upgradable_versions":[], "zone":"fr-par-1"}'
    form: {}
    headers:
      User-Agent:
      - scaleway-sdk-go/v1.0.0-beta.7+dev (go1.25.0; darwin; amd64) cli-e2e-test
    url: https://api.scaleway.com/redis/v1/zones/fr-par-1/clusters/9bd9070c-1571-4631-a8d8-33e87d104beb
    method: GET
  response:
    body: '{"id":"9bd9070c-1571-4631-a8d8-33e87d104beb", "name":"1-pub-endpoint",
      "project_id":"46fd79d8-1a35-4548-bfb8-03df51a0ebae", "status":"initializing",
      "version":"7.2.11", "endpoints":[{"port":6379, "public_network":{}, "ips":["51.158.111.88"],
      "id":"72c32043-69f4-41e7-a6fd-d3b5e239e017"}], "tags":[], "node_type":"RED1-micro",
      "created_at":"2025-10-28T05:21:57.395358Z", "updated_at":"2025-10-28T05:22:24.256183Z",
      "tls_enabled":false, "cluster_settings":[], "acl_rules":[], "cluster_size":1,
      "user_name":"admin", "upgradable_versions":[], "zone":"fr-par-1"}'
    headers:
      Content-Length:
      - "557"
      Content-Security-Policy:
      - default-src 'none'; frame-ancestors 'none'
      Content-Type:
      - application/json
      Date:
      - Tue, 28 Oct 2025 05:22:43 GMT
      Server:
      - Scaleway API Gateway (fr-par-2;edge02)
      Strict-Transport-Security:
      - max-age=63072000
      X-Content-Type-Options:
      - nosniff
      X-Frame-Options:
      - DENY
      X-Request-Id:
      - 0dcf2711-61b1-487e-92ce-fa56c5114565
    status: 200 OK
    code: 200
    duration: ""
- request:
    body: '{"id":"9bd9070c-1571-4631-a8d8-33e87d104beb", "name":"1-pub-endpoint",
      "project_id":"46fd79d8-1a35-4548-bfb8-03df51a0ebae", "status":"initializing",
      "version":"7.2.11", "endpoints":[{"port":6379, "public_network":{}, "ips":["51.158.111.88"],
      "id":"72c32043-69f4-41e7-a6fd-d3b5e239e017"}], "tags":[], "node_type":"RED1-micro",
      "created_at":"2025-10-28T05:21:57.395358Z", "updated_at":"2025-10-28T05:22:24.256183Z",
      "tls_enabled":false, "cluster_settings":[], "acl_rules":[], "cluster_size":1,
      "user_name":"admin", "upgradable_versions":[], "zone":"fr-par-1"}'
    form: {}
    headers:
      User-Agent:
      - scaleway-sdk-go/v1.0.0-beta.7+dev (go1.25.0; darwin; amd64) cli-e2e-test
    url: https://api.scaleway.com/redis/v1/zones/fr-par-1/clusters/9bd9070c-1571-4631-a8d8-33e87d104beb
    method: GET
  response:
    body: '{"id":"9bd9070c-1571-4631-a8d8-33e87d104beb", "name":"1-pub-endpoint",
      "project_id":"46fd79d8-1a35-4548-bfb8-03df51a0ebae", "status":"initializing",
      "version":"7.2.11", "endpoints":[{"port":6379, "public_network":{}, "ips":["51.158.111.88"],
      "id":"72c32043-69f4-41e7-a6fd-d3b5e239e017"}], "tags":[], "node_type":"RED1-micro",
      "created_at":"2025-10-28T05:21:57.395358Z", "updated_at":"2025-10-28T05:22:24.256183Z",
      "tls_enabled":false, "cluster_settings":[], "acl_rules":[], "cluster_size":1,
      "user_name":"admin", "upgradable_versions":[], "zone":"fr-par-1"}'
    headers:
      Content-Length:
      - "557"
      Content-Security-Policy:
      - default-src 'none'; frame-ancestors 'none'
      Content-Type:
      - application/json
      Date:
      - Tue, 28 Oct 2025 05:22:58 GMT
      Server:
      - Scaleway API Gateway (fr-par-2;edge02)
      Strict-Transport-Security:
      - max-age=63072000
      X-Content-Type-Options:
      - nosniff
      X-Frame-Options:
      - DENY
      X-Request-Id:
      - 3c3fb120-ad41-4134-90fd-2d11e6c3d082
    status: 200 OK
    code: 200
    duration: ""
- request:
    body: '{"id":"9bd9070c-1571-4631-a8d8-33e87d104beb", "name":"1-pub-endpoint",
      "project_id":"46fd79d8-1a35-4548-bfb8-03df51a0ebae", "status":"initializing",
      "version":"7.2.11", "endpoints":[{"port":6379, "public_network":{}, "ips":["51.158.111.88"],
      "id":"72c32043-69f4-41e7-a6fd-d3b5e239e017"}], "tags":[], "node_type":"RED1-micro",
      "created_at":"2025-10-28T05:21:57.395358Z", "updated_at":"2025-10-28T05:22:24.256183Z",
      "tls_enabled":false, "cluster_settings":[], "acl_rules":[], "cluster_size":1,
      "user_name":"admin", "upgradable_versions":[], "zone":"fr-par-1"}'
    form: {}
    headers:
      User-Agent:
      - scaleway-sdk-go/v1.0.0-beta.7+dev (go1.25.0; darwin; amd64) cli-e2e-test
    url: https://api.scaleway.com/redis/v1/zones/fr-par-1/clusters/9bd9070c-1571-4631-a8d8-33e87d104beb
    method: GET
  response:
    body: '{"id":"9bd9070c-1571-4631-a8d8-33e87d104beb", "name":"1-pub-endpoint",
      "project_id":"46fd79d8-1a35-4548-bfb8-03df51a0ebae", "status":"initializing",
      "version":"7.2.11", "endpoints":[{"port":6379, "public_network":{}, "ips":["51.158.111.88"],
      "id":"72c32043-69f4-41e7-a6fd-d3b5e239e017"}], "tags":[], "node_type":"RED1-micro",
      "created_at":"2025-10-28T05:21:57.395358Z", "updated_at":"2025-10-28T05:22:24.256183Z",
      "tls_enabled":false, "cluster_settings":[], "acl_rules":[], "cluster_size":1,
      "user_name":"admin", "upgradable_versions":[], "zone":"fr-par-1"}'
    headers:
      Content-Length:
      - "557"
      Content-Security-Policy:
      - default-src 'none'; frame-ancestors 'none'
      Content-Type:
      - application/json
      Date:
      - Tue, 28 Oct 2025 05:23:13 GMT
      Server:
      - Scaleway API Gateway (fr-par-2;edge02)
      Strict-Transport-Security:
      - max-age=63072000
      X-Content-Type-Options:
      - nosniff
      X-Frame-Options:
      - DENY
      X-Request-Id:
      - 2976275f-539e-4c4e-b994-e38df698da39
    status: 200 OK
    code: 200
    duration: ""
- request:
    body: '{"id":"9bd9070c-1571-4631-a8d8-33e87d104beb", "name":"1-pub-endpoint",
      "project_id":"46fd79d8-1a35-4548-bfb8-03df51a0ebae", "status":"ready", "version":"7.2.11",
      "endpoints":[{"port":6379, "public_network":{}, "ips":["51.158.111.88"], "id":"72c32043-69f4-41e7-a6fd-d3b5e239e017"}],
      "tags":[], "node_type":"RED1-micro", "created_at":"2025-10-28T05:21:57.395358Z",
      "updated_at":"2025-10-28T05:23:22.888175Z", "tls_enabled":false, "cluster_settings":[],
      "acl_rules":[], "cluster_size":1, "user_name":"admin", "upgradable_versions":[],
      "zone":"fr-par-1"}'
    form: {}
    headers:
      User-Agent:
      - scaleway-sdk-go/v1.0.0-beta.7+dev (go1.25.0; darwin; amd64) cli-e2e-test
    url: https://api.scaleway.com/redis/v1/zones/fr-par-1/clusters/9bd9070c-1571-4631-a8d8-33e87d104beb
    method: GET
  response:
    body: '{"id":"9bd9070c-1571-4631-a8d8-33e87d104beb", "name":"1-pub-endpoint",
      "project_id":"46fd79d8-1a35-4548-bfb8-03df51a0ebae", "status":"ready", "version":"7.2.11",
      "endpoints":[{"port":6379, "public_network":{}, "ips":["51.158.111.88"], "id":"72c32043-69f4-41e7-a6fd-d3b5e239e017"}],
      "tags":[], "node_type":"RED1-micro", "created_at":"2025-10-28T05:21:57.395358Z",
      "updated_at":"2025-10-28T05:23:22.888175Z", "tls_enabled":false, "cluster_settings":[],
      "acl_rules":[], "cluster_size":1, "user_name":"admin", "upgradable_versions":[],
      "zone":"fr-par-1"}'
    headers:
      Content-Length:
      - "550"
      Content-Security-Policy:
      - default-src 'none'; frame-ancestors 'none'
      Content-Type:
      - application/json
      Date:
      - Tue, 28 Oct 2025 05:23:28 GMT
      Server:
      - Scaleway API Gateway (fr-par-2;edge02)
      Strict-Transport-Security:
      - max-age=63072000
      X-Content-Type-Options:
      - nosniff
      X-Frame-Options:
      - DENY
      X-Request-Id:
      - f6dd6965-0d23-4bfa-adc3-eb211b261ad3
    status: 200 OK
    code: 200
    duration: ""
- request:
    body: '{"id":"9bd9070c-1571-4631-a8d8-33e87d104beb", "name":"1-pub-endpoint",
      "project_id":"46fd79d8-1a35-4548-bfb8-03df51a0ebae", "status":"deleting", "version":"7.2.11",
      "endpoints":[{"port":6379, "public_network":{}, "ips":["51.158.111.88"], "id":"72c32043-69f4-41e7-a6fd-d3b5e239e017"}],
      "tags":[], "node_type":"RED1-micro", "created_at":"2025-10-28T05:21:57.395358Z",
      "updated_at":"2025-10-28T05:23:28.756709Z", "tls_enabled":false, "cluster_settings":[],
      "acl_rules":[], "cluster_size":1, "user_name":"admin", "upgradable_versions":[],
      "zone":"fr-par-1"}'
    form: {}
    headers:
      User-Agent:
      - scaleway-sdk-go/v1.0.0-beta.7+dev (go1.25.0; darwin; amd64) cli-e2e-test
    url: https://api.scaleway.com/redis/v1/zones/fr-par-1/clusters/9bd9070c-1571-4631-a8d8-33e87d104beb
    method: DELETE
  response:
    body: '{"id":"9bd9070c-1571-4631-a8d8-33e87d104beb", "name":"1-pub-endpoint",
      "project_id":"46fd79d8-1a35-4548-bfb8-03df51a0ebae", "status":"deleting", "version":"7.2.11",
      "endpoints":[{"port":6379, "public_network":{}, "ips":["51.158.111.88"], "id":"72c32043-69f4-41e7-a6fd-d3b5e239e017"}],
      "tags":[], "node_type":"RED1-micro", "created_at":"2025-10-28T05:21:57.395358Z",
      "updated_at":"2025-10-28T05:23:28.756709Z", "tls_enabled":false, "cluster_settings":[],
      "acl_rules":[], "cluster_size":1, "user_name":"admin", "upgradable_versions":[],
      "zone":"fr-par-1"}'
    headers:
      Content-Length:
      - "553"
      Content-Security-Policy:
      - default-src 'none'; frame-ancestors 'none'
      Content-Type:
      - application/json
      Date:
      - Tue, 28 Oct 2025 05:23:29 GMT
      Server:
      - Scaleway API Gateway (fr-par-2;edge02)
      Strict-Transport-Security:
      - max-age=63072000
      X-Content-Type-Options:
      - nosniff
      X-Frame-Options:
      - DENY
      X-Request-Id:
      - 0513b4b2-6b19-490b-8983-05746bdc8986
    status: 200 OK
    code: 200
    duration: ""
- request:
    body: '{"id":"9bd9070c-1571-4631-a8d8-33e87d104beb", "name":"1-pub-endpoint",
      "project_id":"46fd79d8-1a35-4548-bfb8-03df51a0ebae", "status":"deleting", "version":"7.2.11",
      "endpoints":[{"port":6379, "public_network":{}, "ips":["51.158.111.88"], "id":"72c32043-69f4-41e7-a6fd-d3b5e239e017"}],
      "tags":[], "node_type":"RED1-micro", "created_at":"2025-10-28T05:21:57.395358Z",
      "updated_at":"2025-10-28T05:23:28.756709Z", "tls_enabled":false, "cluster_settings":[],
      "acl_rules":[], "cluster_size":1, "user_name":"admin", "upgradable_versions":[],
      "zone":"fr-par-1"}'
    form: {}
    headers:
      User-Agent:
      - scaleway-sdk-go/v1.0.0-beta.7+dev (go1.25.0; darwin; amd64) cli-e2e-test
    url: https://api.scaleway.com/redis/v1/zones/fr-par-1/clusters/9bd9070c-1571-4631-a8d8-33e87d104beb
    method: GET
  response:
    body: '{"id":"9bd9070c-1571-4631-a8d8-33e87d104beb", "name":"1-pub-endpoint",
      "project_id":"46fd79d8-1a35-4548-bfb8-03df51a0ebae", "status":"deleting", "version":"7.2.11",
      "endpoints":[{"port":6379, "public_network":{}, "ips":["51.158.111.88"], "id":"72c32043-69f4-41e7-a6fd-d3b5e239e017"}],
      "tags":[], "node_type":"RED1-micro", "created_at":"2025-10-28T05:21:57.395358Z",
      "updated_at":"2025-10-28T05:23:28.756709Z", "tls_enabled":false, "cluster_settings":[],
      "acl_rules":[], "cluster_size":1, "user_name":"admin", "upgradable_versions":[],
      "zone":"fr-par-1"}'
    headers:
      Content-Length:
      - "553"
      Content-Security-Policy:
      - default-src 'none'; frame-ancestors 'none'
      Content-Type:
      - application/json
      Date:
      - Tue, 28 Oct 2025 05:23:29 GMT
      Server:
      - Scaleway API Gateway (fr-par-2;edge02)
      Strict-Transport-Security:
      - max-age=63072000
      X-Content-Type-Options:
      - nosniff
      X-Frame-Options:
      - DENY
      X-Request-Id:
      - 9a4b7889-854f-4bf1-bd5c-414fd5430e9a
    status: 200 OK
    code: 200
    duration: ""
- request:
    body: '{"id":"9bd9070c-1571-4631-a8d8-33e87d104beb", "name":"1-pub-endpoint",
      "project_id":"46fd79d8-1a35-4548-bfb8-03df51a0ebae", "status":"deleting", "version":"7.2.11",
      "endpoints":[{"port":6379, "public_network":{}, "ips":["51.158.111.88"], "id":"72c32043-69f4-41e7-a6fd-d3b5e239e017"}],
      "tags":[], "node_type":"RED1-micro", "created_at":"2025-10-28T05:21:57.395358Z",
      "updated_at":"2025-10-28T05:23:28.756709Z", "tls_enabled":false, "cluster_settings":[],
      "acl_rules":[], "cluster_size":1, "user_name":"admin", "upgradable_versions":[],
      "zone":"fr-par-1"}'
    form: {}
    headers:
      User-Agent:
      - scaleway-sdk-go/v1.0.0-beta.7+dev (go1.25.0; darwin; amd64) cli-e2e-test
    url: https://api.scaleway.com/redis/v1/zones/fr-par-1/clusters/9bd9070c-1571-4631-a8d8-33e87d104beb
    method: GET
  response:
    body: '{"id":"9bd9070c-1571-4631-a8d8-33e87d104beb", "name":"1-pub-endpoint",
      "project_id":"46fd79d8-1a35-4548-bfb8-03df51a0ebae", "status":"deleting", "version":"7.2.11",
      "endpoints":[{"port":6379, "public_network":{}, "ips":["51.158.111.88"], "id":"72c32043-69f4-41e7-a6fd-d3b5e239e017"}],
      "tags":[], "node_type":"RED1-micro", "created_at":"2025-10-28T05:21:57.395358Z",
      "updated_at":"2025-10-28T05:23:28.756709Z", "tls_enabled":false, "cluster_settings":[],
      "acl_rules":[], "cluster_size":1, "user_name":"admin", "upgradable_versions":[],
      "zone":"fr-par-1"}'
    headers:
      Content-Length:
      - "553"
      Content-Security-Policy:
      - default-src 'none'; frame-ancestors 'none'
      Content-Type:
      - application/json
      Date:
      - Tue, 28 Oct 2025 05:23:44 GMT
      Server:
      - Scaleway API Gateway (fr-par-2;edge02)
      Strict-Transport-Security:
      - max-age=63072000
      X-Content-Type-Options:
      - nosniff
      X-Frame-Options:
      - DENY
      X-Request-Id:
      - 5273e81a-fdb5-4647-ab17-fc4d16337ab5
    status: 200 OK
    code: 200
    duration: ""
- request:
    body: '{"id":"9bd9070c-1571-4631-a8d8-33e87d104beb", "name":"1-pub-endpoint",
      "project_id":"46fd79d8-1a35-4548-bfb8-03df51a0ebae", "status":"deleting", "version":"7.2.11",
      "endpoints":[{"port":6379, "public_network":{}, "ips":["51.158.111.88"], "id":"72c32043-69f4-41e7-a6fd-d3b5e239e017"}],
      "tags":[], "node_type":"RED1-micro", "created_at":"2025-10-28T05:21:57.395358Z",
      "updated_at":"2025-10-28T05:23:28.756709Z", "tls_enabled":false, "cluster_settings":[],
      "acl_rules":[], "cluster_size":1, "user_name":"admin", "upgradable_versions":[],
      "zone":"fr-par-1"}'
    form: {}
    headers:
      User-Agent:
      - scaleway-sdk-go/v1.0.0-beta.7+dev (go1.25.0; darwin; amd64) cli-e2e-test
    url: https://api.scaleway.com/redis/v1/zones/fr-par-1/clusters/9bd9070c-1571-4631-a8d8-33e87d104beb
    method: GET
  response:
    body: '{"id":"9bd9070c-1571-4631-a8d8-33e87d104beb", "name":"1-pub-endpoint",
      "project_id":"46fd79d8-1a35-4548-bfb8-03df51a0ebae", "status":"deleting", "version":"7.2.11",
      "endpoints":[{"port":6379, "public_network":{}, "ips":["51.158.111.88"], "id":"72c32043-69f4-41e7-a6fd-d3b5e239e017"}],
      "tags":[], "node_type":"RED1-micro", "created_at":"2025-10-28T05:21:57.395358Z",
      "updated_at":"2025-10-28T05:23:28.756709Z", "tls_enabled":false, "cluster_settings":[],
      "acl_rules":[], "cluster_size":1, "user_name":"admin", "upgradable_versions":[],
      "zone":"fr-par-1"}'
    headers:
      Content-Length:
      - "553"
      Content-Security-Policy:
      - default-src 'none'; frame-ancestors 'none'
      Content-Type:
      - application/json
      Date:
      - Tue, 28 Oct 2025 05:23:59 GMT
      Server:
      - Scaleway API Gateway (fr-par-2;edge02)
      Strict-Transport-Security:
      - max-age=63072000
      X-Content-Type-Options:
      - nosniff
      X-Frame-Options:
      - DENY
      X-Request-Id:
      - 57cab515-09d8-4b5b-a9f8-ace91fd55053
    status: 200 OK
    code: 200
    duration: ""
- request:
    body: '{"message":"resource is not found","resource":"cluster","resource_id":"9bd9070c-1571-4631-a8d8-33e87d104beb","type":"not_found"}'
    form: {}
    headers:
      User-Agent:
      - scaleway-sdk-go/v1.0.0-beta.7+dev (go1.25.0; darwin; amd64) cli-e2e-test
    url: https://api.scaleway.com/redis/v1/zones/fr-par-1/clusters/9bd9070c-1571-4631-a8d8-33e87d104beb
    method: GET
  response:
    body: '{"message":"resource is not found","resource":"cluster","resource_id":"9bd9070c-1571-4631-a8d8-33e87d104beb","type":"not_found"}'
    headers:
      Content-Length:
      - "128"
      Content-Security-Policy:
      - default-src 'none'; frame-ancestors 'none'
      Content-Type:
      - application/json
      Date:
      - Tue, 28 Oct 2025 05:24:14 GMT
      Server:
      - Scaleway API Gateway (fr-par-2;edge02)
      Strict-Transport-Security:
      - max-age=63072000
      X-Content-Type-Options:
      - nosniff
      X-Frame-Options:
      - DENY
      X-Request-Id:
      - 0c51e19f-21e1-450b-bae1-38662e88b8c7
    status: 404 Not Found
    code: 404
    duration: ""
