🎲🎲🎲 EXIT CODE: 0 🎲🎲🎲
🟩🟩🟩 STDOUT️ 🟩🟩🟩️
ID           456998f0-9440-422b-bb8a-e4822a6b022d
Name         2-ipam-priv-endpoints
ProjectID    46fd79d8-1a35-4548-bfb8-03df51a0ebae
Status       ready
Version      7.0.5
NodeType     RED1-micro
CreatedAt    few seconds ago
UpdatedAt    few seconds ago
TLSEnabled   false
ClusterSize  1
Zone         fr-par-1
UserName     admin

Endpoints:
ID                                    Port  IPs
46df25f5-6db6-4f68-a876-1a1351a83910  6379  [172.16.96.2]
bdc90d37-077e-4423-95cf-f453fe06129f  6379  [172.16.112.2]

ACLRules:
ID   IP CIDR  DESCRIPTION
🟩🟩🟩 JSON STDOUT 🟩🟩🟩
{
  "id": "456998f0-9440-422b-bb8a-e4822a6b022d",
  "name": "2-ipam-priv-endpoints",
  "project_id": "46fd79d8-1a35-4548-bfb8-03df51a0ebae",
  "status": "ready",
  "version": "7.0.5",
  "endpoints": [
    {
      "port": 6379,
      "private_network": {
        "id": "00c2fa94-415a-4ff6-a73b-708a7bedcdca",
        "service_ips": [
          "172.16.96.2/22"
        ],
        "zone": "fr-par-1",
        "provisioning_mode": "ipam"
      },
      "ips": [
        "172.16.96.2"
      ],
      "id": "46df25f5-6db6-4f68-a876-1a1351a83910"
    },
    {
      "port": 6379,
      "private_network": {
        "id": "be7eab11-1c2a-469b-9b13-ba52797ae472",
        "service_ips": [
          "172.16.112.2/22"
        ],
        "zone": "fr-par-1",
        "provisioning_mode": "ipam"
      },
      "ips": [
        "172.16.112.2"
      ],
      "id": "bdc90d37-077e-4423-95cf-f453fe06129f"
    }
  ],
  "tags": [],
  "node_type": "RED1-micro",
  "created_at": "1970-01-01T00:00:00.0Z",
  "updated_at": "1970-01-01T00:00:00.0Z",
  "tls_enabled": false,
  "cluster_settings": [],
  "acl_rules": [],
  "cluster_size": 1,
  "zone": "fr-par-1",
  "user_name": "admin",
  "upgradable_versions": []
}
