🎲🎲🎲 EXIT CODE: 0 🎲🎲🎲
🟩🟩🟩 STDOUT️ 🟩🟩🟩️
NAME    STOCK STATUS  DESCRIPTION                                                                          VCPUS  MEMORY   VRAM     DISABLED  BETA   CREATED AT       UPDATED AT       GPUS  REGION
H100    out_of_stock  A dedicated instance with a single NVIDIA H100 GPU to run your inference workloads.  24     240 GiB  80 GiB   false     false  few seconds ago  few seconds ago  1     fr-par
H100-2  out_of_stock  A dedicated instance with two NVIDIA H100 GPUs to run your inference workloads.      24     480 GiB  160 GiB  false     false  few seconds ago  few seconds ago  2     fr-par
🟩🟩🟩 JSON STDOUT 🟩🟩🟩
[
  {
    "name": "H100",
    "stock_status": "out_of_stock",
    "description": "A dedicated instance with a single NVIDIA H100 GPU to run your inference workloads.",
    "vcpus": 24,
    "memory": 257698037760,
    "vram": 85899345920,
    "disabled": false,
    "beta": false,
    "created_at": "1970-01-01T00:00:00.0Z",
    "updated_at": "1970-01-01T00:00:00.0Z",
    "gpus": 1,
    "region": "fr-par"
  },
  {
    "name": "H100-2",
    "stock_status": "out_of_stock",
    "description": "A dedicated instance with two NVIDIA H100 GPUs to run your inference workloads.",
    "vcpus": 24,
    "memory": 515396075520,
    "vram": 171798691840,
    "disabled": false,
    "beta": false,
    "created_at": "1970-01-01T00:00:00.0Z",
    "updated_at": "1970-01-01T00:00:00.0Z",
    "gpus": 2,
    "region": "fr-par"
  }
]
