🎲🎲🎲 EXIT CODE: 0 🎲🎲🎲
🟩🟩🟩 STDOUT️ 🟩🟩🟩️
ID                5d22f1fc-798d-46cc-b3e5-a23fee87c9d0
Srn               -
PrivateNetworkID  53d186c4-4baf-44dc-9dc5-23b341cf37bc
ProjectID         fa1e3217-dc80-42ac-85c3-3f034b78b552
ServerID          b4ef71d2-26f7-4dd0-8701-edfea35623eb
MacAddress        02:00:00:1e:82:31
Status            available
IPIDs.0           0cbbad86-e95c-4424-b279-10fa85c733fd
IPIDs.1           fbea5d57-9023-4f3d-a87e-0ee79088fbba
Tags.0            cli-test
Tags.1            update
CreatedAt         few seconds ago
UpdatedAt         few seconds ago
Zone
🟩🟩🟩 JSON STDOUT 🟩🟩🟩
{
  "id": "5d22f1fc-798d-46cc-b3e5-a23fee87c9d0",
  "srn": "",
  "private_network_id": "53d186c4-4baf-44dc-9dc5-23b341cf37bc",
  "project_id": "fa1e3217-dc80-42ac-85c3-3f034b78b552",
  "server_id": "b4ef71d2-26f7-4dd0-8701-edfea35623eb",
  "mac_address": "02:00:00:1e:82:31",
  "status": "available",
  "ip_ids": [
    "0cbbad86-e95c-4424-b279-10fa85c733fd",
    "fbea5d57-9023-4f3d-a87e-0ee79088fbba"
  ],
  "tags": [
    "cli-test",
    "update"
  ],
  "created_at": "1970-01-01T00:00:00.0Z",
  "updated_at": "1970-01-01T00:00:00.0Z",
  "zone": ""
}
