🎲🎲🎲 EXIT CODE: 0 🎲🎲🎲
🟩🟩🟩 STDOUT️ 🟩🟩🟩️
Entity Type:
application

Api Key:
AccessKey         SCW2NSMT7HPTHMJBWP0S
ApplicationID     370d4bad-80b5-4602-8def-f2a34b7581de
Description       -
CreatedAt         few seconds ago
UpdatedAt         few seconds ago
DefaultProjectID  6867048b-fe12-4e96-835e-41c79a39604b
Editable          true
Deletable         true
Managed           false
CreationIP        51.159.46.153

Policies:
Copy of Editors (4feb1f44-1726-4373-bf9b-01c828ddb0ca)  AllProductsFullAccess OrganizationReadOnly ProjectManager SupportTicketReadOnly
🟩🟩🟩 JSON STDOUT 🟩🟩🟩
{
  "APIKey": {
    "access_key": "SCW2NSMT7HPTHMJBWP0S",
    "secret_key": null,
    "application_id": "370d4bad-80b5-4602-8def-f2a34b7581de",
    "description": "",
    "created_at": "1970-01-01T00:00:00.0Z",
    "updated_at": "1970-01-01T00:00:00.0Z",
    "expires_at": null,
    "default_project_id": "6867048b-fe12-4e96-835e-41c79a39604b",
    "editable": true,
    "deletable": true,
    "managed": false,
    "creation_ip": "51.159.46.153"
  },
  "entity_type": "application",
  "policies": {
    "Copy of Editors (4feb1f44-1726-4373-bf9b-01c828ddb0ca)": [
      "AllProductsFullAccess",
      "OrganizationReadOnly",
      "ProjectManager",
      "SupportTicketReadOnly"
    ]
  }
}
