🎲🎲🎲 EXIT CODE: 0 🎲🎲🎲
🟩🟩🟩 STDOUT️ 🟩🟩🟩️
Entity Type:
application

Api Key:
AccessKey         SCW9GYPGY01AJ939C94F
ApplicationID     baca7695-fe4e-48eb-8f24-e479c20ca3a6
Description       -
CreatedAt         few seconds ago
UpdatedAt         few seconds ago
DefaultProjectID  105bdce1-64c0-48ab-899d-868455867ecf
Editable          true
Deletable         true
Managed           false
CreationIP        51.159.73.9

Policies:
🟩🟩🟩 JSON STDOUT 🟩🟩🟩
{
  "APIKey": {
    "access_key": "SCW9GYPGY01AJ939C94F",
    "secret_key": null,
    "application_id": "baca7695-fe4e-48eb-8f24-e479c20ca3a6",
    "description": "",
    "created_at": "1970-01-01T00:00:00.0Z",
    "updated_at": "1970-01-01T00:00:00.0Z",
    "expires_at": null,
    "default_project_id": "105bdce1-64c0-48ab-899d-868455867ecf",
    "editable": true,
    "deletable": true,
    "managed": false,
    "creation_ip": "51.159.73.9"
  },
  "entity_type": "application",
  "policies": {}
}
