🎲🎲🎲 EXIT CODE: 0 🎲🎲🎲
🟩🟩🟩 STDOUT️ 🟩🟩🟩️
ID                                    PERMISSION SET NAMES  PERMISSION SETS SCOPE TYPE  CONDITION  PROJECT IDS                             ORGANIZATION ID  ACCOUNT ROOT USER ID
a3571843-b8da-4731-a660-e3f21698f0e1  [IPAMReadOnly]        projects                    -          [c193645e-a4d4-4fce-923d-a8df787cff96]  -                -
863e0814-14a2-41d0-9092-131a0a49e320  [VPCReadOnly]         projects                    -          [c193645e-a4d4-4fce-923d-a8df787cff96]  -                -
🟩🟩🟩 JSON STDOUT 🟩🟩🟩
[
  {
    "id": "a3571843-b8da-4731-a660-e3f21698f0e1",
    "permission_set_names": [
      "IPAMReadOnly"
    ],
    "permission_sets_scope_type": "projects",
    "condition": "",
    "project_ids": [
      "c193645e-a4d4-4fce-923d-a8df787cff96"
    ]
  },
  {
    "id": "863e0814-14a2-41d0-9092-131a0a49e320",
    "permission_set_names": [
      "VPCReadOnly"
    ],
    "permission_sets_scope_type": "projects",
    "condition": "",
    "project_ids": [
      "c193645e-a4d4-4fce-923d-a8df787cff96"
    ]
  }
]
