🎲🎲🎲 EXIT CODE: 0 🎲🎲🎲
🟩🟩🟩 STDOUT️ 🟩🟩🟩️
Entity Type:
owner (owner has all permissions over the organization)

Api Key:
AccessKey         SCWF6K9RF8ABTV51WJH6
UserID            aa669c52-3448-42fb-94ba-f6350a4278d8
Description       -
CreatedAt         few seconds ago
UpdatedAt         few seconds ago
DefaultProjectID  57a1e028-d7d3-4a4e-80cf-52cef8fd0d3e
Editable          true
Deletable         true
Managed           false
CreationIP        51.159.73.9
🟩🟩🟩 JSON STDOUT 🟩🟩🟩
{
  "APIKey": {
    "access_key": "SCWF6K9RF8ABTV51WJH6",
    "secret_key": null,
    "user_id": "aa669c52-3448-42fb-94ba-f6350a4278d8",
    "description": "",
    "created_at": "1970-01-01T00:00:00.0Z",
    "updated_at": "1970-01-01T00:00:00.0Z",
    "expires_at": null,
    "default_project_id": "57a1e028-d7d3-4a4e-80cf-52cef8fd0d3e",
    "editable": true,
    "deletable": true,
    "managed": false,
    "creation_ip": "51.159.73.9"
  },
  "entity_type": "owner (owner has all permissions over the organization)",
  "policies": null
}
