🎲🎲🎲 EXIT CODE: 1 🎲🎲🎲
🟥🟥🟥 STDERR️️ 🟥🟥🟥️
Hint:
Private ip are assigned when the server boots, start yours with: scw instance server start e4491566-5235-42e0-b6b7-dc9ef4233f0f
🟥🟥🟥 JSON STDERR 🟥🟥🟥
{
  "message": "server e4491566-5235-42e0-b6b7-dc9ef4233f0f (cli-srv-elated-murdock) does not have a private ip",
  "hint": "Private ip are assigned when the server boots, start yours with: scw instance server start e4491566-5235-42e0-b6b7-dc9ef4233f0f"
}
