🎲🎲🎲 EXIT CODE: 1 🎲🎲🎲
🟥🟥🟥 STDERR️️ 🟥🟥🟥️
Hint:
Private ip are assigned when the server boots, start yours with: scw instance server start 200e5f08-e4cd-4760-b854-a4dad2c1c351
🟥🟥🟥 JSON STDERR 🟥🟥🟥
{
  "message": "server 200e5f08-e4cd-4760-b854-a4dad2c1c351 (cli-srv-brave-brahmagupta) does not have a private ip",
  "hint": "Private ip are assigned when the server boots, start yours with: scw instance server start 200e5f08-e4cd-4760-b854-a4dad2c1c351"
}
