🎲🎲🎲 EXIT CODE: 0 🎲🎲🎲
🟩🟩🟩 STDOUT️ 🟩🟩🟩️
Name          1.32.3
Label         Kubernetes 1.32.3
Region        fr-par
DeprecatedAt  few seconds ago
EndOfLifeAt   few seconds ago
ReleasedAt    few seconds ago

Available Kubelet Arguments:
containerLogMaxFiles         uint16
containerLogMaxSize          quantity
cpuCFSQuota                  bool
cpuCFSQuotaPeriod            duration
cpuManagerPolicy             enum:none|static
cpuManagerPolicyOptions      map[string]string
enableDebuggingHandlers      bool
evictionHard                 map[string]string
evictionMinimumReclaim       map[string]string
imageGCHighThresholdPercent  uint32
imageGCLowThresholdPercent   uint32
maxParallelImagePulls        int32
maxPods                      uint16
registryBurst                int32
registryPullQPS              int32
serializeImagePulls          bool

Available CNIs:
[cilium calico kilo none]

Available Container Runtimes:
[containerd]

Available Feature Gates:
[HPAScaleToZero InPlacePodVerticalScaling SidecarContainers DRAAdminAccess DRAResourceClaimDeviceStatus DynamicResourceAllocation PodLevelResources CPUManagerPolicyAlphaOptions ImageVolume]

Available Admission Plugins:
[AlwaysPullImages PodNodeSelector PodTolerationRestriction]
🟩🟩🟩 JSON STDOUT 🟩🟩🟩
{
  "name": "1.32.3",
  "label": "Kubernetes 1.32.3",
  "region": "fr-par",
  "available_cnis": [
    "cilium",
    "calico",
    "kilo",
    "none"
  ],
  "available_container_runtimes": [
    "containerd"
  ],
  "available_feature_gates": [
    "HPAScaleToZero",
    "InPlacePodVerticalScaling",
    "SidecarContainers",
    "DRAAdminAccess",
    "DRAResourceClaimDeviceStatus",
    "DynamicResourceAllocation",
    "PodLevelResources",
    "CPUManagerPolicyAlphaOptions",
    "ImageVolume"
  ],
  "available_admission_plugins": [
    "AlwaysPullImages",
    "PodNodeSelector",
    "PodTolerationRestriction"
  ],
  "available_kubelet_args": {
    "containerLogMaxFiles": "uint16",
    "containerLogMaxSize": "quantity",
    "cpuCFSQuota": "bool",
    "cpuCFSQuotaPeriod": "duration",
    "cpuManagerPolicy": "enum:none|static",
    "cpuManagerPolicyOptions": "map[string]string",
    "enableDebuggingHandlers": "bool",
    "evictionHard": "map[string]string",
    "evictionMinimumReclaim": "map[string]string",
    "imageGCHighThresholdPercent": "uint32",
    "imageGCLowThresholdPercent": "uint32",
    "maxParallelImagePulls": "int32",
    "maxPods": "uint16",
    "registryBurst": "int32",
    "registryPullQPS": "int32",
    "serializeImagePulls": "bool"
  },
  "deprecated_at": "2026-03-24T00:00:00Z",
  "end_of_life_at": "2025-05-24T00:00:00Z",
  "released_at": "2025-03-24T00:00:00Z"
}
