---
version: 1
interactions:
- request:
    body: '{"cluster_types":[{"name":"kapsule", "availability":"available", "max_nodes":150,
      "commitment_delay":"0s", "sla":0, "resiliency":"standard", "memory":4000000000,
      "dedicated":false, "audit_logs_supported":false, "max_etcd_size":55000000},
      {"name":"kapsule-dedicated-4", "availability":"available", "max_nodes":250,
      "commitment_delay":"2592000s", "sla":99.5, "resiliency":"high_availability",
      "memory":4000000000, "dedicated":true, "audit_logs_supported":true, "max_etcd_size":200000000},
      {"name":"kapsule-dedicated-8", "availability":"available", "max_nodes":500,
      "commitment_delay":"2592000s", "sla":99.5, "resiliency":"high_availability",
      "memory":8000000000, "dedicated":true, "audit_logs_supported":true, "max_etcd_size":200000000},
      {"name":"kapsule-dedicated-16", "availability":"available", "max_nodes":500,
      "commitment_delay":"2592000s", "sla":99.5, "resiliency":"high_availability",
      "memory":16000000000, "dedicated":true, "audit_logs_supported":true, "max_etcd_size":200000000},
      {"name":"multicloud", "availability":"available", "max_nodes":150, "commitment_delay":"0s",
      "sla":0, "resiliency":"standard", "memory":4000000000, "dedicated":false, "audit_logs_supported":false,
      "max_etcd_size":55000000}, {"name":"multicloud-dedicated-4", "availability":"available",
      "max_nodes":250, "commitment_delay":"2592000s", "sla":99.5, "resiliency":"high_availability",
      "memory":4000000000, "dedicated":true, "audit_logs_supported":true, "max_etcd_size":200000000},
      {"name":"multicloud-dedicated-8", "availability":"available", "max_nodes":500,
      "commitment_delay":"2592000s", "sla":99.5, "resiliency":"high_availability",
      "memory":8000000000, "dedicated":true, "audit_logs_supported":true, "max_etcd_size":200000000},
      {"name":"multicloud-dedicated-16", "availability":"available", "max_nodes":500,
      "commitment_delay":"2592000s", "sla":99.5, "resiliency":"high_availability",
      "memory":16000000000, "dedicated":true, "audit_logs_supported":true, "max_etcd_size":200000000}],
      "total_count":8}'
    form: {}
    headers:
      User-Agent:
      - scaleway-sdk-go/v1.0.0-beta.7+dev (go1.25.0; linux; amd64) cli-e2e-test
    url: https://api.scaleway.com/k8s/v1/regions/fr-par/cluster-types
    method: GET
  response:
    body: '{"cluster_types":[{"name":"kapsule", "availability":"available", "max_nodes":150,
      "commitment_delay":"0s", "sla":0, "resiliency":"standard", "memory":4000000000,
      "dedicated":false, "audit_logs_supported":false, "max_etcd_size":55000000},
      {"name":"kapsule-dedicated-4", "availability":"available", "max_nodes":250,
      "commitment_delay":"2592000s", "sla":99.5, "resiliency":"high_availability",
      "memory":4000000000, "dedicated":true, "audit_logs_supported":true, "max_etcd_size":200000000},
      {"name":"kapsule-dedicated-8", "availability":"available", "max_nodes":500,
      "commitment_delay":"2592000s", "sla":99.5, "resiliency":"high_availability",
      "memory":8000000000, "dedicated":true, "audit_logs_supported":true, "max_etcd_size":200000000},
      {"name":"kapsule-dedicated-16", "availability":"available", "max_nodes":500,
      "commitment_delay":"2592000s", "sla":99.5, "resiliency":"high_availability",
      "memory":16000000000, "dedicated":true, "audit_logs_supported":true, "max_etcd_size":200000000},
      {"name":"multicloud", "availability":"available", "max_nodes":150, "commitment_delay":"0s",
      "sla":0, "resiliency":"standard", "memory":4000000000, "dedicated":false, "audit_logs_supported":false,
      "max_etcd_size":55000000}, {"name":"multicloud-dedicated-4", "availability":"available",
      "max_nodes":250, "commitment_delay":"2592000s", "sla":99.5, "resiliency":"high_availability",
      "memory":4000000000, "dedicated":true, "audit_logs_supported":true, "max_etcd_size":200000000},
      {"name":"multicloud-dedicated-8", "availability":"available", "max_nodes":500,
      "commitment_delay":"2592000s", "sla":99.5, "resiliency":"high_availability",
      "memory":8000000000, "dedicated":true, "audit_logs_supported":true, "max_etcd_size":200000000},
      {"name":"multicloud-dedicated-16", "availability":"available", "max_nodes":500,
      "commitment_delay":"2592000s", "sla":99.5, "resiliency":"high_availability",
      "memory":16000000000, "dedicated":true, "audit_logs_supported":true, "max_etcd_size":200000000}],
      "total_count":8}'
    headers:
      Content-Length:
      - "1985"
      Content-Security-Policy:
      - default-src 'none'; frame-ancestors 'none'
      Content-Type:
      - application/json
      Date:
      - Wed, 15 Oct 2025 16:31:44 GMT
      Server:
      - Scaleway API Gateway (fr-par-2;edge02)
      Strict-Transport-Security:
      - max-age=63072000
      X-Content-Type-Options:
      - nosniff
      X-Frame-Options:
      - DENY
      X-Request-Id:
      - 884dea0c-d940-42dc-9de5-e9fb31e3c6ce
    status: 200 OK
    code: 200
    duration: ""
- request:
    body: '{"id":"d7bb7e88-88bd-4697-8474-bcb985c06a19", "name":"pn-happy-haibt",
      "tags":["created-along-with-k8s-cluster", "created-by-cli"], "organization_id":"9e9389ca-503a-44c3-bbd5-7a3812303bb0",
      "created_at":"2025-10-15T16:31:45.272418Z", "updated_at":"2025-10-15T16:31:45.272418Z",
      "project_id":"9e9389ca-503a-44c3-bbd5-7a3812303bb0", "subnets":[{"id":"ff392342-d475-4484-8263-1e67c670f504",
      "created_at":"2025-10-15T16:31:45.272418Z", "updated_at":"2025-10-15T16:31:45.272418Z",
      "subnet":"172.17.100.0/22", "project_id":"9e9389ca-503a-44c3-bbd5-7a3812303bb0",
      "private_network_id":"d7bb7e88-88bd-4697-8474-bcb985c06a19", "vpc_id":"b730047a-278a-4bbf-8092-ac2ae2bbef20"},
      {"id":"627b35c5-bce0-448c-8f4e-684605884004", "created_at":"2025-10-15T16:31:45.272418Z",
      "updated_at":"2025-10-15T16:31:45.272418Z", "subnet":"fd58:6b70:2d5a:b461::/64",
      "project_id":"9e9389ca-503a-44c3-bbd5-7a3812303bb0", "private_network_id":"d7bb7e88-88bd-4697-8474-bcb985c06a19",
      "vpc_id":"b730047a-278a-4bbf-8092-ac2ae2bbef20"}], "vpc_id":"b730047a-278a-4bbf-8092-ac2ae2bbef20",
      "dhcp_enabled":true, "default_route_propagation_enabled":false, "region":"fr-par"}'
    form: {}
    headers:
      Content-Type:
      - application/json
      User-Agent:
      - scaleway-sdk-go/v1.0.0-beta.7+dev (go1.25.0; linux; amd64) cli-e2e-test
    url: https://api.scaleway.com/vpc/v2/regions/fr-par/private-networks
    method: POST
  response:
    body: '{"id":"d7bb7e88-88bd-4697-8474-bcb985c06a19", "name":"pn-happy-haibt",
      "tags":["created-along-with-k8s-cluster", "created-by-cli"], "organization_id":"9e9389ca-503a-44c3-bbd5-7a3812303bb0",
      "created_at":"2025-10-15T16:31:45.272418Z", "updated_at":"2025-10-15T16:31:45.272418Z",
      "project_id":"9e9389ca-503a-44c3-bbd5-7a3812303bb0", "subnets":[{"id":"ff392342-d475-4484-8263-1e67c670f504",
      "created_at":"2025-10-15T16:31:45.272418Z", "updated_at":"2025-10-15T16:31:45.272418Z",
      "subnet":"172.17.100.0/22", "project_id":"9e9389ca-503a-44c3-bbd5-7a3812303bb0",
      "private_network_id":"d7bb7e88-88bd-4697-8474-bcb985c06a19", "vpc_id":"b730047a-278a-4bbf-8092-ac2ae2bbef20"},
      {"id":"627b35c5-bce0-448c-8f4e-684605884004", "created_at":"2025-10-15T16:31:45.272418Z",
      "updated_at":"2025-10-15T16:31:45.272418Z", "subnet":"fd58:6b70:2d5a:b461::/64",
      "project_id":"9e9389ca-503a-44c3-bbd5-7a3812303bb0", "private_network_id":"d7bb7e88-88bd-4697-8474-bcb985c06a19",
      "vpc_id":"b730047a-278a-4bbf-8092-ac2ae2bbef20"}], "vpc_id":"b730047a-278a-4bbf-8092-ac2ae2bbef20",
      "dhcp_enabled":true, "default_route_propagation_enabled":false, "region":"fr-par"}'
    headers:
      Content-Length:
      - "1135"
      Content-Security-Policy:
      - default-src 'none'; frame-ancestors 'none'
      Content-Type:
      - application/json
      Date:
      - Wed, 15 Oct 2025 16:31:45 GMT
      Server:
      - Scaleway API Gateway (fr-par-2;edge02)
      Strict-Transport-Security:
      - max-age=63072000
      X-Content-Type-Options:
      - nosniff
      X-Frame-Options:
      - DENY
      X-Request-Id:
      - bac79f09-cdba-4c0f-b2a0-8d07e2d024c4
    status: 200 OK
    code: 200
    duration: ""
- request:
    body: '{"region":"fr-par", "id":"8e5d3869-0f67-455c-88c6-3a61f231c392", "organization_id":"9e9389ca-503a-44c3-bbd5-7a3812303bb0",
      "project_id":"9e9389ca-503a-44c3-bbd5-7a3812303bb0", "created_at":"2025-10-15T16:31:46.216284Z",
      "updated_at":"2025-10-15T16:31:46.216284Z", "type":"kapsule", "name":"cli-test-get-kubeconfig-with-flags-and-envs",
      "description":"", "status":"creating", "version":"1.32.3", "cni":"cilium", "tags":[],
      "cluster_url":"https://8e5d3869-0f67-455c-88c6-3a61f231c392.api.k8s.fr-par.scw.cloud:6443",
      "dns_wildcard":"*.8e5d3869-0f67-455c-88c6-3a61f231c392.nodes.k8s.fr-par.scw.cloud",
      "autoscaler_config":{"scale_down_disabled":false, "scale_down_delay_after_add":"10m",
      "estimator":"binpacking", "expander":"random", "ignore_daemonsets_utilization":false,
      "balance_similar_node_groups":false, "expendable_pods_priority_cutoff":-10,
      "scale_down_unneeded_time":"10m", "scale_down_utilization_threshold":0.5, "max_graceful_termination_sec":600},
      "auto_upgrade":{"enabled":false, "maintenance_window":{"start_hour":0, "day":"any"}},
      "upgrade_available":true, "feature_gates":[], "admission_plugins":[], "open_id_connect_config":{"issuer_url":"",
      "client_id":"", "username_claim":"", "username_prefix":"", "groups_claim":[],
      "groups_prefix":"", "required_claim":[]}, "apiserver_cert_sans":[], "private_network_id":"d7bb7e88-88bd-4697-8474-bcb985c06a19",
      "commitment_ends_at":"2025-10-15T16:31:46.216293Z", "acl_available":true, "iam_nodes_group_id":"",
      "new_images_enabled":false, "pod_cidr":"100.64.0.0/15", "service_cidr":"10.32.0.0/20",
      "service_dns_ip":"10.32.0.10"}'
    form: {}
    headers:
      Content-Type:
      - application/json
      User-Agent:
      - scaleway-sdk-go/v1.0.0-beta.7+dev (go1.25.0; linux; amd64) cli-e2e-test
    url: https://api.scaleway.com/k8s/v1/regions/fr-par/clusters
    method: POST
  response:
    body: '{"region":"fr-par", "id":"8e5d3869-0f67-455c-88c6-3a61f231c392", "organization_id":"9e9389ca-503a-44c3-bbd5-7a3812303bb0",
      "project_id":"9e9389ca-503a-44c3-bbd5-7a3812303bb0", "created_at":"2025-10-15T16:31:46.216284Z",
      "updated_at":"2025-10-15T16:31:46.216284Z", "type":"kapsule", "name":"cli-test-get-kubeconfig-with-flags-and-envs",
      "description":"", "status":"creating", "version":"1.32.3", "cni":"cilium", "tags":[],
      "cluster_url":"https://8e5d3869-0f67-455c-88c6-3a61f231c392.api.k8s.fr-par.scw.cloud:6443",
      "dns_wildcard":"*.8e5d3869-0f67-455c-88c6-3a61f231c392.nodes.k8s.fr-par.scw.cloud",
      "autoscaler_config":{"scale_down_disabled":false, "scale_down_delay_after_add":"10m",
      "estimator":"binpacking", "expander":"random", "ignore_daemonsets_utilization":false,
      "balance_similar_node_groups":false, "expendable_pods_priority_cutoff":-10,
      "scale_down_unneeded_time":"10m", "scale_down_utilization_threshold":0.5, "max_graceful_termination_sec":600},
      "auto_upgrade":{"enabled":false, "maintenance_window":{"start_hour":0, "day":"any"}},
      "upgrade_available":true, "feature_gates":[], "admission_plugins":[], "open_id_connect_config":{"issuer_url":"",
      "client_id":"", "username_claim":"", "username_prefix":"", "groups_claim":[],
      "groups_prefix":"", "required_claim":[]}, "apiserver_cert_sans":[], "private_network_id":"d7bb7e88-88bd-4697-8474-bcb985c06a19",
      "commitment_ends_at":"2025-10-15T16:31:46.216293Z", "acl_available":true, "iam_nodes_group_id":"",
      "new_images_enabled":false, "pod_cidr":"100.64.0.0/15", "service_cidr":"10.32.0.0/20",
      "service_dns_ip":"10.32.0.10"}'
    headers:
      Content-Length:
      - "1579"
      Content-Security-Policy:
      - default-src 'none'; frame-ancestors 'none'
      Content-Type:
      - application/json
      Date:
      - Wed, 15 Oct 2025 16:31:46 GMT
      Server:
      - Scaleway API Gateway (fr-par-2;edge02)
      Strict-Transport-Security:
      - max-age=63072000
      X-Content-Type-Options:
      - nosniff
      X-Frame-Options:
      - DENY
      X-Request-Id:
      - 783b5000-c443-4d92-adeb-804a581ba535
    status: 200 OK
    code: 200
    duration: ""
- request:
    body: '{"region":"fr-par", "id":"8e5d3869-0f67-455c-88c6-3a61f231c392", "organization_id":"9e9389ca-503a-44c3-bbd5-7a3812303bb0",
      "project_id":"9e9389ca-503a-44c3-bbd5-7a3812303bb0", "created_at":"2025-10-15T16:31:46.216284Z",
      "updated_at":"2025-10-15T16:31:46.216284Z", "type":"kapsule", "name":"cli-test-get-kubeconfig-with-flags-and-envs",
      "description":"", "status":"creating", "version":"1.32.3", "cni":"cilium", "tags":[],
      "cluster_url":"https://8e5d3869-0f67-455c-88c6-3a61f231c392.api.k8s.fr-par.scw.cloud:6443",
      "dns_wildcard":"*.8e5d3869-0f67-455c-88c6-3a61f231c392.nodes.k8s.fr-par.scw.cloud",
      "autoscaler_config":{"scale_down_disabled":false, "scale_down_delay_after_add":"10m",
      "estimator":"binpacking", "expander":"random", "ignore_daemonsets_utilization":false,
      "balance_similar_node_groups":false, "expendable_pods_priority_cutoff":-10,
      "scale_down_unneeded_time":"10m", "scale_down_utilization_threshold":0.5, "max_graceful_termination_sec":600},
      "auto_upgrade":{"enabled":false, "maintenance_window":{"start_hour":0, "day":"any"}},
      "upgrade_available":true, "feature_gates":[], "admission_plugins":[], "open_id_connect_config":{"issuer_url":"",
      "client_id":"", "username_claim":"", "username_prefix":"", "groups_claim":[],
      "groups_prefix":"", "required_claim":[]}, "apiserver_cert_sans":[], "private_network_id":"d7bb7e88-88bd-4697-8474-bcb985c06a19",
      "commitment_ends_at":"2025-10-15T16:31:46.216293Z", "acl_available":true, "iam_nodes_group_id":"",
      "new_images_enabled":true, "pod_cidr":"", "service_cidr":"", "service_dns_ip":""}'
    form: {}
    headers:
      User-Agent:
      - scaleway-sdk-go/v1.0.0-beta.7+dev (go1.25.0; linux; amd64) cli-e2e-test
    url: https://api.scaleway.com/k8s/v1/regions/fr-par/clusters/8e5d3869-0f67-455c-88c6-3a61f231c392
    method: GET
  response:
    body: '{"region":"fr-par", "id":"8e5d3869-0f67-455c-88c6-3a61f231c392", "organization_id":"9e9389ca-503a-44c3-bbd5-7a3812303bb0",
      "project_id":"9e9389ca-503a-44c3-bbd5-7a3812303bb0", "created_at":"2025-10-15T16:31:46.216284Z",
      "updated_at":"2025-10-15T16:31:46.216284Z", "type":"kapsule", "name":"cli-test-get-kubeconfig-with-flags-and-envs",
      "description":"", "status":"creating", "version":"1.32.3", "cni":"cilium", "tags":[],
      "cluster_url":"https://8e5d3869-0f67-455c-88c6-3a61f231c392.api.k8s.fr-par.scw.cloud:6443",
      "dns_wildcard":"*.8e5d3869-0f67-455c-88c6-3a61f231c392.nodes.k8s.fr-par.scw.cloud",
      "autoscaler_config":{"scale_down_disabled":false, "scale_down_delay_after_add":"10m",
      "estimator":"binpacking", "expander":"random", "ignore_daemonsets_utilization":false,
      "balance_similar_node_groups":false, "expendable_pods_priority_cutoff":-10,
      "scale_down_unneeded_time":"10m", "scale_down_utilization_threshold":0.5, "max_graceful_termination_sec":600},
      "auto_upgrade":{"enabled":false, "maintenance_window":{"start_hour":0, "day":"any"}},
      "upgrade_available":true, "feature_gates":[], "admission_plugins":[], "open_id_connect_config":{"issuer_url":"",
      "client_id":"", "username_claim":"", "username_prefix":"", "groups_claim":[],
      "groups_prefix":"", "required_claim":[]}, "apiserver_cert_sans":[], "private_network_id":"d7bb7e88-88bd-4697-8474-bcb985c06a19",
      "commitment_ends_at":"2025-10-15T16:31:46.216293Z", "acl_available":true, "iam_nodes_group_id":"",
      "new_images_enabled":true, "pod_cidr":"", "service_cidr":"", "service_dns_ip":""}'
    headers:
      Content-Length:
      - "1543"
      Content-Security-Policy:
      - default-src 'none'; frame-ancestors 'none'
      Content-Type:
      - application/json
      Date:
      - Wed, 15 Oct 2025 16:31:46 GMT
      Server:
      - Scaleway API Gateway (fr-par-2;edge02)
      Strict-Transport-Security:
      - max-age=63072000
      X-Content-Type-Options:
      - nosniff
      X-Frame-Options:
      - DENY
      X-Request-Id:
      - fe2990a3-539e-488c-9a32-7add34f3c792
    status: 200 OK
    code: 200
    duration: ""
- request:
    body: '{"region":"fr-par", "id":"8e5d3869-0f67-455c-88c6-3a61f231c392", "organization_id":"9e9389ca-503a-44c3-bbd5-7a3812303bb0",
      "project_id":"9e9389ca-503a-44c3-bbd5-7a3812303bb0", "created_at":"2025-10-15T16:31:46.216284Z",
      "updated_at":"2025-10-15T16:31:46.745888Z", "type":"kapsule", "name":"cli-test-get-kubeconfig-with-flags-and-envs",
      "description":"", "status":"creating", "version":"1.32.3", "cni":"cilium", "tags":[],
      "cluster_url":"https://8e5d3869-0f67-455c-88c6-3a61f231c392.api.k8s.fr-par.scw.cloud:6443",
      "dns_wildcard":"*.8e5d3869-0f67-455c-88c6-3a61f231c392.nodes.k8s.fr-par.scw.cloud",
      "autoscaler_config":{"scale_down_disabled":false, "scale_down_delay_after_add":"10m",
      "estimator":"binpacking", "expander":"random", "ignore_daemonsets_utilization":false,
      "balance_similar_node_groups":false, "expendable_pods_priority_cutoff":-10,
      "scale_down_unneeded_time":"10m", "scale_down_utilization_threshold":0.5, "max_graceful_termination_sec":600},
      "auto_upgrade":{"enabled":false, "maintenance_window":{"start_hour":0, "day":"any"}},
      "upgrade_available":true, "feature_gates":[], "admission_plugins":[], "open_id_connect_config":{"issuer_url":"",
      "client_id":"", "username_claim":"", "username_prefix":"", "groups_claim":[],
      "groups_prefix":"", "required_claim":[]}, "apiserver_cert_sans":[], "private_network_id":"d7bb7e88-88bd-4697-8474-bcb985c06a19",
      "commitment_ends_at":"2025-10-15T16:31:46.216293Z", "acl_available":true, "iam_nodes_group_id":"8d0d284f-c626-468c-8187-aa5cea64a42d",
      "new_images_enabled":true, "pod_cidr":"", "service_cidr":"", "service_dns_ip":""}'
    form: {}
    headers:
      User-Agent:
      - scaleway-sdk-go/v1.0.0-beta.7+dev (go1.25.0; linux; amd64) cli-e2e-test
    url: https://api.scaleway.com/k8s/v1/regions/fr-par/clusters/8e5d3869-0f67-455c-88c6-3a61f231c392
    method: GET
  response:
    body: '{"region":"fr-par", "id":"8e5d3869-0f67-455c-88c6-3a61f231c392", "organization_id":"9e9389ca-503a-44c3-bbd5-7a3812303bb0",
      "project_id":"9e9389ca-503a-44c3-bbd5-7a3812303bb0", "created_at":"2025-10-15T16:31:46.216284Z",
      "updated_at":"2025-10-15T16:31:46.745888Z", "type":"kapsule", "name":"cli-test-get-kubeconfig-with-flags-and-envs",
      "description":"", "status":"creating", "version":"1.32.3", "cni":"cilium", "tags":[],
      "cluster_url":"https://8e5d3869-0f67-455c-88c6-3a61f231c392.api.k8s.fr-par.scw.cloud:6443",
      "dns_wildcard":"*.8e5d3869-0f67-455c-88c6-3a61f231c392.nodes.k8s.fr-par.scw.cloud",
      "autoscaler_config":{"scale_down_disabled":false, "scale_down_delay_after_add":"10m",
      "estimator":"binpacking", "expander":"random", "ignore_daemonsets_utilization":false,
      "balance_similar_node_groups":false, "expendable_pods_priority_cutoff":-10,
      "scale_down_unneeded_time":"10m", "scale_down_utilization_threshold":0.5, "max_graceful_termination_sec":600},
      "auto_upgrade":{"enabled":false, "maintenance_window":{"start_hour":0, "day":"any"}},
      "upgrade_available":true, "feature_gates":[], "admission_plugins":[], "open_id_connect_config":{"issuer_url":"",
      "client_id":"", "username_claim":"", "username_prefix":"", "groups_claim":[],
      "groups_prefix":"", "required_claim":[]}, "apiserver_cert_sans":[], "private_network_id":"d7bb7e88-88bd-4697-8474-bcb985c06a19",
      "commitment_ends_at":"2025-10-15T16:31:46.216293Z", "acl_available":true, "iam_nodes_group_id":"8d0d284f-c626-468c-8187-aa5cea64a42d",
      "new_images_enabled":true, "pod_cidr":"", "service_cidr":"", "service_dns_ip":""}'
    headers:
      Content-Length:
      - "1579"
      Content-Security-Policy:
      - default-src 'none'; frame-ancestors 'none'
      Content-Type:
      - application/json
      Date:
      - Wed, 15 Oct 2025 16:31:51 GMT
      Server:
      - Scaleway API Gateway (fr-par-2;edge02)
      Strict-Transport-Security:
      - max-age=63072000
      X-Content-Type-Options:
      - nosniff
      X-Frame-Options:
      - DENY
      X-Request-Id:
      - 70e8dea0-0eeb-4ee3-acb8-87801e95025e
    status: 200 OK
    code: 200
    duration: ""
- request:
    body: '{"region":"fr-par", "id":"8e5d3869-0f67-455c-88c6-3a61f231c392", "organization_id":"9e9389ca-503a-44c3-bbd5-7a3812303bb0",
      "project_id":"9e9389ca-503a-44c3-bbd5-7a3812303bb0", "created_at":"2025-10-15T16:31:46.216284Z",
      "updated_at":"2025-10-15T16:31:46.745888Z", "type":"kapsule", "name":"cli-test-get-kubeconfig-with-flags-and-envs",
      "description":"", "status":"creating", "version":"1.32.3", "cni":"cilium", "tags":[],
      "cluster_url":"https://8e5d3869-0f67-455c-88c6-3a61f231c392.api.k8s.fr-par.scw.cloud:6443",
      "dns_wildcard":"*.8e5d3869-0f67-455c-88c6-3a61f231c392.nodes.k8s.fr-par.scw.cloud",
      "autoscaler_config":{"scale_down_disabled":false, "scale_down_delay_after_add":"10m",
      "estimator":"binpacking", "expander":"random", "ignore_daemonsets_utilization":false,
      "balance_similar_node_groups":false, "expendable_pods_priority_cutoff":-10,
      "scale_down_unneeded_time":"10m", "scale_down_utilization_threshold":0.5, "max_graceful_termination_sec":600},
      "auto_upgrade":{"enabled":false, "maintenance_window":{"start_hour":0, "day":"any"}},
      "upgrade_available":true, "feature_gates":[], "admission_plugins":[], "open_id_connect_config":{"issuer_url":"",
      "client_id":"", "username_claim":"", "username_prefix":"", "groups_claim":[],
      "groups_prefix":"", "required_claim":[]}, "apiserver_cert_sans":[], "private_network_id":"d7bb7e88-88bd-4697-8474-bcb985c06a19",
      "commitment_ends_at":"2025-10-15T16:31:46.216293Z", "acl_available":true, "iam_nodes_group_id":"8d0d284f-c626-468c-8187-aa5cea64a42d",
      "new_images_enabled":true, "pod_cidr":"", "service_cidr":"", "service_dns_ip":""}'
    form: {}
    headers:
      User-Agent:
      - scaleway-sdk-go/v1.0.0-beta.7+dev (go1.25.0; linux; amd64) cli-e2e-test
    url: https://api.scaleway.com/k8s/v1/regions/fr-par/clusters/8e5d3869-0f67-455c-88c6-3a61f231c392
    method: GET
  response:
    body: '{"region":"fr-par", "id":"8e5d3869-0f67-455c-88c6-3a61f231c392", "organization_id":"9e9389ca-503a-44c3-bbd5-7a3812303bb0",
      "project_id":"9e9389ca-503a-44c3-bbd5-7a3812303bb0", "created_at":"2025-10-15T16:31:46.216284Z",
      "updated_at":"2025-10-15T16:31:46.745888Z", "type":"kapsule", "name":"cli-test-get-kubeconfig-with-flags-and-envs",
      "description":"", "status":"creating", "version":"1.32.3", "cni":"cilium", "tags":[],
      "cluster_url":"https://8e5d3869-0f67-455c-88c6-3a61f231c392.api.k8s.fr-par.scw.cloud:6443",
      "dns_wildcard":"*.8e5d3869-0f67-455c-88c6-3a61f231c392.nodes.k8s.fr-par.scw.cloud",
      "autoscaler_config":{"scale_down_disabled":false, "scale_down_delay_after_add":"10m",
      "estimator":"binpacking", "expander":"random", "ignore_daemonsets_utilization":false,
      "balance_similar_node_groups":false, "expendable_pods_priority_cutoff":-10,
      "scale_down_unneeded_time":"10m", "scale_down_utilization_threshold":0.5, "max_graceful_termination_sec":600},
      "auto_upgrade":{"enabled":false, "maintenance_window":{"start_hour":0, "day":"any"}},
      "upgrade_available":true, "feature_gates":[], "admission_plugins":[], "open_id_connect_config":{"issuer_url":"",
      "client_id":"", "username_claim":"", "username_prefix":"", "groups_claim":[],
      "groups_prefix":"", "required_claim":[]}, "apiserver_cert_sans":[], "private_network_id":"d7bb7e88-88bd-4697-8474-bcb985c06a19",
      "commitment_ends_at":"2025-10-15T16:31:46.216293Z", "acl_available":true, "iam_nodes_group_id":"8d0d284f-c626-468c-8187-aa5cea64a42d",
      "new_images_enabled":true, "pod_cidr":"", "service_cidr":"", "service_dns_ip":""}'
    headers:
      Content-Length:
      - "1579"
      Content-Security-Policy:
      - default-src 'none'; frame-ancestors 'none'
      Content-Type:
      - application/json
      Date:
      - Wed, 15 Oct 2025 16:31:56 GMT
      Server:
      - Scaleway API Gateway (fr-par-2;edge02)
      Strict-Transport-Security:
      - max-age=63072000
      X-Content-Type-Options:
      - nosniff
      X-Frame-Options:
      - DENY
      X-Request-Id:
      - b06e45a8-7070-4ec9-a229-ed35b7a4cd13
    status: 200 OK
    code: 200
    duration: ""
- request:
    body: '{"region":"fr-par", "id":"8e5d3869-0f67-455c-88c6-3a61f231c392", "organization_id":"9e9389ca-503a-44c3-bbd5-7a3812303bb0",
      "project_id":"9e9389ca-503a-44c3-bbd5-7a3812303bb0", "created_at":"2025-10-15T16:31:46.216284Z",
      "updated_at":"2025-10-15T16:31:46.745888Z", "type":"kapsule", "name":"cli-test-get-kubeconfig-with-flags-and-envs",
      "description":"", "status":"creating", "version":"1.32.3", "cni":"cilium", "tags":[],
      "cluster_url":"https://8e5d3869-0f67-455c-88c6-3a61f231c392.api.k8s.fr-par.scw.cloud:6443",
      "dns_wildcard":"*.8e5d3869-0f67-455c-88c6-3a61f231c392.nodes.k8s.fr-par.scw.cloud",
      "autoscaler_config":{"scale_down_disabled":false, "scale_down_delay_after_add":"10m",
      "estimator":"binpacking", "expander":"random", "ignore_daemonsets_utilization":false,
      "balance_similar_node_groups":false, "expendable_pods_priority_cutoff":-10,
      "scale_down_unneeded_time":"10m", "scale_down_utilization_threshold":0.5, "max_graceful_termination_sec":600},
      "auto_upgrade":{"enabled":false, "maintenance_window":{"start_hour":0, "day":"any"}},
      "upgrade_available":true, "feature_gates":[], "admission_plugins":[], "open_id_connect_config":{"issuer_url":"",
      "client_id":"", "username_claim":"", "username_prefix":"", "groups_claim":[],
      "groups_prefix":"", "required_claim":[]}, "apiserver_cert_sans":[], "private_network_id":"d7bb7e88-88bd-4697-8474-bcb985c06a19",
      "commitment_ends_at":"2025-10-15T16:31:46.216293Z", "acl_available":true, "iam_nodes_group_id":"8d0d284f-c626-468c-8187-aa5cea64a42d",
      "new_images_enabled":true, "pod_cidr":"", "service_cidr":"", "service_dns_ip":""}'
    form: {}
    headers:
      User-Agent:
      - scaleway-sdk-go/v1.0.0-beta.7+dev (go1.25.0; linux; amd64) cli-e2e-test
    url: https://api.scaleway.com/k8s/v1/regions/fr-par/clusters/8e5d3869-0f67-455c-88c6-3a61f231c392
    method: GET
  response:
    body: '{"region":"fr-par", "id":"8e5d3869-0f67-455c-88c6-3a61f231c392", "organization_id":"9e9389ca-503a-44c3-bbd5-7a3812303bb0",
      "project_id":"9e9389ca-503a-44c3-bbd5-7a3812303bb0", "created_at":"2025-10-15T16:31:46.216284Z",
      "updated_at":"2025-10-15T16:31:46.745888Z", "type":"kapsule", "name":"cli-test-get-kubeconfig-with-flags-and-envs",
      "description":"", "status":"creating", "version":"1.32.3", "cni":"cilium", "tags":[],
      "cluster_url":"https://8e5d3869-0f67-455c-88c6-3a61f231c392.api.k8s.fr-par.scw.cloud:6443",
      "dns_wildcard":"*.8e5d3869-0f67-455c-88c6-3a61f231c392.nodes.k8s.fr-par.scw.cloud",
      "autoscaler_config":{"scale_down_disabled":false, "scale_down_delay_after_add":"10m",
      "estimator":"binpacking", "expander":"random", "ignore_daemonsets_utilization":false,
      "balance_similar_node_groups":false, "expendable_pods_priority_cutoff":-10,
      "scale_down_unneeded_time":"10m", "scale_down_utilization_threshold":0.5, "max_graceful_termination_sec":600},
      "auto_upgrade":{"enabled":false, "maintenance_window":{"start_hour":0, "day":"any"}},
      "upgrade_available":true, "feature_gates":[], "admission_plugins":[], "open_id_connect_config":{"issuer_url":"",
      "client_id":"", "username_claim":"", "username_prefix":"", "groups_claim":[],
      "groups_prefix":"", "required_claim":[]}, "apiserver_cert_sans":[], "private_network_id":"d7bb7e88-88bd-4697-8474-bcb985c06a19",
      "commitment_ends_at":"2025-10-15T16:31:46.216293Z", "acl_available":true, "iam_nodes_group_id":"8d0d284f-c626-468c-8187-aa5cea64a42d",
      "new_images_enabled":true, "pod_cidr":"", "service_cidr":"", "service_dns_ip":""}'
    headers:
      Content-Length:
      - "1579"
      Content-Security-Policy:
      - default-src 'none'; frame-ancestors 'none'
      Content-Type:
      - application/json
      Date:
      - Wed, 15 Oct 2025 16:32:01 GMT
      Server:
      - Scaleway API Gateway (fr-par-2;edge02)
      Strict-Transport-Security:
      - max-age=63072000
      X-Content-Type-Options:
      - nosniff
      X-Frame-Options:
      - DENY
      X-Request-Id:
      - bd309d0b-86f9-4cd5-b0f3-2bace9ccdf28
    status: 200 OK
    code: 200
    duration: ""
- request:
    body: '{"region":"fr-par", "id":"8e5d3869-0f67-455c-88c6-3a61f231c392", "organization_id":"9e9389ca-503a-44c3-bbd5-7a3812303bb0",
      "project_id":"9e9389ca-503a-44c3-bbd5-7a3812303bb0", "created_at":"2025-10-15T16:31:46.216284Z",
      "updated_at":"2025-10-15T16:31:46.745888Z", "type":"kapsule", "name":"cli-test-get-kubeconfig-with-flags-and-envs",
      "description":"", "status":"creating", "version":"1.32.3", "cni":"cilium", "tags":[],
      "cluster_url":"https://8e5d3869-0f67-455c-88c6-3a61f231c392.api.k8s.fr-par.scw.cloud:6443",
      "dns_wildcard":"*.8e5d3869-0f67-455c-88c6-3a61f231c392.nodes.k8s.fr-par.scw.cloud",
      "autoscaler_config":{"scale_down_disabled":false, "scale_down_delay_after_add":"10m",
      "estimator":"binpacking", "expander":"random", "ignore_daemonsets_utilization":false,
      "balance_similar_node_groups":false, "expendable_pods_priority_cutoff":-10,
      "scale_down_unneeded_time":"10m", "scale_down_utilization_threshold":0.5, "max_graceful_termination_sec":600},
      "auto_upgrade":{"enabled":false, "maintenance_window":{"start_hour":0, "day":"any"}},
      "upgrade_available":true, "feature_gates":[], "admission_plugins":[], "open_id_connect_config":{"issuer_url":"",
      "client_id":"", "username_claim":"", "username_prefix":"", "groups_claim":[],
      "groups_prefix":"", "required_claim":[]}, "apiserver_cert_sans":[], "private_network_id":"d7bb7e88-88bd-4697-8474-bcb985c06a19",
      "commitment_ends_at":"2025-10-15T16:31:46.216293Z", "acl_available":true, "iam_nodes_group_id":"8d0d284f-c626-468c-8187-aa5cea64a42d",
      "new_images_enabled":true, "pod_cidr":"", "service_cidr":"", "service_dns_ip":""}'
    form: {}
    headers:
      User-Agent:
      - scaleway-sdk-go/v1.0.0-beta.7+dev (go1.25.0; linux; amd64) cli-e2e-test
    url: https://api.scaleway.com/k8s/v1/regions/fr-par/clusters/8e5d3869-0f67-455c-88c6-3a61f231c392
    method: GET
  response:
    body: '{"region":"fr-par", "id":"8e5d3869-0f67-455c-88c6-3a61f231c392", "organization_id":"9e9389ca-503a-44c3-bbd5-7a3812303bb0",
      "project_id":"9e9389ca-503a-44c3-bbd5-7a3812303bb0", "created_at":"2025-10-15T16:31:46.216284Z",
      "updated_at":"2025-10-15T16:31:46.745888Z", "type":"kapsule", "name":"cli-test-get-kubeconfig-with-flags-and-envs",
      "description":"", "status":"creating", "version":"1.32.3", "cni":"cilium", "tags":[],
      "cluster_url":"https://8e5d3869-0f67-455c-88c6-3a61f231c392.api.k8s.fr-par.scw.cloud:6443",
      "dns_wildcard":"*.8e5d3869-0f67-455c-88c6-3a61f231c392.nodes.k8s.fr-par.scw.cloud",
      "autoscaler_config":{"scale_down_disabled":false, "scale_down_delay_after_add":"10m",
      "estimator":"binpacking", "expander":"random", "ignore_daemonsets_utilization":false,
      "balance_similar_node_groups":false, "expendable_pods_priority_cutoff":-10,
      "scale_down_unneeded_time":"10m", "scale_down_utilization_threshold":0.5, "max_graceful_termination_sec":600},
      "auto_upgrade":{"enabled":false, "maintenance_window":{"start_hour":0, "day":"any"}},
      "upgrade_available":true, "feature_gates":[], "admission_plugins":[], "open_id_connect_config":{"issuer_url":"",
      "client_id":"", "username_claim":"", "username_prefix":"", "groups_claim":[],
      "groups_prefix":"", "required_claim":[]}, "apiserver_cert_sans":[], "private_network_id":"d7bb7e88-88bd-4697-8474-bcb985c06a19",
      "commitment_ends_at":"2025-10-15T16:31:46.216293Z", "acl_available":true, "iam_nodes_group_id":"8d0d284f-c626-468c-8187-aa5cea64a42d",
      "new_images_enabled":true, "pod_cidr":"", "service_cidr":"", "service_dns_ip":""}'
    headers:
      Content-Length:
      - "1579"
      Content-Security-Policy:
      - default-src 'none'; frame-ancestors 'none'
      Content-Type:
      - application/json
      Date:
      - Wed, 15 Oct 2025 16:32:06 GMT
      Server:
      - Scaleway API Gateway (fr-par-2;edge02)
      Strict-Transport-Security:
      - max-age=63072000
      X-Content-Type-Options:
      - nosniff
      X-Frame-Options:
      - DENY
      X-Request-Id:
      - 3445560a-ab03-43cf-a269-59d03ce1e714
    status: 200 OK
    code: 200
    duration: ""
- request:
    body: '{"region":"fr-par", "id":"8e5d3869-0f67-455c-88c6-3a61f231c392", "organization_id":"9e9389ca-503a-44c3-bbd5-7a3812303bb0",
      "project_id":"9e9389ca-503a-44c3-bbd5-7a3812303bb0", "created_at":"2025-10-15T16:31:46.216284Z",
      "updated_at":"2025-10-15T16:31:46.745888Z", "type":"kapsule", "name":"cli-test-get-kubeconfig-with-flags-and-envs",
      "description":"", "status":"creating", "version":"1.32.3", "cni":"cilium", "tags":[],
      "cluster_url":"https://8e5d3869-0f67-455c-88c6-3a61f231c392.api.k8s.fr-par.scw.cloud:6443",
      "dns_wildcard":"*.8e5d3869-0f67-455c-88c6-3a61f231c392.nodes.k8s.fr-par.scw.cloud",
      "autoscaler_config":{"scale_down_disabled":false, "scale_down_delay_after_add":"10m",
      "estimator":"binpacking", "expander":"random", "ignore_daemonsets_utilization":false,
      "balance_similar_node_groups":false, "expendable_pods_priority_cutoff":-10,
      "scale_down_unneeded_time":"10m", "scale_down_utilization_threshold":0.5, "max_graceful_termination_sec":600},
      "auto_upgrade":{"enabled":false, "maintenance_window":{"start_hour":0, "day":"any"}},
      "upgrade_available":true, "feature_gates":[], "admission_plugins":[], "open_id_connect_config":{"issuer_url":"",
      "client_id":"", "username_claim":"", "username_prefix":"", "groups_claim":[],
      "groups_prefix":"", "required_claim":[]}, "apiserver_cert_sans":[], "private_network_id":"d7bb7e88-88bd-4697-8474-bcb985c06a19",
      "commitment_ends_at":"2025-10-15T16:31:46.216293Z", "acl_available":true, "iam_nodes_group_id":"8d0d284f-c626-468c-8187-aa5cea64a42d",
      "new_images_enabled":true, "pod_cidr":"", "service_cidr":"", "service_dns_ip":""}'
    form: {}
    headers:
      User-Agent:
      - scaleway-sdk-go/v1.0.0-beta.7+dev (go1.25.0; linux; amd64) cli-e2e-test
    url: https://api.scaleway.com/k8s/v1/regions/fr-par/clusters/8e5d3869-0f67-455c-88c6-3a61f231c392
    method: GET
  response:
    body: '{"region":"fr-par", "id":"8e5d3869-0f67-455c-88c6-3a61f231c392", "organization_id":"9e9389ca-503a-44c3-bbd5-7a3812303bb0",
      "project_id":"9e9389ca-503a-44c3-bbd5-7a3812303bb0", "created_at":"2025-10-15T16:31:46.216284Z",
      "updated_at":"2025-10-15T16:31:46.745888Z", "type":"kapsule", "name":"cli-test-get-kubeconfig-with-flags-and-envs",
      "description":"", "status":"creating", "version":"1.32.3", "cni":"cilium", "tags":[],
      "cluster_url":"https://8e5d3869-0f67-455c-88c6-3a61f231c392.api.k8s.fr-par.scw.cloud:6443",
      "dns_wildcard":"*.8e5d3869-0f67-455c-88c6-3a61f231c392.nodes.k8s.fr-par.scw.cloud",
      "autoscaler_config":{"scale_down_disabled":false, "scale_down_delay_after_add":"10m",
      "estimator":"binpacking", "expander":"random", "ignore_daemonsets_utilization":false,
      "balance_similar_node_groups":false, "expendable_pods_priority_cutoff":-10,
      "scale_down_unneeded_time":"10m", "scale_down_utilization_threshold":0.5, "max_graceful_termination_sec":600},
      "auto_upgrade":{"enabled":false, "maintenance_window":{"start_hour":0, "day":"any"}},
      "upgrade_available":true, "feature_gates":[], "admission_plugins":[], "open_id_connect_config":{"issuer_url":"",
      "client_id":"", "username_claim":"", "username_prefix":"", "groups_claim":[],
      "groups_prefix":"", "required_claim":[]}, "apiserver_cert_sans":[], "private_network_id":"d7bb7e88-88bd-4697-8474-bcb985c06a19",
      "commitment_ends_at":"2025-10-15T16:31:46.216293Z", "acl_available":true, "iam_nodes_group_id":"8d0d284f-c626-468c-8187-aa5cea64a42d",
      "new_images_enabled":true, "pod_cidr":"", "service_cidr":"", "service_dns_ip":""}'
    headers:
      Content-Length:
      - "1579"
      Content-Security-Policy:
      - default-src 'none'; frame-ancestors 'none'
      Content-Type:
      - application/json
      Date:
      - Wed, 15 Oct 2025 16:32:11 GMT
      Server:
      - Scaleway API Gateway (fr-par-2;edge02)
      Strict-Transport-Security:
      - max-age=63072000
      X-Content-Type-Options:
      - nosniff
      X-Frame-Options:
      - DENY
      X-Request-Id:
      - be1a69a8-64dd-4105-a659-a09ba0a23b4c
    status: 200 OK
    code: 200
    duration: ""
- request:
    body: '{"region":"fr-par", "id":"8e5d3869-0f67-455c-88c6-3a61f231c392", "organization_id":"9e9389ca-503a-44c3-bbd5-7a3812303bb0",
      "project_id":"9e9389ca-503a-44c3-bbd5-7a3812303bb0", "created_at":"2025-10-15T16:31:46.216284Z",
      "updated_at":"2025-10-15T16:31:46.745888Z", "type":"kapsule", "name":"cli-test-get-kubeconfig-with-flags-and-envs",
      "description":"", "status":"creating", "version":"1.32.3", "cni":"cilium", "tags":[],
      "cluster_url":"https://8e5d3869-0f67-455c-88c6-3a61f231c392.api.k8s.fr-par.scw.cloud:6443",
      "dns_wildcard":"*.8e5d3869-0f67-455c-88c6-3a61f231c392.nodes.k8s.fr-par.scw.cloud",
      "autoscaler_config":{"scale_down_disabled":false, "scale_down_delay_after_add":"10m",
      "estimator":"binpacking", "expander":"random", "ignore_daemonsets_utilization":false,
      "balance_similar_node_groups":false, "expendable_pods_priority_cutoff":-10,
      "scale_down_unneeded_time":"10m", "scale_down_utilization_threshold":0.5, "max_graceful_termination_sec":600},
      "auto_upgrade":{"enabled":false, "maintenance_window":{"start_hour":0, "day":"any"}},
      "upgrade_available":true, "feature_gates":[], "admission_plugins":[], "open_id_connect_config":{"issuer_url":"",
      "client_id":"", "username_claim":"", "username_prefix":"", "groups_claim":[],
      "groups_prefix":"", "required_claim":[]}, "apiserver_cert_sans":[], "private_network_id":"d7bb7e88-88bd-4697-8474-bcb985c06a19",
      "commitment_ends_at":"2025-10-15T16:31:46.216293Z", "acl_available":true, "iam_nodes_group_id":"8d0d284f-c626-468c-8187-aa5cea64a42d",
      "new_images_enabled":true, "pod_cidr":"", "service_cidr":"", "service_dns_ip":""}'
    form: {}
    headers:
      User-Agent:
      - scaleway-sdk-go/v1.0.0-beta.7+dev (go1.25.0; linux; amd64) cli-e2e-test
    url: https://api.scaleway.com/k8s/v1/regions/fr-par/clusters/8e5d3869-0f67-455c-88c6-3a61f231c392
    method: GET
  response:
    body: '{"region":"fr-par", "id":"8e5d3869-0f67-455c-88c6-3a61f231c392", "organization_id":"9e9389ca-503a-44c3-bbd5-7a3812303bb0",
      "project_id":"9e9389ca-503a-44c3-bbd5-7a3812303bb0", "created_at":"2025-10-15T16:31:46.216284Z",
      "updated_at":"2025-10-15T16:31:46.745888Z", "type":"kapsule", "name":"cli-test-get-kubeconfig-with-flags-and-envs",
      "description":"", "status":"creating", "version":"1.32.3", "cni":"cilium", "tags":[],
      "cluster_url":"https://8e5d3869-0f67-455c-88c6-3a61f231c392.api.k8s.fr-par.scw.cloud:6443",
      "dns_wildcard":"*.8e5d3869-0f67-455c-88c6-3a61f231c392.nodes.k8s.fr-par.scw.cloud",
      "autoscaler_config":{"scale_down_disabled":false, "scale_down_delay_after_add":"10m",
      "estimator":"binpacking", "expander":"random", "ignore_daemonsets_utilization":false,
      "balance_similar_node_groups":false, "expendable_pods_priority_cutoff":-10,
      "scale_down_unneeded_time":"10m", "scale_down_utilization_threshold":0.5, "max_graceful_termination_sec":600},
      "auto_upgrade":{"enabled":false, "maintenance_window":{"start_hour":0, "day":"any"}},
      "upgrade_available":true, "feature_gates":[], "admission_plugins":[], "open_id_connect_config":{"issuer_url":"",
      "client_id":"", "username_claim":"", "username_prefix":"", "groups_claim":[],
      "groups_prefix":"", "required_claim":[]}, "apiserver_cert_sans":[], "private_network_id":"d7bb7e88-88bd-4697-8474-bcb985c06a19",
      "commitment_ends_at":"2025-10-15T16:31:46.216293Z", "acl_available":true, "iam_nodes_group_id":"8d0d284f-c626-468c-8187-aa5cea64a42d",
      "new_images_enabled":true, "pod_cidr":"", "service_cidr":"", "service_dns_ip":""}'
    headers:
      Content-Length:
      - "1579"
      Content-Security-Policy:
      - default-src 'none'; frame-ancestors 'none'
      Content-Type:
      - application/json
      Date:
      - Wed, 15 Oct 2025 16:32:16 GMT
      Server:
      - Scaleway API Gateway (fr-par-2;edge02)
      Strict-Transport-Security:
      - max-age=63072000
      X-Content-Type-Options:
      - nosniff
      X-Frame-Options:
      - DENY
      X-Request-Id:
      - 5889937a-84ed-4176-bff9-20eb4412cd37
    status: 200 OK
    code: 200
    duration: ""
- request:
    body: '{"region":"fr-par", "id":"8e5d3869-0f67-455c-88c6-3a61f231c392", "organization_id":"9e9389ca-503a-44c3-bbd5-7a3812303bb0",
      "project_id":"9e9389ca-503a-44c3-bbd5-7a3812303bb0", "created_at":"2025-10-15T16:31:46.216284Z",
      "updated_at":"2025-10-15T16:31:46.745888Z", "type":"kapsule", "name":"cli-test-get-kubeconfig-with-flags-and-envs",
      "description":"", "status":"creating", "version":"1.32.3", "cni":"cilium", "tags":[],
      "cluster_url":"https://8e5d3869-0f67-455c-88c6-3a61f231c392.api.k8s.fr-par.scw.cloud:6443",
      "dns_wildcard":"*.8e5d3869-0f67-455c-88c6-3a61f231c392.nodes.k8s.fr-par.scw.cloud",
      "autoscaler_config":{"scale_down_disabled":false, "scale_down_delay_after_add":"10m",
      "estimator":"binpacking", "expander":"random", "ignore_daemonsets_utilization":false,
      "balance_similar_node_groups":false, "expendable_pods_priority_cutoff":-10,
      "scale_down_unneeded_time":"10m", "scale_down_utilization_threshold":0.5, "max_graceful_termination_sec":600},
      "auto_upgrade":{"enabled":false, "maintenance_window":{"start_hour":0, "day":"any"}},
      "upgrade_available":true, "feature_gates":[], "admission_plugins":[], "open_id_connect_config":{"issuer_url":"",
      "client_id":"", "username_claim":"", "username_prefix":"", "groups_claim":[],
      "groups_prefix":"", "required_claim":[]}, "apiserver_cert_sans":[], "private_network_id":"d7bb7e88-88bd-4697-8474-bcb985c06a19",
      "commitment_ends_at":"2025-10-15T16:31:46.216293Z", "acl_available":true, "iam_nodes_group_id":"8d0d284f-c626-468c-8187-aa5cea64a42d",
      "new_images_enabled":true, "pod_cidr":"", "service_cidr":"", "service_dns_ip":""}'
    form: {}
    headers:
      User-Agent:
      - scaleway-sdk-go/v1.0.0-beta.7+dev (go1.25.0; linux; amd64) cli-e2e-test
    url: https://api.scaleway.com/k8s/v1/regions/fr-par/clusters/8e5d3869-0f67-455c-88c6-3a61f231c392
    method: GET
  response:
    body: '{"region":"fr-par", "id":"8e5d3869-0f67-455c-88c6-3a61f231c392", "organization_id":"9e9389ca-503a-44c3-bbd5-7a3812303bb0",
      "project_id":"9e9389ca-503a-44c3-bbd5-7a3812303bb0", "created_at":"2025-10-15T16:31:46.216284Z",
      "updated_at":"2025-10-15T16:31:46.745888Z", "type":"kapsule", "name":"cli-test-get-kubeconfig-with-flags-and-envs",
      "description":"", "status":"creating", "version":"1.32.3", "cni":"cilium", "tags":[],
      "cluster_url":"https://8e5d3869-0f67-455c-88c6-3a61f231c392.api.k8s.fr-par.scw.cloud:6443",
      "dns_wildcard":"*.8e5d3869-0f67-455c-88c6-3a61f231c392.nodes.k8s.fr-par.scw.cloud",
      "autoscaler_config":{"scale_down_disabled":false, "scale_down_delay_after_add":"10m",
      "estimator":"binpacking", "expander":"random", "ignore_daemonsets_utilization":false,
      "balance_similar_node_groups":false, "expendable_pods_priority_cutoff":-10,
      "scale_down_unneeded_time":"10m", "scale_down_utilization_threshold":0.5, "max_graceful_termination_sec":600},
      "auto_upgrade":{"enabled":false, "maintenance_window":{"start_hour":0, "day":"any"}},
      "upgrade_available":true, "feature_gates":[], "admission_plugins":[], "open_id_connect_config":{"issuer_url":"",
      "client_id":"", "username_claim":"", "username_prefix":"", "groups_claim":[],
      "groups_prefix":"", "required_claim":[]}, "apiserver_cert_sans":[], "private_network_id":"d7bb7e88-88bd-4697-8474-bcb985c06a19",
      "commitment_ends_at":"2025-10-15T16:31:46.216293Z", "acl_available":true, "iam_nodes_group_id":"8d0d284f-c626-468c-8187-aa5cea64a42d",
      "new_images_enabled":true, "pod_cidr":"", "service_cidr":"", "service_dns_ip":""}'
    headers:
      Content-Length:
      - "1579"
      Content-Security-Policy:
      - default-src 'none'; frame-ancestors 'none'
      Content-Type:
      - application/json
      Date:
      - Wed, 15 Oct 2025 16:32:21 GMT
      Server:
      - Scaleway API Gateway (fr-par-2;edge02)
      Strict-Transport-Security:
      - max-age=63072000
      X-Content-Type-Options:
      - nosniff
      X-Frame-Options:
      - DENY
      X-Request-Id:
      - c402a2cc-d1b9-4611-b69b-d9131b2bc6e5
    status: 200 OK
    code: 200
    duration: ""
- request:
    body: '{"region":"fr-par", "id":"8e5d3869-0f67-455c-88c6-3a61f231c392", "organization_id":"9e9389ca-503a-44c3-bbd5-7a3812303bb0",
      "project_id":"9e9389ca-503a-44c3-bbd5-7a3812303bb0", "created_at":"2025-10-15T16:31:46.216284Z",
      "updated_at":"2025-10-15T16:31:46.745888Z", "type":"kapsule", "name":"cli-test-get-kubeconfig-with-flags-and-envs",
      "description":"", "status":"creating", "version":"1.32.3", "cni":"cilium", "tags":[],
      "cluster_url":"https://8e5d3869-0f67-455c-88c6-3a61f231c392.api.k8s.fr-par.scw.cloud:6443",
      "dns_wildcard":"*.8e5d3869-0f67-455c-88c6-3a61f231c392.nodes.k8s.fr-par.scw.cloud",
      "autoscaler_config":{"scale_down_disabled":false, "scale_down_delay_after_add":"10m",
      "estimator":"binpacking", "expander":"random", "ignore_daemonsets_utilization":false,
      "balance_similar_node_groups":false, "expendable_pods_priority_cutoff":-10,
      "scale_down_unneeded_time":"10m", "scale_down_utilization_threshold":0.5, "max_graceful_termination_sec":600},
      "auto_upgrade":{"enabled":false, "maintenance_window":{"start_hour":0, "day":"any"}},
      "upgrade_available":true, "feature_gates":[], "admission_plugins":[], "open_id_connect_config":{"issuer_url":"",
      "client_id":"", "username_claim":"", "username_prefix":"", "groups_claim":[],
      "groups_prefix":"", "required_claim":[]}, "apiserver_cert_sans":[], "private_network_id":"d7bb7e88-88bd-4697-8474-bcb985c06a19",
      "commitment_ends_at":"2025-10-15T16:31:46.216293Z", "acl_available":true, "iam_nodes_group_id":"8d0d284f-c626-468c-8187-aa5cea64a42d",
      "new_images_enabled":true, "pod_cidr":"", "service_cidr":"", "service_dns_ip":""}'
    form: {}
    headers:
      User-Agent:
      - scaleway-sdk-go/v1.0.0-beta.7+dev (go1.25.0; linux; amd64) cli-e2e-test
    url: https://api.scaleway.com/k8s/v1/regions/fr-par/clusters/8e5d3869-0f67-455c-88c6-3a61f231c392
    method: GET
  response:
    body: '{"region":"fr-par", "id":"8e5d3869-0f67-455c-88c6-3a61f231c392", "organization_id":"9e9389ca-503a-44c3-bbd5-7a3812303bb0",
      "project_id":"9e9389ca-503a-44c3-bbd5-7a3812303bb0", "created_at":"2025-10-15T16:31:46.216284Z",
      "updated_at":"2025-10-15T16:31:46.745888Z", "type":"kapsule", "name":"cli-test-get-kubeconfig-with-flags-and-envs",
      "description":"", "status":"creating", "version":"1.32.3", "cni":"cilium", "tags":[],
      "cluster_url":"https://8e5d3869-0f67-455c-88c6-3a61f231c392.api.k8s.fr-par.scw.cloud:6443",
      "dns_wildcard":"*.8e5d3869-0f67-455c-88c6-3a61f231c392.nodes.k8s.fr-par.scw.cloud",
      "autoscaler_config":{"scale_down_disabled":false, "scale_down_delay_after_add":"10m",
      "estimator":"binpacking", "expander":"random", "ignore_daemonsets_utilization":false,
      "balance_similar_node_groups":false, "expendable_pods_priority_cutoff":-10,
      "scale_down_unneeded_time":"10m", "scale_down_utilization_threshold":0.5, "max_graceful_termination_sec":600},
      "auto_upgrade":{"enabled":false, "maintenance_window":{"start_hour":0, "day":"any"}},
      "upgrade_available":true, "feature_gates":[], "admission_plugins":[], "open_id_connect_config":{"issuer_url":"",
      "client_id":"", "username_claim":"", "username_prefix":"", "groups_claim":[],
      "groups_prefix":"", "required_claim":[]}, "apiserver_cert_sans":[], "private_network_id":"d7bb7e88-88bd-4697-8474-bcb985c06a19",
      "commitment_ends_at":"2025-10-15T16:31:46.216293Z", "acl_available":true, "iam_nodes_group_id":"8d0d284f-c626-468c-8187-aa5cea64a42d",
      "new_images_enabled":true, "pod_cidr":"", "service_cidr":"", "service_dns_ip":""}'
    headers:
      Content-Length:
      - "1579"
      Content-Security-Policy:
      - default-src 'none'; frame-ancestors 'none'
      Content-Type:
      - application/json
      Date:
      - Wed, 15 Oct 2025 16:32:26 GMT
      Server:
      - Scaleway API Gateway (fr-par-2;edge02)
      Strict-Transport-Security:
      - max-age=63072000
      X-Content-Type-Options:
      - nosniff
      X-Frame-Options:
      - DENY
      X-Request-Id:
      - ad9a7f8e-6e7b-447d-8496-f3c1d57adb82
    status: 200 OK
    code: 200
    duration: ""
- request:
    body: '{"region":"fr-par", "id":"8e5d3869-0f67-455c-88c6-3a61f231c392", "organization_id":"9e9389ca-503a-44c3-bbd5-7a3812303bb0",
      "project_id":"9e9389ca-503a-44c3-bbd5-7a3812303bb0", "created_at":"2025-10-15T16:31:46.216284Z",
      "updated_at":"2025-10-15T16:31:46.745888Z", "type":"kapsule", "name":"cli-test-get-kubeconfig-with-flags-and-envs",
      "description":"", "status":"creating", "version":"1.32.3", "cni":"cilium", "tags":[],
      "cluster_url":"https://8e5d3869-0f67-455c-88c6-3a61f231c392.api.k8s.fr-par.scw.cloud:6443",
      "dns_wildcard":"*.8e5d3869-0f67-455c-88c6-3a61f231c392.nodes.k8s.fr-par.scw.cloud",
      "autoscaler_config":{"scale_down_disabled":false, "scale_down_delay_after_add":"10m",
      "estimator":"binpacking", "expander":"random", "ignore_daemonsets_utilization":false,
      "balance_similar_node_groups":false, "expendable_pods_priority_cutoff":-10,
      "scale_down_unneeded_time":"10m", "scale_down_utilization_threshold":0.5, "max_graceful_termination_sec":600},
      "auto_upgrade":{"enabled":false, "maintenance_window":{"start_hour":0, "day":"any"}},
      "upgrade_available":true, "feature_gates":[], "admission_plugins":[], "open_id_connect_config":{"issuer_url":"",
      "client_id":"", "username_claim":"", "username_prefix":"", "groups_claim":[],
      "groups_prefix":"", "required_claim":[]}, "apiserver_cert_sans":[], "private_network_id":"d7bb7e88-88bd-4697-8474-bcb985c06a19",
      "commitment_ends_at":"2025-10-15T16:31:46.216293Z", "acl_available":true, "iam_nodes_group_id":"8d0d284f-c626-468c-8187-aa5cea64a42d",
      "new_images_enabled":true, "pod_cidr":"", "service_cidr":"", "service_dns_ip":""}'
    form: {}
    headers:
      User-Agent:
      - scaleway-sdk-go/v1.0.0-beta.7+dev (go1.25.0; linux; amd64) cli-e2e-test
    url: https://api.scaleway.com/k8s/v1/regions/fr-par/clusters/8e5d3869-0f67-455c-88c6-3a61f231c392
    method: GET
  response:
    body: '{"region":"fr-par", "id":"8e5d3869-0f67-455c-88c6-3a61f231c392", "organization_id":"9e9389ca-503a-44c3-bbd5-7a3812303bb0",
      "project_id":"9e9389ca-503a-44c3-bbd5-7a3812303bb0", "created_at":"2025-10-15T16:31:46.216284Z",
      "updated_at":"2025-10-15T16:31:46.745888Z", "type":"kapsule", "name":"cli-test-get-kubeconfig-with-flags-and-envs",
      "description":"", "status":"creating", "version":"1.32.3", "cni":"cilium", "tags":[],
      "cluster_url":"https://8e5d3869-0f67-455c-88c6-3a61f231c392.api.k8s.fr-par.scw.cloud:6443",
      "dns_wildcard":"*.8e5d3869-0f67-455c-88c6-3a61f231c392.nodes.k8s.fr-par.scw.cloud",
      "autoscaler_config":{"scale_down_disabled":false, "scale_down_delay_after_add":"10m",
      "estimator":"binpacking", "expander":"random", "ignore_daemonsets_utilization":false,
      "balance_similar_node_groups":false, "expendable_pods_priority_cutoff":-10,
      "scale_down_unneeded_time":"10m", "scale_down_utilization_threshold":0.5, "max_graceful_termination_sec":600},
      "auto_upgrade":{"enabled":false, "maintenance_window":{"start_hour":0, "day":"any"}},
      "upgrade_available":true, "feature_gates":[], "admission_plugins":[], "open_id_connect_config":{"issuer_url":"",
      "client_id":"", "username_claim":"", "username_prefix":"", "groups_claim":[],
      "groups_prefix":"", "required_claim":[]}, "apiserver_cert_sans":[], "private_network_id":"d7bb7e88-88bd-4697-8474-bcb985c06a19",
      "commitment_ends_at":"2025-10-15T16:31:46.216293Z", "acl_available":true, "iam_nodes_group_id":"8d0d284f-c626-468c-8187-aa5cea64a42d",
      "new_images_enabled":true, "pod_cidr":"", "service_cidr":"", "service_dns_ip":""}'
    headers:
      Content-Length:
      - "1579"
      Content-Security-Policy:
      - default-src 'none'; frame-ancestors 'none'
      Content-Type:
      - application/json
      Date:
      - Wed, 15 Oct 2025 16:32:32 GMT
      Server:
      - Scaleway API Gateway (fr-par-2;edge02)
      Strict-Transport-Security:
      - max-age=63072000
      X-Content-Type-Options:
      - nosniff
      X-Frame-Options:
      - DENY
      X-Request-Id:
      - 38f56910-3378-48e6-bbde-68f305d7bae5
    status: 200 OK
    code: 200
    duration: ""
- request:
    body: '{"region":"fr-par", "id":"8e5d3869-0f67-455c-88c6-3a61f231c392", "organization_id":"9e9389ca-503a-44c3-bbd5-7a3812303bb0",
      "project_id":"9e9389ca-503a-44c3-bbd5-7a3812303bb0", "created_at":"2025-10-15T16:31:46.216284Z",
      "updated_at":"2025-10-15T16:31:46.745888Z", "type":"kapsule", "name":"cli-test-get-kubeconfig-with-flags-and-envs",
      "description":"", "status":"creating", "version":"1.32.3", "cni":"cilium", "tags":[],
      "cluster_url":"https://8e5d3869-0f67-455c-88c6-3a61f231c392.api.k8s.fr-par.scw.cloud:6443",
      "dns_wildcard":"*.8e5d3869-0f67-455c-88c6-3a61f231c392.nodes.k8s.fr-par.scw.cloud",
      "autoscaler_config":{"scale_down_disabled":false, "scale_down_delay_after_add":"10m",
      "estimator":"binpacking", "expander":"random", "ignore_daemonsets_utilization":false,
      "balance_similar_node_groups":false, "expendable_pods_priority_cutoff":-10,
      "scale_down_unneeded_time":"10m", "scale_down_utilization_threshold":0.5, "max_graceful_termination_sec":600},
      "auto_upgrade":{"enabled":false, "maintenance_window":{"start_hour":0, "day":"any"}},
      "upgrade_available":true, "feature_gates":[], "admission_plugins":[], "open_id_connect_config":{"issuer_url":"",
      "client_id":"", "username_claim":"", "username_prefix":"", "groups_claim":[],
      "groups_prefix":"", "required_claim":[]}, "apiserver_cert_sans":[], "private_network_id":"d7bb7e88-88bd-4697-8474-bcb985c06a19",
      "commitment_ends_at":"2025-10-15T16:31:46.216293Z", "acl_available":true, "iam_nodes_group_id":"8d0d284f-c626-468c-8187-aa5cea64a42d",
      "new_images_enabled":true, "pod_cidr":"", "service_cidr":"", "service_dns_ip":""}'
    form: {}
    headers:
      User-Agent:
      - scaleway-sdk-go/v1.0.0-beta.7+dev (go1.25.0; linux; amd64) cli-e2e-test
    url: https://api.scaleway.com/k8s/v1/regions/fr-par/clusters/8e5d3869-0f67-455c-88c6-3a61f231c392
    method: GET
  response:
    body: '{"region":"fr-par", "id":"8e5d3869-0f67-455c-88c6-3a61f231c392", "organization_id":"9e9389ca-503a-44c3-bbd5-7a3812303bb0",
      "project_id":"9e9389ca-503a-44c3-bbd5-7a3812303bb0", "created_at":"2025-10-15T16:31:46.216284Z",
      "updated_at":"2025-10-15T16:31:46.745888Z", "type":"kapsule", "name":"cli-test-get-kubeconfig-with-flags-and-envs",
      "description":"", "status":"creating", "version":"1.32.3", "cni":"cilium", "tags":[],
      "cluster_url":"https://8e5d3869-0f67-455c-88c6-3a61f231c392.api.k8s.fr-par.scw.cloud:6443",
      "dns_wildcard":"*.8e5d3869-0f67-455c-88c6-3a61f231c392.nodes.k8s.fr-par.scw.cloud",
      "autoscaler_config":{"scale_down_disabled":false, "scale_down_delay_after_add":"10m",
      "estimator":"binpacking", "expander":"random", "ignore_daemonsets_utilization":false,
      "balance_similar_node_groups":false, "expendable_pods_priority_cutoff":-10,
      "scale_down_unneeded_time":"10m", "scale_down_utilization_threshold":0.5, "max_graceful_termination_sec":600},
      "auto_upgrade":{"enabled":false, "maintenance_window":{"start_hour":0, "day":"any"}},
      "upgrade_available":true, "feature_gates":[], "admission_plugins":[], "open_id_connect_config":{"issuer_url":"",
      "client_id":"", "username_claim":"", "username_prefix":"", "groups_claim":[],
      "groups_prefix":"", "required_claim":[]}, "apiserver_cert_sans":[], "private_network_id":"d7bb7e88-88bd-4697-8474-bcb985c06a19",
      "commitment_ends_at":"2025-10-15T16:31:46.216293Z", "acl_available":true, "iam_nodes_group_id":"8d0d284f-c626-468c-8187-aa5cea64a42d",
      "new_images_enabled":true, "pod_cidr":"", "service_cidr":"", "service_dns_ip":""}'
    headers:
      Content-Length:
      - "1579"
      Content-Security-Policy:
      - default-src 'none'; frame-ancestors 'none'
      Content-Type:
      - application/json
      Date:
      - Wed, 15 Oct 2025 16:32:37 GMT
      Server:
      - Scaleway API Gateway (fr-par-2;edge02)
      Strict-Transport-Security:
      - max-age=63072000
      X-Content-Type-Options:
      - nosniff
      X-Frame-Options:
      - DENY
      X-Request-Id:
      - 04efee30-9ce8-4ef9-a932-56af124d7eaf
    status: 200 OK
    code: 200
    duration: ""
- request:
    body: '{"region":"fr-par", "id":"8e5d3869-0f67-455c-88c6-3a61f231c392", "organization_id":"9e9389ca-503a-44c3-bbd5-7a3812303bb0",
      "project_id":"9e9389ca-503a-44c3-bbd5-7a3812303bb0", "created_at":"2025-10-15T16:31:46.216284Z",
      "updated_at":"2025-10-15T16:31:46.745888Z", "type":"kapsule", "name":"cli-test-get-kubeconfig-with-flags-and-envs",
      "description":"", "status":"creating", "version":"1.32.3", "cni":"cilium", "tags":[],
      "cluster_url":"https://8e5d3869-0f67-455c-88c6-3a61f231c392.api.k8s.fr-par.scw.cloud:6443",
      "dns_wildcard":"*.8e5d3869-0f67-455c-88c6-3a61f231c392.nodes.k8s.fr-par.scw.cloud",
      "autoscaler_config":{"scale_down_disabled":false, "scale_down_delay_after_add":"10m",
      "estimator":"binpacking", "expander":"random", "ignore_daemonsets_utilization":false,
      "balance_similar_node_groups":false, "expendable_pods_priority_cutoff":-10,
      "scale_down_unneeded_time":"10m", "scale_down_utilization_threshold":0.5, "max_graceful_termination_sec":600},
      "auto_upgrade":{"enabled":false, "maintenance_window":{"start_hour":0, "day":"any"}},
      "upgrade_available":true, "feature_gates":[], "admission_plugins":[], "open_id_connect_config":{"issuer_url":"",
      "client_id":"", "username_claim":"", "username_prefix":"", "groups_claim":[],
      "groups_prefix":"", "required_claim":[]}, "apiserver_cert_sans":[], "private_network_id":"d7bb7e88-88bd-4697-8474-bcb985c06a19",
      "commitment_ends_at":"2025-10-15T16:31:46.216293Z", "acl_available":true, "iam_nodes_group_id":"8d0d284f-c626-468c-8187-aa5cea64a42d",
      "new_images_enabled":true, "pod_cidr":"", "service_cidr":"", "service_dns_ip":""}'
    form: {}
    headers:
      User-Agent:
      - scaleway-sdk-go/v1.0.0-beta.7+dev (go1.25.0; linux; amd64) cli-e2e-test
    url: https://api.scaleway.com/k8s/v1/regions/fr-par/clusters/8e5d3869-0f67-455c-88c6-3a61f231c392
    method: GET
  response:
    body: '{"region":"fr-par", "id":"8e5d3869-0f67-455c-88c6-3a61f231c392", "organization_id":"9e9389ca-503a-44c3-bbd5-7a3812303bb0",
      "project_id":"9e9389ca-503a-44c3-bbd5-7a3812303bb0", "created_at":"2025-10-15T16:31:46.216284Z",
      "updated_at":"2025-10-15T16:31:46.745888Z", "type":"kapsule", "name":"cli-test-get-kubeconfig-with-flags-and-envs",
      "description":"", "status":"creating", "version":"1.32.3", "cni":"cilium", "tags":[],
      "cluster_url":"https://8e5d3869-0f67-455c-88c6-3a61f231c392.api.k8s.fr-par.scw.cloud:6443",
      "dns_wildcard":"*.8e5d3869-0f67-455c-88c6-3a61f231c392.nodes.k8s.fr-par.scw.cloud",
      "autoscaler_config":{"scale_down_disabled":false, "scale_down_delay_after_add":"10m",
      "estimator":"binpacking", "expander":"random", "ignore_daemonsets_utilization":false,
      "balance_similar_node_groups":false, "expendable_pods_priority_cutoff":-10,
      "scale_down_unneeded_time":"10m", "scale_down_utilization_threshold":0.5, "max_graceful_termination_sec":600},
      "auto_upgrade":{"enabled":false, "maintenance_window":{"start_hour":0, "day":"any"}},
      "upgrade_available":true, "feature_gates":[], "admission_plugins":[], "open_id_connect_config":{"issuer_url":"",
      "client_id":"", "username_claim":"", "username_prefix":"", "groups_claim":[],
      "groups_prefix":"", "required_claim":[]}, "apiserver_cert_sans":[], "private_network_id":"d7bb7e88-88bd-4697-8474-bcb985c06a19",
      "commitment_ends_at":"2025-10-15T16:31:46.216293Z", "acl_available":true, "iam_nodes_group_id":"8d0d284f-c626-468c-8187-aa5cea64a42d",
      "new_images_enabled":true, "pod_cidr":"", "service_cidr":"", "service_dns_ip":""}'
    headers:
      Content-Length:
      - "1579"
      Content-Security-Policy:
      - default-src 'none'; frame-ancestors 'none'
      Content-Type:
      - application/json
      Date:
      - Wed, 15 Oct 2025 16:32:42 GMT
      Server:
      - Scaleway API Gateway (fr-par-2;edge02)
      Strict-Transport-Security:
      - max-age=63072000
      X-Content-Type-Options:
      - nosniff
      X-Frame-Options:
      - DENY
      X-Request-Id:
      - 8e44050b-eb9a-4b4c-8565-29480d464f16
    status: 200 OK
    code: 200
    duration: ""
- request:
    body: '{"region":"fr-par", "id":"8e5d3869-0f67-455c-88c6-3a61f231c392", "organization_id":"9e9389ca-503a-44c3-bbd5-7a3812303bb0",
      "project_id":"9e9389ca-503a-44c3-bbd5-7a3812303bb0", "created_at":"2025-10-15T16:31:46.216284Z",
      "updated_at":"2025-10-15T16:31:46.745888Z", "type":"kapsule", "name":"cli-test-get-kubeconfig-with-flags-and-envs",
      "description":"", "status":"creating", "version":"1.32.3", "cni":"cilium", "tags":[],
      "cluster_url":"https://8e5d3869-0f67-455c-88c6-3a61f231c392.api.k8s.fr-par.scw.cloud:6443",
      "dns_wildcard":"*.8e5d3869-0f67-455c-88c6-3a61f231c392.nodes.k8s.fr-par.scw.cloud",
      "autoscaler_config":{"scale_down_disabled":false, "scale_down_delay_after_add":"10m",
      "estimator":"binpacking", "expander":"random", "ignore_daemonsets_utilization":false,
      "balance_similar_node_groups":false, "expendable_pods_priority_cutoff":-10,
      "scale_down_unneeded_time":"10m", "scale_down_utilization_threshold":0.5, "max_graceful_termination_sec":600},
      "auto_upgrade":{"enabled":false, "maintenance_window":{"start_hour":0, "day":"any"}},
      "upgrade_available":true, "feature_gates":[], "admission_plugins":[], "open_id_connect_config":{"issuer_url":"",
      "client_id":"", "username_claim":"", "username_prefix":"", "groups_claim":[],
      "groups_prefix":"", "required_claim":[]}, "apiserver_cert_sans":[], "private_network_id":"d7bb7e88-88bd-4697-8474-bcb985c06a19",
      "commitment_ends_at":"2025-10-15T16:31:46.216293Z", "acl_available":true, "iam_nodes_group_id":"8d0d284f-c626-468c-8187-aa5cea64a42d",
      "new_images_enabled":true, "pod_cidr":"", "service_cidr":"", "service_dns_ip":""}'
    form: {}
    headers:
      User-Agent:
      - scaleway-sdk-go/v1.0.0-beta.7+dev (go1.25.0; linux; amd64) cli-e2e-test
    url: https://api.scaleway.com/k8s/v1/regions/fr-par/clusters/8e5d3869-0f67-455c-88c6-3a61f231c392
    method: GET
  response:
    body: '{"region":"fr-par", "id":"8e5d3869-0f67-455c-88c6-3a61f231c392", "organization_id":"9e9389ca-503a-44c3-bbd5-7a3812303bb0",
      "project_id":"9e9389ca-503a-44c3-bbd5-7a3812303bb0", "created_at":"2025-10-15T16:31:46.216284Z",
      "updated_at":"2025-10-15T16:31:46.745888Z", "type":"kapsule", "name":"cli-test-get-kubeconfig-with-flags-and-envs",
      "description":"", "status":"creating", "version":"1.32.3", "cni":"cilium", "tags":[],
      "cluster_url":"https://8e5d3869-0f67-455c-88c6-3a61f231c392.api.k8s.fr-par.scw.cloud:6443",
      "dns_wildcard":"*.8e5d3869-0f67-455c-88c6-3a61f231c392.nodes.k8s.fr-par.scw.cloud",
      "autoscaler_config":{"scale_down_disabled":false, "scale_down_delay_after_add":"10m",
      "estimator":"binpacking", "expander":"random", "ignore_daemonsets_utilization":false,
      "balance_similar_node_groups":false, "expendable_pods_priority_cutoff":-10,
      "scale_down_unneeded_time":"10m", "scale_down_utilization_threshold":0.5, "max_graceful_termination_sec":600},
      "auto_upgrade":{"enabled":false, "maintenance_window":{"start_hour":0, "day":"any"}},
      "upgrade_available":true, "feature_gates":[], "admission_plugins":[], "open_id_connect_config":{"issuer_url":"",
      "client_id":"", "username_claim":"", "username_prefix":"", "groups_claim":[],
      "groups_prefix":"", "required_claim":[]}, "apiserver_cert_sans":[], "private_network_id":"d7bb7e88-88bd-4697-8474-bcb985c06a19",
      "commitment_ends_at":"2025-10-15T16:31:46.216293Z", "acl_available":true, "iam_nodes_group_id":"8d0d284f-c626-468c-8187-aa5cea64a42d",
      "new_images_enabled":true, "pod_cidr":"", "service_cidr":"", "service_dns_ip":""}'
    headers:
      Content-Length:
      - "1579"
      Content-Security-Policy:
      - default-src 'none'; frame-ancestors 'none'
      Content-Type:
      - application/json
      Date:
      - Wed, 15 Oct 2025 16:32:47 GMT
      Server:
      - Scaleway API Gateway (fr-par-2;edge02)
      Strict-Transport-Security:
      - max-age=63072000
      X-Content-Type-Options:
      - nosniff
      X-Frame-Options:
      - DENY
      X-Request-Id:
      - 61d10ecf-cb24-4f55-be06-92dd1f8f24bc
    status: 200 OK
    code: 200
    duration: ""
- request:
    body: '{"region":"fr-par", "id":"8e5d3869-0f67-455c-88c6-3a61f231c392", "organization_id":"9e9389ca-503a-44c3-bbd5-7a3812303bb0",
      "project_id":"9e9389ca-503a-44c3-bbd5-7a3812303bb0", "created_at":"2025-10-15T16:31:46.216284Z",
      "updated_at":"2025-10-15T16:31:46.745888Z", "type":"kapsule", "name":"cli-test-get-kubeconfig-with-flags-and-envs",
      "description":"", "status":"creating", "version":"1.32.3", "cni":"cilium", "tags":[],
      "cluster_url":"https://8e5d3869-0f67-455c-88c6-3a61f231c392.api.k8s.fr-par.scw.cloud:6443",
      "dns_wildcard":"*.8e5d3869-0f67-455c-88c6-3a61f231c392.nodes.k8s.fr-par.scw.cloud",
      "autoscaler_config":{"scale_down_disabled":false, "scale_down_delay_after_add":"10m",
      "estimator":"binpacking", "expander":"random", "ignore_daemonsets_utilization":false,
      "balance_similar_node_groups":false, "expendable_pods_priority_cutoff":-10,
      "scale_down_unneeded_time":"10m", "scale_down_utilization_threshold":0.5, "max_graceful_termination_sec":600},
      "auto_upgrade":{"enabled":false, "maintenance_window":{"start_hour":0, "day":"any"}},
      "upgrade_available":true, "feature_gates":[], "admission_plugins":[], "open_id_connect_config":{"issuer_url":"",
      "client_id":"", "username_claim":"", "username_prefix":"", "groups_claim":[],
      "groups_prefix":"", "required_claim":[]}, "apiserver_cert_sans":[], "private_network_id":"d7bb7e88-88bd-4697-8474-bcb985c06a19",
      "commitment_ends_at":"2025-10-15T16:31:46.216293Z", "acl_available":true, "iam_nodes_group_id":"8d0d284f-c626-468c-8187-aa5cea64a42d",
      "new_images_enabled":true, "pod_cidr":"", "service_cidr":"", "service_dns_ip":""}'
    form: {}
    headers:
      User-Agent:
      - scaleway-sdk-go/v1.0.0-beta.7+dev (go1.25.0; linux; amd64) cli-e2e-test
    url: https://api.scaleway.com/k8s/v1/regions/fr-par/clusters/8e5d3869-0f67-455c-88c6-3a61f231c392
    method: GET
  response:
    body: '{"region":"fr-par", "id":"8e5d3869-0f67-455c-88c6-3a61f231c392", "organization_id":"9e9389ca-503a-44c3-bbd5-7a3812303bb0",
      "project_id":"9e9389ca-503a-44c3-bbd5-7a3812303bb0", "created_at":"2025-10-15T16:31:46.216284Z",
      "updated_at":"2025-10-15T16:31:46.745888Z", "type":"kapsule", "name":"cli-test-get-kubeconfig-with-flags-and-envs",
      "description":"", "status":"creating", "version":"1.32.3", "cni":"cilium", "tags":[],
      "cluster_url":"https://8e5d3869-0f67-455c-88c6-3a61f231c392.api.k8s.fr-par.scw.cloud:6443",
      "dns_wildcard":"*.8e5d3869-0f67-455c-88c6-3a61f231c392.nodes.k8s.fr-par.scw.cloud",
      "autoscaler_config":{"scale_down_disabled":false, "scale_down_delay_after_add":"10m",
      "estimator":"binpacking", "expander":"random", "ignore_daemonsets_utilization":false,
      "balance_similar_node_groups":false, "expendable_pods_priority_cutoff":-10,
      "scale_down_unneeded_time":"10m", "scale_down_utilization_threshold":0.5, "max_graceful_termination_sec":600},
      "auto_upgrade":{"enabled":false, "maintenance_window":{"start_hour":0, "day":"any"}},
      "upgrade_available":true, "feature_gates":[], "admission_plugins":[], "open_id_connect_config":{"issuer_url":"",
      "client_id":"", "username_claim":"", "username_prefix":"", "groups_claim":[],
      "groups_prefix":"", "required_claim":[]}, "apiserver_cert_sans":[], "private_network_id":"d7bb7e88-88bd-4697-8474-bcb985c06a19",
      "commitment_ends_at":"2025-10-15T16:31:46.216293Z", "acl_available":true, "iam_nodes_group_id":"8d0d284f-c626-468c-8187-aa5cea64a42d",
      "new_images_enabled":true, "pod_cidr":"", "service_cidr":"", "service_dns_ip":""}'
    headers:
      Content-Length:
      - "1579"
      Content-Security-Policy:
      - default-src 'none'; frame-ancestors 'none'
      Content-Type:
      - application/json
      Date:
      - Wed, 15 Oct 2025 16:32:52 GMT
      Server:
      - Scaleway API Gateway (fr-par-2;edge02)
      Strict-Transport-Security:
      - max-age=63072000
      X-Content-Type-Options:
      - nosniff
      X-Frame-Options:
      - DENY
      X-Request-Id:
      - 294b050f-a1ec-472d-8e68-ebd805f35f81
    status: 200 OK
    code: 200
    duration: ""
- request:
    body: '{"region":"fr-par", "id":"8e5d3869-0f67-455c-88c6-3a61f231c392", "organization_id":"9e9389ca-503a-44c3-bbd5-7a3812303bb0",
      "project_id":"9e9389ca-503a-44c3-bbd5-7a3812303bb0", "created_at":"2025-10-15T16:31:46.216284Z",
      "updated_at":"2025-10-15T16:31:46.745888Z", "type":"kapsule", "name":"cli-test-get-kubeconfig-with-flags-and-envs",
      "description":"", "status":"creating", "version":"1.32.3", "cni":"cilium", "tags":[],
      "cluster_url":"https://8e5d3869-0f67-455c-88c6-3a61f231c392.api.k8s.fr-par.scw.cloud:6443",
      "dns_wildcard":"*.8e5d3869-0f67-455c-88c6-3a61f231c392.nodes.k8s.fr-par.scw.cloud",
      "autoscaler_config":{"scale_down_disabled":false, "scale_down_delay_after_add":"10m",
      "estimator":"binpacking", "expander":"random", "ignore_daemonsets_utilization":false,
      "balance_similar_node_groups":false, "expendable_pods_priority_cutoff":-10,
      "scale_down_unneeded_time":"10m", "scale_down_utilization_threshold":0.5, "max_graceful_termination_sec":600},
      "auto_upgrade":{"enabled":false, "maintenance_window":{"start_hour":0, "day":"any"}},
      "upgrade_available":true, "feature_gates":[], "admission_plugins":[], "open_id_connect_config":{"issuer_url":"",
      "client_id":"", "username_claim":"", "username_prefix":"", "groups_claim":[],
      "groups_prefix":"", "required_claim":[]}, "apiserver_cert_sans":[], "private_network_id":"d7bb7e88-88bd-4697-8474-bcb985c06a19",
      "commitment_ends_at":"2025-10-15T16:31:46.216293Z", "acl_available":true, "iam_nodes_group_id":"8d0d284f-c626-468c-8187-aa5cea64a42d",
      "new_images_enabled":true, "pod_cidr":"", "service_cidr":"", "service_dns_ip":""}'
    form: {}
    headers:
      User-Agent:
      - scaleway-sdk-go/v1.0.0-beta.7+dev (go1.25.0; linux; amd64) cli-e2e-test
    url: https://api.scaleway.com/k8s/v1/regions/fr-par/clusters/8e5d3869-0f67-455c-88c6-3a61f231c392
    method: GET
  response:
    body: '{"region":"fr-par", "id":"8e5d3869-0f67-455c-88c6-3a61f231c392", "organization_id":"9e9389ca-503a-44c3-bbd5-7a3812303bb0",
      "project_id":"9e9389ca-503a-44c3-bbd5-7a3812303bb0", "created_at":"2025-10-15T16:31:46.216284Z",
      "updated_at":"2025-10-15T16:31:46.745888Z", "type":"kapsule", "name":"cli-test-get-kubeconfig-with-flags-and-envs",
      "description":"", "status":"creating", "version":"1.32.3", "cni":"cilium", "tags":[],
      "cluster_url":"https://8e5d3869-0f67-455c-88c6-3a61f231c392.api.k8s.fr-par.scw.cloud:6443",
      "dns_wildcard":"*.8e5d3869-0f67-455c-88c6-3a61f231c392.nodes.k8s.fr-par.scw.cloud",
      "autoscaler_config":{"scale_down_disabled":false, "scale_down_delay_after_add":"10m",
      "estimator":"binpacking", "expander":"random", "ignore_daemonsets_utilization":false,
      "balance_similar_node_groups":false, "expendable_pods_priority_cutoff":-10,
      "scale_down_unneeded_time":"10m", "scale_down_utilization_threshold":0.5, "max_graceful_termination_sec":600},
      "auto_upgrade":{"enabled":false, "maintenance_window":{"start_hour":0, "day":"any"}},
      "upgrade_available":true, "feature_gates":[], "admission_plugins":[], "open_id_connect_config":{"issuer_url":"",
      "client_id":"", "username_claim":"", "username_prefix":"", "groups_claim":[],
      "groups_prefix":"", "required_claim":[]}, "apiserver_cert_sans":[], "private_network_id":"d7bb7e88-88bd-4697-8474-bcb985c06a19",
      "commitment_ends_at":"2025-10-15T16:31:46.216293Z", "acl_available":true, "iam_nodes_group_id":"8d0d284f-c626-468c-8187-aa5cea64a42d",
      "new_images_enabled":true, "pod_cidr":"", "service_cidr":"", "service_dns_ip":""}'
    headers:
      Content-Length:
      - "1579"
      Content-Security-Policy:
      - default-src 'none'; frame-ancestors 'none'
      Content-Type:
      - application/json
      Date:
      - Wed, 15 Oct 2025 16:32:57 GMT
      Server:
      - Scaleway API Gateway (fr-par-2;edge02)
      Strict-Transport-Security:
      - max-age=63072000
      X-Content-Type-Options:
      - nosniff
      X-Frame-Options:
      - DENY
      X-Request-Id:
      - db4be64f-5f86-4484-af45-57571c7a6b03
    status: 200 OK
    code: 200
    duration: ""
- request:
    body: '{"region":"fr-par", "id":"8e5d3869-0f67-455c-88c6-3a61f231c392", "organization_id":"9e9389ca-503a-44c3-bbd5-7a3812303bb0",
      "project_id":"9e9389ca-503a-44c3-bbd5-7a3812303bb0", "created_at":"2025-10-15T16:31:46.216284Z",
      "updated_at":"2025-10-15T16:31:46.745888Z", "type":"kapsule", "name":"cli-test-get-kubeconfig-with-flags-and-envs",
      "description":"", "status":"creating", "version":"1.32.3", "cni":"cilium", "tags":[],
      "cluster_url":"https://8e5d3869-0f67-455c-88c6-3a61f231c392.api.k8s.fr-par.scw.cloud:6443",
      "dns_wildcard":"*.8e5d3869-0f67-455c-88c6-3a61f231c392.nodes.k8s.fr-par.scw.cloud",
      "autoscaler_config":{"scale_down_disabled":false, "scale_down_delay_after_add":"10m",
      "estimator":"binpacking", "expander":"random", "ignore_daemonsets_utilization":false,
      "balance_similar_node_groups":false, "expendable_pods_priority_cutoff":-10,
      "scale_down_unneeded_time":"10m", "scale_down_utilization_threshold":0.5, "max_graceful_termination_sec":600},
      "auto_upgrade":{"enabled":false, "maintenance_window":{"start_hour":0, "day":"any"}},
      "upgrade_available":true, "feature_gates":[], "admission_plugins":[], "open_id_connect_config":{"issuer_url":"",
      "client_id":"", "username_claim":"", "username_prefix":"", "groups_claim":[],
      "groups_prefix":"", "required_claim":[]}, "apiserver_cert_sans":[], "private_network_id":"d7bb7e88-88bd-4697-8474-bcb985c06a19",
      "commitment_ends_at":"2025-10-15T16:31:46.216293Z", "acl_available":true, "iam_nodes_group_id":"8d0d284f-c626-468c-8187-aa5cea64a42d",
      "new_images_enabled":true, "pod_cidr":"", "service_cidr":"", "service_dns_ip":""}'
    form: {}
    headers:
      User-Agent:
      - scaleway-sdk-go/v1.0.0-beta.7+dev (go1.25.0; linux; amd64) cli-e2e-test
    url: https://api.scaleway.com/k8s/v1/regions/fr-par/clusters/8e5d3869-0f67-455c-88c6-3a61f231c392
    method: GET
  response:
    body: '{"region":"fr-par", "id":"8e5d3869-0f67-455c-88c6-3a61f231c392", "organization_id":"9e9389ca-503a-44c3-bbd5-7a3812303bb0",
      "project_id":"9e9389ca-503a-44c3-bbd5-7a3812303bb0", "created_at":"2025-10-15T16:31:46.216284Z",
      "updated_at":"2025-10-15T16:31:46.745888Z", "type":"kapsule", "name":"cli-test-get-kubeconfig-with-flags-and-envs",
      "description":"", "status":"creating", "version":"1.32.3", "cni":"cilium", "tags":[],
      "cluster_url":"https://8e5d3869-0f67-455c-88c6-3a61f231c392.api.k8s.fr-par.scw.cloud:6443",
      "dns_wildcard":"*.8e5d3869-0f67-455c-88c6-3a61f231c392.nodes.k8s.fr-par.scw.cloud",
      "autoscaler_config":{"scale_down_disabled":false, "scale_down_delay_after_add":"10m",
      "estimator":"binpacking", "expander":"random", "ignore_daemonsets_utilization":false,
      "balance_similar_node_groups":false, "expendable_pods_priority_cutoff":-10,
      "scale_down_unneeded_time":"10m", "scale_down_utilization_threshold":0.5, "max_graceful_termination_sec":600},
      "auto_upgrade":{"enabled":false, "maintenance_window":{"start_hour":0, "day":"any"}},
      "upgrade_available":true, "feature_gates":[], "admission_plugins":[], "open_id_connect_config":{"issuer_url":"",
      "client_id":"", "username_claim":"", "username_prefix":"", "groups_claim":[],
      "groups_prefix":"", "required_claim":[]}, "apiserver_cert_sans":[], "private_network_id":"d7bb7e88-88bd-4697-8474-bcb985c06a19",
      "commitment_ends_at":"2025-10-15T16:31:46.216293Z", "acl_available":true, "iam_nodes_group_id":"8d0d284f-c626-468c-8187-aa5cea64a42d",
      "new_images_enabled":true, "pod_cidr":"", "service_cidr":"", "service_dns_ip":""}'
    headers:
      Content-Length:
      - "1579"
      Content-Security-Policy:
      - default-src 'none'; frame-ancestors 'none'
      Content-Type:
      - application/json
      Date:
      - Wed, 15 Oct 2025 16:33:02 GMT
      Server:
      - Scaleway API Gateway (fr-par-2;edge02)
      Strict-Transport-Security:
      - max-age=63072000
      X-Content-Type-Options:
      - nosniff
      X-Frame-Options:
      - DENY
      X-Request-Id:
      - 9d8e8e86-5708-4183-a6f2-120f16e436a9
    status: 200 OK
    code: 200
    duration: ""
- request:
    body: '{"region":"fr-par", "id":"8e5d3869-0f67-455c-88c6-3a61f231c392", "organization_id":"9e9389ca-503a-44c3-bbd5-7a3812303bb0",
      "project_id":"9e9389ca-503a-44c3-bbd5-7a3812303bb0", "created_at":"2025-10-15T16:31:46.216284Z",
      "updated_at":"2025-10-15T16:31:46.745888Z", "type":"kapsule", "name":"cli-test-get-kubeconfig-with-flags-and-envs",
      "description":"", "status":"creating", "version":"1.32.3", "cni":"cilium", "tags":[],
      "cluster_url":"https://8e5d3869-0f67-455c-88c6-3a61f231c392.api.k8s.fr-par.scw.cloud:6443",
      "dns_wildcard":"*.8e5d3869-0f67-455c-88c6-3a61f231c392.nodes.k8s.fr-par.scw.cloud",
      "autoscaler_config":{"scale_down_disabled":false, "scale_down_delay_after_add":"10m",
      "estimator":"binpacking", "expander":"random", "ignore_daemonsets_utilization":false,
      "balance_similar_node_groups":false, "expendable_pods_priority_cutoff":-10,
      "scale_down_unneeded_time":"10m", "scale_down_utilization_threshold":0.5, "max_graceful_termination_sec":600},
      "auto_upgrade":{"enabled":false, "maintenance_window":{"start_hour":0, "day":"any"}},
      "upgrade_available":true, "feature_gates":[], "admission_plugins":[], "open_id_connect_config":{"issuer_url":"",
      "client_id":"", "username_claim":"", "username_prefix":"", "groups_claim":[],
      "groups_prefix":"", "required_claim":[]}, "apiserver_cert_sans":[], "private_network_id":"d7bb7e88-88bd-4697-8474-bcb985c06a19",
      "commitment_ends_at":"2025-10-15T16:31:46.216293Z", "acl_available":true, "iam_nodes_group_id":"8d0d284f-c626-468c-8187-aa5cea64a42d",
      "new_images_enabled":true, "pod_cidr":"", "service_cidr":"", "service_dns_ip":""}'
    form: {}
    headers:
      User-Agent:
      - scaleway-sdk-go/v1.0.0-beta.7+dev (go1.25.0; linux; amd64) cli-e2e-test
    url: https://api.scaleway.com/k8s/v1/regions/fr-par/clusters/8e5d3869-0f67-455c-88c6-3a61f231c392
    method: GET
  response:
    body: '{"region":"fr-par", "id":"8e5d3869-0f67-455c-88c6-3a61f231c392", "organization_id":"9e9389ca-503a-44c3-bbd5-7a3812303bb0",
      "project_id":"9e9389ca-503a-44c3-bbd5-7a3812303bb0", "created_at":"2025-10-15T16:31:46.216284Z",
      "updated_at":"2025-10-15T16:31:46.745888Z", "type":"kapsule", "name":"cli-test-get-kubeconfig-with-flags-and-envs",
      "description":"", "status":"creating", "version":"1.32.3", "cni":"cilium", "tags":[],
      "cluster_url":"https://8e5d3869-0f67-455c-88c6-3a61f231c392.api.k8s.fr-par.scw.cloud:6443",
      "dns_wildcard":"*.8e5d3869-0f67-455c-88c6-3a61f231c392.nodes.k8s.fr-par.scw.cloud",
      "autoscaler_config":{"scale_down_disabled":false, "scale_down_delay_after_add":"10m",
      "estimator":"binpacking", "expander":"random", "ignore_daemonsets_utilization":false,
      "balance_similar_node_groups":false, "expendable_pods_priority_cutoff":-10,
      "scale_down_unneeded_time":"10m", "scale_down_utilization_threshold":0.5, "max_graceful_termination_sec":600},
      "auto_upgrade":{"enabled":false, "maintenance_window":{"start_hour":0, "day":"any"}},
      "upgrade_available":true, "feature_gates":[], "admission_plugins":[], "open_id_connect_config":{"issuer_url":"",
      "client_id":"", "username_claim":"", "username_prefix":"", "groups_claim":[],
      "groups_prefix":"", "required_claim":[]}, "apiserver_cert_sans":[], "private_network_id":"d7bb7e88-88bd-4697-8474-bcb985c06a19",
      "commitment_ends_at":"2025-10-15T16:31:46.216293Z", "acl_available":true, "iam_nodes_group_id":"8d0d284f-c626-468c-8187-aa5cea64a42d",
      "new_images_enabled":true, "pod_cidr":"", "service_cidr":"", "service_dns_ip":""}'
    headers:
      Content-Length:
      - "1579"
      Content-Security-Policy:
      - default-src 'none'; frame-ancestors 'none'
      Content-Type:
      - application/json
      Date:
      - Wed, 15 Oct 2025 16:33:07 GMT
      Server:
      - Scaleway API Gateway (fr-par-2;edge02)
      Strict-Transport-Security:
      - max-age=63072000
      X-Content-Type-Options:
      - nosniff
      X-Frame-Options:
      - DENY
      X-Request-Id:
      - c78231a1-88be-4c8a-bfdd-f5e85b6e4e71
    status: 200 OK
    code: 200
    duration: ""
- request:
    body: '{"region":"fr-par", "id":"8e5d3869-0f67-455c-88c6-3a61f231c392", "organization_id":"9e9389ca-503a-44c3-bbd5-7a3812303bb0",
      "project_id":"9e9389ca-503a-44c3-bbd5-7a3812303bb0", "created_at":"2025-10-15T16:31:46.216284Z",
      "updated_at":"2025-10-15T16:31:46.745888Z", "type":"kapsule", "name":"cli-test-get-kubeconfig-with-flags-and-envs",
      "description":"", "status":"creating", "version":"1.32.3", "cni":"cilium", "tags":[],
      "cluster_url":"https://8e5d3869-0f67-455c-88c6-3a61f231c392.api.k8s.fr-par.scw.cloud:6443",
      "dns_wildcard":"*.8e5d3869-0f67-455c-88c6-3a61f231c392.nodes.k8s.fr-par.scw.cloud",
      "autoscaler_config":{"scale_down_disabled":false, "scale_down_delay_after_add":"10m",
      "estimator":"binpacking", "expander":"random", "ignore_daemonsets_utilization":false,
      "balance_similar_node_groups":false, "expendable_pods_priority_cutoff":-10,
      "scale_down_unneeded_time":"10m", "scale_down_utilization_threshold":0.5, "max_graceful_termination_sec":600},
      "auto_upgrade":{"enabled":false, "maintenance_window":{"start_hour":0, "day":"any"}},
      "upgrade_available":true, "feature_gates":[], "admission_plugins":[], "open_id_connect_config":{"issuer_url":"",
      "client_id":"", "username_claim":"", "username_prefix":"", "groups_claim":[],
      "groups_prefix":"", "required_claim":[]}, "apiserver_cert_sans":[], "private_network_id":"d7bb7e88-88bd-4697-8474-bcb985c06a19",
      "commitment_ends_at":"2025-10-15T16:31:46.216293Z", "acl_available":true, "iam_nodes_group_id":"8d0d284f-c626-468c-8187-aa5cea64a42d",
      "new_images_enabled":true, "pod_cidr":"", "service_cidr":"", "service_dns_ip":""}'
    form: {}
    headers:
      User-Agent:
      - scaleway-sdk-go/v1.0.0-beta.7+dev (go1.25.0; linux; amd64) cli-e2e-test
    url: https://api.scaleway.com/k8s/v1/regions/fr-par/clusters/8e5d3869-0f67-455c-88c6-3a61f231c392
    method: GET
  response:
    body: '{"region":"fr-par", "id":"8e5d3869-0f67-455c-88c6-3a61f231c392", "organization_id":"9e9389ca-503a-44c3-bbd5-7a3812303bb0",
      "project_id":"9e9389ca-503a-44c3-bbd5-7a3812303bb0", "created_at":"2025-10-15T16:31:46.216284Z",
      "updated_at":"2025-10-15T16:31:46.745888Z", "type":"kapsule", "name":"cli-test-get-kubeconfig-with-flags-and-envs",
      "description":"", "status":"creating", "version":"1.32.3", "cni":"cilium", "tags":[],
      "cluster_url":"https://8e5d3869-0f67-455c-88c6-3a61f231c392.api.k8s.fr-par.scw.cloud:6443",
      "dns_wildcard":"*.8e5d3869-0f67-455c-88c6-3a61f231c392.nodes.k8s.fr-par.scw.cloud",
      "autoscaler_config":{"scale_down_disabled":false, "scale_down_delay_after_add":"10m",
      "estimator":"binpacking", "expander":"random", "ignore_daemonsets_utilization":false,
      "balance_similar_node_groups":false, "expendable_pods_priority_cutoff":-10,
      "scale_down_unneeded_time":"10m", "scale_down_utilization_threshold":0.5, "max_graceful_termination_sec":600},
      "auto_upgrade":{"enabled":false, "maintenance_window":{"start_hour":0, "day":"any"}},
      "upgrade_available":true, "feature_gates":[], "admission_plugins":[], "open_id_connect_config":{"issuer_url":"",
      "client_id":"", "username_claim":"", "username_prefix":"", "groups_claim":[],
      "groups_prefix":"", "required_claim":[]}, "apiserver_cert_sans":[], "private_network_id":"d7bb7e88-88bd-4697-8474-bcb985c06a19",
      "commitment_ends_at":"2025-10-15T16:31:46.216293Z", "acl_available":true, "iam_nodes_group_id":"8d0d284f-c626-468c-8187-aa5cea64a42d",
      "new_images_enabled":true, "pod_cidr":"", "service_cidr":"", "service_dns_ip":""}'
    headers:
      Content-Length:
      - "1579"
      Content-Security-Policy:
      - default-src 'none'; frame-ancestors 'none'
      Content-Type:
      - application/json
      Date:
      - Wed, 15 Oct 2025 16:33:12 GMT
      Server:
      - Scaleway API Gateway (fr-par-2;edge02)
      Strict-Transport-Security:
      - max-age=63072000
      X-Content-Type-Options:
      - nosniff
      X-Frame-Options:
      - DENY
      X-Request-Id:
      - e0e50080-2e5e-4244-8981-b6a752cadd4f
    status: 200 OK
    code: 200
    duration: ""
- request:
    body: '{"region":"fr-par", "id":"8e5d3869-0f67-455c-88c6-3a61f231c392", "organization_id":"9e9389ca-503a-44c3-bbd5-7a3812303bb0",
      "project_id":"9e9389ca-503a-44c3-bbd5-7a3812303bb0", "created_at":"2025-10-15T16:31:46.216284Z",
      "updated_at":"2025-10-15T16:31:46.745888Z", "type":"kapsule", "name":"cli-test-get-kubeconfig-with-flags-and-envs",
      "description":"", "status":"creating", "version":"1.32.3", "cni":"cilium", "tags":[],
      "cluster_url":"https://8e5d3869-0f67-455c-88c6-3a61f231c392.api.k8s.fr-par.scw.cloud:6443",
      "dns_wildcard":"*.8e5d3869-0f67-455c-88c6-3a61f231c392.nodes.k8s.fr-par.scw.cloud",
      "autoscaler_config":{"scale_down_disabled":false, "scale_down_delay_after_add":"10m",
      "estimator":"binpacking", "expander":"random", "ignore_daemonsets_utilization":false,
      "balance_similar_node_groups":false, "expendable_pods_priority_cutoff":-10,
      "scale_down_unneeded_time":"10m", "scale_down_utilization_threshold":0.5, "max_graceful_termination_sec":600},
      "auto_upgrade":{"enabled":false, "maintenance_window":{"start_hour":0, "day":"any"}},
      "upgrade_available":true, "feature_gates":[], "admission_plugins":[], "open_id_connect_config":{"issuer_url":"",
      "client_id":"", "username_claim":"", "username_prefix":"", "groups_claim":[],
      "groups_prefix":"", "required_claim":[]}, "apiserver_cert_sans":[], "private_network_id":"d7bb7e88-88bd-4697-8474-bcb985c06a19",
      "commitment_ends_at":"2025-10-15T16:31:46.216293Z", "acl_available":true, "iam_nodes_group_id":"8d0d284f-c626-468c-8187-aa5cea64a42d",
      "new_images_enabled":true, "pod_cidr":"", "service_cidr":"", "service_dns_ip":""}'
    form: {}
    headers:
      User-Agent:
      - scaleway-sdk-go/v1.0.0-beta.7+dev (go1.25.0; linux; amd64) cli-e2e-test
    url: https://api.scaleway.com/k8s/v1/regions/fr-par/clusters/8e5d3869-0f67-455c-88c6-3a61f231c392
    method: GET
  response:
    body: '{"region":"fr-par", "id":"8e5d3869-0f67-455c-88c6-3a61f231c392", "organization_id":"9e9389ca-503a-44c3-bbd5-7a3812303bb0",
      "project_id":"9e9389ca-503a-44c3-bbd5-7a3812303bb0", "created_at":"2025-10-15T16:31:46.216284Z",
      "updated_at":"2025-10-15T16:31:46.745888Z", "type":"kapsule", "name":"cli-test-get-kubeconfig-with-flags-and-envs",
      "description":"", "status":"creating", "version":"1.32.3", "cni":"cilium", "tags":[],
      "cluster_url":"https://8e5d3869-0f67-455c-88c6-3a61f231c392.api.k8s.fr-par.scw.cloud:6443",
      "dns_wildcard":"*.8e5d3869-0f67-455c-88c6-3a61f231c392.nodes.k8s.fr-par.scw.cloud",
      "autoscaler_config":{"scale_down_disabled":false, "scale_down_delay_after_add":"10m",
      "estimator":"binpacking", "expander":"random", "ignore_daemonsets_utilization":false,
      "balance_similar_node_groups":false, "expendable_pods_priority_cutoff":-10,
      "scale_down_unneeded_time":"10m", "scale_down_utilization_threshold":0.5, "max_graceful_termination_sec":600},
      "auto_upgrade":{"enabled":false, "maintenance_window":{"start_hour":0, "day":"any"}},
      "upgrade_available":true, "feature_gates":[], "admission_plugins":[], "open_id_connect_config":{"issuer_url":"",
      "client_id":"", "username_claim":"", "username_prefix":"", "groups_claim":[],
      "groups_prefix":"", "required_claim":[]}, "apiserver_cert_sans":[], "private_network_id":"d7bb7e88-88bd-4697-8474-bcb985c06a19",
      "commitment_ends_at":"2025-10-15T16:31:46.216293Z", "acl_available":true, "iam_nodes_group_id":"8d0d284f-c626-468c-8187-aa5cea64a42d",
      "new_images_enabled":true, "pod_cidr":"", "service_cidr":"", "service_dns_ip":""}'
    headers:
      Content-Length:
      - "1579"
      Content-Security-Policy:
      - default-src 'none'; frame-ancestors 'none'
      Content-Type:
      - application/json
      Date:
      - Wed, 15 Oct 2025 16:33:17 GMT
      Server:
      - Scaleway API Gateway (fr-par-2;edge02)
      Strict-Transport-Security:
      - max-age=63072000
      X-Content-Type-Options:
      - nosniff
      X-Frame-Options:
      - DENY
      X-Request-Id:
      - a32d0478-dd8c-4fd2-b058-7c2b910adc7d
    status: 200 OK
    code: 200
    duration: ""
- request:
    body: '{"region":"fr-par", "id":"8e5d3869-0f67-455c-88c6-3a61f231c392", "organization_id":"9e9389ca-503a-44c3-bbd5-7a3812303bb0",
      "project_id":"9e9389ca-503a-44c3-bbd5-7a3812303bb0", "created_at":"2025-10-15T16:31:46.216284Z",
      "updated_at":"2025-10-15T16:31:46.745888Z", "type":"kapsule", "name":"cli-test-get-kubeconfig-with-flags-and-envs",
      "description":"", "status":"creating", "version":"1.32.3", "cni":"cilium", "tags":[],
      "cluster_url":"https://8e5d3869-0f67-455c-88c6-3a61f231c392.api.k8s.fr-par.scw.cloud:6443",
      "dns_wildcard":"*.8e5d3869-0f67-455c-88c6-3a61f231c392.nodes.k8s.fr-par.scw.cloud",
      "autoscaler_config":{"scale_down_disabled":false, "scale_down_delay_after_add":"10m",
      "estimator":"binpacking", "expander":"random", "ignore_daemonsets_utilization":false,
      "balance_similar_node_groups":false, "expendable_pods_priority_cutoff":-10,
      "scale_down_unneeded_time":"10m", "scale_down_utilization_threshold":0.5, "max_graceful_termination_sec":600},
      "auto_upgrade":{"enabled":false, "maintenance_window":{"start_hour":0, "day":"any"}},
      "upgrade_available":true, "feature_gates":[], "admission_plugins":[], "open_id_connect_config":{"issuer_url":"",
      "client_id":"", "username_claim":"", "username_prefix":"", "groups_claim":[],
      "groups_prefix":"", "required_claim":[]}, "apiserver_cert_sans":[], "private_network_id":"d7bb7e88-88bd-4697-8474-bcb985c06a19",
      "commitment_ends_at":"2025-10-15T16:31:46.216293Z", "acl_available":true, "iam_nodes_group_id":"8d0d284f-c626-468c-8187-aa5cea64a42d",
      "new_images_enabled":true, "pod_cidr":"", "service_cidr":"", "service_dns_ip":""}'
    form: {}
    headers:
      User-Agent:
      - scaleway-sdk-go/v1.0.0-beta.7+dev (go1.25.0; linux; amd64) cli-e2e-test
    url: https://api.scaleway.com/k8s/v1/regions/fr-par/clusters/8e5d3869-0f67-455c-88c6-3a61f231c392
    method: GET
  response:
    body: '{"region":"fr-par", "id":"8e5d3869-0f67-455c-88c6-3a61f231c392", "organization_id":"9e9389ca-503a-44c3-bbd5-7a3812303bb0",
      "project_id":"9e9389ca-503a-44c3-bbd5-7a3812303bb0", "created_at":"2025-10-15T16:31:46.216284Z",
      "updated_at":"2025-10-15T16:31:46.745888Z", "type":"kapsule", "name":"cli-test-get-kubeconfig-with-flags-and-envs",
      "description":"", "status":"creating", "version":"1.32.3", "cni":"cilium", "tags":[],
      "cluster_url":"https://8e5d3869-0f67-455c-88c6-3a61f231c392.api.k8s.fr-par.scw.cloud:6443",
      "dns_wildcard":"*.8e5d3869-0f67-455c-88c6-3a61f231c392.nodes.k8s.fr-par.scw.cloud",
      "autoscaler_config":{"scale_down_disabled":false, "scale_down_delay_after_add":"10m",
      "estimator":"binpacking", "expander":"random", "ignore_daemonsets_utilization":false,
      "balance_similar_node_groups":false, "expendable_pods_priority_cutoff":-10,
      "scale_down_unneeded_time":"10m", "scale_down_utilization_threshold":0.5, "max_graceful_termination_sec":600},
      "auto_upgrade":{"enabled":false, "maintenance_window":{"start_hour":0, "day":"any"}},
      "upgrade_available":true, "feature_gates":[], "admission_plugins":[], "open_id_connect_config":{"issuer_url":"",
      "client_id":"", "username_claim":"", "username_prefix":"", "groups_claim":[],
      "groups_prefix":"", "required_claim":[]}, "apiserver_cert_sans":[], "private_network_id":"d7bb7e88-88bd-4697-8474-bcb985c06a19",
      "commitment_ends_at":"2025-10-15T16:31:46.216293Z", "acl_available":true, "iam_nodes_group_id":"8d0d284f-c626-468c-8187-aa5cea64a42d",
      "new_images_enabled":true, "pod_cidr":"", "service_cidr":"", "service_dns_ip":""}'
    headers:
      Content-Length:
      - "1579"
      Content-Security-Policy:
      - default-src 'none'; frame-ancestors 'none'
      Content-Type:
      - application/json
      Date:
      - Wed, 15 Oct 2025 16:33:22 GMT
      Server:
      - Scaleway API Gateway (fr-par-2;edge02)
      Strict-Transport-Security:
      - max-age=63072000
      X-Content-Type-Options:
      - nosniff
      X-Frame-Options:
      - DENY
      X-Request-Id:
      - 015c1956-6790-4146-8422-9b0c4af59f17
    status: 200 OK
    code: 200
    duration: ""
- request:
    body: '{"region":"fr-par", "id":"8e5d3869-0f67-455c-88c6-3a61f231c392", "organization_id":"9e9389ca-503a-44c3-bbd5-7a3812303bb0",
      "project_id":"9e9389ca-503a-44c3-bbd5-7a3812303bb0", "created_at":"2025-10-15T16:31:46.216284Z",
      "updated_at":"2025-10-15T16:33:25.681095Z", "type":"kapsule", "name":"cli-test-get-kubeconfig-with-flags-and-envs",
      "description":"", "status":"ready", "version":"1.32.3", "cni":"cilium", "tags":[],
      "cluster_url":"https://8e5d3869-0f67-455c-88c6-3a61f231c392.api.k8s.fr-par.scw.cloud:6443",
      "dns_wildcard":"*.8e5d3869-0f67-455c-88c6-3a61f231c392.nodes.k8s.fr-par.scw.cloud",
      "autoscaler_config":{"scale_down_disabled":false, "scale_down_delay_after_add":"10m",
      "estimator":"binpacking", "expander":"random", "ignore_daemonsets_utilization":false,
      "balance_similar_node_groups":false, "expendable_pods_priority_cutoff":-10,
      "scale_down_unneeded_time":"10m", "scale_down_utilization_threshold":0.5, "max_graceful_termination_sec":600},
      "auto_upgrade":{"enabled":false, "maintenance_window":{"start_hour":0, "day":"any"}},
      "upgrade_available":true, "feature_gates":[], "admission_plugins":[], "open_id_connect_config":{"issuer_url":"",
      "client_id":"", "username_claim":"", "username_prefix":"", "groups_claim":[],
      "groups_prefix":"", "required_claim":[]}, "apiserver_cert_sans":[], "private_network_id":"d7bb7e88-88bd-4697-8474-bcb985c06a19",
      "commitment_ends_at":"2025-10-15T16:31:46.216293Z", "acl_available":true, "iam_nodes_group_id":"8d0d284f-c626-468c-8187-aa5cea64a42d",
      "new_images_enabled":true, "pod_cidr":"", "service_cidr":"", "service_dns_ip":""}'
    form: {}
    headers:
      User-Agent:
      - scaleway-sdk-go/v1.0.0-beta.7+dev (go1.25.0; linux; amd64) cli-e2e-test
    url: https://api.scaleway.com/k8s/v1/regions/fr-par/clusters/8e5d3869-0f67-455c-88c6-3a61f231c392
    method: GET
  response:
    body: '{"region":"fr-par", "id":"8e5d3869-0f67-455c-88c6-3a61f231c392", "organization_id":"9e9389ca-503a-44c3-bbd5-7a3812303bb0",
      "project_id":"9e9389ca-503a-44c3-bbd5-7a3812303bb0", "created_at":"2025-10-15T16:31:46.216284Z",
      "updated_at":"2025-10-15T16:33:25.681095Z", "type":"kapsule", "name":"cli-test-get-kubeconfig-with-flags-and-envs",
      "description":"", "status":"ready", "version":"1.32.3", "cni":"cilium", "tags":[],
      "cluster_url":"https://8e5d3869-0f67-455c-88c6-3a61f231c392.api.k8s.fr-par.scw.cloud:6443",
      "dns_wildcard":"*.8e5d3869-0f67-455c-88c6-3a61f231c392.nodes.k8s.fr-par.scw.cloud",
      "autoscaler_config":{"scale_down_disabled":false, "scale_down_delay_after_add":"10m",
      "estimator":"binpacking", "expander":"random", "ignore_daemonsets_utilization":false,
      "balance_similar_node_groups":false, "expendable_pods_priority_cutoff":-10,
      "scale_down_unneeded_time":"10m", "scale_down_utilization_threshold":0.5, "max_graceful_termination_sec":600},
      "auto_upgrade":{"enabled":false, "maintenance_window":{"start_hour":0, "day":"any"}},
      "upgrade_available":true, "feature_gates":[], "admission_plugins":[], "open_id_connect_config":{"issuer_url":"",
      "client_id":"", "username_claim":"", "username_prefix":"", "groups_claim":[],
      "groups_prefix":"", "required_claim":[]}, "apiserver_cert_sans":[], "private_network_id":"d7bb7e88-88bd-4697-8474-bcb985c06a19",
      "commitment_ends_at":"2025-10-15T16:31:46.216293Z", "acl_available":true, "iam_nodes_group_id":"8d0d284f-c626-468c-8187-aa5cea64a42d",
      "new_images_enabled":true, "pod_cidr":"", "service_cidr":"", "service_dns_ip":""}'
    headers:
      Content-Length:
      - "1576"
      Content-Security-Policy:
      - default-src 'none'; frame-ancestors 'none'
      Content-Type:
      - application/json
      Date:
      - Wed, 15 Oct 2025 16:33:27 GMT
      Server:
      - Scaleway API Gateway (fr-par-2;edge02)
      Strict-Transport-Security:
      - max-age=63072000
      X-Content-Type-Options:
      - nosniff
      X-Frame-Options:
      - DENY
      X-Request-Id:
      - f2d9d4c2-3262-423b-a2d5-34e159aa02ba
    status: 200 OK
    code: 200
    duration: ""
- request:
    body: '{"name":"kubeconfig", "content_type":"application/octet-stream", "content":"YXBpVmVyc2lvbjogdjEKY2x1c3RlcnM6Ci0gbmFtZTogImNsaS10ZXN0LWdldC1rdWJlY29uZmlnLXdpdGgtZmxhZ3MtYW5kLWVudnMiCiAgY2x1c3RlcjoKICAgIGNlcnRpZmljYXRlLWF1dGhvcml0eS1kYXRhOiBMUzB0TFMxQ1JVZEpUaUJEUlZKVVNVWkpRMEZVUlMwdExTMHRDazFKU1VKWGVrTkRRVkZIWjBGM1NVSkJaMGxDUVVSQlMwSm5aM0ZvYTJwUFVGRlJSRUZxUVZaTlVrMTNSVkZaUkZaUlVVUkZkM0J5WkZkS2JHTnROV3dLWkVkV2VrMUNORmhFVkVreFRWUkJlRTVFUlRKTmVrVXdUbXh2V0VSVVRURk5WRUY0VGtSRk1rMTZSVEJPYkc5M1JsUkZWRTFDUlVkQk1WVkZRWGhOU3dwaE0xWnBXbGhLZFZwWVVteGpla0phVFVKTlIwSjVjVWRUVFRRNVFXZEZSME5EY1VkVFRUUTVRWGRGU0VFd1NVRkNVR0ZyTjJRd05raExORnBtVkdkYUNtb3pTR2hPYUROTmRXVmllRm8yU2pCUVlVbDBjV2xTUVVoTWNVOVBZbTFZWlc1S01FMTVRMEpaVGtVM1VteFpVbWhNWVdNek4waHZRWEIzYWtoYWVVTUtTQ3RSVGt0d2NXcFJha0pCVFVFMFIwRXhWV1JFZDBWQ0wzZFJSVUYzU1VOd1JFRlFRbWRPVmtoU1RVSkJaamhGUWxSQlJFRlJTQzlOUWpCSFFURlZaQXBFWjFGWFFrSlJlWEZ3TUVGSWRsUTRaMkZZYmxaVFdVcFBWVTlsZHpaa2NFcFVRVXRDWjJkeGFHdHFUMUJSVVVSQlowNUpRVVJDUmtGcFJVRnRkelZsQ2tsaFlXRXhRMGQwV0hvdlFrcFBiMG8yWW04emExRlBXRTh6VDJKUksyWlpPU3N6T1NzMk9FTkpSMnB5YWtSS1dXSktkRVZ4TjBZMk5WWTBUM3BvVURNS2MyaHBVR2t6UVhWRVJreDFPVEV2VjB4MlZ6QUtMUzB0TFMxRlRrUWdRMFZTVkVsR1NVTkJWRVV0TFMwdExRbz0KICAgIHNlcnZlcjogaHR0cHM6Ly84ZTVkMzg2OS0wZjY3LTQ1NWMtODhjNi0zYTYxZjIzMWMzOTIuYXBpLms4cy5mci1wYXIuc2N3LmNsb3VkOjY0NDMKY29udGV4dHM6Ci0gbmFtZTogYWRtaW5AY2xpLXRlc3QtZ2V0LWt1YmVjb25maWctd2l0aC1mbGFncy1hbmQtZW52cwogIGNvbnRleHQ6CiAgICBjbHVzdGVyOiAiY2xpLXRlc3QtZ2V0LWt1YmVjb25maWctd2l0aC1mbGFncy1hbmQtZW52cyIKICAgIHVzZXI6IGNsaS10ZXN0LWdldC1rdWJlY29uZmlnLXdpdGgtZmxhZ3MtYW5kLWVudnMtYWRtaW4KY3VycmVudC1jb250ZXh0OiBhZG1pbkBjbGktdGVzdC1nZXQta3ViZWNvbmZpZy13aXRoLWZsYWdzLWFuZC1lbnZzCmtpbmQ6IENvbmZpZwpwcmVmZXJlbmNlczoge30KdXNlcnM6Ci0gbmFtZTogY2xpLXRlc3QtZ2V0LWt1YmVjb25maWctd2l0aC1mbGFncy1hbmQtZW52cy1hZG1pbgogIHVzZXI6CiAgICB0b2tlbjogUkVEQUNURURfVE9LRU4="}'
    form: {}
    headers:
      User-Agent:
      - scaleway-sdk-go/v1.0.0-beta.7+dev (go1.25.0; linux; amd64) cli-e2e-test
    url: https://api.scaleway.com/k8s/v1/regions/fr-par/clusters/8e5d3869-0f67-455c-88c6-3a61f231c392/kubeconfig?redacted=true
    method: GET
  response:
    body: '{"name":"kubeconfig", "content_type":"application/octet-stream", "content":"YXBpVmVyc2lvbjogdjEKY2x1c3RlcnM6Ci0gbmFtZTogImNsaS10ZXN0LWdldC1rdWJlY29uZmlnLXdpdGgtZmxhZ3MtYW5kLWVudnMiCiAgY2x1c3RlcjoKICAgIGNlcnRpZmljYXRlLWF1dGhvcml0eS1kYXRhOiBMUzB0TFMxQ1JVZEpUaUJEUlZKVVNVWkpRMEZVUlMwdExTMHRDazFKU1VKWGVrTkRRVkZIWjBGM1NVSkJaMGxDUVVSQlMwSm5aM0ZvYTJwUFVGRlJSRUZxUVZaTlVrMTNSVkZaUkZaUlVVUkZkM0J5WkZkS2JHTnROV3dLWkVkV2VrMUNORmhFVkVreFRWUkJlRTVFUlRKTmVrVXdUbXh2V0VSVVRURk5WRUY0VGtSRk1rMTZSVEJPYkc5M1JsUkZWRTFDUlVkQk1WVkZRWGhOU3dwaE0xWnBXbGhLZFZwWVVteGpla0phVFVKTlIwSjVjVWRUVFRRNVFXZEZSME5EY1VkVFRUUTVRWGRGU0VFd1NVRkNVR0ZyTjJRd05raExORnBtVkdkYUNtb3pTR2hPYUROTmRXVmllRm8yU2pCUVlVbDBjV2xTUVVoTWNVOVBZbTFZWlc1S01FMTVRMEpaVGtVM1VteFpVbWhNWVdNek4waHZRWEIzYWtoYWVVTUtTQ3RSVGt0d2NXcFJha0pCVFVFMFIwRXhWV1JFZDBWQ0wzZFJSVUYzU1VOd1JFRlFRbWRPVmtoU1RVSkJaamhGUWxSQlJFRlJTQzlOUWpCSFFURlZaQXBFWjFGWFFrSlJlWEZ3TUVGSWRsUTRaMkZZYmxaVFdVcFBWVTlsZHpaa2NFcFVRVXRDWjJkeGFHdHFUMUJSVVVSQlowNUpRVVJDUmtGcFJVRnRkelZsQ2tsaFlXRXhRMGQwV0hvdlFrcFBiMG8yWW04emExRlBXRTh6VDJKUksyWlpPU3N6T1NzMk9FTkpSMnB5YWtSS1dXSktkRVZ4TjBZMk5WWTBUM3BvVURNS2MyaHBVR2t6UVhWRVJreDFPVEV2VjB4MlZ6QUtMUzB0TFMxRlRrUWdRMFZTVkVsR1NVTkJWRVV0TFMwdExRbz0KICAgIHNlcnZlcjogaHR0cHM6Ly84ZTVkMzg2OS0wZjY3LTQ1NWMtODhjNi0zYTYxZjIzMWMzOTIuYXBpLms4cy5mci1wYXIuc2N3LmNsb3VkOjY0NDMKY29udGV4dHM6Ci0gbmFtZTogYWRtaW5AY2xpLXRlc3QtZ2V0LWt1YmVjb25maWctd2l0aC1mbGFncy1hbmQtZW52cwogIGNvbnRleHQ6CiAgICBjbHVzdGVyOiAiY2xpLXRlc3QtZ2V0LWt1YmVjb25maWctd2l0aC1mbGFncy1hbmQtZW52cyIKICAgIHVzZXI6IGNsaS10ZXN0LWdldC1rdWJlY29uZmlnLXdpdGgtZmxhZ3MtYW5kLWVudnMtYWRtaW4KY3VycmVudC1jb250ZXh0OiBhZG1pbkBjbGktdGVzdC1nZXQta3ViZWNvbmZpZy13aXRoLWZsYWdzLWFuZC1lbnZzCmtpbmQ6IENvbmZpZwpwcmVmZXJlbmNlczoge30KdXNlcnM6Ci0gbmFtZTogY2xpLXRlc3QtZ2V0LWt1YmVjb25maWctd2l0aC1mbGFncy1hbmQtZW52cy1hZG1pbgogIHVzZXI6CiAgICB0b2tlbjogUkVEQUNURURfVE9LRU4="}'
    headers:
      Content-Length:
      - "1826"
      Content-Security-Policy:
      - default-src 'none'; frame-ancestors 'none'
      Content-Type:
      - application/json
      Date:
      - Wed, 15 Oct 2025 16:33:27 GMT
      Server:
      - Scaleway API Gateway (fr-par-2;edge02)
      Strict-Transport-Security:
      - max-age=63072000
      X-Content-Type-Options:
      - nosniff
      X-Frame-Options:
      - DENY
      X-Request-Id:
      - febafc4d-d240-4fd5-95c9-b11f3626e74b
    status: 200 OK
    code: 200
    duration: ""
- request:
    body: '{"name":"kubeconfig", "content_type":"application/octet-stream", "content":"YXBpVmVyc2lvbjogdjEKY2x1c3RlcnM6Ci0gbmFtZTogImNsaS10ZXN0LWdldC1rdWJlY29uZmlnLXdpdGgtZmxhZ3MtYW5kLWVudnMiCiAgY2x1c3RlcjoKICAgIGNlcnRpZmljYXRlLWF1dGhvcml0eS1kYXRhOiBMUzB0TFMxQ1JVZEpUaUJEUlZKVVNVWkpRMEZVUlMwdExTMHRDazFKU1VKWGVrTkRRVkZIWjBGM1NVSkJaMGxDUVVSQlMwSm5aM0ZvYTJwUFVGRlJSRUZxUVZaTlVrMTNSVkZaUkZaUlVVUkZkM0J5WkZkS2JHTnROV3dLWkVkV2VrMUNORmhFVkVreFRWUkJlRTVFUlRKTmVrVXdUbXh2V0VSVVRURk5WRUY0VGtSRk1rMTZSVEJPYkc5M1JsUkZWRTFDUlVkQk1WVkZRWGhOU3dwaE0xWnBXbGhLZFZwWVVteGpla0phVFVKTlIwSjVjVWRUVFRRNVFXZEZSME5EY1VkVFRUUTVRWGRGU0VFd1NVRkNVR0ZyTjJRd05raExORnBtVkdkYUNtb3pTR2hPYUROTmRXVmllRm8yU2pCUVlVbDBjV2xTUVVoTWNVOVBZbTFZWlc1S01FMTVRMEpaVGtVM1VteFpVbWhNWVdNek4waHZRWEIzYWtoYWVVTUtTQ3RSVGt0d2NXcFJha0pCVFVFMFIwRXhWV1JFZDBWQ0wzZFJSVUYzU1VOd1JFRlFRbWRPVmtoU1RVSkJaamhGUWxSQlJFRlJTQzlOUWpCSFFURlZaQXBFWjFGWFFrSlJlWEZ3TUVGSWRsUTRaMkZZYmxaVFdVcFBWVTlsZHpaa2NFcFVRVXRDWjJkeGFHdHFUMUJSVVVSQlowNUpRVVJDUmtGcFJVRnRkelZsQ2tsaFlXRXhRMGQwV0hvdlFrcFBiMG8yWW04emExRlBXRTh6VDJKUksyWlpPU3N6T1NzMk9FTkpSMnB5YWtSS1dXSktkRVZ4TjBZMk5WWTBUM3BvVURNS2MyaHBVR2t6UVhWRVJreDFPVEV2VjB4MlZ6QUtMUzB0TFMxRlRrUWdRMFZTVkVsR1NVTkJWRVV0TFMwdExRbz0KICAgIHNlcnZlcjogaHR0cHM6Ly84ZTVkMzg2OS0wZjY3LTQ1NWMtODhjNi0zYTYxZjIzMWMzOTIuYXBpLms4cy5mci1wYXIuc2N3LmNsb3VkOjY0NDMKY29udGV4dHM6Ci0gbmFtZTogYWRtaW5AY2xpLXRlc3QtZ2V0LWt1YmVjb25maWctd2l0aC1mbGFncy1hbmQtZW52cwogIGNvbnRleHQ6CiAgICBjbHVzdGVyOiAiY2xpLXRlc3QtZ2V0LWt1YmVjb25maWctd2l0aC1mbGFncy1hbmQtZW52cyIKICAgIHVzZXI6IGNsaS10ZXN0LWdldC1rdWJlY29uZmlnLXdpdGgtZmxhZ3MtYW5kLWVudnMtYWRtaW4KY3VycmVudC1jb250ZXh0OiBhZG1pbkBjbGktdGVzdC1nZXQta3ViZWNvbmZpZy13aXRoLWZsYWdzLWFuZC1lbnZzCmtpbmQ6IENvbmZpZwpwcmVmZXJlbmNlczoge30KdXNlcnM6Ci0gbmFtZTogY2xpLXRlc3QtZ2V0LWt1YmVjb25maWctd2l0aC1mbGFncy1hbmQtZW52cy1hZG1pbgogIHVzZXI6CiAgICB0b2tlbjogUkVEQUNURURfVE9LRU4="}'
    form: {}
    headers:
      User-Agent:
      - scaleway-sdk-go/v1.0.0-beta.7+dev (go1.25.0; linux; amd64) cli-e2e-test
    url: https://api.scaleway.com/k8s/v1/regions/fr-par/clusters/8e5d3869-0f67-455c-88c6-3a61f231c392/kubeconfig?redacted=true
    method: GET
  response:
    body: '{"name":"kubeconfig", "content_type":"application/octet-stream", "content":"YXBpVmVyc2lvbjogdjEKY2x1c3RlcnM6Ci0gbmFtZTogImNsaS10ZXN0LWdldC1rdWJlY29uZmlnLXdpdGgtZmxhZ3MtYW5kLWVudnMiCiAgY2x1c3RlcjoKICAgIGNlcnRpZmljYXRlLWF1dGhvcml0eS1kYXRhOiBMUzB0TFMxQ1JVZEpUaUJEUlZKVVNVWkpRMEZVUlMwdExTMHRDazFKU1VKWGVrTkRRVkZIWjBGM1NVSkJaMGxDUVVSQlMwSm5aM0ZvYTJwUFVGRlJSRUZxUVZaTlVrMTNSVkZaUkZaUlVVUkZkM0J5WkZkS2JHTnROV3dLWkVkV2VrMUNORmhFVkVreFRWUkJlRTVFUlRKTmVrVXdUbXh2V0VSVVRURk5WRUY0VGtSRk1rMTZSVEJPYkc5M1JsUkZWRTFDUlVkQk1WVkZRWGhOU3dwaE0xWnBXbGhLZFZwWVVteGpla0phVFVKTlIwSjVjVWRUVFRRNVFXZEZSME5EY1VkVFRUUTVRWGRGU0VFd1NVRkNVR0ZyTjJRd05raExORnBtVkdkYUNtb3pTR2hPYUROTmRXVmllRm8yU2pCUVlVbDBjV2xTUVVoTWNVOVBZbTFZWlc1S01FMTVRMEpaVGtVM1VteFpVbWhNWVdNek4waHZRWEIzYWtoYWVVTUtTQ3RSVGt0d2NXcFJha0pCVFVFMFIwRXhWV1JFZDBWQ0wzZFJSVUYzU1VOd1JFRlFRbWRPVmtoU1RVSkJaamhGUWxSQlJFRlJTQzlOUWpCSFFURlZaQXBFWjFGWFFrSlJlWEZ3TUVGSWRsUTRaMkZZYmxaVFdVcFBWVTlsZHpaa2NFcFVRVXRDWjJkeGFHdHFUMUJSVVVSQlowNUpRVVJDUmtGcFJVRnRkelZsQ2tsaFlXRXhRMGQwV0hvdlFrcFBiMG8yWW04emExRlBXRTh6VDJKUksyWlpPU3N6T1NzMk9FTkpSMnB5YWtSS1dXSktkRVZ4TjBZMk5WWTBUM3BvVURNS2MyaHBVR2t6UVhWRVJreDFPVEV2VjB4MlZ6QUtMUzB0TFMxRlRrUWdRMFZTVkVsR1NVTkJWRVV0TFMwdExRbz0KICAgIHNlcnZlcjogaHR0cHM6Ly84ZTVkMzg2OS0wZjY3LTQ1NWMtODhjNi0zYTYxZjIzMWMzOTIuYXBpLms4cy5mci1wYXIuc2N3LmNsb3VkOjY0NDMKY29udGV4dHM6Ci0gbmFtZTogYWRtaW5AY2xpLXRlc3QtZ2V0LWt1YmVjb25maWctd2l0aC1mbGFncy1hbmQtZW52cwogIGNvbnRleHQ6CiAgICBjbHVzdGVyOiAiY2xpLXRlc3QtZ2V0LWt1YmVjb25maWctd2l0aC1mbGFncy1hbmQtZW52cyIKICAgIHVzZXI6IGNsaS10ZXN0LWdldC1rdWJlY29uZmlnLXdpdGgtZmxhZ3MtYW5kLWVudnMtYWRtaW4KY3VycmVudC1jb250ZXh0OiBhZG1pbkBjbGktdGVzdC1nZXQta3ViZWNvbmZpZy13aXRoLWZsYWdzLWFuZC1lbnZzCmtpbmQ6IENvbmZpZwpwcmVmZXJlbmNlczoge30KdXNlcnM6Ci0gbmFtZTogY2xpLXRlc3QtZ2V0LWt1YmVjb25maWctd2l0aC1mbGFncy1hbmQtZW52cy1hZG1pbgogIHVzZXI6CiAgICB0b2tlbjogUkVEQUNURURfVE9LRU4="}'
    headers:
      Content-Length:
      - "1826"
      Content-Security-Policy:
      - default-src 'none'; frame-ancestors 'none'
      Content-Type:
      - application/json
      Date:
      - Wed, 15 Oct 2025 16:33:27 GMT
      Server:
      - Scaleway API Gateway (fr-par-2;edge02)
      Strict-Transport-Security:
      - max-age=63072000
      X-Content-Type-Options:
      - nosniff
      X-Frame-Options:
      - DENY
      X-Request-Id:
      - 06e7083e-781e-4fc0-8ed8-03540c2871a4
    status: 200 OK
    code: 200
    duration: ""
- request:
    body: '{"region":"fr-par", "id":"8e5d3869-0f67-455c-88c6-3a61f231c392", "organization_id":"9e9389ca-503a-44c3-bbd5-7a3812303bb0",
      "project_id":"9e9389ca-503a-44c3-bbd5-7a3812303bb0", "created_at":"2025-10-15T16:31:46.216284Z",
      "updated_at":"2025-10-15T16:33:28.018651Z", "type":"kapsule", "name":"cli-test-get-kubeconfig-with-flags-and-envs",
      "description":"", "status":"deleting", "version":"1.32.3", "cni":"cilium", "tags":[],
      "cluster_url":"https://8e5d3869-0f67-455c-88c6-3a61f231c392.api.k8s.fr-par.scw.cloud:6443",
      "dns_wildcard":"*.8e5d3869-0f67-455c-88c6-3a61f231c392.nodes.k8s.fr-par.scw.cloud",
      "autoscaler_config":{"scale_down_disabled":false, "scale_down_delay_after_add":"10m",
      "estimator":"binpacking", "expander":"random", "ignore_daemonsets_utilization":false,
      "balance_similar_node_groups":false, "expendable_pods_priority_cutoff":-10,
      "scale_down_unneeded_time":"10m", "scale_down_utilization_threshold":0.5, "max_graceful_termination_sec":600},
      "auto_upgrade":{"enabled":false, "maintenance_window":{"start_hour":0, "day":"any"}},
      "upgrade_available":true, "feature_gates":[], "admission_plugins":[], "open_id_connect_config":{"issuer_url":"",
      "client_id":"", "username_claim":"", "username_prefix":"", "groups_claim":[],
      "groups_prefix":"", "required_claim":[]}, "apiserver_cert_sans":[], "private_network_id":"d7bb7e88-88bd-4697-8474-bcb985c06a19",
      "commitment_ends_at":"2025-10-15T16:31:46.216293Z", "acl_available":true, "iam_nodes_group_id":"8d0d284f-c626-468c-8187-aa5cea64a42d",
      "new_images_enabled":false, "pod_cidr":"100.64.0.0/15", "service_cidr":"10.32.0.0/20",
      "service_dns_ip":"10.32.0.10"}'
    form: {}
    headers:
      User-Agent:
      - scaleway-sdk-go/v1.0.0-beta.7+dev (go1.25.0; linux; amd64) cli-e2e-test
    url: https://api.scaleway.com/k8s/v1/regions/fr-par/clusters/8e5d3869-0f67-455c-88c6-3a61f231c392?with_additional_resources=true
    method: DELETE
  response:
    body: '{"region":"fr-par", "id":"8e5d3869-0f67-455c-88c6-3a61f231c392", "organization_id":"9e9389ca-503a-44c3-bbd5-7a3812303bb0",
      "project_id":"9e9389ca-503a-44c3-bbd5-7a3812303bb0", "created_at":"2025-10-15T16:31:46.216284Z",
      "updated_at":"2025-10-15T16:33:28.018651Z", "type":"kapsule", "name":"cli-test-get-kubeconfig-with-flags-and-envs",
      "description":"", "status":"deleting", "version":"1.32.3", "cni":"cilium", "tags":[],
      "cluster_url":"https://8e5d3869-0f67-455c-88c6-3a61f231c392.api.k8s.fr-par.scw.cloud:6443",
      "dns_wildcard":"*.8e5d3869-0f67-455c-88c6-3a61f231c392.nodes.k8s.fr-par.scw.cloud",
      "autoscaler_config":{"scale_down_disabled":false, "scale_down_delay_after_add":"10m",
      "estimator":"binpacking", "expander":"random", "ignore_daemonsets_utilization":false,
      "balance_similar_node_groups":false, "expendable_pods_priority_cutoff":-10,
      "scale_down_unneeded_time":"10m", "scale_down_utilization_threshold":0.5, "max_graceful_termination_sec":600},
      "auto_upgrade":{"enabled":false, "maintenance_window":{"start_hour":0, "day":"any"}},
      "upgrade_available":true, "feature_gates":[], "admission_plugins":[], "open_id_connect_config":{"issuer_url":"",
      "client_id":"", "username_claim":"", "username_prefix":"", "groups_claim":[],
      "groups_prefix":"", "required_claim":[]}, "apiserver_cert_sans":[], "private_network_id":"d7bb7e88-88bd-4697-8474-bcb985c06a19",
      "commitment_ends_at":"2025-10-15T16:31:46.216293Z", "acl_available":true, "iam_nodes_group_id":"8d0d284f-c626-468c-8187-aa5cea64a42d",
      "new_images_enabled":false, "pod_cidr":"100.64.0.0/15", "service_cidr":"10.32.0.0/20",
      "service_dns_ip":"10.32.0.10"}'
    headers:
      Content-Length:
      - "1615"
      Content-Security-Policy:
      - default-src 'none'; frame-ancestors 'none'
      Content-Type:
      - application/json
      Date:
      - Wed, 15 Oct 2025 16:33:28 GMT
      Server:
      - Scaleway API Gateway (fr-par-2;edge02)
      Strict-Transport-Security:
      - max-age=63072000
      X-Content-Type-Options:
      - nosniff
      X-Frame-Options:
      - DENY
      X-Request-Id:
      - 587da19c-fe42-486b-935a-299a9c70793b
    status: 200 OK
    code: 200
    duration: ""
- request:
    body: '{"region":"fr-par", "id":"8e5d3869-0f67-455c-88c6-3a61f231c392", "organization_id":"9e9389ca-503a-44c3-bbd5-7a3812303bb0",
      "project_id":"9e9389ca-503a-44c3-bbd5-7a3812303bb0", "created_at":"2025-10-15T16:31:46.216284Z",
      "updated_at":"2025-10-15T16:33:28.018651Z", "type":"kapsule", "name":"cli-test-get-kubeconfig-with-flags-and-envs",
      "description":"", "status":"deleting", "version":"1.32.3", "cni":"cilium", "tags":[],
      "cluster_url":"https://8e5d3869-0f67-455c-88c6-3a61f231c392.api.k8s.fr-par.scw.cloud:6443",
      "dns_wildcard":"*.8e5d3869-0f67-455c-88c6-3a61f231c392.nodes.k8s.fr-par.scw.cloud",
      "autoscaler_config":{"scale_down_disabled":false, "scale_down_delay_after_add":"10m",
      "estimator":"binpacking", "expander":"random", "ignore_daemonsets_utilization":false,
      "balance_similar_node_groups":false, "expendable_pods_priority_cutoff":-10,
      "scale_down_unneeded_time":"10m", "scale_down_utilization_threshold":0.5, "max_graceful_termination_sec":600},
      "auto_upgrade":{"enabled":false, "maintenance_window":{"start_hour":0, "day":"any"}},
      "upgrade_available":true, "feature_gates":[], "admission_plugins":[], "open_id_connect_config":{"issuer_url":"",
      "client_id":"", "username_claim":"", "username_prefix":"", "groups_claim":[],
      "groups_prefix":"", "required_claim":[]}, "apiserver_cert_sans":[], "private_network_id":"d7bb7e88-88bd-4697-8474-bcb985c06a19",
      "commitment_ends_at":"2025-10-15T16:31:46.216293Z", "acl_available":true, "iam_nodes_group_id":"8d0d284f-c626-468c-8187-aa5cea64a42d",
      "new_images_enabled":true, "pod_cidr":"", "service_cidr":"", "service_dns_ip":""}'
    form: {}
    headers:
      User-Agent:
      - scaleway-sdk-go/v1.0.0-beta.7+dev (go1.25.0; linux; amd64) cli-e2e-test
    url: https://api.scaleway.com/k8s/v1/regions/fr-par/clusters/8e5d3869-0f67-455c-88c6-3a61f231c392
    method: GET
  response:
    body: '{"region":"fr-par", "id":"8e5d3869-0f67-455c-88c6-3a61f231c392", "organization_id":"9e9389ca-503a-44c3-bbd5-7a3812303bb0",
      "project_id":"9e9389ca-503a-44c3-bbd5-7a3812303bb0", "created_at":"2025-10-15T16:31:46.216284Z",
      "updated_at":"2025-10-15T16:33:28.018651Z", "type":"kapsule", "name":"cli-test-get-kubeconfig-with-flags-and-envs",
      "description":"", "status":"deleting", "version":"1.32.3", "cni":"cilium", "tags":[],
      "cluster_url":"https://8e5d3869-0f67-455c-88c6-3a61f231c392.api.k8s.fr-par.scw.cloud:6443",
      "dns_wildcard":"*.8e5d3869-0f67-455c-88c6-3a61f231c392.nodes.k8s.fr-par.scw.cloud",
      "autoscaler_config":{"scale_down_disabled":false, "scale_down_delay_after_add":"10m",
      "estimator":"binpacking", "expander":"random", "ignore_daemonsets_utilization":false,
      "balance_similar_node_groups":false, "expendable_pods_priority_cutoff":-10,
      "scale_down_unneeded_time":"10m", "scale_down_utilization_threshold":0.5, "max_graceful_termination_sec":600},
      "auto_upgrade":{"enabled":false, "maintenance_window":{"start_hour":0, "day":"any"}},
      "upgrade_available":true, "feature_gates":[], "admission_plugins":[], "open_id_connect_config":{"issuer_url":"",
      "client_id":"", "username_claim":"", "username_prefix":"", "groups_claim":[],
      "groups_prefix":"", "required_claim":[]}, "apiserver_cert_sans":[], "private_network_id":"d7bb7e88-88bd-4697-8474-bcb985c06a19",
      "commitment_ends_at":"2025-10-15T16:31:46.216293Z", "acl_available":true, "iam_nodes_group_id":"8d0d284f-c626-468c-8187-aa5cea64a42d",
      "new_images_enabled":true, "pod_cidr":"", "service_cidr":"", "service_dns_ip":""}'
    headers:
      Content-Length:
      - "1579"
      Content-Security-Policy:
      - default-src 'none'; frame-ancestors 'none'
      Content-Type:
      - application/json
      Date:
      - Wed, 15 Oct 2025 16:33:28 GMT
      Server:
      - Scaleway API Gateway (fr-par-2;edge02)
      Strict-Transport-Security:
      - max-age=63072000
      X-Content-Type-Options:
      - nosniff
      X-Frame-Options:
      - DENY
      X-Request-Id:
      - 19a3a2ff-182f-4d78-ad69-5718fd9487a2
    status: 200 OK
    code: 200
    duration: ""
- request:
    body: '{"message":"resource is not found","resource":"cluster","resource_id":"8e5d3869-0f67-455c-88c6-3a61f231c392","type":"not_found"}'
    form: {}
    headers:
      User-Agent:
      - scaleway-sdk-go/v1.0.0-beta.7+dev (go1.25.0; linux; amd64) cli-e2e-test
    url: https://api.scaleway.com/k8s/v1/regions/fr-par/clusters/8e5d3869-0f67-455c-88c6-3a61f231c392
    method: GET
  response:
    body: '{"message":"resource is not found","resource":"cluster","resource_id":"8e5d3869-0f67-455c-88c6-3a61f231c392","type":"not_found"}'
    headers:
      Content-Length:
      - "128"
      Content-Security-Policy:
      - default-src 'none'; frame-ancestors 'none'
      Content-Type:
      - application/json
      Date:
      - Wed, 15 Oct 2025 16:33:33 GMT
      Server:
      - Scaleway API Gateway (fr-par-2;edge02)
      Strict-Transport-Security:
      - max-age=63072000
      X-Content-Type-Options:
      - nosniff
      X-Frame-Options:
      - DENY
      X-Request-Id:
      - f6c6e5ff-005a-4c9e-bb96-e21c0241897b
    status: 404 Not Found
    code: 404
    duration: ""
