🎲🎲🎲 EXIT CODE: 0 🎲🎲🎲
🟩🟩🟩 STDOUT️ 🟩🟩🟩️
ID                                    NAME                      STATE      PUBLIC  ZONE      VOLUMES  SERVER NAME  SERVER ID  ARCH    ORGANIZATION ID                       PROJECT ID                            CREATION DATE    MODIFICATION DATE
1a5178fe-f813-404a-a31c-df3822256c43  cli-img-practical-banzai  available  false   fr-par-1  20 GB    -            -          x86_64  b8fdefc6-c926-4a47-af24-24f14f724d6a  b8fdefc6-c926-4a47-af24-24f14f724d6a  few seconds ago  few seconds ago
🟩🟩🟩 JSON STDOUT 🟩🟩🟩
[
  {
    "id": "1a5178fe-f813-404a-a31c-df3822256c43",
    "name": "cli-img-practical-banzai",
    "arch": "x86_64",
    "creation_date": "1970-01-01T00:00:00.0Z",
    "modification_date": "1970-01-01T00:00:00.0Z",
    "default_bootscript": null,
    "extra_volumes": {},
    "organization": "b8fdefc6-c926-4a47-af24-24f14f724d6a",
    "project": "b8fdefc6-c926-4a47-af24-24f14f724d6a",
    "public": false,
    "root_volume": {
      "id": "032d525e-d014-4b48-aaed-ea7d2c611a94",
      "name": "cli-snp-gifted-solomon",
      "size": 20000000000,
      "volume_type": "l_ssd"
    },
    "state": "available",
    "server_id": "",
    "server_name": "",
    "zone": "fr-par-1"
  }
]
