🎲🎲🎲 EXIT CODE: 1 🎲🎲🎲
🟥🟥🟥 STDERR️️ 🟥🟥🟥️
Get "https://account.scaleway.com/tokens/54077f0d-2168-4f9a-bd5b-54b7bc0cd966": Requested interaction not found

Details:
Failed to retrieve Access Key for the given Secret Key.
🟥🟥🟥 JSON STDERR 🟥🟥🟥
{
  "message": "",
  "error": {
    "Op": "Get",
    "URL": "https://account.scaleway.com/tokens/54077f0d-2168-4f9a-bd5b-54b7bc0cd966",
    "Err": {}
  },
  "details": "Failed to retrieve Access Key for the given Secret Key.",
  "hint": ""
}
